[gpu_lock] train bi_conv_lstm_mqp_off: acquired after 0.0 min
[VTMOnlineDataset] train: 11829 triplets from 212 (video,QP) pairs
[VTMOnlineDataset] val: 1315 triplets from 212 (video,QP) pairs
[bi_conv_lstm_mqp_off] params=364,011 loss=mse wd=0.0 train=11829 val=1315
epoch   0  loss=0.00041  dY=-0.0001 dU=-0.0030 dV=-0.0069  lr=1.0e-04  (134s)
epoch   1  loss=0.00041  dY=-0.0003 dU=+0.0028 dV=-0.0054  lr=1.0e-04  (132s)
epoch   2  loss=0.00041  dY=-0.0004 dU=+0.0477 dV=+0.0035  lr=1.0e-04  (132s)
epoch   3  loss=0.00041  dY=+0.0011 dU=+0.0980 dV=-0.0099  lr=1.0e-04  (132s)
epoch   4  loss=0.00041  dY=+0.0016 dU=+0.1312 dV=-0.0297  lr=1.0e-04  (132s)
epoch   5  loss=0.00041  dY=+0.0040 dU=+0.1962 dV=+0.0104  lr=1.0e-04  (132s)
epoch   6  loss=0.00040  dY=+0.0271 dU=+0.1784 dV=+0.0183  lr=1.0e-04  (132s)
epoch   7  loss=0.00040  dY=+0.0579 dU=+0.2220 dV=+0.0147  lr=1.0e-04  (132s)
epoch   8  loss=0.00040  dY=+0.0687 dU=+0.2156 dV=+0.0183  lr=1.0e-04  (132s)
epoch   9  loss=0.00040  dY=+0.0957 dU=+0.2571 dV=+0.0241  lr=1.0e-04  (132s)
epoch  10  loss=0.00040  dY=+0.0971 dU=+0.2208 dV=+0.0111  lr=1.0e-04  (132s)
epoch  11  loss=0.00040  dY=+0.1248 dU=+0.2612 dV=+0.0223  lr=1.0e-04  (132s)
epoch  12  loss=0.00039  dY=+0.1400 dU=+0.2450 dV=-0.0205  lr=1.0e-05  (132s)
epoch  13  loss=0.00039  dY=+0.1500 dU=+0.2910 dV=+0.0283  lr=1.0e-05  (132s)
epoch  14  loss=0.00039  dY=+0.1485 dU=+0.3009 dV=+0.0307  lr=1.0e-05  (132s)
epoch  15  loss=0.00039  dY=+0.1517 dU=+0.3058 dV=+0.0312  lr=1.0e-05  (132s)
epoch  16  loss=0.00039  dY=+0.1541 dU=+0.3040 dV=+0.0301  lr=1.0e-05  (132s)
epoch  17  loss=0.00039  dY=+0.1611 dU=+0.3130 dV=+0.0334  lr=1.0e-05  (132s)
epoch  18  loss=0.00039  dY=+0.1614 dU=+0.2918 dV=+0.0308  lr=1.0e-05  (132s)
epoch  19  loss=0.00039  dY=+0.1618 dU=+0.3053 dV=+0.0307  lr=1.0e-05  (132s)
epoch  20  loss=0.00039  dY=+0.1567 dU=+0.3060 dV=+0.0315  lr=1.0e-05  (132s)
epoch  21  loss=0.00039  dY=+0.1631 dU=+0.2972 dV=+0.0277  lr=1.0e-05  (132s)
epoch  22  loss=0.00039  dY=+0.1661 dU=+0.3009 dV=+0.0259  lr=1.0e-05  (132s)
epoch  23  loss=0.00039  dY=+0.1696 dU=+0.3116 dV=+0.0345  lr=1.0e-05  (133s)
epoch  24  loss=0.00039  dY=+0.1653 dU=+0.3010 dV=+0.0333  lr=1.0e-06  (135s)
epoch  25  loss=0.00039  dY=+0.1716 dU=+0.3150 dV=+0.0315  lr=1.0e-06  (133s)
epoch  26  loss=0.00039  dY=+0.1714 dU=+0.3069 dV=+0.0310  lr=1.0e-06  (133s)
epoch  27  loss=0.00039  dY=+0.1726 dU=+0.3250 dV=+0.0349  lr=1.0e-06  (133s)
epoch  28  loss=0.00039  dY=+0.1730 dU=+0.3225 dV=+0.0348  lr=1.0e-06  (133s)
epoch  29  loss=0.00039  dY=+0.1729 dU=+0.3170 dV=+0.0323  lr=1.0e-06  (132s)
epoch  30  loss=0.00039  dY=+0.1749 dU=+0.3112 dV=+0.0330  lr=1.0e-06  (132s)
epoch  31  loss=0.00039  dY=+0.1738 dU=+0.3209 dV=+0.0359  lr=1.0e-06  (132s)
epoch  32  loss=0.00039  dY=+0.1717 dU=+0.3242 dV=+0.0322  lr=1.0e-06  (132s)
epoch  33  loss=0.00039  dY=+0.1750 dU=+0.3087 dV=+0.0322  lr=1.0e-06  (132s)
epoch  34  loss=0.00039  dY=+0.1774 dU=+0.3172 dV=+0.0307  lr=1.0e-06  (132s)
epoch  35  loss=0.00039  dY=+0.1725 dU=+0.3099 dV=+0.0319  lr=1.0e-06  (132s)
epoch  36  loss=0.00039  dY=+0.1761 dU=+0.3188 dV=+0.0324  lr=1.0e-06  (132s)
epoch  37  loss=0.00039  dY=+0.1746 dU=+0.3187 dV=+0.0343  lr=1.0e-07  (132s)
epoch  38  loss=0.00039  dY=+0.1730 dU=+0.3165 dV=+0.0314  lr=1.0e-07  (132s)
epoch  39  loss=0.00039  dY=+0.1727 dU=+0.3180 dV=+0.0313  lr=1.0e-07  (132s)
epoch  40  loss=0.00039  dY=+0.1734 dU=+0.3069 dV=+0.0304  lr=1.0e-07  (132s)
epoch  41  loss=0.00039  dY=+0.1737 dU=+0.3146 dV=+0.0328  lr=1.0e-07  (132s)
epoch  42  loss=0.00039  dY=+0.1714 dU=+0.3155 dV=+0.0309  lr=1.0e-07  (132s)
epoch  43  loss=0.00039  dY=+0.1738 dU=+0.3140 dV=+0.0322  lr=1.0e-07  (132s)
epoch  44  loss=0.00039  dY=+0.1731 dU=+0.3205 dV=+0.0323  lr=1.0e-07  (132s)
epoch  45  loss=0.00039  dY=+0.1757 dU=+0.3158 dV=+0.0323  lr=1.0e-07  (132s)
epoch  46  loss=0.00039  dY=+0.1726 dU=+0.3129 dV=+0.0319  lr=1.0e-07  (132s)
epoch  47  loss=0.00039  dY=+0.1730 dU=+0.3152 dV=+0.0298  lr=1.0e-07  (132s)
epoch  48  loss=0.00039  dY=+0.1750 dU=+0.3208 dV=+0.0349  lr=1.0e-07  (132s)
epoch  49  loss=0.00039  dY=+0.1755 dU=+0.3088 dV=+0.0302  lr=1.0e-08  (132s)
[bi_conv_lstm_mqp_off] done, best total gain +0.5325 dB
