epoch   0  loss=0.00032  in=37.077  enh=36.989  ΔY=-0.0098  ΔU=-0.3171  ΔV=-0.3551  lr=1.0e-04  (62s)
epoch   1  loss=0.00030  in=37.139  enh=37.091  ΔY=-0.0030  ΔU=-0.2060  ΔV=-0.1856  lr=1.0e-04  (58s)
epoch   2  loss=0.00030  in=37.099  enh=37.072  ΔY=-0.0010  ΔU=-0.1177  ΔV=-0.1008  lr=1.0e-04  (57s)
epoch   3  loss=0.00030  in=37.163  enh=37.144  ΔY=-0.0006  ΔU=-0.1060  ΔV=-0.0580  lr=1.0e-04  (57s)
epoch   4  loss=0.00030  in=37.033  enh=37.020  ΔY=-0.0025  ΔU=-0.0680  ΔV=-0.0246  lr=1.0e-04  (59s)
epoch   5  loss=0.00030  in=37.121  enh=37.112  ΔY=-0.0009  ΔU=-0.0528  ΔV=-0.0187  lr=1.0e-04  (61s)
epoch   6  loss=0.00029  in=37.050  enh=37.043  ΔY=-0.0011  ΔU=-0.0358  ΔV=-0.0060  lr=1.0e-04  (59s)
epoch   7  loss=0.00031  in=37.271  enh=37.267  ΔY=-0.0010  ΔU=-0.0333  ΔV=+0.0033  lr=1.0e-04  (61s)
epoch   8  loss=0.00030  in=37.049  enh=37.046  ΔY=+0.0002  ΔU=-0.0118  ΔV=-0.0100  lr=1.0e-04  (69s)
epoch   9  loss=0.00031  in=37.188  enh=37.185  ΔY=-0.0033  ΔU=-0.0084  ΔV=-0.0088  lr=1.0e-04  (65s)
epoch  10  loss=0.00030  in=36.861  enh=36.856  ΔY=+0.0000  ΔU=-0.0142  ΔV=-0.0415  lr=1.0e-04  (66s)
epoch  11  loss=0.00030  in=37.111  enh=37.111  ΔY=+0.0000  ΔU=-0.0165  ΔV=+0.0167  lr=1.0e-04  (66s)
epoch  12  loss=0.00030  in=36.997  enh=36.999  ΔY=+0.0004  ΔU=+0.0049  ΔV=+0.0099  lr=1.0e-04  (68s)
epoch  13  loss=0.00030  in=37.293  enh=37.293  ΔY=-0.0022  ΔU=-0.0000  ΔV=-0.0038  lr=1.0e-04  (63s)
epoch  14  loss=0.00030  in=37.263  enh=37.260  ΔY=+0.0004  ΔU=-0.0310  ΔV=+0.0118  lr=1.0e-04  (74s)
epoch  15  loss=0.00030  in=37.176  enh=37.176  ΔY=-0.0028  ΔU=+0.0004  ΔV=+0.0138  lr=1.0e-04  (72s)
epoch  16  loss=0.00030  in=37.089  enh=37.091  ΔY=+0.0000  ΔU=+0.0030  ΔV=+0.0071  lr=1.0e-04  (70s)
epoch  17  loss=0.00030  in=37.021  enh=37.022  ΔY=-0.0002  ΔU=+0.0098  ΔV=-0.0071  lr=1.0e-04  (67s)
epoch  18  loss=0.00030  in=37.282  enh=37.284  ΔY=-0.0001  ΔU=+0.0043  ΔV=+0.0100  lr=1.0e-04  (70s)
epoch  19  loss=0.00030  in=37.286  enh=37.290  ΔY=+0.0005  ΔU=+0.0056  ΔV=+0.0213  lr=1.0e-04  (70s)
epoch  20  loss=0.00030  in=37.211  enh=37.213  ΔY=-0.0001  ΔU=+0.0093  ΔV=-0.0029  lr=1.0e-04  (70s)
epoch  21  loss=0.00030  in=37.170  enh=37.173  ΔY=+0.0003  ΔU=+0.0011  ΔV=+0.0183  lr=1.0e-04  (68s)
epoch  22  loss=0.00030  in=37.089  enh=37.089  ΔY=+0.0005  ΔU=+0.0031  ΔV=-0.0083  lr=1.0e-04  (70s)
epoch  23  loss=0.00030  in=37.109  enh=37.111  ΔY=+0.0004  ΔU=+0.0087  ΔV=+0.0083  lr=1.0e-04  (68s)
epoch  24  loss=0.00029  in=37.132  enh=37.133  ΔY=-0.0005  ΔU=-0.0018  ΔV=+0.0151  lr=1.0e-04  (69s)
epoch  25  loss=0.00030  in=37.082  enh=37.081  ΔY=+0.0001  ΔU=+0.0040  ΔV=-0.0208  lr=1.0e-04  (68s)
epoch  26  loss=0.00030  in=37.156  enh=37.156  ΔY=+0.0000  ΔU=-0.0037  ΔV=+0.0140  lr=1.0e-04  (70s)
epoch  27  loss=0.00029  in=37.155  enh=37.157  ΔY=+0.0005  ΔU=+0.0109  ΔV=+0.0012  lr=1.0e-04  (69s)
epoch  28  loss=0.00030  in=37.060  enh=37.062  ΔY=-0.0001  ΔU=+0.0111  ΔV=+0.0094  lr=1.0e-04  (71s)
epoch  29  loss=0.00030  in=37.011  enh=37.012  ΔY=-0.0000  ΔU=+0.0087  ΔV=+0.0036  lr=1.0e-04  (70s)
epoch  30  loss=0.00030  in=37.183  enh=37.184  ΔY=+0.0004  ΔU=+0.0021  ΔV=+0.0149  lr=1.0e-04  (69s)
epoch  31  loss=0.00030  in=37.020  enh=37.022  ΔY=-0.0000  ΔU=+0.0079  ΔV=+0.0095  lr=1.0e-04  (70s)
epoch  32  loss=0.00030  in=37.199  enh=37.202  ΔY=-0.0003  ΔU=+0.0081  ΔV=+0.0199  lr=1.0e-04  (67s)
epoch  33  loss=0.00030  in=37.063  enh=37.065  ΔY=-0.0001  ΔU=+0.0093  ΔV=+0.0092  lr=1.0e-04  (69s)
epoch  34  loss=0.00030  in=37.267  enh=37.270  ΔY=-0.0002  ΔU=+0.0091  ΔV=+0.0174  lr=1.0e-04  (69s)
epoch  35  loss=0.00030  in=37.149  enh=37.152  ΔY=-0.0000  ΔU=+0.0105  ΔV=+0.0153  lr=1.0e-04  (68s)
epoch  36  loss=0.00030  in=37.115  enh=37.118  ΔY=+0.0000  ΔU=+0.0023  ΔV=+0.0110  lr=1.0e-04  (70s)
epoch  37  loss=0.00030  in=37.140  enh=37.142  ΔY=-0.0004  ΔU=+0.0054  ΔV=+0.0174  lr=1.0e-04  (69s)
epoch  38  loss=0.00030  in=36.951  enh=36.953  ΔY=+0.0000  ΔU=+0.0066  ΔV=+0.0137  lr=1.0e-04  (69s)
epoch  39  loss=0.00030  in=37.262  enh=37.264  ΔY=+0.0002  ΔU=-0.0022  ΔV=+0.0137  lr=1.0e-04  (68s)
epoch  40  loss=0.00030  in=37.081  enh=37.082  ΔY=+0.0001  ΔU=-0.0007  ΔV=+0.0087  lr=1.0e-04  (69s)
epoch  41  loss=0.00030  in=37.089  enh=37.091  ΔY=-0.0003  ΔU=-0.0010  ΔV=+0.0125  lr=1.0e-04  (67s)
epoch  42  loss=0.00030  in=37.082  enh=37.085  ΔY=+0.0003  ΔU=+0.0050  ΔV=+0.0166  lr=1.0e-04  (72s)
epoch  43  loss=0.00030  in=37.096  enh=37.097  ΔY=+0.0002  ΔU=+0.0018  ΔV=+0.0076  lr=1.0e-04  (68s)
epoch  44  loss=0.00030  in=37.043  enh=37.045  ΔY=+0.0005  ΔU=+0.0093  ΔV=+0.0124  lr=1.0e-04  (69s)
epoch  45  loss=0.00030  in=37.137  enh=37.139  ΔY=-0.0018  ΔU=+0.0110  ΔV=+0.0151  lr=1.0e-04  (69s)
epoch  46  loss=0.00030  in=37.058  enh=37.059  ΔY=-0.0000  ΔU=+0.0062  ΔV=+0.0019  lr=1.0e-04  (72s)
epoch  47  loss=0.00030  in=37.114  enh=37.115  ΔY=+0.0002  ΔU=+0.0033  ΔV=+0.0122  lr=1.0e-04  (73s)
epoch  48  loss=0.00030  in=37.081  enh=37.083  ΔY=+0.0001  ΔU=+0.0101  ΔV=+0.0085  lr=1.0e-04  (67s)
epoch  49  loss=0.00030  in=37.065  enh=37.066  ΔY=-0.0008  ΔU=+0.0005  ΔV=+0.0021  lr=1.0e-05  (66s)
epoch  50  loss=0.00030  in=36.949  enh=36.950  ΔY=+0.0001  ΔU=+0.0028  ΔV=+0.0064  lr=1.0e-05  (65s)
epoch  51  loss=0.00029  in=37.121  enh=37.124  ΔY=+0.0001  ΔU=+0.0114  ΔV=+0.0176  lr=1.0e-05  (71s)
epoch  52  loss=0.00030  in=37.128  enh=37.130  ΔY=+0.0003  ΔU=+0.0086  ΔV=+0.0140  lr=1.0e-05  (65s)
epoch  53  loss=0.00030  in=37.130  enh=37.133  ΔY=+0.0002  ΔU=+0.0066  ΔV=+0.0112  lr=1.0e-05  (63s)
epoch  54  loss=0.00030  in=37.111  enh=37.114  ΔY=+0.0006  ΔU=+0.0085  ΔV=+0.0181  lr=1.0e-05  (71s)
epoch  55  loss=0.00030  in=36.999  enh=37.003  ΔY=+0.0003  ΔU=+0.0069  ΔV=+0.0252  lr=1.0e-05  (70s)
epoch  56  loss=0.00030  in=37.073  enh=37.075  ΔY=+0.0002  ΔU=+0.0069  ΔV=+0.0142  lr=1.0e-05  (68s)
epoch  57  loss=0.00030  in=37.129  enh=37.132  ΔY=+0.0000  ΔU=+0.0085  ΔV=+0.0255  lr=1.0e-05  (66s)
epoch  58  loss=0.00030  in=37.142  enh=37.145  ΔY=+0.0004  ΔU=+0.0036  ΔV=+0.0252  lr=1.0e-05  (67s)
epoch  59  loss=0.00030  in=37.179  enh=37.181  ΔY=+0.0001  ΔU=+0.0081  ΔV=+0.0184  lr=1.0e-05  (66s)
epoch  60  loss=0.00030  in=37.229  enh=37.230  ΔY=+0.0002  ΔU=+0.0005  ΔV=+0.0085  lr=1.0e-05  (72s)
epoch  61  loss=0.00030  in=37.225  enh=37.227  ΔY=+0.0000  ΔU=+0.0088  ΔV=+0.0145  lr=1.0e-05  (67s)
epoch  62  loss=0.00030  in=37.035  enh=37.037  ΔY=+0.0003  ΔU=+0.0108  ΔV=+0.0063  lr=1.0e-05  (67s)
epoch  63  loss=0.00030  in=37.152  enh=37.156  ΔY=+0.0003  ΔU=+0.0082  ΔV=+0.0212  lr=1.0e-05  (71s)
epoch  64  loss=0.00030  in=37.211  enh=37.214  ΔY=+0.0001  ΔU=+0.0087  ΔV=+0.0280  lr=1.0e-05  (70s)
epoch  65  loss=0.00030  in=37.054  enh=37.056  ΔY=+0.0001  ΔU=+0.0086  ΔV=-0.0039  lr=1.0e-05  (67s)
epoch  66  loss=0.00030  in=37.219  enh=37.222  ΔY=-0.0000  ΔU=+0.0025  ΔV=+0.0172  lr=1.0e-05  (70s)
epoch  67  loss=0.00030  in=36.924  enh=36.927  ΔY=+0.0002  ΔU=+0.0082  ΔV=+0.0158  lr=1.0e-05  (71s)
epoch  68  loss=0.00030  in=37.215  enh=37.218  ΔY=+0.0005  ΔU=+0.0060  ΔV=+0.0199  lr=1.0e-05  (70s)
epoch  69  loss=0.00030  in=37.265  enh=37.268  ΔY=+0.0002  ΔU=+0.0119  ΔV=+0.0120  lr=1.0e-05  (71s)
epoch  70  loss=0.00030  in=36.864  enh=36.867  ΔY=+0.0001  ΔU=+0.0088  ΔV=+0.0126  lr=1.0e-05  (68s)
epoch  71  loss=0.00030  in=37.188  enh=37.191  ΔY=+0.0003  ΔU=+0.0068  ΔV=+0.0157  lr=1.0e-05  (67s)
epoch  72  loss=0.00030  in=37.152  enh=37.155  ΔY=+0.0001  ΔU=+0.0087  ΔV=+0.0175  lr=1.0e-05  (72s)
epoch  73  loss=0.00030  in=37.015  enh=37.017  ΔY=+0.0003  ΔU=+0.0049  ΔV=+0.0202  lr=1.0e-05  (68s)
epoch  74  loss=0.00030  in=37.113  enh=37.113  ΔY=+0.0001  ΔU=+0.0101  ΔV=-0.0023  lr=1.0e-05  (68s)
epoch  75  loss=0.00030  in=37.130  enh=37.133  ΔY=+0.0002  ΔU=+0.0084  ΔV=+0.0125  lr=1.0e-05  (67s)
epoch  76  loss=0.00030  in=37.028  enh=37.031  ΔY=+0.0003  ΔU=+0.0093  ΔV=+0.0110  lr=1.0e-05  (71s)
epoch  77  loss=0.00030  in=36.989  enh=36.993  ΔY=+0.0007  ΔU=+0.0043  ΔV=+0.0194  lr=1.0e-05  (70s)
epoch  78  loss=0.00030  in=37.108  enh=37.111  ΔY=+0.0002  ΔU=+0.0083  ΔV=+0.0123  lr=1.0e-05  (70s)
epoch  79  loss=0.00030  in=37.333  enh=37.336  ΔY=+0.0002  ΔU=+0.0074  ΔV=+0.0160  lr=1.0e-05  (61s)
epoch  80  loss=0.00030  in=37.005  enh=37.008  ΔY=+0.0001  ΔU=+0.0120  ΔV=+0.0137  lr=1.0e-05  (62s)
epoch  81  loss=0.00030  in=36.884  enh=36.886  ΔY=+0.0001  ΔU=+0.0032  ΔV=+0.0195  lr=1.0e-05  (63s)
epoch  82  loss=0.00030  in=37.024  enh=37.026  ΔY=+0.0003  ΔU=+0.0067  ΔV=+0.0119  lr=1.0e-05  (62s)
epoch  83  loss=0.00029  in=37.168  enh=37.171  ΔY=+0.0001  ΔU=+0.0006  ΔV=+0.0174  lr=1.0e-05  (64s)
epoch  84  loss=0.00030  in=37.175  enh=37.178  ΔY=+0.0002  ΔU=+0.0010  ΔV=+0.0136  lr=1.0e-05  (61s)
epoch  85  loss=0.00030  in=37.131  enh=37.135  ΔY=+0.0003  ΔU=+0.0100  ΔV=+0.0195  lr=1.0e-05  (61s)
epoch  86  loss=0.00030  in=37.135  enh=37.139  ΔY=+0.0002  ΔU=+0.0093  ΔV=+0.0246  lr=1.0e-05  (61s)
epoch  87  loss=0.00030  in=37.053  enh=37.055  ΔY=+0.0000  ΔU=+0.0076  ΔV=+0.0092  lr=1.0e-05  (63s)
epoch  88  loss=0.00030  in=37.090  enh=37.092  ΔY=+0.0000  ΔU=+0.0090  ΔV=+0.0035  lr=1.0e-05  (61s)
epoch  89  loss=0.00030  in=37.146  enh=37.149  ΔY=+0.0002  ΔU=+0.0093  ΔV=+0.0146  lr=1.0e-05  (61s)
epoch  90  loss=0.00030  in=37.228  enh=37.230  ΔY=+0.0004  ΔU=+0.0089  ΔV=+0.0118  lr=1.0e-05  (62s)
epoch  91  loss=0.00030  in=37.000  enh=37.003  ΔY=+0.0001  ΔU=+0.0099  ΔV=+0.0164  lr=1.0e-05  (60s)
epoch  92  loss=0.00030  in=37.155  enh=37.157  ΔY=+0.0004  ΔU=+0.0030  ΔV=+0.0063  lr=1.0e-05  (59s)
epoch  93  loss=0.00030  in=37.116  enh=37.120  ΔY=+0.0002  ΔU=+0.0170  ΔV=+0.0182  lr=1.0e-05  (59s)
epoch  94  loss=0.00030  in=37.049  enh=37.052  ΔY=+0.0003  ΔU=+0.0067  ΔV=+0.0090  lr=1.0e-05  (60s)
epoch  95  loss=0.00030  in=36.890  enh=36.893  ΔY=+0.0006  ΔU=+0.0042  ΔV=+0.0150  lr=1.0e-05  (59s)
epoch  96  loss=0.00030  in=36.901  enh=36.905  ΔY=+0.0001  ΔU=+0.0084  ΔV=+0.0212  lr=1.0e-05  (58s)
epoch  97  loss=0.00030  in=37.073  enh=37.076  ΔY=+0.0004  ΔU=+0.0115  ΔV=+0.0083  lr=1.0e-05  (56s)
epoch  98  loss=0.00030  in=37.069  enh=37.071  ΔY=+0.0001  ΔU=+0.0061  ΔV=+0.0156  lr=1.0e-05  (61s)
epoch  99  loss=0.00030  in=37.218  enh=37.221  ΔY=+0.0003  ΔU=+0.0034  ΔV=+0.0199  lr=1.0e-06  (62s)
epoch 100  loss=0.00030  in=37.268  enh=37.272  ΔY=+0.0004  ΔU=+0.0123  ΔV=+0.0199  lr=1.0e-06  (58s)
epoch 101  loss=0.00030  in=37.231  enh=37.234  ΔY=+0.0005  ΔU=+0.0045  ΔV=+0.0162  lr=1.0e-06  (60s)
epoch 102  loss=0.00030  in=37.248  enh=37.251  ΔY=+0.0004  ΔU=+0.0051  ΔV=+0.0149  lr=1.0e-06  (60s)
epoch 103  loss=0.00030  in=37.228  enh=37.231  ΔY=+0.0000  ΔU=+0.0083  ΔV=+0.0177  lr=1.0e-06  (60s)
epoch 104  loss=0.00030  in=36.921  enh=36.923  ΔY=+0.0001  ΔU=+0.0021  ΔV=+0.0108  lr=1.0e-06  (59s)
epoch 105  loss=0.00030  in=37.081  enh=37.084  ΔY=+0.0002  ΔU=+0.0045  ΔV=+0.0242  lr=1.0e-06  (61s)
epoch 106  loss=0.00030  in=36.994  enh=36.995  ΔY=+0.0000  ΔU=+0.0056  ΔV=+0.0038  lr=1.0e-06  (59s)
epoch 107  loss=0.00030  in=37.363  enh=37.365  ΔY=+0.0005  ΔU=+0.0031  ΔV=+0.0120  lr=1.0e-06  (63s)
epoch 108  loss=0.00030  in=37.134  enh=37.137  ΔY=-0.0000  ΔU=+0.0098  ΔV=+0.0144  lr=1.0e-06  (61s)
epoch 109  loss=0.00030  in=37.021  enh=37.023  ΔY=+0.0004  ΔU=-0.0016  ΔV=+0.0178  lr=1.0e-06  (60s)
epoch 110  loss=0.00030  in=37.026  enh=37.027  ΔY=+0.0004  ΔU=+0.0051  ΔV=+0.0087  lr=1.0e-06  (61s)
epoch 111  loss=0.00030  in=36.970  enh=36.972  ΔY=+0.0001  ΔU=+0.0088  ΔV=+0.0038  lr=1.0e-06  (62s)
epoch 112  loss=0.00030  in=37.256  enh=37.258  ΔY=+0.0003  ΔU=+0.0033  ΔV=+0.0119  lr=1.0e-06  (57s)
epoch 113  loss=0.00030  in=37.201  enh=37.204  ΔY=+0.0005  ΔU=-0.0004  ΔV=+0.0180  lr=1.0e-06  (59s)
epoch 114  loss=0.00030  in=37.112  enh=37.116  ΔY=+0.0004  ΔU=+0.0106  ΔV=+0.0097  lr=1.0e-06  (59s)
epoch 115  loss=0.00030  in=37.298  enh=37.301  ΔY=+0.0004  ΔU=+0.0083  ΔV=+0.0103  lr=1.0e-06  (61s)
epoch 116  loss=0.00030  in=37.119  enh=37.122  ΔY=+0.0003  ΔU=+0.0109  ΔV=+0.0171  lr=1.0e-06  (61s)
epoch 117  loss=0.00030  in=37.324  enh=37.326  ΔY=+0.0003  ΔU=+0.0123  ΔV=+0.0125  lr=1.0e-06  (59s)
epoch 118  loss=0.00030  in=37.195  enh=37.197  ΔY=+0.0001  ΔU=+0.0122  ΔV=+0.0069  lr=1.0e-06  (62s)
epoch 119  loss=0.00030  in=36.894  enh=36.897  ΔY=+0.0002  ΔU=+0.0154  ΔV=+0.0151  lr=1.0e-06  (58s)
epoch 120  loss=0.00030  in=37.233  enh=37.235  ΔY=+0.0003  ΔU=+0.0039  ΔV=+0.0193  lr=1.0e-06  (62s)
epoch 121  loss=0.00030  in=37.205  enh=37.208  ΔY=+0.0005  ΔU=+0.0062  ΔV=+0.0189  lr=1.0e-06  (61s)
epoch 122  loss=0.00029  in=37.118  enh=37.121  ΔY=-0.0000  ΔU=+0.0147  ΔV=+0.0164  lr=1.0e-06  (60s)
epoch 123  loss=0.00030  in=37.151  enh=37.155  ΔY=+0.0001  ΔU=+0.0123  ΔV=+0.0263  lr=1.0e-06  (62s)
epoch 124  loss=0.00030  in=37.105  enh=37.107  ΔY=+0.0004  ΔU=+0.0084  ΔV=+0.0145  lr=1.0e-06  (61s)
epoch 125  loss=0.00030  in=37.068  enh=37.070  ΔY=-0.0001  ΔU=+0.0048  ΔV=+0.0163  lr=1.0e-06  (62s)
epoch 126  loss=0.00030  in=37.096  enh=37.098  ΔY=+0.0005  ΔU=+0.0027  ΔV=+0.0134  lr=1.0e-06  (61s)
epoch 127  loss=0.00030  in=37.234  enh=37.236  ΔY=+0.0006  ΔU=+0.0093  ΔV=+0.0025  lr=1.0e-06  (61s)
epoch 128  loss=0.00030  in=37.226  enh=37.229  ΔY=+0.0000  ΔU=+0.0120  ΔV=+0.0165  lr=1.0e-06  (59s)
epoch 129  loss=0.00030  in=37.108  enh=37.112  ΔY=+0.0002  ΔU=+0.0074  ΔV=+0.0228  lr=1.0e-06  (63s)
epoch 130  loss=0.00030  in=37.077  enh=37.078  ΔY=+0.0002  ΔU=+0.0052  ΔV=+0.0067  lr=1.0e-06  (58s)
epoch 131  loss=0.00030  in=37.033  enh=37.036  ΔY=+0.0001  ΔU=+0.0068  ΔV=+0.0105  lr=1.0e-06  (59s)
epoch 132  loss=0.00030  in=37.195  enh=37.197  ΔY=+0.0003  ΔU=+0.0074  ΔV=+0.0169  lr=1.0e-06  (60s)
epoch 133  loss=0.00030  in=37.031  enh=37.034  ΔY=+0.0001  ΔU=+0.0067  ΔV=+0.0197  lr=1.0e-06  (58s)
epoch 134  loss=0.00030  in=37.070  enh=37.072  ΔY=+0.0003  ΔU=+0.0011  ΔV=+0.0207  lr=1.0e-06  (62s)
epoch 135  loss=0.00029  in=36.984  enh=36.987  ΔY=+0.0000  ΔU=+0.0057  ΔV=+0.0167  lr=1.0e-06  (61s)
epoch 136  loss=0.00030  in=37.091  enh=37.094  ΔY=+0.0003  ΔU=+0.0073  ΔV=+0.0187  lr=1.0e-06  (58s)
epoch 137  loss=0.00029  in=37.088  enh=37.090  ΔY=+0.0002  ΔU=+0.0035  ΔV=+0.0169  lr=1.0e-06  (58s)
epoch 138  loss=0.00030  in=36.928  enh=36.931  ΔY=+0.0002  ΔU=+0.0054  ΔV=+0.0144  lr=1.0e-06  (61s)
epoch 139  loss=0.00031  in=37.285  enh=37.288  ΔY=+0.0004  ΔU=+0.0037  ΔV=+0.0169  lr=1.0e-06  (62s)
epoch 140  loss=0.00030  in=37.035  enh=37.037  ΔY=+0.0000  ΔU=+0.0056  ΔV=+0.0139  lr=1.0e-06  (58s)
epoch 141  loss=0.00030  in=37.291  enh=37.293  ΔY=+0.0003  ΔU=+0.0069  ΔV=+0.0157  lr=1.0e-06  (60s)
epoch 142  loss=0.00030  in=37.001  enh=37.004  ΔY=+0.0003  ΔU=+0.0038  ΔV=+0.0188  lr=1.0e-06  (59s)
epoch 143  loss=0.00030  in=37.206  enh=37.208  ΔY=+0.0001  ΔU=-0.0006  ΔV=+0.0107  lr=1.0e-06  (61s)
epoch 144  loss=0.00030  in=37.118  enh=37.120  ΔY=-0.0000  ΔU=+0.0082  ΔV=+0.0099  lr=1.0e-06  (62s)
epoch 145  loss=0.00030  in=37.180  enh=37.182  ΔY=+0.0002  ΔU=+0.0075  ΔV=+0.0118  lr=1.0e-06  (58s)
epoch 146  loss=0.00030  in=37.202  enh=37.205  ΔY=+0.0001  ΔU=+0.0157  ΔV=+0.0119  lr=1.0e-06  (57s)
epoch 147  loss=0.00030  in=37.149  enh=37.152  ΔY=+0.0003  ΔU=+0.0060  ΔV=+0.0141  lr=1.0e-06  (60s)
epoch 148  loss=0.00030  in=37.123  enh=37.126  ΔY=+0.0002  ΔU=+0.0014  ΔV=+0.0160  lr=1.0e-06  (61s)
epoch 149  loss=0.00030  in=37.168  enh=37.171  ΔY=+0.0002  ΔU=+0.0108  ΔV=+0.0229  lr=1.0e-07  (57s)
epoch 150  loss=0.00030  in=37.213  enh=37.217  ΔY=+0.0003  ΔU=+0.0065  ΔV=+0.0246  lr=1.0e-07  (61s)
epoch 151  loss=0.00030  in=37.019  enh=37.021  ΔY=+0.0001  ΔU=+0.0036  ΔV=+0.0176  lr=1.0e-07  (61s)
epoch 152  loss=0.00030  in=37.060  enh=37.063  ΔY=+0.0000  ΔU=+0.0097  ΔV=+0.0124  lr=1.0e-07  (59s)
epoch 153  loss=0.00030  in=37.060  enh=37.062  ΔY=+0.0002  ΔU=+0.0089  ΔV=+0.0143  lr=1.0e-07  (59s)
epoch 154  loss=0.00030  in=37.057  enh=37.060  ΔY=+0.0002  ΔU=+0.0080  ΔV=+0.0156  lr=1.0e-07  (60s)
epoch 155  loss=0.00030  in=37.190  enh=37.195  ΔY=+0.0005  ΔU=+0.0145  ΔV=+0.0236  lr=1.0e-07  (60s)
epoch 156  loss=0.00030  in=37.016  enh=37.018  ΔY=+0.0001  ΔU=+0.0109  ΔV=+0.0095  lr=1.0e-07  (59s)
epoch 157  loss=0.00030  in=37.089  enh=37.090  ΔY=+0.0000  ΔU=+0.0025  ΔV=+0.0061  lr=1.0e-07  (61s)
epoch 158  loss=0.00030  in=37.112  enh=37.114  ΔY=+0.0002  ΔU=+0.0085  ΔV=+0.0083  lr=1.0e-07  (61s)
epoch 159  loss=0.00030  in=37.177  enh=37.180  ΔY=+0.0001  ΔU=+0.0050  ΔV=+0.0180  lr=1.0e-07  (60s)
epoch 160  loss=0.00030  in=37.147  enh=37.148  ΔY=-0.0001  ΔU=+0.0106  ΔV=+0.0096  lr=1.0e-07  (60s)
epoch 161  loss=0.00030  in=37.104  enh=37.107  ΔY=+0.0002  ΔU=+0.0087  ΔV=+0.0125  lr=1.0e-07  (61s)
epoch 162  loss=0.00030  in=37.018  enh=37.020  ΔY=+0.0001  ΔU=+0.0033  ΔV=+0.0142  lr=1.0e-07  (63s)
epoch 163  loss=0.00030  in=37.076  enh=37.078  ΔY=+0.0002  ΔU=+0.0034  ΔV=+0.0125  lr=1.0e-07  (61s)
epoch 164  loss=0.00030  in=37.209  enh=37.212  ΔY=+0.0002  ΔU=+0.0037  ΔV=+0.0178  lr=1.0e-07  (59s)
epoch 165  loss=0.00030  in=37.031  enh=37.032  ΔY=+0.0003  ΔU=+0.0065  ΔV=+0.0007  lr=1.0e-07  (59s)
epoch 166  loss=0.00030  in=37.026  enh=37.029  ΔY=+0.0000  ΔU=+0.0063  ΔV=+0.0177  lr=1.0e-07  (62s)
epoch 167  loss=0.00030  in=37.149  enh=37.151  ΔY=+0.0004  ΔU=+0.0041  ΔV=+0.0189  lr=1.0e-07  (60s)
epoch 168  loss=0.00030  in=36.946  enh=36.948  ΔY=+0.0001  ΔU=+0.0055  ΔV=+0.0108  lr=1.0e-07  (60s)
epoch 169  loss=0.00030  in=37.222  enh=37.226  ΔY=+0.0004  ΔU=+0.0099  ΔV=+0.0234  lr=1.0e-07  (58s)
epoch 170  loss=0.00030  in=37.024  enh=37.027  ΔY=+0.0001  ΔU=+0.0105  ΔV=+0.0159  lr=1.0e-07  (56s)
epoch 171  loss=0.00030  in=37.258  enh=37.261  ΔY=+0.0004  ΔU=+0.0069  ΔV=+0.0165  lr=1.0e-07  (60s)
epoch 172  loss=0.00030  in=36.908  enh=36.911  ΔY=+0.0002  ΔU=+0.0092  ΔV=+0.0177  lr=1.0e-07  (61s)
epoch 173  loss=0.00030  in=37.137  enh=37.141  ΔY=+0.0002  ΔU=+0.0068  ΔV=+0.0175  lr=1.0e-07  (61s)
epoch 174  loss=0.00030  in=37.100  enh=37.103  ΔY=+0.0002  ΔU=+0.0052  ΔV=+0.0164  lr=1.0e-07  (60s)
epoch 175  loss=0.00030  in=37.002  enh=37.004  ΔY=+0.0003  ΔU=+0.0010  ΔV=+0.0179  lr=1.0e-07  (59s)
epoch 176  loss=0.00030  in=37.137  enh=37.140  ΔY=+0.0001  ΔU=+0.0060  ΔV=+0.0188  lr=1.0e-07  (60s)
epoch 177  loss=0.00030  in=37.041  enh=37.044  ΔY=+0.0004  ΔU=+0.0065  ΔV=+0.0187  lr=1.0e-07  (59s)
epoch 178  loss=0.00030  in=37.075  enh=37.077  ΔY=+0.0001  ΔU=+0.0021  ΔV=+0.0114  lr=1.0e-07  (59s)
epoch 179  loss=0.00029  in=37.207  enh=37.209  ΔY=+0.0003  ΔU=+0.0051  ΔV=+0.0182  lr=1.0e-07  (59s)
epoch 180  loss=0.00030  in=37.084  enh=37.087  ΔY=+0.0002  ΔU=+0.0063  ΔV=+0.0154  lr=1.0e-07  (61s)
epoch 181  loss=0.00030  in=37.110  enh=37.113  ΔY=-0.0001  ΔU=+0.0089  ΔV=+0.0134  lr=1.0e-07  (60s)
epoch 182  loss=0.00029  in=37.082  enh=37.085  ΔY=+0.0004  ΔU=+0.0039  ΔV=+0.0179  lr=1.0e-07  (62s)
epoch 183  loss=0.00029  in=36.976  enh=36.980  ΔY=+0.0003  ΔU=+0.0066  ΔV=+0.0207  lr=1.0e-07  (60s)
epoch 184  loss=0.00030  in=37.269  enh=37.272  ΔY=+0.0005  ΔU=+0.0069  ΔV=+0.0280  lr=1.0e-07  (59s)
epoch 185  loss=0.00030  in=37.040  enh=37.041  ΔY=+0.0003  ΔU=+0.0011  ΔV=+0.0125  lr=1.0e-07  (60s)
epoch 186  loss=0.00030  in=37.069  enh=37.071  ΔY=+0.0002  ΔU=+0.0048  ΔV=+0.0174  lr=1.0e-07  (62s)
epoch 187  loss=0.00030  in=37.172  enh=37.175  ΔY=+0.0002  ΔU=+0.0042  ΔV=+0.0162  lr=1.0e-07  (58s)
epoch 188  loss=0.00030  in=37.247  enh=37.250  ΔY=+0.0003  ΔU=+0.0114  ΔV=+0.0136  lr=1.0e-07  (60s)
epoch 189  loss=0.00030  in=37.104  enh=37.106  ΔY=+0.0002  ΔU=+0.0065  ΔV=+0.0137  lr=1.0e-07  (61s)
epoch 190  loss=0.00030  in=37.250  enh=37.252  ΔY=+0.0003  ΔU=+0.0014  ΔV=+0.0122  lr=1.0e-07  (61s)
epoch 191  loss=0.00030  in=37.073  enh=37.076  ΔY=+0.0002  ΔU=+0.0072  ΔV=+0.0184  lr=1.0e-07  (59s)
epoch 192  loss=0.00030  in=37.216  enh=37.219  ΔY=+0.0003  ΔU=+0.0092  ΔV=+0.0199  lr=1.0e-07  (61s)
epoch 193  loss=0.00030  in=37.100  enh=37.104  ΔY=+0.0004  ΔU=+0.0117  ΔV=+0.0214  lr=1.0e-07  (60s)
epoch 194  loss=0.00030  in=37.116  enh=37.119  ΔY=+0.0004  ΔU=+0.0085  ΔV=+0.0171  lr=1.0e-07  (57s)
epoch 195  loss=0.00030  in=37.133  enh=37.135  ΔY=+0.0002  ΔU=+0.0032  ΔV=+0.0130  lr=1.0e-07  (63s)
epoch 196  loss=0.00030  in=37.203  enh=37.206  ΔY=+0.0002  ΔU=+0.0101  ΔV=+0.0127  lr=1.0e-07  (70s)
epoch 197  loss=0.00030  in=37.176  enh=37.179  ΔY=+0.0001  ΔU=+0.0068  ΔV=+0.0155  lr=1.0e-07  (68s)
epoch 198  loss=0.00030  in=37.076  enh=37.078  ΔY=-0.0000  ΔU=+0.0092  ΔV=+0.0165  lr=1.0e-07  (64s)
epoch 199  loss=0.00030  in=37.285  enh=37.289  ΔY=+0.0006  ΔU=+0.0080  ΔV=+0.0238  lr=1.0e-08  (64s)
