Loaded 2628 frame triplets for train
Loaded 329 frame triplets for val
Train: 2628  Val: 329
Params: 364,011
Logging to bi_conv_lstm_fixed_train.log
epoch   0  loss=0.00032  in=37.077  enh=37.050  ΔY=-0.0029  ΔU=-0.1312  ΔV=-0.0769  lr=1.0e-04  (220s)
epoch   1  loss=0.00030  in=37.139  enh=37.136  ΔY=-0.0010  ΔU=+0.0019  ΔV=-0.0179  lr=1.0e-04  (167s)
epoch   2  loss=0.00030  in=37.099  enh=37.101  ΔY=-0.0011  ΔU=+0.0267  ΔV=-0.0005  lr=1.0e-04  (150s)
epoch   3  loss=0.00030  in=37.163  enh=37.166  ΔY=-0.0018  ΔU=+0.0330  ΔV=+0.0077  lr=1.0e-04  (161s)
epoch   4  loss=0.00030  in=37.033  enh=37.039  ΔY=-0.0006  ΔU=+0.0533  ΔV=+0.0084  lr=1.0e-04  (160s)
epoch   5  loss=0.00029  in=37.121  enh=37.129  ΔY=-0.0038  ΔU=+0.0795  ΔV=+0.0110  lr=1.0e-04  (158s)
epoch   6  loss=0.00029  in=37.050  enh=37.054  ΔY=-0.0013  ΔU=+0.0160  ΔV=+0.0426  lr=1.0e-04  (124s)
epoch   7  loss=0.00030  in=37.271  enh=37.286  ΔY=-0.0010  ΔU=+0.1030  ΔV=+0.0365  lr=1.0e-04  (136s)
epoch   8  loss=0.00030  in=37.049  enh=37.063  ΔY=-0.0000  ΔU=+0.0893  ΔV=+0.0379  lr=1.0e-04  (134s)
epoch   9  loss=0.00030  in=37.188  enh=37.206  ΔY=-0.0035  ΔU=+0.1310  ΔV=+0.0046  lr=1.0e-04  (131s)
epoch  10  loss=0.00030  in=36.861  enh=36.885  ΔY=+0.0013  ΔU=+0.1675  ΔV=+0.0192  lr=1.0e-04  (122s)
epoch  11  loss=0.00030  in=37.111  enh=37.140  ΔY=+0.0006  ΔU=+0.1750  ΔV=+0.0623  lr=1.0e-04  (129s)
epoch  12  loss=0.00030  in=36.997  enh=37.030  ΔY=+0.0022  ΔU=+0.1878  ΔV=+0.0685  lr=1.0e-04  (130s)
epoch  13  loss=0.00030  in=37.293  enh=37.317  ΔY=+0.0002  ΔU=+0.1427  ΔV=+0.0188  lr=1.0e-04  (136s)
epoch  14  loss=0.00030  in=37.263  enh=37.298  ΔY=+0.0027  ΔU=+0.2019  ΔV=+0.0693  lr=1.0e-04  (131s)
epoch  15  loss=0.00030  in=37.176  enh=37.210  ΔY=-0.0032  ΔU=+0.1965  ΔV=+0.0768  lr=1.0e-04  (137s)
epoch  16  loss=0.00030  in=37.089  enh=37.129  ΔY=+0.0010  ΔU=+0.1986  ΔV=+0.0889  lr=1.0e-04  (134s)
epoch  17  loss=0.00029  in=37.021  enh=37.065  ΔY=+0.0046  ΔU=+0.2493  ΔV=+0.0565  lr=1.0e-04  (136s)
epoch  18  loss=0.00030  in=37.282  enh=37.325  ΔY=+0.0055  ΔU=+0.2410  ΔV=+0.0882  lr=1.0e-04  (136s)
epoch  19  loss=0.00029  in=37.286  enh=37.331  ΔY=+0.0067  ΔU=+0.2387  ΔV=+0.0839  lr=1.0e-04  (129s)
  saved checkpoints/bi_conv_lstm_fixed_epoch_20.pt
epoch  20  loss=0.00029  in=37.211  enh=37.263  ΔY=+0.0052  ΔU=+0.2562  ΔV=+0.1134  lr=1.0e-04  (131s)
epoch  21  loss=0.00029  in=37.170  enh=37.229  ΔY=+0.0062  ΔU=+0.2924  ΔV=+0.1273  lr=1.0e-04  (133s)
epoch  22  loss=0.00029  in=37.089  enh=37.137  ΔY=+0.0112  ΔU=+0.2154  ΔV=+0.0870  lr=1.0e-04  (128s)
epoch  23  loss=0.00030  in=37.109  enh=37.171  ΔY=+0.0138  ΔU=+0.3032  ΔV=+0.1122  lr=1.0e-04  (135s)
epoch  24  loss=0.00029  in=37.132  enh=37.204  ΔY=+0.0178  ΔU=+0.3034  ΔV=+0.1508  lr=1.0e-04  (131s)
epoch  25  loss=0.00030  in=37.082  enh=37.144  ΔY=+0.0143  ΔU=+0.2858  ΔV=+0.0890  lr=1.0e-04  (126s)
epoch  26  loss=0.00030  in=37.156  enh=37.205  ΔY=+0.0187  ΔU=+0.2544  ΔV=+0.0180  lr=1.0e-04  (134s)
epoch  27  loss=0.00029  in=37.155  enh=37.218  ΔY=+0.0170  ΔU=+0.2656  ΔV=+0.1208  lr=1.0e-04  (132s)
epoch  28  loss=0.00029  in=37.060  enh=37.139  ΔY=+0.0264  ΔU=+0.3210  ΔV=+0.1350  lr=1.0e-04  (130s)
epoch  29  loss=0.00030  in=37.011  enh=37.088  ΔY=+0.0296  ΔU=+0.3002  ΔV=+0.1419  lr=1.0e-04  (132s)
epoch  30  loss=0.00029  in=37.183  enh=37.249  ΔY=+0.0290  ΔU=+0.2165  ΔV=+0.1405  lr=1.0e-04  (135s)
epoch  31  loss=0.00029  in=37.020  enh=37.094  ΔY=+0.0312  ΔU=+0.3010  ΔV=+0.1072  lr=1.0e-04  (134s)
epoch  32  loss=0.00029  in=37.199  enh=37.287  ΔY=+0.0375  ΔU=+0.3149  ΔV=+0.1579  lr=1.0e-04  (135s)
epoch  33  loss=0.00029  in=37.063  enh=37.161  ΔY=+0.0459  ΔU=+0.3428  ΔV=+0.1607  lr=1.0e-04  (138s)
epoch  34  loss=0.00029  in=37.267  enh=37.365  ΔY=+0.0460  ΔU=+0.3234  ΔV=+0.1881  lr=1.0e-04  (133s)
epoch  35  loss=0.00029  in=37.149  enh=37.247  ΔY=+0.0471  ΔU=+0.3466  ΔV=+0.1641  lr=1.0e-04  (129s)
epoch  36  loss=0.00029  in=37.115  enh=37.226  ΔY=+0.0548  ΔU=+0.3637  ΔV=+0.1646  lr=1.0e-04  (127s)
epoch  37  loss=0.00029  in=37.140  enh=37.251  ΔY=+0.0569  ΔU=+0.3765  ΔV=+0.1620  lr=1.0e-04  (127s)
epoch  38  loss=0.00029  in=36.951  enh=37.066  ΔY=+0.0625  ΔU=+0.3408  ΔV=+0.1832  lr=1.0e-04  (135s)
epoch  39  loss=0.00029  in=37.262  enh=37.367  ΔY=+0.0576  ΔU=+0.3274  ΔV=+0.1551  lr=1.0e-04  (135s)
  saved checkpoints/bi_conv_lstm_fixed_epoch_40.pt
epoch  40  loss=0.00029  in=37.081  enh=37.201  ΔY=+0.0697  ΔU=+0.3611  ΔV=+0.1786  lr=1.0e-04  (127s)
epoch  41  loss=0.00029  in=37.089  enh=37.206  ΔY=+0.0654  ΔU=+0.3653  ΔV=+0.1740  lr=1.0e-04  (125s)
epoch  42  loss=0.00029  in=37.082  enh=37.201  ΔY=+0.0772  ΔU=+0.3056  ΔV=+0.1629  lr=1.0e-04  (132s)
epoch  43  loss=0.00029  in=37.096  enh=37.226  ΔY=+0.0791  ΔU=+0.3475  ΔV=+0.2004  lr=1.0e-04  (132s)
epoch  44  loss=0.00029  in=37.043  enh=37.185  ΔY=+0.0805  ΔU=+0.4332  ΔV=+0.2213  lr=1.0e-04  (127s)
epoch  45  loss=0.00029  in=37.137  enh=37.267  ΔY=+0.0795  ΔU=+0.3863  ΔV=+0.1996  lr=1.0e-04  (136s)
epoch  46  loss=0.00029  in=37.058  enh=37.187  ΔY=+0.0859  ΔU=+0.3670  ΔV=+0.1286  lr=1.0e-04  (133s)
epoch  47  loss=0.00028  in=37.114  enh=37.248  ΔY=+0.0873  ΔU=+0.3741  ΔV=+0.1579  lr=1.0e-04  (139s)
epoch  48  loss=0.00029  in=37.081  enh=37.222  ΔY=+0.0945  ΔU=+0.3555  ΔV=+0.1985  lr=1.0e-04  (135s)
epoch  49  loss=0.00029  in=37.065  enh=37.215  ΔY=+0.0880  ΔU=+0.4391  ΔV=+0.2228  lr=1.0e-05  (130s)
epoch  50  loss=0.00029  in=36.949  enh=37.119  ΔY=+0.1049  ΔU=+0.4784  ΔV=+0.2375  lr=1.0e-05  (135s)
epoch  51  loss=0.00028  in=37.121  enh=37.286  ΔY=+0.1008  ΔU=+0.4659  ΔV=+0.2549  lr=1.0e-05  (139s)
epoch  52  loss=0.00029  in=37.128  enh=37.292  ΔY=+0.1007  ΔU=+0.4597  ΔV=+0.2395  lr=1.0e-05  (134s)
epoch  53  loss=0.00029  in=37.130  enh=37.288  ΔY=+0.0956  ΔU=+0.4390  ΔV=+0.2262  lr=1.0e-05  (135s)
epoch  54  loss=0.00029  in=37.111  enh=37.284  ΔY=+0.1097  ΔU=+0.4664  ΔV=+0.2554  lr=1.0e-05  (135s)
epoch  55  loss=0.00029  in=36.999  enh=37.167  ΔY=+0.1028  ΔU=+0.4840  ΔV=+0.2543  lr=1.0e-05  (135s)
epoch  56  loss=0.00029  in=37.073  enh=37.243  ΔY=+0.1066  ΔU=+0.4702  ΔV=+0.2473  lr=1.0e-05  (134s)
epoch  57  loss=0.00028  in=37.129  enh=37.295  ΔY=+0.1045  ΔU=+0.4734  ΔV=+0.2358  lr=1.0e-05  (130s)
epoch  58  loss=0.00029  in=37.142  enh=37.310  ΔY=+0.1065  ΔU=+0.4590  ΔV=+0.2543  lr=1.0e-05  (126s)
epoch  59  loss=0.00029  in=37.179  enh=37.354  ΔY=+0.1101  ΔU=+0.4901  ΔV=+0.2581  lr=1.0e-05  (131s)
  saved checkpoints/bi_conv_lstm_fixed_epoch_60.pt
epoch  60  loss=0.00029  in=37.229  enh=37.400  ΔY=+0.1086  ΔU=+0.4715  ΔV=+0.2524  lr=1.0e-05  (136s)
epoch  61  loss=0.00028  in=37.225  enh=37.399  ΔY=+0.1108  ΔU=+0.4823  ΔV=+0.2430  lr=1.0e-05  (132s)
epoch  62  loss=0.00029  in=37.035  enh=37.214  ΔY=+0.1123  ΔU=+0.4995  ΔV=+0.2568  lr=1.0e-05  (131s)
epoch  63  loss=0.00029  in=37.152  enh=37.324  ΔY=+0.1057  ΔU=+0.4925  ΔV=+0.2548  lr=1.0e-05  (132s)
epoch  64  loss=0.00029  in=37.211  enh=37.380  ΔY=+0.1047  ΔU=+0.4654  ΔV=+0.2644  lr=1.0e-05  (135s)
epoch  65  loss=0.00028  in=37.054  enh=37.229  ΔY=+0.1126  ΔU=+0.4564  ΔV=+0.2416  lr=1.0e-05  (124s)
epoch  66  loss=0.00029  in=37.219  enh=37.391  ΔY=+0.1098  ΔU=+0.4632  ΔV=+0.2516  lr=1.0e-05  (133s)
epoch  67  loss=0.00029  in=36.924  enh=37.096  ΔY=+0.1058  ΔU=+0.4633  ΔV=+0.2557  lr=1.0e-05  (130s)
epoch  68  loss=0.00028  in=37.215  enh=37.388  ΔY=+0.1123  ΔU=+0.4696  ΔV=+0.2479  lr=1.0e-05  (137s)
epoch  69  loss=0.00029  in=37.265  enh=37.441  ΔY=+0.1162  ΔU=+0.4785  ΔV=+0.2403  lr=1.0e-05  (132s)
epoch  70  loss=0.00028  in=36.864  enh=37.038  ΔY=+0.1139  ΔU=+0.4720  ΔV=+0.2428  lr=1.0e-05  (129s)
epoch  71  loss=0.00029  in=37.188  enh=37.361  ΔY=+0.1135  ΔU=+0.4637  ΔV=+0.2464  lr=1.0e-05  (131s)
epoch  72  loss=0.00029  in=37.152  enh=37.325  ΔY=+0.1107  ΔU=+0.4652  ΔV=+0.2483  lr=1.0e-05  (138s)
epoch  73  loss=0.00029  in=37.015  enh=37.192  ΔY=+0.1140  ΔU=+0.4787  ΔV=+0.2595  lr=1.0e-05  (132s)
epoch  74  loss=0.00028  in=37.113  enh=37.288  ΔY=+0.1172  ΔU=+0.4612  ΔV=+0.2493  lr=1.0e-05  (128s)
epoch  75  loss=0.00029  in=37.130  enh=37.303  ΔY=+0.1104  ΔU=+0.4768  ΔV=+0.2389  lr=1.0e-05  (130s)
epoch  76  loss=0.00029  in=37.028  enh=37.211  ΔY=+0.1213  ΔU=+0.4726  ΔV=+0.2466  lr=1.0e-05  (133s)
epoch  77  loss=0.00029  in=36.989  enh=37.161  ΔY=+0.1096  ΔU=+0.4782  ΔV=+0.2437  lr=1.0e-05  (133s)
epoch  78  loss=0.00028  in=37.108  enh=37.295  ΔY=+0.1190  ΔU=+0.5113  ΔV=+0.2473  lr=1.0e-05  (134s)
epoch  79  loss=0.00029  in=37.333  enh=37.513  ΔY=+0.1128  ΔU=+0.4932  ΔV=+0.2606  lr=1.0e-05  (131s)
  saved checkpoints/bi_conv_lstm_fixed_epoch_80.pt
epoch  80  loss=0.00029  in=37.005  enh=37.180  ΔY=+0.1132  ΔU=+0.4728  ΔV=+0.2479  lr=1.0e-05  (132s)
epoch  81  loss=0.00028  in=36.884  enh=37.058  ΔY=+0.1114  ΔU=+0.4752  ΔV=+0.2595  lr=1.0e-05  (132s)
epoch  82  loss=0.00028  in=37.024  enh=37.202  ΔY=+0.1139  ΔU=+0.4750  ΔV=+0.2682  lr=1.0e-05  (138s)
epoch  83  loss=0.00028  in=37.168  enh=37.349  ΔY=+0.1203  ΔU=+0.4745  ΔV=+0.2509  lr=1.0e-05  (132s)
epoch  84  loss=0.00029  in=37.175  enh=37.355  ΔY=+0.1178  ΔU=+0.4841  ΔV=+0.2451  lr=1.0e-05  (128s)
epoch  85  loss=0.00029  in=37.131  enh=37.300  ΔY=+0.1077  ΔU=+0.4726  ΔV=+0.2497  lr=1.0e-05  (137s)
epoch  86  loss=0.00029  in=37.135  enh=37.321  ΔY=+0.1179  ΔU=+0.4905  ΔV=+0.2691  lr=1.0e-05  (129s)
epoch  87  loss=0.00029  in=37.053  enh=37.236  ΔY=+0.1154  ΔU=+0.4800  ΔV=+0.2713  lr=1.0e-05  (138s)
epoch  88  loss=0.00028  in=37.090  enh=37.272  ΔY=+0.1169  ΔU=+0.4988  ΔV=+0.2608  lr=1.0e-05  (136s)
epoch  89  loss=0.00028  in=37.146  enh=37.324  ΔY=+0.1157  ΔU=+0.4865  ΔV=+0.2473  lr=1.0e-05  (139s)
epoch  90  loss=0.00029  in=37.228  enh=37.404  ΔY=+0.1169  ΔU=+0.4752  ΔV=+0.2464  lr=1.0e-05  (136s)
epoch  91  loss=0.00029  in=37.000  enh=37.184  ΔY=+0.1173  ΔU=+0.4903  ΔV=+0.2774  lr=1.0e-05  (128s)
epoch  92  loss=0.00029  in=37.155  enh=37.341  ΔY=+0.1251  ΔU=+0.4889  ΔV=+0.2465  lr=1.0e-05  (135s)
epoch  93  loss=0.00029  in=37.116  enh=37.293  ΔY=+0.1141  ΔU=+0.4887  ΔV=+0.2559  lr=1.0e-05  (131s)
epoch  94  loss=0.00028  in=37.049  enh=37.237  ΔY=+0.1208  ΔU=+0.4996  ΔV=+0.2687  lr=1.0e-05  (133s)
epoch  95  loss=0.00029  in=36.890  enh=37.070  ΔY=+0.1204  ΔU=+0.4621  ΔV=+0.2593  lr=1.0e-05  (134s)
epoch  96  loss=0.00029  in=36.901  enh=37.088  ΔY=+0.1247  ΔU=+0.4850  ΔV=+0.2655  lr=1.0e-05  (134s)
epoch  97  loss=0.00029  in=37.073  enh=37.265  ΔY=+0.1264  ΔU=+0.5058  ΔV=+0.2660  lr=1.0e-05  (133s)
epoch  98  loss=0.00028  in=37.069  enh=37.251  ΔY=+0.1200  ΔU=+0.4797  ΔV=+0.2608  lr=1.0e-05  (136s)
epoch  99  loss=0.00029  in=37.218  enh=37.402  ΔY=+0.1210  ΔU=+0.4827  ΔV=+0.2680  lr=1.0e-06  (133s)
  saved checkpoints/bi_conv_lstm_fixed_epoch_100.pt
epoch 100  loss=0.00028  in=37.268  enh=37.450  ΔY=+0.1180  ΔU=+0.5106  ΔV=+0.2665  lr=1.0e-06  (127s)
epoch 101  loss=0.00028  in=37.231  enh=37.414  ΔY=+0.1221  ΔU=+0.4706  ΔV=+0.2571  lr=1.0e-06  (132s)
epoch 102  loss=0.00029  in=37.248  enh=37.437  ΔY=+0.1246  ΔU=+0.4758  ΔV=+0.2627  lr=1.0e-06  (135s)
epoch 103  loss=0.00029  in=37.228  enh=37.421  ΔY=+0.1291  ΔU=+0.5069  ΔV=+0.2704  lr=1.0e-06  (128s)
epoch 104  loss=0.00029  in=36.921  enh=37.110  ΔY=+0.1245  ΔU=+0.5199  ΔV=+0.2617  lr=1.0e-06  (132s)
epoch 105  loss=0.00028  in=37.081  enh=37.276  ΔY=+0.1226  ΔU=+0.5285  ΔV=+0.2822  lr=1.0e-06  (134s)
epoch 106  loss=0.00028  in=36.994  enh=37.175  ΔY=+0.1176  ΔU=+0.5034  ΔV=+0.2266  lr=1.0e-06  (133s)
epoch 107  loss=0.00029  in=37.363  enh=37.548  ΔY=+0.1200  ΔU=+0.5042  ΔV=+0.2687  lr=1.0e-06  (139s)
epoch 108  loss=0.00029  in=37.134  enh=37.326  ΔY=+0.1243  ΔU=+0.5118  ΔV=+0.2783  lr=1.0e-06  (136s)
epoch 109  loss=0.00028  in=37.021  enh=37.220  ΔY=+0.1315  ΔU=+0.5139  ΔV=+0.2867  lr=1.0e-06  (131s)
epoch 110  loss=0.00029  in=37.026  enh=37.208  ΔY=+0.1197  ΔU=+0.4873  ΔV=+0.2630  lr=1.0e-06  (130s)
epoch 111  loss=0.00028  in=36.970  enh=37.153  ΔY=+0.1207  ΔU=+0.4973  ΔV=+0.2518  lr=1.0e-06  (135s)
epoch 112  loss=0.00028  in=37.256  enh=37.444  ΔY=+0.1235  ΔU=+0.5096  ΔV=+0.2629  lr=1.0e-06  (130s)
epoch 113  loss=0.00029  in=37.201  enh=37.393  ΔY=+0.1239  ΔU=+0.5115  ΔV=+0.2812  lr=1.0e-06  (131s)
epoch 114  loss=0.00029  in=37.112  enh=37.305  ΔY=+0.1248  ΔU=+0.5195  ΔV=+0.2531  lr=1.0e-06  (135s)
epoch 115  loss=0.00028  in=37.298  enh=37.486  ΔY=+0.1200  ΔU=+0.5013  ΔV=+0.2676  lr=1.0e-06  (131s)
epoch 116  loss=0.00029  in=37.119  enh=37.305  ΔY=+0.1186  ΔU=+0.5160  ΔV=+0.2663  lr=1.0e-06  (132s)
epoch 117  loss=0.00028  in=37.324  enh=37.504  ΔY=+0.1158  ΔU=+0.4942  ΔV=+0.2485  lr=1.0e-06  (135s)
epoch 118  loss=0.00029  in=37.195  enh=37.390  ΔY=+0.1288  ΔU=+0.5146  ΔV=+0.2629  lr=1.0e-06  (134s)
epoch 119  loss=0.00029  in=36.894  enh=37.085  ΔY=+0.1271  ΔU=+0.5148  ΔV=+0.2778  lr=1.0e-06  (132s)
  saved checkpoints/bi_conv_lstm_fixed_epoch_120.pt
epoch 120  loss=0.00029  in=37.233  enh=37.425  ΔY=+0.1245  ΔU=+0.5165  ΔV=+0.2811  lr=1.0e-06  (129s)
epoch 121  loss=0.00029  in=37.205  enh=37.390  ΔY=+0.1197  ΔU=+0.5167  ΔV=+0.2592  lr=1.0e-06  (129s)
epoch 122  loss=0.00028  in=37.118  enh=37.310  ΔY=+0.1258  ΔU=+0.5149  ΔV=+0.2570  lr=1.0e-06  (127s)
epoch 123  loss=0.00029  in=37.151  enh=37.340  ΔY=+0.1242  ΔU=+0.5026  ΔV=+0.2714  lr=1.0e-06  (128s)
epoch 124  loss=0.00028  in=37.105  enh=37.297  ΔY=+0.1265  ΔU=+0.5185  ΔV=+0.2765  lr=1.0e-06  (128s)
epoch 125  loss=0.00028  in=37.068  enh=37.250  ΔY=+0.1189  ΔU=+0.4760  ΔV=+0.2643  lr=1.0e-06  (124s)
epoch 126  loss=0.00028  in=37.096  enh=37.285  ΔY=+0.1236  ΔU=+0.5084  ΔV=+0.2721  lr=1.0e-06  (128s)
epoch 127  loss=0.00029  in=37.234  enh=37.425  ΔY=+0.1263  ΔU=+0.5183  ΔV=+0.2651  lr=1.0e-06  (128s)
epoch 128  loss=0.00028  in=37.226  enh=37.420  ΔY=+0.1231  ΔU=+0.5334  ΔV=+0.2814  lr=1.0e-06  (131s)
epoch 129  loss=0.00029  in=37.108  enh=37.298  ΔY=+0.1260  ΔU=+0.4934  ΔV=+0.2809  lr=1.0e-06  (136s)
epoch 130  loss=0.00028  in=37.077  enh=37.262  ΔY=+0.1241  ΔU=+0.4866  ΔV=+0.2756  lr=1.0e-06  (135s)
epoch 131  loss=0.00029  in=37.033  enh=37.230  ΔY=+0.1270  ΔU=+0.5336  ΔV=+0.2687  lr=1.0e-06  (130s)
epoch 132  loss=0.00028  in=37.195  enh=37.377  ΔY=+0.1191  ΔU=+0.4910  ΔV=+0.2648  lr=1.0e-06  (132s)
epoch 133  loss=0.00029  in=37.031  enh=37.226  ΔY=+0.1282  ΔU=+0.5139  ΔV=+0.2623  lr=1.0e-06  (129s)
epoch 134  loss=0.00028  in=37.070  enh=37.258  ΔY=+0.1249  ΔU=+0.4975  ΔV=+0.2612  lr=1.0e-06  (137s)
epoch 135  loss=0.00028  in=36.984  enh=37.176  ΔY=+0.1230  ΔU=+0.5161  ΔV=+0.2839  lr=1.0e-06  (133s)
epoch 136  loss=0.00028  in=37.091  enh=37.282  ΔY=+0.1273  ΔU=+0.4978  ΔV=+0.2787  lr=1.0e-06  (135s)
epoch 137  loss=0.00028  in=37.088  enh=37.275  ΔY=+0.1226  ΔU=+0.5012  ΔV=+0.2692  lr=1.0e-06  (128s)
epoch 138  loss=0.00029  in=36.928  enh=37.123  ΔY=+0.1258  ΔU=+0.5284  ΔV=+0.2712  lr=1.0e-06  (129s)
epoch 139  loss=0.00029  in=37.285  enh=37.471  ΔY=+0.1186  ΔU=+0.4907  ΔV=+0.2813  lr=1.0e-06  (141s)
  saved checkpoints/bi_conv_lstm_fixed_epoch_140.pt
epoch 140  loss=0.00029  in=37.035  enh=37.222  ΔY=+0.1193  ΔU=+0.5164  ΔV=+0.2683  lr=1.0e-06  (133s)
epoch 141  loss=0.00028  in=37.291  enh=37.473  ΔY=+0.1170  ΔU=+0.4974  ΔV=+0.2727  lr=1.0e-06  (134s)
epoch 142  loss=0.00029  in=37.001  enh=37.193  ΔY=+0.1247  ΔU=+0.5198  ΔV=+0.2650  lr=1.0e-06  (127s)
epoch 143  loss=0.00028  in=37.206  enh=37.396  ΔY=+0.1224  ΔU=+0.5137  ΔV=+0.2646  lr=1.0e-06  (129s)
epoch 144  loss=0.00029  in=37.118  enh=37.306  ΔY=+0.1245  ΔU=+0.4758  ΔV=+0.2745  lr=1.0e-06  (130s)
epoch 145  loss=0.00029  in=37.180  enh=37.364  ΔY=+0.1182  ΔU=+0.5021  ΔV=+0.2502  lr=1.0e-06  (136s)
epoch 146  loss=0.00029  in=37.202  enh=37.389  ΔY=+0.1238  ΔU=+0.5033  ΔV=+0.2549  lr=1.0e-06  (133s)
epoch 147  loss=0.00028  in=37.149  enh=37.335  ΔY=+0.1180  ΔU=+0.5177  ΔV=+0.2658  lr=1.0e-06  (145s)
epoch 148  loss=0.00029  in=37.123  enh=37.304  ΔY=+0.1182  ΔU=+0.4931  ΔV=+0.2471  lr=1.0e-06  (137s)
epoch 149  loss=0.00028  in=37.168  enh=37.358  ΔY=+0.1224  ΔU=+0.5039  ΔV=+0.2905  lr=1.0e-07  (126s)
epoch 150  loss=0.00029  in=37.213  enh=37.401  ΔY=+0.1215  ΔU=+0.5033  ΔV=+0.2824  lr=1.0e-07  (130s)
epoch 151  loss=0.00028  in=37.019  enh=37.212  ΔY=+0.1284  ΔU=+0.5126  ΔV=+0.2699  lr=1.0e-07  (128s)
epoch 152  loss=0.00029  in=37.060  enh=37.255  ΔY=+0.1288  ΔU=+0.5105  ΔV=+0.2703  lr=1.0e-07  (128s)
epoch 153  loss=0.00029  in=37.060  enh=37.249  ΔY=+0.1249  ΔU=+0.5021  ΔV=+0.2714  lr=1.0e-07  (129s)
epoch 154  loss=0.00029  in=37.057  enh=37.248  ΔY=+0.1217  ΔU=+0.5206  ΔV=+0.2855  lr=1.0e-07  (126s)
epoch 155  loss=0.00029  in=37.190  enh=37.381  ΔY=+0.1265  ΔU=+0.5075  ΔV=+0.2587  lr=1.0e-07  (126s)
epoch 156  loss=0.00028  in=37.016  enh=37.203  ΔY=+0.1236  ΔU=+0.5006  ΔV=+0.2530  lr=1.0e-07  (135s)
epoch 157  loss=0.00029  in=37.089  enh=37.281  ΔY=+0.1269  ΔU=+0.5023  ΔV=+0.2732  lr=1.0e-07  (136s)
epoch 158  loss=0.00028  in=37.112  enh=37.304  ΔY=+0.1276  ΔU=+0.4985  ΔV=+0.2718  lr=1.0e-07  (135s)
epoch 159  loss=0.00029  in=37.177  enh=37.369  ΔY=+0.1280  ΔU=+0.5047  ΔV=+0.2619  lr=1.0e-07  (137s)
  saved checkpoints/bi_conv_lstm_fixed_epoch_160.pt
epoch 160  loss=0.00028  in=37.147  enh=37.337  ΔY=+0.1256  ΔU=+0.5125  ΔV=+0.2624  lr=1.0e-07  (134s)
epoch 161  loss=0.00028  in=37.104  enh=37.291  ΔY=+0.1207  ΔU=+0.4938  ΔV=+0.2604  lr=1.0e-07  (136s)
epoch 162  loss=0.00028  in=37.018  enh=37.211  ΔY=+0.1204  ΔU=+0.5302  ΔV=+0.2812  lr=1.0e-07  (135s)
epoch 163  loss=0.00028  in=37.076  enh=37.267  ΔY=+0.1293  ΔU=+0.4876  ΔV=+0.2720  lr=1.0e-07  (139s)
epoch 164  loss=0.00028  in=37.209  enh=37.394  ΔY=+0.1191  ΔU=+0.4962  ΔV=+0.2715  lr=1.0e-07  (134s)
epoch 165  loss=0.00029  in=37.031  enh=37.225  ΔY=+0.1276  ΔU=+0.5087  ΔV=+0.2631  lr=1.0e-07  (128s)
epoch 166  loss=0.00028  in=37.026  enh=37.223  ΔY=+0.1292  ΔU=+0.5232  ΔV=+0.2757  lr=1.0e-07  (133s)
epoch 167  loss=0.00028  in=37.149  enh=37.338  ΔY=+0.1217  ΔU=+0.5096  ΔV=+0.2720  lr=1.0e-07  (140s)
epoch 168  loss=0.00029  in=36.946  enh=37.140  ΔY=+0.1260  ΔU=+0.5201  ΔV=+0.2722  lr=1.0e-07  (130s)
epoch 169  loss=0.00029  in=37.222  enh=37.406  ΔY=+0.1165  ΔU=+0.4860  ΔV=+0.2819  lr=1.0e-07  (131s)
epoch 170  loss=0.00028  in=37.024  enh=37.214  ΔY=+0.1218  ΔU=+0.5087  ΔV=+0.2728  lr=1.0e-07  (132s)
epoch 171  loss=0.00029  in=37.258  enh=37.445  ΔY=+0.1230  ΔU=+0.4933  ΔV=+0.2675  lr=1.0e-07  (137s)
epoch 172  loss=0.00028  in=36.908  enh=37.100  ΔY=+0.1226  ΔU=+0.5140  ΔV=+0.2586  lr=1.0e-07  (130s)
epoch 173  loss=0.00028  in=37.137  enh=37.334  ΔY=+0.1274  ΔU=+0.5239  ΔV=+0.2820  lr=1.0e-07  (135s)
epoch 174  loss=0.00029  in=37.100  enh=37.291  ΔY=+0.1233  ΔU=+0.5211  ΔV=+0.2656  lr=1.0e-07  (127s)
epoch 175  loss=0.00029  in=37.002  enh=37.192  ΔY=+0.1216  ΔU=+0.5258  ΔV=+0.2964  lr=1.0e-07  (133s)
epoch 176  loss=0.00028  in=37.137  enh=37.324  ΔY=+0.1204  ΔU=+0.5011  ΔV=+0.2616  lr=1.0e-07  (136s)
epoch 177  loss=0.00029  in=37.041  enh=37.234  ΔY=+0.1243  ΔU=+0.5090  ΔV=+0.2671  lr=1.0e-07  (130s)
epoch 178  loss=0.00029  in=37.075  enh=37.258  ΔY=+0.1241  ΔU=+0.4753  ΔV=+0.2657  lr=1.0e-07  (129s)
epoch 179  loss=0.00028  in=37.207  enh=37.389  ΔY=+0.1210  ΔU=+0.4652  ΔV=+0.2607  lr=1.0e-07  (134s)
  saved checkpoints/bi_conv_lstm_fixed_epoch_180.pt
epoch 180  loss=0.00029  in=37.084  enh=37.275  ΔY=+0.1235  ΔU=+0.4865  ΔV=+0.2910  lr=1.0e-07  (135s)
epoch 181  loss=0.00029  in=37.110  enh=37.296  ΔY=+0.1234  ΔU=+0.5069  ΔV=+0.2662  lr=1.0e-07  (135s)
epoch 182  loss=0.00028  in=37.082  enh=37.278  ΔY=+0.1287  ΔU=+0.5196  ΔV=+0.2706  lr=1.0e-07  (132s)
epoch 183  loss=0.00028  in=36.976  enh=37.163  ΔY=+0.1233  ΔU=+0.5041  ΔV=+0.2630  lr=1.0e-07  (137s)
epoch 184  loss=0.00029  in=37.269  enh=37.463  ΔY=+0.1266  ΔU=+0.5054  ΔV=+0.2664  lr=1.0e-07  (132s)
epoch 185  loss=0.00029  in=37.040  enh=37.224  ΔY=+0.1202  ΔU=+0.4987  ΔV=+0.2608  lr=1.0e-07  (134s)
epoch 186  loss=0.00029  in=37.069  enh=37.253  ΔY=+0.1207  ΔU=+0.4772  ΔV=+0.2727  lr=1.0e-07  (137s)
epoch 187  loss=0.00029  in=37.172  enh=37.368  ΔY=+0.1280  ΔU=+0.5153  ΔV=+0.2731  lr=1.0e-07  (139s)
epoch 188  loss=0.00029  in=37.247  enh=37.444  ΔY=+0.1285  ΔU=+0.5119  ΔV=+0.2749  lr=1.0e-07  (139s)
epoch 189  loss=0.00028  in=37.104  enh=37.289  ΔY=+0.1187  ΔU=+0.5032  ΔV=+0.2601  lr=1.0e-07  (134s)
epoch 190  loss=0.00028  in=37.250  enh=37.434  ΔY=+0.1223  ΔU=+0.4825  ΔV=+0.2691  lr=1.0e-07  (135s)
epoch 191  loss=0.00029  in=37.073  enh=37.263  ΔY=+0.1257  ΔU=+0.4944  ΔV=+0.2740  lr=1.0e-07  (134s)
epoch 192  loss=0.00028  in=37.216  enh=37.406  ΔY=+0.1226  ΔU=+0.5061  ΔV=+0.2667  lr=1.0e-07  (132s)
epoch 193  loss=0.00029  in=37.100  enh=37.288  ΔY=+0.1221  ΔU=+0.4933  ΔV=+0.2948  lr=1.0e-07  (99s)
epoch 194  loss=0.00028  in=37.116  enh=37.306  ΔY=+0.1253  ΔU=+0.4963  ΔV=+0.2708  lr=1.0e-07  (90s)
epoch 195  loss=0.00028  in=37.133  enh=37.322  ΔY=+0.1242  ΔU=+0.5068  ΔV=+0.2659  lr=1.0e-07  (89s)
epoch 196  loss=0.00029  in=37.203  enh=37.392  ΔY=+0.1259  ΔU=+0.4780  ΔV=+0.2564  lr=1.0e-07  (92s)
epoch 197  loss=0.00029  in=37.176  enh=37.371  ΔY=+0.1248  ΔU=+0.5354  ΔV=+0.2702  lr=1.0e-07  (93s)
epoch 198  loss=0.00028  in=37.076  enh=37.262  ΔY=+0.1214  ΔU=+0.4966  ΔV=+0.2588  lr=1.0e-07  (86s)
epoch 199  loss=0.00028  in=37.285  enh=37.470  ΔY=+0.1213  ΔU=+0.4893  ΔV=+0.2822  lr=1.0e-08  (85s)
  saved checkpoints/bi_conv_lstm_fixed_epoch_200.pt
=+0.1213  ΔU=+0.4893  ΔV=+0.2822  lr=1.0e-08  (85s)
