[gpu_lock] train bi_conv_lstm_mqp_on: acquired after 0.0 min
[VTMOnlineDataset] train: 11829 triplets from 212 (video,QP) pairs
[VTMOnlineDataset] val: 1315 triplets from 212 (video,QP) pairs
[bi_conv_lstm_mqp_on] params=364,011 loss=mse wd=0.0 train=11829 val=1315
epoch   0  loss=0.00038  dY=-0.0004 dU=-0.0242 dV=-0.0184  lr=1.0e-04  (135s)
epoch   1  loss=0.00038  dY=-0.0003 dU=+0.0001 dV=+0.0002  lr=1.0e-04  (132s)
epoch   2  loss=0.00038  dY=-0.0002 dU=+0.0041 dV=-0.0009  lr=1.0e-04  (132s)
epoch   3  loss=0.00038  dY=-0.0019 dU=+0.0316 dV=+0.0007  lr=1.0e-04  (132s)
epoch   4  loss=0.00038  dY=-0.0009 dU=+0.0524 dV=+0.0237  lr=1.0e-04  (132s)
epoch   5  loss=0.00038  dY=-0.0003 dU=+0.0788 dV=+0.0402  lr=1.0e-04  (132s)
epoch   6  loss=0.00038  dY=-0.0002 dU=+0.1056 dV=+0.0593  lr=1.0e-04  (132s)
epoch   7  loss=0.00038  dY=-0.0006 dU=+0.1143 dV=+0.0623  lr=1.0e-04  (132s)
epoch   8  loss=0.00038  dY=+0.0000 dU=+0.1254 dV=+0.0757  lr=1.0e-04  (132s)
epoch   9  loss=0.00038  dY=-0.0000 dU=+0.1357 dV=+0.0940  lr=1.0e-04  (132s)
epoch  10  loss=0.00038  dY=-0.0007 dU=+0.1556 dV=+0.0944  lr=1.0e-04  (132s)
epoch  11  loss=0.00038  dY=-0.0001 dU=+0.1758 dV=+0.1157  lr=1.0e-04  (132s)
epoch  12  loss=0.00038  dY=-0.0034 dU=+0.1984 dV=+0.1287  lr=1.0e-05  (132s)
epoch  13  loss=0.00038  dY=+0.0002 dU=+0.2135 dV=+0.1393  lr=1.0e-05  (132s)
epoch  14  loss=0.00038  dY=+0.0002 dU=+0.2145 dV=+0.1390  lr=1.0e-05  (132s)
epoch  15  loss=0.00038  dY=+0.0001 dU=+0.2150 dV=+0.1424  lr=1.0e-05  (132s)
epoch  16  loss=0.00038  dY=+0.0002 dU=+0.2141 dV=+0.1440  lr=1.0e-05  (132s)
epoch  17  loss=0.00038  dY=+0.0001 dU=+0.2251 dV=+0.1450  lr=1.0e-05  (132s)
epoch  18  loss=0.00038  dY=+0.0002 dU=+0.2201 dV=+0.1452  lr=1.0e-05  (132s)
epoch  19  loss=0.00038  dY=+0.0003 dU=+0.2275 dV=+0.1494  lr=1.0e-05  (132s)
epoch  20  loss=0.00038  dY=+0.0002 dU=+0.2132 dV=+0.1472  lr=1.0e-05  (132s)
epoch  21  loss=0.00037  dY=+0.0003 dU=+0.2195 dV=+0.1479  lr=1.0e-05  (132s)
epoch  22  loss=0.00038  dY=+0.0003 dU=+0.2293 dV=+0.1542  lr=1.0e-05  (132s)
epoch  23  loss=0.00038  dY=+0.0002 dU=+0.2277 dV=+0.1527  lr=1.0e-05  (132s)
epoch  24  loss=0.00038  dY=+0.0002 dU=+0.2328 dV=+0.1548  lr=1.0e-06  (132s)
epoch  25  loss=0.00037  dY=+0.0002 dU=+0.2332 dV=+0.1536  lr=1.0e-06  (132s)
epoch  26  loss=0.00038  dY=+0.0003 dU=+0.2297 dV=+0.1533  lr=1.0e-06  (132s)
epoch  27  loss=0.00038  dY=+0.0003 dU=+0.2412 dV=+0.1542  lr=1.0e-06  (132s)
epoch  28  loss=0.00038  dY=+0.0002 dU=+0.2313 dV=+0.1582  lr=1.0e-06  (132s)
epoch  29  loss=0.00038  dY=+0.0003 dU=+0.2358 dV=+0.1562  lr=1.0e-06  (132s)
epoch  30  loss=0.00038  dY=+0.0003 dU=+0.2313 dV=+0.1549  lr=1.0e-06  (132s)
epoch  31  loss=0.00038  dY=+0.0002 dU=+0.2311 dV=+0.1576  lr=1.0e-06  (132s)
epoch  32  loss=0.00038  dY=+0.0003 dU=+0.2278 dV=+0.1525  lr=1.0e-06  (132s)
epoch  33  loss=0.00038  dY=+0.0003 dU=+0.2366 dV=+0.1590  lr=1.0e-06  (132s)
epoch  34  loss=0.00038  dY=+0.0003 dU=+0.2322 dV=+0.1535  lr=1.0e-06  (132s)
epoch  35  loss=0.00038  dY=+0.0003 dU=+0.2336 dV=+0.1544  lr=1.0e-06  (132s)
epoch  36  loss=0.00037  dY=+0.0002 dU=+0.2276 dV=+0.1601  lr=1.0e-06  (132s)
epoch  37  loss=0.00037  dY=+0.0003 dU=+0.2296 dV=+0.1573  lr=1.0e-07  (132s)
epoch  38  loss=0.00038  dY=+0.0002 dU=+0.2347 dV=+0.1582  lr=1.0e-07  (132s)
epoch  39  loss=0.00037  dY=+0.0003 dU=+0.2362 dV=+0.1580  lr=1.0e-07  (132s)
epoch  40  loss=0.00038  dY=+0.0002 dU=+0.2255 dV=+0.1580  lr=1.0e-07  (132s)
epoch  41  loss=0.00038  dY=+0.0003 dU=+0.2251 dV=+0.1544  lr=1.0e-07  (132s)
epoch  42  loss=0.00038  dY=+0.0002 dU=+0.2324 dV=+0.1510  lr=1.0e-07  (132s)
epoch  43  loss=0.00037  dY=+0.0002 dU=+0.2369 dV=+0.1568  lr=1.0e-07  (132s)
epoch  44  loss=0.00038  dY=+0.0003 dU=+0.2322 dV=+0.1562  lr=1.0e-07  (132s)
epoch  45  loss=0.00038  dY=+0.0003 dU=+0.2361 dV=+0.1573  lr=1.0e-07  (132s)
epoch  46  loss=0.00038  dY=+0.0002 dU=+0.2352 dV=+0.1555  lr=1.0e-07  (132s)
epoch  47  loss=0.00038  dY=+0.0003 dU=+0.2382 dV=+0.1570  lr=1.0e-07  (132s)
epoch  48  loss=0.00038  dY=+0.0003 dU=+0.2359 dV=+0.1586  lr=1.0e-07  (132s)
epoch  49  loss=0.00038  dY=+0.0002 dU=+0.2351 dV=+0.1593  lr=1.0e-08  (132s)
[bi_conv_lstm_mqp_on] done, best total gain +0.3958 dB
