epoch   0  loss=0.08421 (Y=0.07831+1.0*UV=0.00590)  in=36.984  enh=25.807  ΔY=-11.7878  ΔU=-8.1909  ΔV=-8.8436  lr=1.0e-04  (76s)
epoch   1  loss=0.06697 (Y=0.06660+1.0*UV=0.00036)  in=36.978  enh=26.325  ΔY=-11.1709  ΔU=-6.6537  ΔV=-10.2350  lr=1.0e-04  (70s)
epoch   2  loss=0.06560 (Y=0.06492+1.0*UV=0.00068)  in=37.195  enh=26.913  ΔY=-11.2330  ΔU=-4.9196  ΔV=-4.3487  lr=1.0e-04  (73s)
epoch   3  loss=0.06387 (Y=0.06340+1.0*UV=0.00047)  in=37.090  enh=26.851  ΔY=-10.2623  ΔU=-3.7195  ΔV=-12.8800  lr=1.0e-04  (75s)
epoch   4  loss=0.06260 (Y=0.06227+1.0*UV=0.00033)  in=37.195  enh=27.719  ΔY=-10.2118  ΔU=-5.6300  ΔV=-5.9609  lr=1.0e-04  (76s)
epoch   5  loss=0.06294 (Y=0.06263+1.0*UV=0.00031)  in=37.115  enh=28.595  ΔY=-9.0271  ΔU=-5.8284  ΔV=-8.1157  lr=1.0e-04  (75s)
epoch   6  loss=0.04855 (Y=0.04827+1.0*UV=0.00028)  in=37.271  enh=34.682  ΔY=-2.0013  ΔU=-1.8050  ΔV=-4.7363  lr=1.0e-04  (73s)
epoch   7  loss=0.04699 (Y=0.04680+1.0*UV=0.00020)  in=37.358  enh=35.685  ΔY=-0.8442  ΔU=-1.9280  ΔV=-3.7057  lr=1.0e-04  (74s)
epoch   8  loss=0.04665 (Y=0.04644+1.0*UV=0.00021)  in=37.234  enh=35.556  ΔY=-0.7275  ΔU=-3.3031  ΔV=-2.6031  lr=1.0e-04  (74s)
epoch   9  loss=0.04582 (Y=0.04563+1.0*UV=0.00018)  in=37.054  enh=36.220  ΔY=-0.1784  ΔU=-1.8870  ΔV=-1.7788  lr=1.0e-04  (72s)
epoch  10  loss=0.04569 (Y=0.04553+1.0*UV=0.00016)  in=36.925  enh=35.324  ΔY=-0.4128  ΔU=-2.4423  ΔV=-3.4885  lr=1.0e-04  (72s)
epoch  11  loss=0.04559 (Y=0.04542+1.0*UV=0.00016)  in=37.110  enh=35.132  ΔY=-0.6284  ΔU=-3.0456  ΔV=-4.0091  lr=1.0e-04  (72s)
epoch  12  loss=0.04548 (Y=0.04534+1.0*UV=0.00015)  in=37.120  enh=35.692  ΔY=-0.2553  ΔU=-1.9359  ΔV=-3.2129  lr=1.0e-04  (72s)
epoch  13  loss=0.04550 (Y=0.04536+1.0*UV=0.00013)  in=37.199  enh=35.529  ΔY=-0.6876  ΔU=-2.8798  ΔV=-2.9741  lr=1.0e-04  (73s)
epoch  14  loss=0.04524 (Y=0.04509+1.0*UV=0.00015)  in=36.980  enh=35.688  ΔY=-0.1805  ΔU=-1.7750  ΔV=-2.8963  lr=1.0e-04  (73s)
epoch  15  loss=0.04521 (Y=0.04506+1.0*UV=0.00015)  in=37.151  enh=36.043  ΔY=-0.1804  ΔU=-2.0102  ΔV=-2.2720  lr=1.0e-04  (68s)
epoch  16  loss=0.04486 (Y=0.04473+1.0*UV=0.00012)  in=37.125  enh=36.451  ΔY=-0.0738  ΔU=-1.4168  ΔV=-1.5268  lr=1.0e-04  (67s)
epoch  17  loss=0.04452 (Y=0.04440+1.0*UV=0.00012)  in=37.110  enh=36.472  ΔY=-0.1209  ΔU=-1.1934  ΔV=-1.6021  lr=1.0e-04  (68s)
epoch  18  loss=0.04474 (Y=0.04463+1.0*UV=0.00011)  in=37.176  enh=36.724  ΔY=-0.0217  ΔU=-0.8566  ΔV=-1.4524  lr=1.0e-04  (70s)
epoch  19  loss=0.04432 (Y=0.04420+1.0*UV=0.00012)  in=37.252  enh=36.232  ΔY=-0.0974  ΔU=-1.8508  ΔV=-2.1175  lr=1.0e-04  (69s)
epoch  20  loss=0.04408 (Y=0.04398+1.0*UV=0.00011)  in=37.193  enh=35.864  ΔY=-0.2553  ΔU=-2.1276  ΔV=-2.4502  lr=1.0e-04  (72s)
epoch  21  loss=0.04432 (Y=0.04421+1.0*UV=0.00011)  in=37.125  enh=36.120  ΔY=-0.0592  ΔU=-1.9269  ΔV=-1.9784  lr=1.0e-04  (73s)
epoch  22  loss=0.04452 (Y=0.04442+1.0*UV=0.00011)  in=37.124  enh=36.937  ΔY=+0.1517  ΔU=-0.8242  ΔV=-0.8785  lr=1.0e-04  (73s)
epoch  23  loss=0.04419 (Y=0.04409+1.0*UV=0.00010)  in=37.065  enh=36.722  ΔY=+0.1731  ΔU=-1.1508  ΔV=-1.0024  lr=1.0e-04  (74s)
epoch  24  loss=0.04427 (Y=0.04417+1.0*UV=0.00010)  in=37.016  enh=36.691  ΔY=+0.1575  ΔU=-0.6634  ΔV=-1.2546  lr=1.0e-04  (74s)
epoch  25  loss=0.04444 (Y=0.04434+1.0*UV=0.00010)  in=37.158  enh=36.374  ΔY=-0.2749  ΔU=-1.3339  ΔV=-1.8162  lr=1.0e-04  (74s)
epoch  26  loss=0.04378 (Y=0.04368+1.0*UV=0.00010)  in=37.170  enh=36.944  ΔY=+0.1940  ΔU=-0.8596  ΔV=-0.9046  lr=1.0e-04  (72s)
epoch  27  loss=0.04404 (Y=0.04394+1.0*UV=0.00010)  in=37.373  enh=36.590  ΔY=-0.0093  ΔU=-1.8476  ΔV=-1.4209  lr=1.0e-04  (74s)
epoch  28  loss=0.04366 (Y=0.04356+1.0*UV=0.00009)  in=37.043  enh=37.174  ΔY=+0.3184  ΔU=-0.3078  ΔV=-0.3877  lr=1.0e-04  (75s)
epoch  29  loss=0.04368 (Y=0.04359+1.0*UV=0.00009)  in=37.146  enh=37.044  ΔY=+0.2548  ΔU=-0.5759  ΔV=-0.8811  lr=1.0e-04  (72s)
epoch  30  loss=0.04381 (Y=0.04372+1.0*UV=0.00009)  in=37.196  enh=37.281  ΔY=+0.3421  ΔU=-0.4664  ΔV=-0.4320  lr=1.0e-04  (70s)
epoch  31  loss=0.04397 (Y=0.04388+1.0*UV=0.00009)  in=37.189  enh=37.260  ΔY=+0.2761  ΔU=-0.3809  ΔV=-0.4542  lr=1.0e-04  (73s)
epoch  32  loss=0.04374 (Y=0.04364+1.0*UV=0.00009)  in=36.999  enh=36.845  ΔY=+0.3051  ΔU=-0.7440  ΔV=-0.9956  lr=1.0e-04  (71s)
epoch  33  loss=0.04374 (Y=0.04365+1.0*UV=0.00009)  in=37.126  enh=37.277  ΔY=+0.3273  ΔU=-0.2349  ΔV=-0.3132  lr=1.0e-04  (75s)
epoch  34  loss=0.04354 (Y=0.04344+1.0*UV=0.00009)  in=37.186  enh=37.420  ΔY=+0.3742  ΔU=-0.1066  ΔV=-0.1463  lr=1.0e-04  (75s)
epoch  35  loss=0.04349 (Y=0.04340+1.0*UV=0.00009)  in=37.157  enh=37.340  ΔY=+0.4009  ΔU=-0.1557  ΔV=-0.3531  lr=1.0e-04  (73s)
epoch  36  loss=0.04303 (Y=0.04294+1.0*UV=0.00009)  in=37.322  enh=37.473  ΔY=+0.4003  ΔU=-0.1501  ΔV=-0.5041  lr=1.0e-04  (73s)
epoch  37  loss=0.04319 (Y=0.04310+1.0*UV=0.00009)  in=37.135  enh=37.412  ΔY=+0.4091  ΔU=-0.0510  ΔV=-0.0959  lr=1.0e-04  (75s)
epoch  38  loss=0.04307 (Y=0.04298+1.0*UV=0.00009)  in=37.194  enh=37.450  ΔY=+0.4193  ΔU=-0.0392  ΔV=-0.1773  lr=1.0e-04  (72s)
epoch  39  loss=0.04335 (Y=0.04326+1.0*UV=0.00009)  in=37.016  enh=37.317  ΔY=+0.4424  ΔU=-0.0224  ΔV=-0.0991  lr=1.0e-04  (71s)
epoch  40  loss=0.04324 (Y=0.04315+1.0*UV=0.00009)  in=37.227  enh=37.423  ΔY=+0.3589  ΔU=-0.1616  ΔV=-0.2279  lr=1.0e-04  (75s)
epoch  41  loss=0.04298 (Y=0.04289+1.0*UV=0.00009)  in=37.052  enh=37.334  ΔY=+0.4212  ΔU=-0.0374  ΔV=-0.0590  lr=1.0e-04  (71s)
epoch  42  loss=0.04320 (Y=0.04311+1.0*UV=0.00009)  in=37.209  enh=37.527  ΔY=+0.4528  ΔU=-0.0420  ΔV=-0.0057  lr=1.0e-04  (72s)
epoch  43  loss=0.04315 (Y=0.04306+1.0*UV=0.00009)  in=37.135  enh=37.472  ΔY=+0.4804  ΔU=-0.0233  ΔV=-0.0009  lr=1.0e-04  (72s)
epoch  44  loss=0.04346 (Y=0.04336+1.0*UV=0.00009)  in=37.205  enh=37.546  ΔY=+0.4792  ΔU=+0.0029  ΔV=+0.0057  lr=1.0e-04  (73s)
epoch  45  loss=0.04308 (Y=0.04299+1.0*UV=0.00009)  in=37.110  enh=37.435  ΔY=+0.4729  ΔU=-0.0416  ΔV=-0.0202  lr=1.0e-04  (74s)
epoch  46  loss=0.04320 (Y=0.04311+1.0*UV=0.00009)  in=37.020  enh=37.349  ΔY=+0.4584  ΔU=+0.0116  ΔV=-0.0248  lr=1.0e-04  (71s)
epoch  47  loss=0.04255 (Y=0.04246+1.0*UV=0.00009)  in=37.160  enh=37.476  ΔY=+0.4389  ΔU=+0.0139  ΔV=+0.0149  lr=1.0e-04  (72s)
epoch  48  loss=0.04309 (Y=0.04300+1.0*UV=0.00009)  in=37.064  enh=37.425  ΔY=+0.5186  ΔU=-0.0235  ΔV=+0.0028  lr=1.0e-04  (73s)
epoch  49  loss=0.04274 (Y=0.04265+1.0*UV=0.00009)  in=37.122  enh=37.489  ΔY=+0.5215  ΔU=+0.0054  ΔV=+0.0003  lr=1.0e-05  (72s)
epoch  50  loss=0.04235 (Y=0.04226+1.0*UV=0.00009)  in=37.080  enh=37.547  ΔY=+0.6654  ΔU=+0.0125  ΔV=+0.0256  lr=1.0e-05  (73s)
epoch  51  loss=0.04190 (Y=0.04181+1.0*UV=0.00009)  in=37.149  enh=37.621  ΔY=+0.6780  ΔU=+0.0168  ΔV=+0.0145  lr=1.0e-05  (68s)
epoch  52  loss=0.04209 (Y=0.04199+1.0*UV=0.00009)  in=36.891  enh=37.379  ΔY=+0.7020  ΔU=+0.0089  ΔV=+0.0231  lr=1.0e-05  (66s)
epoch  53  loss=0.04215 (Y=0.04206+1.0*UV=0.00009)  in=37.206  enh=37.695  ΔY=+0.7102  ΔU=+0.0137  ΔV=+0.0124  lr=1.0e-05  (69s)
epoch  54  loss=0.04206 (Y=0.04197+1.0*UV=0.00009)  in=37.038  enh=37.540  ΔY=+0.7254  ΔU=+0.0060  ΔV=+0.0219  lr=1.0e-05  (68s)
epoch  55  loss=0.04188 (Y=0.04179+1.0*UV=0.00009)  in=37.057  enh=37.568  ΔY=+0.7457  ΔU=+0.0142  ΔV=+0.0119  lr=1.0e-05  (69s)
epoch  56  loss=0.04169 (Y=0.04160+1.0*UV=0.00009)  in=37.047  enh=37.555  ΔY=+0.7381  ΔU=+0.0158  ΔV=+0.0070  lr=1.0e-05  (72s)
epoch  57  loss=0.04172 (Y=0.04163+1.0*UV=0.00009)  in=37.188  enh=37.711  ΔY=+0.7581  ΔU=+0.0083  ΔV=+0.0184  lr=1.0e-05  (74s)
epoch  58  loss=0.04180 (Y=0.04171+1.0*UV=0.00009)  in=37.187  enh=37.688  ΔY=+0.7313  ΔU=+0.0129  ΔV=+0.0122  lr=1.0e-05  (72s)
epoch  59  loss=0.04230 (Y=0.04221+1.0*UV=0.00009)  in=37.207  enh=37.739  ΔY=+0.7821  ΔU=+0.0115  ΔV=+0.0225  lr=1.0e-05  (74s)
epoch  60  loss=0.04161 (Y=0.04152+1.0*UV=0.00009)  in=37.257  enh=37.779  ΔY=+0.7669  ΔU=+0.0162  ΔV=-0.0013  lr=1.0e-05  (74s)
epoch  61  loss=0.04190 (Y=0.04181+1.0*UV=0.00009)  in=36.985  enh=37.528  ΔY=+0.7946  ΔU=+0.0113  ΔV=+0.0248  lr=1.0e-05  (74s)
epoch  62  loss=0.04158 (Y=0.04149+1.0*UV=0.00009)  in=37.194  enh=37.721  ΔY=+0.7705  ΔU=+0.0139  ΔV=+0.0299  lr=1.0e-05  (73s)
epoch  63  loss=0.04169 (Y=0.04160+1.0*UV=0.00009)  in=36.987  enh=37.521  ΔY=+0.7890  ΔU=+0.0085  ΔV=+0.0099  lr=1.0e-05  (73s)
epoch  64  loss=0.04150 (Y=0.04141+1.0*UV=0.00009)  in=37.096  enh=37.637  ΔY=+0.7894  ΔU=+0.0121  ΔV=+0.0236  lr=1.0e-05  (74s)
epoch  65  loss=0.04166 (Y=0.04156+1.0*UV=0.00009)  in=37.091  enh=37.640  ΔY=+0.8058  ΔU=+0.0125  ΔV=+0.0076  lr=1.0e-05  (72s)
epoch  66  loss=0.04179 (Y=0.04170+1.0*UV=0.00009)  in=37.125  enh=37.659  ΔY=+0.7834  ΔU=+0.0090  ΔV=+0.0217  lr=1.0e-05  (72s)
epoch  67  loss=0.04170 (Y=0.04161+1.0*UV=0.00009)  in=37.079  enh=37.634  ΔY=+0.8108  ΔU=+0.0192  ΔV=+0.0167  lr=1.0e-05  (73s)
epoch  68  loss=0.04135 (Y=0.04126+1.0*UV=0.00009)  in=37.165  enh=37.712  ΔY=+0.8100  ΔU=+0.0143  ΔV=+0.0081  lr=1.0e-05  (74s)
epoch  69  loss=0.04137 (Y=0.04128+1.0*UV=0.00009)  in=37.117  enh=37.662  ΔY=+0.8012  ΔU=+0.0167  ΔV=+0.0162  lr=1.0e-05  (72s)
epoch  70  loss=0.04142 (Y=0.04133+1.0*UV=0.00009)  in=37.160  enh=37.729  ΔY=+0.8430  ΔU=+0.0136  ΔV=+0.0171  lr=1.0e-05  (70s)
epoch  71  loss=0.04140 (Y=0.04131+1.0*UV=0.00009)  in=36.971  enh=37.536  ΔY=+0.8296  ΔU=+0.0110  ΔV=+0.0186  lr=1.0e-05  (72s)
epoch  72  loss=0.04164 (Y=0.04155+1.0*UV=0.00009)  in=37.011  enh=37.572  ΔY=+0.8273  ΔU=+0.0093  ΔV=+0.0185  lr=1.0e-05  (72s)
epoch  73  loss=0.04100 (Y=0.04091+1.0*UV=0.00009)  in=37.137  enh=37.713  ΔY=+0.8536  ΔU=+0.0142  ΔV=+0.0197  lr=1.0e-05  (79s)
epoch  74  loss=0.04129 (Y=0.04120+1.0*UV=0.00009)  in=37.095  enh=37.685  ΔY=+0.8712  ΔU=+0.0104  ΔV=+0.0180  lr=1.0e-05  (70s)
epoch  75  loss=0.04106 (Y=0.04097+1.0*UV=0.00009)  in=37.097  enh=37.679  ΔY=+0.8602  ΔU=+0.0053  ΔV=+0.0253  lr=1.0e-05  (68s)
epoch  76  loss=0.04113 (Y=0.04104+1.0*UV=0.00009)  in=37.069  enh=37.642  ΔY=+0.8353  ΔU=+0.0102  ΔV=+0.0386  lr=1.0e-05  (65s)
epoch  77  loss=0.04108 (Y=0.04099+1.0*UV=0.00009)  in=36.958  enh=37.542  ΔY=+0.8625  ΔU=+0.0096  ΔV=+0.0225  lr=1.0e-05  (74s)
epoch  78  loss=0.04157 (Y=0.04147+1.0*UV=0.00009)  in=37.141  enh=37.703  ΔY=+0.8224  ΔU=+0.0203  ΔV=+0.0290  lr=1.0e-05  (75s)
epoch  79  loss=0.04141 (Y=0.04132+1.0*UV=0.00009)  in=37.047  enh=37.619  ΔY=+0.8501  ΔU=+0.0157  ΔV=+0.0150  lr=1.0e-05  (76s)
epoch  80  loss=0.04097 (Y=0.04088+1.0*UV=0.00009)  in=37.147  enh=37.736  ΔY=+0.8710  ΔU=+0.0107  ΔV=+0.0252  lr=1.0e-05  (73s)
epoch  81  loss=0.04130 (Y=0.04121+1.0*UV=0.00009)  in=37.121  enh=37.689  ΔY=+0.8414  ΔU=+0.0128  ΔV=+0.0098  lr=1.0e-05  (76s)
epoch  82  loss=0.04161 (Y=0.04152+1.0*UV=0.00009)  in=37.199  enh=37.781  ΔY=+0.8717  ΔU=+0.0024  ΔV=+0.0236  lr=1.0e-05  (77s)
epoch  83  loss=0.04127 (Y=0.04118+1.0*UV=0.00009)  in=37.106  enh=37.712  ΔY=+0.9017  ΔU=+0.0086  ΔV=+0.0266  lr=1.0e-05  (76s)
epoch  84  loss=0.04134 (Y=0.04125+1.0*UV=0.00009)  in=37.027  enh=37.603  ΔY=+0.8560  ΔU=+0.0167  ΔV=+0.0250  lr=1.0e-05  (74s)
epoch  85  loss=0.04106 (Y=0.04097+1.0*UV=0.00009)  in=37.134  enh=37.716  ΔY=+0.8680  ΔU=+0.0116  ΔV=+0.0236  lr=1.0e-05  (72s)
epoch  86  loss=0.04095 (Y=0.04086+1.0*UV=0.00009)  in=37.182  enh=37.765  ΔY=+0.8667  ΔU=+0.0155  ΔV=+0.0185  lr=1.0e-05  (74s)
epoch  87  loss=0.04101 (Y=0.04092+1.0*UV=0.00009)  in=37.402  enh=37.964  ΔY=+0.8483  ΔU=-0.0044  ΔV=+0.0279  lr=1.0e-05  (74s)
epoch  88  loss=0.04123 (Y=0.04114+1.0*UV=0.00009)  in=37.127  enh=37.724  ΔY=+0.8894  ΔU=+0.0149  ΔV=+0.0006  lr=1.0e-05  (73s)
epoch  89  loss=0.04140 (Y=0.04131+1.0*UV=0.00009)  in=37.162  enh=37.745  ΔY=+0.8596  ΔU=+0.0119  ΔV=+0.0168  lr=1.0e-05  (73s)
epoch  90  loss=0.04114 (Y=0.04105+1.0*UV=0.00009)  in=37.322  enh=37.919  ΔY=+0.8977  ΔU=+0.0152  ΔV=+0.0207  lr=1.0e-05  (73s)
epoch  91  loss=0.04082 (Y=0.04073+1.0*UV=0.00009)  in=37.098  enh=37.695  ΔY=+0.8892  ΔU=+0.0087  ΔV=+0.0084  lr=1.0e-05  (73s)
epoch  92  loss=0.04111 (Y=0.04102+1.0*UV=0.00009)  in=37.038  enh=37.646  ΔY=+0.9041  ΔU=+0.0102  ΔV=-0.0026  lr=1.0e-05  (75s)
epoch  93  loss=0.04130 (Y=0.04121+1.0*UV=0.00009)  in=36.964  enh=37.543  ΔY=+0.8538  ΔU=+0.0082  ΔV=+0.0231  lr=1.0e-05  (71s)
epoch  94  loss=0.04122 (Y=0.04113+1.0*UV=0.00009)  in=37.135  enh=37.730  ΔY=+0.8860  ΔU=+0.0103  ΔV=+0.0281  lr=1.0e-05  (70s)
epoch  95  loss=0.04102 (Y=0.04093+1.0*UV=0.00009)  in=37.150  enh=37.750  ΔY=+0.8970  ΔU=+0.0162  ΔV=+0.0185  lr=1.0e-05  (71s)
epoch  96  loss=0.04125 (Y=0.04116+1.0*UV=0.00009)  in=37.177  enh=37.795  ΔY=+0.9252  ΔU=+0.0087  ΔV=+0.0295  lr=1.0e-05  (75s)
epoch  97  loss=0.04081 (Y=0.04071+1.0*UV=0.00009)  in=37.088  enh=37.687  ΔY=+0.9001  ΔU=+0.0053  ΔV=+0.0230  lr=1.0e-05  (76s)
epoch  98  loss=0.04106 (Y=0.04097+1.0*UV=0.00009)  in=37.356  enh=37.975  ΔY=+0.9320  ΔU=+0.0087  ΔV=+0.0149  lr=1.0e-05  (74s)
epoch  99  loss=0.04090 (Y=0.04081+1.0*UV=0.00009)  in=37.305  enh=37.932  ΔY=+0.9365  ΔU=+0.0121  ΔV=+0.0261  lr=1.0e-06  (74s)
epoch 100  loss=0.04052 (Y=0.04043+1.0*UV=0.00009)  in=37.051  enh=37.681  ΔY=+0.9458  ΔU=+0.0141  ΔV=+0.0130  lr=1.0e-06  (73s)
epoch 101  loss=0.04043 (Y=0.04034+1.0*UV=0.00009)  in=37.270  enh=37.913  ΔY=+0.9710  ΔU=+0.0129  ΔV=+0.0185  lr=1.0e-06  (74s)
epoch 102  loss=0.04096 (Y=0.04087+1.0*UV=0.00009)  in=37.008  enh=37.634  ΔY=+0.9362  ΔU=+0.0119  ΔV=+0.0138  lr=1.0e-06  (73s)
epoch 103  loss=0.04063 (Y=0.04054+1.0*UV=0.00009)  in=36.945  enh=37.568  ΔY=+0.9375  ΔU=+0.0151  ΔV=+0.0193  lr=1.0e-06  (73s)
epoch 104  loss=0.04054 (Y=0.04045+1.0*UV=0.00009)  in=37.150  enh=37.798  ΔY=+0.9681  ΔU=+0.0106  ΔV=+0.0223  lr=1.0e-06  (75s)
epoch 105  loss=0.04076 (Y=0.04067+1.0*UV=0.00009)  in=37.207  enh=37.856  ΔY=+0.9815  ΔU=+0.0205  ΔV=+0.0230  lr=1.0e-06  (72s)
epoch 106  loss=0.04024 (Y=0.04015+1.0*UV=0.00009)  in=37.089  enh=37.737  ΔY=+0.9721  ΔU=+0.0115  ΔV=+0.0055  lr=1.0e-06  (74s)
epoch 107  loss=0.04060 (Y=0.04051+1.0*UV=0.00009)  in=37.069  enh=37.714  ΔY=+0.9701  ΔU=+0.0124  ΔV=+0.0169  lr=1.0e-06  (75s)
epoch 108  loss=0.04070 (Y=0.04061+1.0*UV=0.00009)  in=37.007  enh=37.649  ΔY=+0.9623  ΔU=+0.0091  ΔV=+0.0181  lr=1.0e-06  (73s)
epoch 109  loss=0.04035 (Y=0.04026+1.0*UV=0.00009)  in=36.931  enh=37.569  ΔY=+0.9518  ΔU=+0.0151  ΔV=+0.0242  lr=1.0e-06  (74s)
epoch 110  loss=0.04069 (Y=0.04060+1.0*UV=0.00009)  in=37.085  enh=37.736  ΔY=+0.9851  ΔU=+0.0105  ΔV=+0.0122  lr=1.0e-06  (73s)
epoch 111  loss=0.04079 (Y=0.04070+1.0*UV=0.00009)  in=37.103  enh=37.745  ΔY=+0.9642  ΔU=+0.0183  ΔV=+0.0145  lr=1.0e-06  (75s)
epoch 112  loss=0.04069 (Y=0.04060+1.0*UV=0.00009)  in=36.870  enh=37.513  ΔY=+0.9659  ΔU=+0.0152  ΔV=+0.0097  lr=1.0e-06  (74s)
epoch 113  loss=0.04074 (Y=0.04065+1.0*UV=0.00009)  in=37.017  enh=37.655  ΔY=+0.9530  ΔU=+0.0095  ΔV=+0.0220  lr=1.0e-06  (72s)
epoch 114  loss=0.04056 (Y=0.04047+1.0*UV=0.00009)  in=37.173  enh=37.821  ΔY=+0.9803  ΔU=+0.0139  ΔV=+0.0237  lr=1.0e-06  (72s)
epoch 115  loss=0.04085 (Y=0.04076+1.0*UV=0.00009)  in=37.080  enh=37.720  ΔY=+0.9596  ΔU=+0.0140  ΔV=+0.0210  lr=1.0e-06  (75s)
epoch 116  loss=0.04071 (Y=0.04062+1.0*UV=0.00009)  in=37.187  enh=37.840  ΔY=+0.9799  ΔU=+0.0112  ΔV=+0.0128  lr=1.0e-06  (71s)
epoch 117  loss=0.04070 (Y=0.04060+1.0*UV=0.00009)  in=37.272  enh=37.918  ΔY=+0.9696  ΔU=+0.0133  ΔV=+0.0256  lr=1.0e-06  (71s)
epoch 118  loss=0.04078 (Y=0.04069+1.0*UV=0.00009)  in=37.182  enh=37.836  ΔY=+0.9886  ΔU=+0.0094  ΔV=+0.0252  lr=1.0e-06  (68s)
epoch 119  loss=0.04048 (Y=0.04039+1.0*UV=0.00009)  in=37.132  enh=37.775  ΔY=+0.9677  ΔU=+0.0219  ΔV=+0.0255  lr=1.0e-06  (67s)
epoch 120  loss=0.04058 (Y=0.04049+1.0*UV=0.00009)  in=37.085  enh=37.722  ΔY=+0.9604  ΔU=+0.0138  ΔV=+0.0179  lr=1.0e-06  (71s)
epoch 121  loss=0.04041 (Y=0.04032+1.0*UV=0.00009)  in=37.329  enh=37.977  ΔY=+0.9788  ΔU=+0.0144  ΔV=+0.0254  lr=1.0e-06  (68s)
epoch 122  loss=0.04079 (Y=0.04069+1.0*UV=0.00009)  in=37.185  enh=37.825  ΔY=+0.9551  ΔU=+0.0116  ΔV=+0.0318  lr=1.0e-06  (70s)
epoch 123  loss=0.04043 (Y=0.04034+1.0*UV=0.00009)  in=37.278  enh=37.922  ΔY=+0.9664  ΔU=+0.0134  ΔV=+0.0169  lr=1.0e-06  (69s)
epoch 124  loss=0.04084 (Y=0.04075+1.0*UV=0.00009)  in=37.079  enh=37.731  ΔY=+0.9785  ΔU=+0.0143  ΔV=+0.0209  lr=1.0e-06  (74s)
epoch 125  loss=0.04082 (Y=0.04073+1.0*UV=0.00009)  in=37.105  enh=37.736  ΔY=+0.9523  ΔU=+0.0196  ΔV=+0.0163  lr=1.0e-06  (74s)
epoch 126  loss=0.04100 (Y=0.04091+1.0*UV=0.00009)  in=37.144  enh=37.798  ΔY=+0.9786  ΔU=+0.0134  ΔV=+0.0207  lr=1.0e-06  (75s)
epoch 127  loss=0.04058 (Y=0.04049+1.0*UV=0.00009)  in=37.040  enh=37.697  ΔY=+0.9814  ΔU=+0.0089  ΔV=+0.0256  lr=1.0e-06  (72s)
epoch 128  loss=0.04016 (Y=0.04007+1.0*UV=0.00009)  in=36.993  enh=37.655  ΔY=+0.9907  ΔU=+0.0147  ΔV=+0.0297  lr=1.0e-06  (71s)
epoch 129  loss=0.04063 (Y=0.04054+1.0*UV=0.00009)  in=37.105  enh=37.746  ΔY=+0.9654  ΔU=+0.0119  ΔV=+0.0104  lr=1.0e-06  (73s)
epoch 130  loss=0.04046 (Y=0.04037+1.0*UV=0.00009)  in=37.195  enh=37.842  ΔY=+0.9726  ΔU=+0.0134  ΔV=+0.0214  lr=1.0e-06  (74s)
epoch 131  loss=0.04058 (Y=0.04049+1.0*UV=0.00009)  in=37.272  enh=37.902  ΔY=+0.9437  ΔU=+0.0155  ΔV=+0.0198  lr=1.0e-06  (72s)
epoch 132  loss=0.04063 (Y=0.04054+1.0*UV=0.00009)  in=37.287  enh=37.940  ΔY=+0.9843  ΔU=+0.0111  ΔV=+0.0234  lr=1.0e-06  (73s)
epoch 133  loss=0.04070 (Y=0.04061+1.0*UV=0.00009)  in=37.098  enh=37.750  ΔY=+0.9790  ΔU=+0.0183  ΔV=+0.0133  lr=1.0e-06  (71s)
epoch 134  loss=0.04052 (Y=0.04043+1.0*UV=0.00009)  in=37.293  enh=37.947  ΔY=+0.9859  ΔU=+0.0205  ΔV=+0.0336  lr=1.0e-06  (73s)
epoch 135  loss=0.04060 (Y=0.04051+1.0*UV=0.00009)  in=36.939  enh=37.582  ΔY=+0.9658  ΔU=+0.0167  ΔV=+0.0222  lr=1.0e-06  (72s)
epoch 136  loss=0.04094 (Y=0.04085+1.0*UV=0.00009)  in=37.228  enh=37.880  ΔY=+0.9815  ΔU=+0.0118  ΔV=+0.0125  lr=1.0e-06  (72s)
epoch 137  loss=0.04040 (Y=0.04031+1.0*UV=0.00009)  in=37.000  enh=37.642  ΔY=+0.9759  ΔU=+0.0085  ΔV=+0.0167  lr=1.0e-06  (70s)
epoch 138  loss=0.04074 (Y=0.04065+1.0*UV=0.00009)  in=37.183  enh=37.824  ΔY=+0.9695  ΔU=+0.0162  ΔV=+0.0244  lr=1.0e-06  (75s)
epoch 139  loss=0.04044 (Y=0.04035+1.0*UV=0.00009)  in=37.181  enh=37.826  ΔY=+0.9818  ΔU=+0.0129  ΔV=+0.0229  lr=1.0e-06  (68s)
epoch 140  loss=0.04062 (Y=0.04052+1.0*UV=0.00009)  in=37.134  enh=37.789  ΔY=+0.9883  ΔU=+0.0147  ΔV=+0.0175  lr=1.0e-06  (69s)
epoch 141  loss=0.04065 (Y=0.04055+1.0*UV=0.00009)  in=37.245  enh=37.881  ΔY=+0.9604  ΔU=+0.0170  ΔV=+0.0230  lr=1.0e-06  (68s)
epoch 142  loss=0.04040 (Y=0.04031+1.0*UV=0.00009)  in=36.880  enh=37.529  ΔY=+0.9777  ΔU=+0.0126  ΔV=+0.0203  lr=1.0e-06  (75s)
epoch 143  loss=0.04044 (Y=0.04035+1.0*UV=0.00009)  in=37.106  enh=37.748  ΔY=+0.9588  ΔU=+0.0137  ΔV=+0.0080  lr=1.0e-06  (76s)
epoch 144  loss=0.04088 (Y=0.04079+1.0*UV=0.00009)  in=37.238  enh=37.886  ΔY=+0.9788  ΔU=+0.0132  ΔV=+0.0166  lr=1.0e-06  (74s)
epoch 145  loss=0.04066 (Y=0.04057+1.0*UV=0.00009)  in=37.249  enh=37.908  ΔY=+0.9924  ΔU=+0.0096  ΔV=+0.0139  lr=1.0e-06  (72s)
epoch 146  loss=0.04045 (Y=0.04036+1.0*UV=0.00009)  in=37.039  enh=37.696  ΔY=+0.9940  ΔU=+0.0063  ΔV=+0.0183  lr=1.0e-06  (75s)
epoch 147  loss=0.04063 (Y=0.04054+1.0*UV=0.00009)  in=37.272  enh=37.928  ΔY=+0.9960  ΔU=+0.0097  ΔV=+0.0170  lr=1.0e-06  (73s)
epoch 148  loss=0.04024 (Y=0.04015+1.0*UV=0.00009)  in=37.184  enh=37.817  ΔY=+0.9447  ΔU=+0.0087  ΔV=+0.0131  lr=1.0e-06  (71s)
epoch 149  loss=0.04071 (Y=0.04062+1.0*UV=0.00009)  in=37.049  enh=37.702  ΔY=+0.9880  ΔU=+0.0112  ΔV=+0.0181  lr=1.0e-07  (74s)
epoch 150  loss=0.04044 (Y=0.04035+1.0*UV=0.00009)  in=37.110  enh=37.759  ΔY=+0.9799  ΔU=+0.0101  ΔV=+0.0255  lr=1.0e-07  (74s)
epoch 151  loss=0.04029 (Y=0.04019+1.0*UV=0.00009)  in=37.086  enh=37.738  ΔY=+0.9825  ΔU=+0.0154  ΔV=+0.0279  lr=1.0e-07  (73s)
epoch 152  loss=0.04088 (Y=0.04079+1.0*UV=0.00009)  in=37.154  enh=37.783  ΔY=+0.9434  ΔU=+0.0133  ΔV=+0.0086  lr=1.0e-07  (74s)
epoch 153  loss=0.04046 (Y=0.04037+1.0*UV=0.00009)  in=37.143  enh=37.793  ΔY=+0.9772  ΔU=+0.0146  ΔV=+0.0227  lr=1.0e-07  (72s)
epoch 154  loss=0.04088 (Y=0.04079+1.0*UV=0.00009)  in=37.074  enh=37.732  ΔY=+0.9911  ΔU=+0.0127  ΔV=+0.0224  lr=1.0e-07  (72s)
epoch 155  loss=0.04053 (Y=0.04044+1.0*UV=0.00009)  in=37.052  enh=37.711  ΔY=+0.9935  ΔU=+0.0126  ΔV=+0.0100  lr=1.0e-07  (72s)
epoch 156  loss=0.04078 (Y=0.04069+1.0*UV=0.00009)  in=37.229  enh=37.883  ΔY=+0.9831  ΔU=+0.0085  ΔV=+0.0275  lr=1.0e-07  (72s)
epoch 157  loss=0.04066 (Y=0.04056+1.0*UV=0.00009)  in=37.184  enh=37.811  ΔY=+0.9426  ΔU=+0.0161  ΔV=+0.0122  lr=1.0e-07  (73s)
epoch 158  loss=0.04069 (Y=0.04060+1.0*UV=0.00009)  in=37.190  enh=37.847  ΔY=+0.9933  ΔU=+0.0146  ΔV=+0.0271  lr=1.0e-07  (73s)
epoch 159  loss=0.04073 (Y=0.04064+1.0*UV=0.00009)  in=37.192  enh=37.834  ΔY=+0.9674  ΔU=+0.0173  ΔV=+0.0185  lr=1.0e-07  (73s)
epoch 160  loss=0.04038 (Y=0.04029+1.0*UV=0.00009)  in=36.863  enh=37.507  ΔY=+0.9692  ΔU=+0.0136  ΔV=+0.0255  lr=1.0e-07  (75s)
epoch 161  loss=0.04056 (Y=0.04047+1.0*UV=0.00009)  in=36.970  enh=37.622  ΔY=+0.9921  ΔU=+0.0146  ΔV=+0.0200  lr=1.0e-07  (74s)
epoch 162  loss=0.04053 (Y=0.04044+1.0*UV=0.00009)  in=37.129  enh=37.764  ΔY=+0.9539  ΔU=+0.0150  ΔV=+0.0228  lr=1.0e-07  (71s)
epoch 163  loss=0.04049 (Y=0.04040+1.0*UV=0.00009)  in=37.155  enh=37.811  ΔY=+0.9979  ΔU=+0.0113  ΔV=+0.0134  lr=1.0e-07  (71s)
epoch 164  loss=0.04044 (Y=0.04035+1.0*UV=0.00009)  in=37.093  enh=37.757  ΔY=+0.9958  ΔU=+0.0150  ΔV=+0.0241  lr=1.0e-07  (69s)
epoch 165  loss=0.04048 (Y=0.04039+1.0*UV=0.00009)  in=37.046  enh=37.699  ΔY=+0.9781  ΔU=+0.0145  ΔV=+0.0256  lr=1.0e-07  (67s)
epoch 166  loss=0.04062 (Y=0.04054+1.0*UV=0.00009)  in=37.191  enh=37.840  ΔY=+0.9797  ΔU=+0.0061  ΔV=+0.0257  lr=1.0e-07  (68s)
epoch 167  loss=0.04110 (Y=0.04101+1.0*UV=0.00009)  in=37.253  enh=37.900  ΔY=+0.9768  ΔU=+0.0122  ΔV=+0.0156  lr=1.0e-07  (66s)
epoch 168  loss=0.04051 (Y=0.04042+1.0*UV=0.00009)  in=37.103  enh=37.743  ΔY=+0.9706  ΔU=+0.0135  ΔV=+0.0103  lr=1.0e-07  (70s)
epoch 169  loss=0.04026 (Y=0.04017+1.0*UV=0.00009)  in=37.055  enh=37.700  ΔY=+0.9719  ΔU=+0.0125  ΔV=+0.0100  lr=1.0e-07  (72s)
epoch 170  loss=0.04069 (Y=0.04060+1.0*UV=0.00009)  in=37.235  enh=37.897  ΔY=+0.9964  ΔU=+0.0066  ΔV=+0.0195  lr=1.0e-07  (68s)
epoch 171  loss=0.04065 (Y=0.04056+1.0*UV=0.00009)  in=37.199  enh=37.843  ΔY=+0.9740  ΔU=+0.0084  ΔV=+0.0314  lr=1.0e-07  (71s)
epoch 172  loss=0.04047 (Y=0.04038+1.0*UV=0.00009)  in=37.135  enh=37.789  ΔY=+0.9852  ΔU=+0.0143  ΔV=+0.0236  lr=1.0e-07  (68s)
epoch 173  loss=0.04052 (Y=0.04043+1.0*UV=0.00009)  in=37.044  enh=37.684  ΔY=+0.9635  ΔU=+0.0147  ΔV=+0.0235  lr=1.0e-07  (70s)
epoch 174  loss=0.04071 (Y=0.04062+1.0*UV=0.00009)  in=36.806  enh=37.448  ΔY=+0.9671  ΔU=+0.0106  ΔV=+0.0211  lr=1.0e-07  (69s)
epoch 175  loss=0.04028 (Y=0.04019+1.0*UV=0.00009)  in=36.926  enh=37.577  ΔY=+0.9716  ΔU=+0.0150  ΔV=+0.0197  lr=1.0e-07  (70s)
epoch 176  loss=0.04064 (Y=0.04055+1.0*UV=0.00009)  in=37.061  enh=37.707  ΔY=+0.9759  ΔU=+0.0107  ΔV=+0.0109  lr=1.0e-07  (71s)
epoch 177  loss=0.04062 (Y=0.04053+1.0*UV=0.00009)  in=37.190  enh=37.833  ΔY=+0.9634  ΔU=+0.0012  ΔV=+0.0207  lr=1.0e-07  (77s)
epoch 178  loss=0.04040 (Y=0.04031+1.0*UV=0.00009)  in=37.196  enh=37.849  ΔY=+0.9844  ΔU=+0.0107  ΔV=+0.0171  lr=1.0e-07  (74s)
epoch 179  loss=0.04066 (Y=0.04057+1.0*UV=0.00009)  in=36.956  enh=37.614  ΔY=+0.9945  ΔU=+0.0151  ΔV=+0.0196  lr=1.0e-07  (74s)
epoch 180  loss=0.04053 (Y=0.04044+1.0*UV=0.00009)  in=37.059  enh=37.707  ΔY=+0.9755  ΔU=+0.0133  ΔV=+0.0241  lr=1.0e-07  (73s)
epoch 181  loss=0.04040 (Y=0.04031+1.0*UV=0.00009)  in=37.083  enh=37.725  ΔY=+0.9646  ΔU=+0.0132  ΔV=+0.0160  lr=1.0e-07  (74s)
epoch 182  loss=0.04094 (Y=0.04085+1.0*UV=0.00009)  in=37.172  enh=37.799  ΔY=+0.9344  ΔU=+0.0178  ΔV=+0.0152  lr=1.0e-07  (73s)
epoch 183  loss=0.04067 (Y=0.04058+1.0*UV=0.00009)  in=37.367  enh=38.021  ΔY=+0.9854  ΔU=+0.0107  ΔV=+0.0273  lr=1.0e-07  (75s)
epoch 184  loss=0.04037 (Y=0.04028+1.0*UV=0.00009)  in=37.110  enh=37.767  ΔY=+0.9916  ΔU=+0.0177  ΔV=+0.0229  lr=1.0e-07  (73s)
epoch 185  loss=0.04064 (Y=0.04055+1.0*UV=0.00009)  in=37.125  enh=37.781  ΔY=+0.9910  ΔU=+0.0113  ΔV=+0.0209  lr=1.0e-07  (76s)
epoch 186  loss=0.04065 (Y=0.04056+1.0*UV=0.00009)  in=37.149  enh=37.783  ΔY=+0.9571  ΔU=+0.0137  ΔV=+0.0220  lr=1.0e-07  (74s)
epoch 187  loss=0.04060 (Y=0.04051+1.0*UV=0.00009)  in=37.021  enh=37.671  ΔY=+0.9841  ΔU=+0.0169  ΔV=+0.0187  lr=1.0e-07  (74s)
epoch 188  loss=0.04009 (Y=0.04000+1.0*UV=0.00009)  in=37.128  enh=37.762  ΔY=+0.9580  ΔU=+0.0137  ΔV=+0.0109  lr=1.0e-07  (74s)
epoch 189  loss=0.04051 (Y=0.04042+1.0*UV=0.00009)  in=37.197  enh=37.843  ΔY=+0.9780  ΔU=+0.0113  ΔV=+0.0216  lr=1.0e-07  (75s)
epoch 190  loss=0.04051 (Y=0.04042+1.0*UV=0.00009)  in=37.147  enh=37.806  ΔY=+0.9889  ΔU=+0.0095  ΔV=+0.0237  lr=1.0e-07  (74s)
epoch 191  loss=0.04058 (Y=0.04049+1.0*UV=0.00009)  in=37.058  enh=37.695  ΔY=+0.9483  ΔU=+0.0128  ΔV=+0.0170  lr=1.0e-07  (74s)
epoch 192  loss=0.04093 (Y=0.04083+1.0*UV=0.00009)  in=36.964  enh=37.603  ΔY=+0.9650  ΔU=+0.0110  ΔV=+0.0209  lr=1.0e-07  (73s)
epoch 193  loss=0.04025 (Y=0.04016+1.0*UV=0.00009)  in=37.172  enh=37.840  ΔY=+1.0124  ΔU=+0.0104  ΔV=+0.0080  lr=1.0e-07  (76s)
epoch 194  loss=0.04010 (Y=0.04001+1.0*UV=0.00009)  in=37.137  enh=37.787  ΔY=+0.9740  ΔU=+0.0140  ΔV=+0.0348  lr=1.0e-07  (73s)
epoch 195  loss=0.04060 (Y=0.04051+1.0*UV=0.00009)  in=37.083  enh=37.727  ΔY=+0.9758  ΔU=+0.0131  ΔV=+0.0194  lr=1.0e-07  (73s)
epoch 196  loss=0.04059 (Y=0.04051+1.0*UV=0.00009)  in=37.083  enh=37.732  ΔY=+0.9774  ΔU=+0.0079  ΔV=+0.0243  lr=1.0e-07  (75s)
epoch 197  loss=0.04034 (Y=0.04025+1.0*UV=0.00009)  in=37.112  enh=37.777  ΔY=+1.0091  ΔU=+0.0129  ΔV=+0.0119  lr=1.0e-07  (75s)
epoch 198  loss=0.04022 (Y=0.04013+1.0*UV=0.00009)  in=37.085  enh=37.728  ΔY=+0.9730  ΔU=+0.0171  ΔV=+0.0166  lr=1.0e-07  (73s)
epoch 199  loss=0.04086 (Y=0.04077+1.0*UV=0.00009)  in=37.089  enh=37.746  ΔY=+0.9861  ΔU=+0.0113  ΔV=+0.0248  lr=1.0e-08  (73s)
