[gpu_lock] train martell_hybrid_abl5_off: acquired after 0.0 min
[VTMOnlineDataset] train: 11829 triplets from 212 (video,QP) pairs
[VTMOnlineDataset] val: 1315 triplets from 212 (video,QP) pairs
[martell_hybrid_abl5_off] params=1,292,384 loss=hybrid wd=0.0 train=11829 val=1315
epoch   0  loss=0.05761  dY=-0.3396 dU=-1.5236 dV=-1.4619  lr=1.0e-04  (215s)
epoch   1  loss=0.04590  dY=-0.3309 dU=-0.6214 dV=-0.6235  lr=1.0e-04  (211s)
epoch   2  loss=0.04543  dY=+0.0078 dU=-0.5691 dV=-0.5630  lr=1.0e-04  (211s)
epoch   3  loss=0.04459  dY=+0.1644 dU=-0.3597 dV=-0.3993  lr=1.0e-04  (210s)
epoch   4  loss=0.04386  dY=-0.1941 dU=-0.3913 dV=-1.0470  lr=1.0e-04  (211s)
epoch   5  loss=0.04328  dY=+0.3680 dU=-0.3321 dV=-0.7715  lr=1.0e-04  (210s)
epoch   6  loss=0.04281  dY=+0.4036 dU=-0.1495 dV=-0.1618  lr=1.0e-04  (210s)
epoch   7  loss=0.04254  dY=+0.4921 dU=-0.0871 dV=-0.0966  lr=1.0e-04  (210s)
epoch   8  loss=0.04221  dY=+0.5152 dU=-0.0782 dV=-0.0805  lr=1.0e-04  (210s)
epoch   9  loss=0.04196  dY=+0.5556 dU=-0.0634 dV=-0.0914  lr=1.0e-04  (211s)
epoch  10  loss=0.04172  dY=+0.5970 dU=-0.0503 dV=-0.0731  lr=1.0e-04  (211s)
epoch  11  loss=0.04161  dY=+0.6060 dU=-0.0265 dV=-0.0477  lr=1.0e-04  (211s)
epoch  12  loss=0.04151  dY=+0.6495 dU=-0.0302 dV=-0.0514  lr=1.0e-05  (211s)
epoch  13  loss=0.04107  dY=+0.6927 dU=-0.0230 dV=-0.0396  lr=1.0e-05  (211s)
epoch  14  loss=0.04100  dY=+0.6953 dU=-0.0207 dV=-0.0330  lr=1.0e-05  (210s)
epoch  15  loss=0.04096  dY=+0.6984 dU=-0.0221 dV=-0.0320  lr=1.0e-05  (211s)
epoch  16  loss=0.04100  dY=+0.7071 dU=-0.0187 dV=-0.0296  lr=1.0e-05  (210s)
epoch  17  loss=0.04092  dY=+0.7109 dU=-0.0192 dV=-0.0315  lr=1.0e-05  (210s)
epoch  18  loss=0.04094  dY=+0.7059 dU=-0.0230 dV=-0.0375  lr=1.0e-05  (211s)
epoch  19  loss=0.04088  dY=+0.7235 dU=-0.0165 dV=-0.0263  lr=1.0e-05  (211s)
epoch  20  loss=0.04091  dY=+0.7205 dU=-0.0192 dV=-0.0314  lr=1.0e-05  (210s)
epoch  21  loss=0.04083  dY=+0.7193 dU=-0.0122 dV=-0.0238  lr=1.0e-05  (211s)
epoch  22  loss=0.04088  dY=+0.7333 dU=-0.0158 dV=-0.0274  lr=1.0e-05  (210s)
epoch  23  loss=0.04087  dY=+0.7385 dU=-0.0169 dV=-0.0257  lr=1.0e-05  (211s)
epoch  24  loss=0.04078  dY=+0.7361 dU=-0.0165 dV=-0.0277  lr=1.0e-06  (211s)
epoch  25  loss=0.04076  dY=+0.7421 dU=-0.0156 dV=-0.0273  lr=1.0e-06  (211s)
epoch  26  loss=0.04067  dY=+0.7411 dU=-0.0157 dV=-0.0261  lr=1.0e-06  (211s)
epoch  27  loss=0.04068  dY=+0.7372 dU=-0.0166 dV=-0.0278  lr=1.0e-06  (211s)
epoch  28  loss=0.04076  dY=+0.7408 dU=-0.0161 dV=-0.0274  lr=1.0e-06  (211s)
epoch  29  loss=0.04077  dY=+0.7448 dU=-0.0145 dV=-0.0255  lr=1.0e-06  (211s)
epoch  30  loss=0.04080  dY=+0.7438 dU=-0.0131 dV=-0.0241  lr=1.0e-06  (210s)
epoch  31  loss=0.04070  dY=+0.7445 dU=-0.0166 dV=-0.0294  lr=1.0e-06  (211s)
epoch  32  loss=0.04070  dY=+0.7504 dU=-0.0162 dV=-0.0276  lr=1.0e-06  (211s)
epoch  33  loss=0.04075  dY=+0.7522 dU=-0.0167 dV=-0.0259  lr=1.0e-06  (210s)
epoch  34  loss=0.04076  dY=+0.7488 dU=-0.0133 dV=-0.0250  lr=1.0e-06  (211s)
epoch  35  loss=0.04080  dY=+0.7369 dU=-0.0147 dV=-0.0258  lr=1.0e-06  (211s)
epoch  36  loss=0.04066  dY=+0.7465 dU=-0.0139 dV=-0.0234  lr=1.0e-06  (210s)
epoch  37  loss=0.04074  dY=+0.7389 dU=-0.0144 dV=-0.0240  lr=1.0e-07  (211s)
epoch  38  loss=0.04076  dY=+0.7456 dU=-0.0170 dV=-0.0274  lr=1.0e-07  (210s)
epoch  39  loss=0.04073  dY=+0.7402 dU=-0.0192 dV=-0.0277  lr=1.0e-07  (211s)
epoch  40  loss=0.04076  dY=+0.7330 dU=-0.0132 dV=-0.0225  lr=1.0e-07  (210s)
epoch  41  loss=0.04072  dY=+0.7459 dU=-0.0185 dV=-0.0290  lr=1.0e-07  (211s)
epoch  42  loss=0.04076  dY=+0.7327 dU=-0.0131 dV=-0.0239  lr=1.0e-07  (211s)
epoch  43  loss=0.04075  dY=+0.7484 dU=-0.0155 dV=-0.0251  lr=1.0e-07  (210s)
epoch  44  loss=0.04079  dY=+0.7464 dU=-0.0167 dV=-0.0263  lr=1.0e-07  (210s)
epoch  45  loss=0.04065  dY=+0.7373 dU=-0.0140 dV=-0.0245  lr=1.0e-07  (211s)
epoch  46  loss=0.04068  dY=+0.7431 dU=-0.0173 dV=-0.0275  lr=1.0e-07  (211s)
epoch  47  loss=0.04063  dY=+0.7391 dU=-0.0123 dV=-0.0234  lr=1.0e-07  (211s)
epoch  48  loss=0.04065  dY=+0.7403 dU=-0.0167 dV=-0.0266  lr=1.0e-07  (211s)
epoch  49  loss=0.04076  dY=+0.7461 dU=-0.0166 dV=-0.0267  lr=1.0e-08  (211s)
[martell_hybrid_abl5_off] done, best total gain +0.7106 dB
