[gpu_lock] train martell_hybrid_abl3_off: acquired after 0.0 min
[VTMOnlineDataset] train: 11829 triplets from 212 (video,QP) pairs
[VTMOnlineDataset] val: 1315 triplets from 212 (video,QP) pairs
[martell_hybrid_abl3_off] params=1,292,384 loss=hybrid wd=0.0 train=11829 val=1315
epoch   0  loss=0.05764  dY=-0.1299 dU=-1.0166 dV=-1.1407  lr=1.0e-04  (216s)
epoch   1  loss=0.04592  dY=-0.0393 dU=-0.6782 dV=-0.8719  lr=1.0e-04  (212s)
epoch   2  loss=0.04543  dY=-0.0106 dU=-0.6605 dV=-0.9619  lr=1.0e-04  (212s)
epoch   3  loss=0.04459  dY=+0.1700 dU=-0.5763 dV=-0.7614  lr=1.0e-04  (212s)
epoch   4  loss=0.04397  dY=+0.2124 dU=-0.5284 dV=-0.8874  lr=1.0e-04  (212s)
epoch   5  loss=0.04333  dY=+0.3602 dU=-0.2385 dV=-0.3415  lr=1.0e-04  (212s)
epoch   6  loss=0.04290  dY=+0.3963 dU=-0.2189 dV=-0.3939  lr=1.0e-04  (212s)
epoch   7  loss=0.04253  dY=+0.4695 dU=-0.0826 dV=-0.0984  lr=1.0e-04  (212s)
epoch   8  loss=0.04226  dY=+0.4914 dU=-0.0615 dV=-0.0909  lr=1.0e-04  (211s)
epoch   9  loss=0.04200  dY=+0.5565 dU=-0.1136 dV=-0.1214  lr=1.0e-04  (212s)
epoch  10  loss=0.04173  dY=+0.5944 dU=-0.0447 dV=-0.0997  lr=1.0e-04  (212s)
epoch  11  loss=0.04161  dY=+0.6105 dU=-0.0292 dV=-0.0351  lr=1.0e-04  (212s)
epoch  12  loss=0.04149  dY=+0.6556 dU=-0.0243 dV=-0.0330  lr=1.0e-05  (212s)
epoch  13  loss=0.04105  dY=+0.6906 dU=-0.0219 dV=-0.0372  lr=1.0e-05  (212s)
epoch  14  loss=0.04098  dY=+0.6974 dU=-0.0190 dV=-0.0303  lr=1.0e-05  (211s)
epoch  15  loss=0.04094  dY=+0.6988 dU=-0.0215 dV=-0.0307  lr=1.0e-05  (212s)
epoch  16  loss=0.04098  dY=+0.7042 dU=-0.0172 dV=-0.0268  lr=1.0e-05  (214s)
epoch  17  loss=0.04090  dY=+0.7109 dU=-0.0197 dV=-0.0300  lr=1.0e-05  (217s)
epoch  18  loss=0.04093  dY=+0.7038 dU=-0.0202 dV=-0.0315  lr=1.0e-05  (215s)
epoch  19  loss=0.04086  dY=+0.7227 dU=-0.0162 dV=-0.0253  lr=1.0e-05  (213s)
epoch  20  loss=0.04089  dY=+0.7194 dU=-0.0171 dV=-0.0280  lr=1.0e-05  (213s)
epoch  21  loss=0.04082  dY=+0.7172 dU=-0.0124 dV=-0.0216  lr=1.0e-05  (214s)
epoch  22  loss=0.04087  dY=+0.7323 dU=-0.0151 dV=-0.0244  lr=1.0e-05  (221s)
epoch  23  loss=0.04085  dY=+0.7363 dU=-0.0158 dV=-0.0248  lr=1.0e-05  (225s)
epoch  24  loss=0.04077  dY=+0.7373 dU=-0.0162 dV=-0.0231  lr=1.0e-06  (231s)
epoch  25  loss=0.04074  dY=+0.7401 dU=-0.0138 dV=-0.0241  lr=1.0e-06  (235s)
epoch  26  loss=0.04066  dY=+0.7402 dU=-0.0153 dV=-0.0239  lr=1.0e-06  (240s)
epoch  27  loss=0.04068  dY=+0.7352 dU=-0.0142 dV=-0.0252  lr=1.0e-06  (350s)
epoch  28  loss=0.04075  dY=+0.7389 dU=-0.0154 dV=-0.0239  lr=1.0e-06  (220s)
epoch  29  loss=0.04076  dY=+0.7425 dU=-0.0143 dV=-0.0228  lr=1.0e-06  (211s)
epoch  30  loss=0.04079  dY=+0.7418 dU=-0.0133 dV=-0.0221  lr=1.0e-06  (211s)
epoch  31  loss=0.04069  dY=+0.7442 dU=-0.0144 dV=-0.0265  lr=1.0e-06  (211s)
epoch  32  loss=0.04069  dY=+0.7471 dU=-0.0150 dV=-0.0247  lr=1.0e-06  (259s)
epoch  33  loss=0.04074  dY=+0.7502 dU=-0.0146 dV=-0.0249  lr=1.0e-06  (853s)
epoch  34  loss=0.04075  dY=+0.7485 dU=-0.0130 dV=-0.0236  lr=1.0e-06  (869s)
epoch  35  loss=0.04079  dY=+0.7363 dU=-0.0142 dV=-0.0240  lr=1.0e-06  (764s)
epoch  36  loss=0.04065  dY=+0.7441 dU=-0.0132 dV=-0.0217  lr=1.0e-06  (739s)
epoch  37  loss=0.04074  dY=+0.7363 dU=-0.0137 dV=-0.0221  lr=1.0e-07  (268s)
epoch  38  loss=0.04075  dY=+0.7435 dU=-0.0154 dV=-0.0241  lr=1.0e-07  (213s)
epoch  39  loss=0.04072  dY=+0.7389 dU=-0.0172 dV=-0.0252  lr=1.0e-07  (213s)
epoch  40  loss=0.04075  dY=+0.7326 dU=-0.0121 dV=-0.0208  lr=1.0e-07  (212s)
epoch  41  loss=0.04071  dY=+0.7453 dU=-0.0169 dV=-0.0261  lr=1.0e-07  (212s)
epoch  42  loss=0.04075  dY=+0.7334 dU=-0.0132 dV=-0.0218  lr=1.0e-07  (212s)
epoch  43  loss=0.04074  dY=+0.7487 dU=-0.0144 dV=-0.0229  lr=1.0e-07  (212s)
epoch  44  loss=0.04078  dY=+0.7442 dU=-0.0153 dV=-0.0244  lr=1.0e-07  (212s)
epoch  45  loss=0.04064  dY=+0.7348 dU=-0.0134 dV=-0.0223  lr=1.0e-07  (212s)
epoch  46  loss=0.04067  dY=+0.7393 dU=-0.0158 dV=-0.0252  lr=1.0e-07  (212s)
epoch  47  loss=0.04062  dY=+0.7384 dU=-0.0120 dV=-0.0217  lr=1.0e-07  (212s)
epoch  48  loss=0.04064  dY=+0.7389 dU=-0.0147 dV=-0.0241  lr=1.0e-07  (211s)
epoch  49  loss=0.04075  dY=+0.7440 dU=-0.0154 dV=-0.0248  lr=1.0e-08  (211s)
[martell_hybrid_abl3_off] done, best total gain +0.7119 dB
