[gpu_lock] train martell_hybrid_abl4_off: acquired after 0.0 min
[VTMOnlineDataset] train: 11829 triplets from 212 (video,QP) pairs
[VTMOnlineDataset] val: 1315 triplets from 212 (video,QP) pairs
[martell_hybrid_abl4_off] params=1,292,384 loss=hybrid wd=0.0 train=11829 val=1315
epoch   0  loss=0.05769  dY=-0.2995 dU=-0.9938 dV=-1.0634  lr=1.0e-04  (215s)
epoch   1  loss=0.04593  dY=-0.3969 dU=-0.6912 dV=-1.0922  lr=1.0e-04  (211s)
epoch   2  loss=0.04540  dY=-0.0441 dU=-0.4829 dV=-1.1139  lr=1.0e-04  (211s)
epoch   3  loss=0.04464  dY=+0.1605 dU=-0.5180 dV=-1.1699  lr=1.0e-04  (211s)
epoch   4  loss=0.04390  dY=-0.3396 dU=-0.4873 dV=-1.1887  lr=1.0e-04  (211s)
epoch   5  loss=0.04330  dY=+0.3678 dU=-0.2436 dV=-0.2620  lr=1.0e-04  (211s)
epoch   6  loss=0.04284  dY=+0.3974 dU=-0.1964 dV=-0.2138  lr=1.0e-04  (211s)
epoch   7  loss=0.04245  dY=+0.5000 dU=-0.1056 dV=-0.1332  lr=1.0e-04  (211s)
epoch   8  loss=0.04217  dY=+0.5277 dU=-0.0630 dV=-0.1856  lr=1.0e-04  (211s)
epoch   9  loss=0.04198  dY=+0.5560 dU=-0.0696 dV=-0.0802  lr=1.0e-04  (211s)
epoch  10  loss=0.04173  dY=+0.5975 dU=-0.0987 dV=-0.1014  lr=1.0e-04  (211s)
epoch  11  loss=0.04159  dY=+0.6264 dU=-0.0250 dV=-0.0502  lr=1.0e-04  (211s)
epoch  12  loss=0.04146  dY=+0.6591 dU=-0.0236 dV=-0.0273  lr=1.0e-05  (211s)
epoch  13  loss=0.04103  dY=+0.6974 dU=-0.0207 dV=-0.0364  lr=1.0e-05  (211s)
epoch  14  loss=0.04096  dY=+0.7030 dU=-0.0188 dV=-0.0302  lr=1.0e-05  (211s)
epoch  15  loss=0.04092  dY=+0.7061 dU=-0.0208 dV=-0.0283  lr=1.0e-05  (211s)
epoch  16  loss=0.04096  dY=+0.7127 dU=-0.0175 dV=-0.0277  lr=1.0e-05  (211s)
epoch  17  loss=0.04088  dY=+0.7151 dU=-0.0187 dV=-0.0284  lr=1.0e-05  (211s)
epoch  18  loss=0.04090  dY=+0.7108 dU=-0.0198 dV=-0.0314  lr=1.0e-05  (211s)
epoch  19  loss=0.04084  dY=+0.7292 dU=-0.0153 dV=-0.0254  lr=1.0e-05  (211s)
epoch  20  loss=0.04087  dY=+0.7266 dU=-0.0157 dV=-0.0279  lr=1.0e-05  (211s)
epoch  21  loss=0.04079  dY=+0.7253 dU=-0.0118 dV=-0.0212  lr=1.0e-05  (211s)
epoch  22  loss=0.04084  dY=+0.7380 dU=-0.0135 dV=-0.0227  lr=1.0e-05  (211s)
epoch  23  loss=0.04083  dY=+0.7439 dU=-0.0158 dV=-0.0234  lr=1.0e-05  (211s)
epoch  24  loss=0.04074  dY=+0.7434 dU=-0.0163 dV=-0.0246  lr=1.0e-06  (211s)
epoch  25  loss=0.04071  dY=+0.7483 dU=-0.0130 dV=-0.0241  lr=1.0e-06  (211s)
epoch  26  loss=0.04063  dY=+0.7469 dU=-0.0139 dV=-0.0232  lr=1.0e-06  (211s)
epoch  27  loss=0.04064  dY=+0.7428 dU=-0.0126 dV=-0.0249  lr=1.0e-06  (211s)
epoch  28  loss=0.04072  dY=+0.7477 dU=-0.0144 dV=-0.0236  lr=1.0e-06  (211s)
epoch  29  loss=0.04072  dY=+0.7502 dU=-0.0134 dV=-0.0223  lr=1.0e-06  (211s)
epoch  30  loss=0.04076  dY=+0.7490 dU=-0.0123 dV=-0.0213  lr=1.0e-06  (211s)
epoch  31  loss=0.04066  dY=+0.7511 dU=-0.0137 dV=-0.0266  lr=1.0e-06  (212s)
epoch  32  loss=0.04066  dY=+0.7551 dU=-0.0145 dV=-0.0240  lr=1.0e-06  (215s)
epoch  33  loss=0.04070  dY=+0.7579 dU=-0.0144 dV=-0.0243  lr=1.0e-06  (213s)
epoch  34  loss=0.04072  dY=+0.7556 dU=-0.0121 dV=-0.0224  lr=1.0e-06  (213s)
epoch  35  loss=0.04076  dY=+0.7414 dU=-0.0139 dV=-0.0230  lr=1.0e-06  (214s)
epoch  36  loss=0.04062  dY=+0.7525 dU=-0.0126 dV=-0.0214  lr=1.0e-06  (213s)
epoch  37  loss=0.04070  dY=+0.7454 dU=-0.0131 dV=-0.0221  lr=1.0e-07  (213s)
epoch  38  loss=0.04072  dY=+0.7509 dU=-0.0148 dV=-0.0239  lr=1.0e-07  (212s)
epoch  39  loss=0.04069  dY=+0.7475 dU=-0.0157 dV=-0.0252  lr=1.0e-07  (213s)
epoch  40  loss=0.04072  dY=+0.7397 dU=-0.0105 dV=-0.0207  lr=1.0e-07  (214s)
epoch  41  loss=0.04068  dY=+0.7526 dU=-0.0163 dV=-0.0246  lr=1.0e-07  (214s)
epoch  42  loss=0.04072  dY=+0.7401 dU=-0.0114 dV=-0.0225  lr=1.0e-07  (214s)
epoch  43  loss=0.04071  dY=+0.7565 dU=-0.0134 dV=-0.0217  lr=1.0e-07  (214s)
epoch  44  loss=0.04074  dY=+0.7520 dU=-0.0148 dV=-0.0222  lr=1.0e-07  (214s)
epoch  45  loss=0.04061  dY=+0.7413 dU=-0.0128 dV=-0.0213  lr=1.0e-07  (214s)
epoch  46  loss=0.04064  dY=+0.7459 dU=-0.0151 dV=-0.0239  lr=1.0e-07  (212s)
epoch  47  loss=0.04059  dY=+0.7473 dU=-0.0108 dV=-0.0210  lr=1.0e-07  (210s)
epoch  48  loss=0.04061  dY=+0.7465 dU=-0.0144 dV=-0.0237  lr=1.0e-07  (210s)
epoch  49  loss=0.04072  dY=+0.7502 dU=-0.0142 dV=-0.0239  lr=1.0e-08  (210s)
[martell_hybrid_abl4_off] done, best total gain +0.7214 dB
