[gpu_lock] train martell_hybrid_abl6_off: acquired after 0.0 min
[VTMOnlineDataset] train: 11829 triplets from 212 (video,QP) pairs
[VTMOnlineDataset] val: 1315 triplets from 212 (video,QP) pairs
[martell_hybrid_abl6_off] params=1,292,384 loss=hybrid wd=0.0 train=11829 val=1315
epoch   0  loss=0.05767  dY=-1.0239 dU=-1.3863 dV=-1.7010  lr=1.0e-04  (214s)
epoch   1  loss=0.04586  dY=-0.1649 dU=-0.7545 dV=-0.9290  lr=1.0e-04  (211s)
epoch   2  loss=0.04542  dY=-0.0464 dU=-0.4126 dV=-0.4027  lr=1.0e-04  (211s)
epoch   3  loss=0.04458  dY=+0.1497 dU=-0.4315 dV=-0.4786  lr=1.0e-04  (211s)
epoch   4  loss=0.04389  dY=-0.1313 dU=-0.7717 dV=-1.6215  lr=1.0e-04  (211s)
epoch   5  loss=0.04333  dY=+0.3539 dU=-0.2602 dV=-0.2580  lr=1.0e-04  (210s)
epoch   6  loss=0.04284  dY=+0.3991 dU=-0.2239 dV=-0.3264  lr=1.0e-04  (210s)
epoch   7  loss=0.04248  dY=+0.4880 dU=-0.0949 dV=-0.1136  lr=1.0e-04  (210s)
epoch   8  loss=0.04218  dY=+0.5160 dU=-0.0785 dV=-0.0829  lr=1.0e-04  (211s)
epoch   9  loss=0.04195  dY=+0.5668 dU=-0.0659 dV=-0.0784  lr=1.0e-04  (210s)
epoch  10  loss=0.04170  dY=+0.5997 dU=-0.0562 dV=-0.1392  lr=1.0e-04  (211s)
epoch  11  loss=0.04158  dY=+0.6249 dU=-0.0310 dV=-0.0661  lr=1.0e-04  (211s)
epoch  12  loss=0.04148  dY=+0.6502 dU=-0.0256 dV=-0.0263  lr=1.0e-05  (211s)
epoch  13  loss=0.04105  dY=+0.6934 dU=-0.0210 dV=-0.0334  lr=1.0e-05  (210s)
epoch  14  loss=0.04097  dY=+0.6974 dU=-0.0191 dV=-0.0300  lr=1.0e-05  (210s)
epoch  15  loss=0.04094  dY=+0.7022 dU=-0.0185 dV=-0.0279  lr=1.0e-05  (211s)
epoch  16  loss=0.04097  dY=+0.7086 dU=-0.0167 dV=-0.0246  lr=1.0e-05  (210s)
epoch  17  loss=0.04089  dY=+0.7121 dU=-0.0167 dV=-0.0258  lr=1.0e-05  (211s)
epoch  18  loss=0.04093  dY=+0.7081 dU=-0.0182 dV=-0.0301  lr=1.0e-05  (211s)
epoch  19  loss=0.04086  dY=+0.7266 dU=-0.0142 dV=-0.0220  lr=1.0e-05  (211s)
epoch  20  loss=0.04089  dY=+0.7215 dU=-0.0151 dV=-0.0241  lr=1.0e-05  (210s)
epoch  21  loss=0.04081  dY=+0.7197 dU=-0.0106 dV=-0.0173  lr=1.0e-05  (211s)
epoch  22  loss=0.04086  dY=+0.7351 dU=-0.0120 dV=-0.0208  lr=1.0e-05  (210s)
epoch  23  loss=0.04085  dY=+0.7377 dU=-0.0137 dV=-0.0213  lr=1.0e-05  (210s)
epoch  24  loss=0.04076  dY=+0.7391 dU=-0.0144 dV=-0.0218  lr=1.0e-06  (211s)
epoch  25  loss=0.04074  dY=+0.7433 dU=-0.0118 dV=-0.0209  lr=1.0e-06  (210s)
epoch  26  loss=0.04065  dY=+0.7428 dU=-0.0131 dV=-0.0200  lr=1.0e-06  (210s)
epoch  27  loss=0.04067  dY=+0.7393 dU=-0.0118 dV=-0.0212  lr=1.0e-06  (210s)
epoch  28  loss=0.04074  dY=+0.7414 dU=-0.0132 dV=-0.0213  lr=1.0e-06  (211s)
epoch  29  loss=0.04075  dY=+0.7457 dU=-0.0120 dV=-0.0194  lr=1.0e-06  (210s)
epoch  30  loss=0.04078  dY=+0.7441 dU=-0.0110 dV=-0.0178  lr=1.0e-06  (210s)
epoch  31  loss=0.04068  dY=+0.7474 dU=-0.0125 dV=-0.0225  lr=1.0e-06  (210s)
epoch  32  loss=0.04068  dY=+0.7507 dU=-0.0126 dV=-0.0210  lr=1.0e-06  (210s)
epoch  33  loss=0.04073  dY=+0.7544 dU=-0.0132 dV=-0.0199  lr=1.0e-06  (210s)
epoch  34  loss=0.04075  dY=+0.7530 dU=-0.0118 dV=-0.0194  lr=1.0e-06  (210s)
epoch  35  loss=0.04078  dY=+0.7369 dU=-0.0122 dV=-0.0199  lr=1.0e-06  (210s)
epoch  36  loss=0.04065  dY=+0.7466 dU=-0.0107 dV=-0.0183  lr=1.0e-06  (210s)
epoch  37  loss=0.04073  dY=+0.7400 dU=-0.0111 dV=-0.0185  lr=1.0e-07  (210s)
epoch  38  loss=0.04074  dY=+0.7477 dU=-0.0135 dV=-0.0202  lr=1.0e-07  (210s)
epoch  39  loss=0.04072  dY=+0.7425 dU=-0.0139 dV=-0.0213  lr=1.0e-07  (210s)
epoch  40  loss=0.04074  dY=+0.7366 dU=-0.0093 dV=-0.0166  lr=1.0e-07  (211s)
epoch  41  loss=0.04071  dY=+0.7463 dU=-0.0151 dV=-0.0222  lr=1.0e-07  (210s)
epoch  42  loss=0.04075  dY=+0.7349 dU=-0.0101 dV=-0.0189  lr=1.0e-07  (210s)
epoch  43  loss=0.04074  dY=+0.7516 dU=-0.0118 dV=-0.0197  lr=1.0e-07  (210s)
epoch  44  loss=0.04077  dY=+0.7460 dU=-0.0131 dV=-0.0199  lr=1.0e-07  (210s)
epoch  45  loss=0.04064  dY=+0.7378 dU=-0.0119 dV=-0.0183  lr=1.0e-07  (210s)
epoch  46  loss=0.04066  dY=+0.7404 dU=-0.0139 dV=-0.0223  lr=1.0e-07  (210s)
epoch  47  loss=0.04061  dY=+0.7422 dU=-0.0095 dV=-0.0181  lr=1.0e-07  (210s)
epoch  48  loss=0.04064  dY=+0.7423 dU=-0.0131 dV=-0.0207  lr=1.0e-07  (210s)
epoch  49  loss=0.04074  dY=+0.7468 dU=-0.0129 dV=-0.0201  lr=1.0e-08  (210s)
[martell_hybrid_abl6_off] done, best total gain +0.7218 dB
