epoch   0  loss=0.08496 (Y=0.07727+1.0*UV=0.00769)  in=37.037  enh=23.987  ΔY=-11.9323  ΔU=-16.3604  ΔV=-14.2336  lr=1.0e-04  (86s)
epoch   1  loss=0.06129 (Y=0.05912+1.0*UV=0.00217)  in=36.846  enh=24.075  ΔY=-11.8461  ΔU=-16.1628  ΔV=-13.0943  lr=1.0e-04  (81s)
epoch   2  loss=0.06121 (Y=0.05904+1.0*UV=0.00216)  in=36.774  enh=23.747  ΔY=-11.9837  ΔU=-16.6382  ΔV=-13.0865  lr=1.0e-04  (81s)
epoch   3  loss=0.06067 (Y=0.05891+1.0*UV=0.00175)  in=36.940  enh=24.379  ΔY=-11.9265  ΔU=-16.4766  ΔV=-5.3342  lr=1.0e-04  (83s)
epoch   4  loss=0.06058 (Y=0.05879+1.0*UV=0.00178)  in=36.966  enh=24.527  ΔY=-11.7805  ΔU=-16.4539  ΔV=-4.2355  lr=1.0e-04  (83s)
epoch   5  loss=0.06007 (Y=0.05835+1.0*UV=0.00173)  in=36.874  enh=24.521  ΔY=-11.6703  ΔU=-16.4271  ΔV=-4.5424  lr=1.0e-04  (83s)
epoch   6  loss=0.06010 (Y=0.05841+1.0*UV=0.00169)  in=37.083  enh=24.390  ΔY=-12.1056  ΔU=-16.5775  ΔV=-5.3893  lr=1.0e-04  (83s)
epoch   7  loss=0.06001 (Y=0.05828+1.0*UV=0.00173)  in=37.015  enh=24.515  ΔY=-11.8604  ΔU=-16.4694  ΔV=-3.3512  lr=1.0e-04  (82s)
epoch   8  loss=0.05939 (Y=0.05752+1.0*UV=0.00188)  in=37.079  enh=24.593  ΔY=-11.2878  ΔU=-16.2744  ΔV=-13.0889  lr=1.0e-04  (83s)
epoch   9  loss=0.05851 (Y=0.05646+1.0*UV=0.00205)  in=37.047  enh=24.798  ΔY=-10.9714  ΔU=-16.2054  ΔV=-12.6223  lr=1.0e-04  (82s)
epoch  10  loss=0.05847 (Y=0.05641+1.0*UV=0.00205)  in=37.050  enh=24.881  ΔY=-11.0354  ΔU=-15.7380  ΔV=-12.6632  lr=1.0e-04  (83s)
epoch  11  loss=0.05750 (Y=0.05601+1.0*UV=0.00149)  in=36.913  enh=26.323  ΔY=-10.8980  ΔU=-11.6269  ΔV=-2.6042  lr=1.0e-04  (82s)
epoch  12  loss=0.05672 (Y=0.05616+1.0*UV=0.00056)  in=36.936  enh=26.570  ΔY=-10.7320  ΔU=-11.2824  ΔV=-1.5472  lr=1.0e-04  (82s)
epoch  13  loss=0.05724 (Y=0.05621+1.0*UV=0.00103)  in=37.017  enh=25.752  ΔY=-11.1333  ΔU=-11.3173  ΔV=-12.3982  lr=1.0e-04  (82s)
epoch  14  loss=0.05569 (Y=0.05465+1.0*UV=0.00103)  in=36.881  enh=27.731  ΔY=-7.8909  ΔU=-12.6823  ΔV=-10.0889  lr=1.0e-04  (83s)
epoch  15  loss=0.04609 (Y=0.04566+1.0*UV=0.00043)  in=37.025  enh=35.733  ΔY=-0.3802  ΔU=-2.8422  ΔV=-2.9376  lr=1.0e-04  (82s)
epoch  16  loss=0.04344 (Y=0.04327+1.0*UV=0.00016)  in=36.935  enh=36.626  ΔY=+0.0370  ΔU=-1.0325  ΔV=-1.3435  lr=1.0e-04  (82s)
epoch  17  loss=0.04361 (Y=0.04350+1.0*UV=0.00011)  in=36.950  enh=36.276  ΔY=-0.3194  ΔU=-1.1994  ΔV=-1.8007  lr=1.0e-04  (83s)
epoch  18  loss=0.04348 (Y=0.04337+1.0*UV=0.00011)  in=37.020  enh=36.868  ΔY=+0.0764  ΔU=-0.6778  ΔV=-0.8438  lr=1.0e-04  (82s)
epoch  19  loss=0.04302 (Y=0.04292+1.0*UV=0.00010)  in=37.051  enh=36.833  ΔY=+0.0618  ΔU=-0.8648  ΔV=-0.9192  lr=1.0e-04  (83s)
epoch  20  loss=0.04288 (Y=0.04279+1.0*UV=0.00010)  in=36.914  enh=36.873  ΔY=+0.1857  ΔU=-0.5888  ΔV=-0.6183  lr=1.0e-04  (83s)
epoch  21  loss=0.04293 (Y=0.04284+1.0*UV=0.00010)  in=36.906  enh=36.791  ΔY=+0.1435  ΔU=-0.6070  ΔV=-0.9679  lr=1.0e-04  (83s)
epoch  22  loss=0.04280 (Y=0.04271+1.0*UV=0.00009)  in=36.875  enh=36.780  ΔY=+0.1586  ΔU=-0.5621  ΔV=-0.8563  lr=1.0e-04  (82s)
epoch  23  loss=0.04266 (Y=0.04256+1.0*UV=0.00009)  in=37.015  enh=36.945  ΔY=+0.2047  ΔU=-0.6336  ΔV=-0.8239  lr=1.0e-04  (82s)
epoch  24  loss=0.04273 (Y=0.04263+1.0*UV=0.00009)  in=37.013  enh=36.719  ΔY=+0.0848  ΔU=-0.9961  ΔV=-1.1775  lr=1.0e-04  (82s)
epoch  25  loss=0.04245 (Y=0.04236+1.0*UV=0.00009)  in=36.934  enh=36.935  ΔY=+0.2453  ΔU=-0.4694  ΔV=-0.7729  lr=1.0e-04  (81s)
epoch  26  loss=0.04267 (Y=0.04258+1.0*UV=0.00009)  in=36.946  enh=36.853  ΔY=+0.2264  ΔU=-0.6794  ΔV=-0.7920  lr=1.0e-04  (82s)
epoch  27  loss=0.04233 (Y=0.04223+1.0*UV=0.00009)  in=36.932  enh=37.022  ΔY=+0.2557  ΔU=-0.3054  ΔV=-0.5077  lr=1.0e-04  (83s)
epoch  28  loss=0.04226 (Y=0.04217+1.0*UV=0.00009)  in=36.805  enh=36.491  ΔY=+0.1848  ΔU=-0.9269  ΔV=-1.5049  lr=1.0e-04  (83s)
epoch  29  loss=0.04227 (Y=0.04218+1.0*UV=0.00009)  in=37.078  enh=37.178  ΔY=+0.2939  ΔU=-0.4457  ΔV=-0.4331  lr=1.0e-04  (83s)
epoch  30  loss=0.04228 (Y=0.04219+1.0*UV=0.00009)  in=36.941  enh=36.956  ΔY=+0.1956  ΔU=-0.4227  ΔV=-0.5386  lr=1.0e-04  (83s)
epoch  31  loss=0.04247 (Y=0.04238+1.0*UV=0.00009)  in=36.981  enh=37.133  ΔY=+0.3262  ΔU=-0.2874  ΔV=-0.3987  lr=1.0e-04  (83s)
epoch  32  loss=0.04222 (Y=0.04213+1.0*UV=0.00009)  in=37.050  enh=37.182  ΔY=+0.3207  ΔU=-0.3561  ΔV=-0.4972  lr=1.0e-04  (81s)
epoch  33  loss=0.04218 (Y=0.04209+1.0*UV=0.00009)  in=36.851  enh=36.999  ΔY=+0.3212  ΔU=-0.3266  ΔV=-0.3411  lr=1.0e-04  (82s)
epoch  34  loss=0.04208 (Y=0.04200+1.0*UV=0.00009)  in=37.009  enh=36.506  ΔY=+0.2370  ΔU=-1.8705  ΔV=-1.5746  lr=1.0e-04  (82s)
epoch  35  loss=0.04226 (Y=0.04217+1.0*UV=0.00009)  in=36.930  enh=37.097  ΔY=+0.3396  ΔU=-0.3071  ΔV=-0.3729  lr=1.0e-04  (82s)
epoch  36  loss=0.04206 (Y=0.04198+1.0*UV=0.00009)  in=37.058  enh=37.272  ΔY=+0.3577  ΔU=-0.1756  ΔV=-0.2752  lr=1.0e-04  (83s)
epoch  37  loss=0.04213 (Y=0.04204+1.0*UV=0.00009)  in=36.862  enh=37.030  ΔY=+0.3719  ΔU=-0.3611  ΔV=-0.3926  lr=1.0e-04  (83s)
epoch  38  loss=0.04192 (Y=0.04184+1.0*UV=0.00009)  in=36.980  enh=37.215  ΔY=+0.3825  ΔU=-0.1733  ΔV=-0.2562  lr=1.0e-04  (83s)
epoch  39  loss=0.04167 (Y=0.04159+1.0*UV=0.00008)  in=37.015  enh=37.234  ΔY=+0.3979  ΔU=-0.2043  ΔV=-0.4234  lr=1.0e-04  (82s)
epoch  40  loss=0.04164 (Y=0.04155+1.0*UV=0.00008)  in=36.902  enh=37.142  ΔY=+0.3863  ΔU=-0.1484  ΔV=-0.2332  lr=1.0e-04  (82s)
epoch  41  loss=0.04197 (Y=0.04189+1.0*UV=0.00009)  in=36.937  enh=37.214  ΔY=+0.4248  ΔU=-0.1332  ΔV=-0.1843  lr=1.0e-04  (83s)
epoch  42  loss=0.04207 (Y=0.04199+1.0*UV=0.00009)  in=36.928  enh=37.173  ΔY=+0.4100  ΔU=-0.1890  ΔV=-0.2905  lr=1.0e-04  (82s)
epoch  43  loss=0.04160 (Y=0.04152+1.0*UV=0.00008)  in=36.925  enh=37.217  ΔY=+0.4309  ΔU=-0.0808  ΔV=-0.1693  lr=1.0e-04  (83s)
epoch  44  loss=0.04160 (Y=0.04152+1.0*UV=0.00008)  in=37.007  enh=37.315  ΔY=+0.4451  ΔU=-0.0632  ΔV=-0.1268  lr=1.0e-04  (81s)
epoch  45  loss=0.04139 (Y=0.04130+1.0*UV=0.00008)  in=36.860  enh=37.165  ΔY=+0.4488  ΔU=-0.0731  ΔV=-0.1437  lr=1.0e-04  (83s)
epoch  46  loss=0.04143 (Y=0.04135+1.0*UV=0.00008)  in=37.025  enh=37.310  ΔY=+0.4278  ΔU=-0.1178  ΔV=-0.1775  lr=1.0e-04  (81s)
epoch  47  loss=0.04130 (Y=0.04122+1.0*UV=0.00008)  in=36.957  enh=37.271  ΔY=+0.4486  ΔU=-0.0550  ΔV=-0.0866  lr=1.0e-04  (83s)
epoch  48  loss=0.04122 (Y=0.04113+1.0*UV=0.00008)  in=37.086  enh=37.359  ΔY=+0.3993  ΔU=-0.0324  ΔV=-0.1409  lr=1.0e-04  (83s)
epoch  49  loss=0.04135 (Y=0.04126+1.0*UV=0.00008)  in=36.995  enh=37.313  ΔY=+0.4588  ΔU=-0.0803  ΔV=-0.0723  lr=1.0e-05  (82s)
epoch  50  loss=0.04104 (Y=0.04096+1.0*UV=0.00008)  in=36.953  enh=37.358  ΔY=+0.5698  ΔU=-0.0305  ΔV=-0.0827  lr=1.0e-05  (83s)
epoch  51  loss=0.04092 (Y=0.04084+1.0*UV=0.00008)  in=36.987  enh=37.393  ΔY=+0.5743  ΔU=-0.0300  ΔV=-0.0902  lr=1.0e-05  (83s)
epoch  52  loss=0.04064 (Y=0.04055+1.0*UV=0.00008)  in=36.849  enh=37.270  ΔY=+0.5909  ΔU=-0.0242  ΔV=-0.0749  lr=1.0e-05  (83s)
epoch  53  loss=0.04023 (Y=0.04015+1.0*UV=0.00008)  in=36.991  enh=37.414  ΔY=+0.5987  ΔU=-0.0345  ΔV=-0.0880  lr=1.0e-05  (83s)
epoch  54  loss=0.04056 (Y=0.04048+1.0*UV=0.00008)  in=37.002  enh=37.432  ΔY=+0.6071  ΔU=-0.0253  ΔV=-0.0779  lr=1.0e-05  (83s)
epoch  55  loss=0.04057 (Y=0.04049+1.0*UV=0.00008)  in=37.026  enh=37.457  ΔY=+0.6064  ΔU=-0.0335  ΔV=-0.0844  lr=1.0e-05  (82s)
epoch  56  loss=0.04035 (Y=0.04027+1.0*UV=0.00008)  in=36.866  enh=37.296  ΔY=+0.6119  ΔU=-0.0383  ΔV=-0.0932  lr=1.0e-05  (84s)
epoch  57  loss=0.04039 (Y=0.04031+1.0*UV=0.00008)  in=36.847  enh=37.286  ΔY=+0.6153  ΔU=-0.0203  ΔV=-0.0639  lr=1.0e-05  (82s)
epoch  58  loss=0.04023 (Y=0.04015+1.0*UV=0.00008)  in=36.895  enh=37.343  ΔY=+0.6333  ΔU=-0.0250  ΔV=-0.0731  lr=1.0e-05  (83s)
epoch  59  loss=0.04014 (Y=0.04006+1.0*UV=0.00008)  in=36.911  enh=37.360  ΔY=+0.6373  ΔU=-0.0397  ΔV=-0.0787  lr=1.0e-05  (82s)
epoch  60  loss=0.04022 (Y=0.04014+1.0*UV=0.00008)  in=36.905  enh=37.363  ΔY=+0.6464  ΔU=-0.0278  ΔV=-0.0837  lr=1.0e-05  (83s)
epoch  61  loss=0.04013 (Y=0.04005+1.0*UV=0.00008)  in=36.986  enh=37.450  ΔY=+0.6577  ΔU=-0.0217  ΔV=-0.0670  lr=1.0e-05  (82s)
epoch  62  loss=0.04042 (Y=0.04034+1.0*UV=0.00008)  in=36.881  enh=37.354  ΔY=+0.6668  ΔU=-0.0206  ΔV=-0.0670  lr=1.0e-05  (83s)
epoch  63  loss=0.04009 (Y=0.04000+1.0*UV=0.00008)  in=36.821  enh=37.276  ΔY=+0.6400  ΔU=-0.0255  ΔV=-0.0757  lr=1.0e-05  (82s)
epoch  64  loss=0.04025 (Y=0.04017+1.0*UV=0.00008)  in=36.963  enh=37.438  ΔY=+0.6693  ΔU=-0.0164  ΔV=-0.0577  lr=1.0e-05  (83s)
epoch  65  loss=0.04016 (Y=0.04008+1.0*UV=0.00008)  in=36.925  enh=37.393  ΔY=+0.6579  ΔU=-0.0171  ΔV=-0.0635  lr=1.0e-05  (83s)
epoch  66  loss=0.03993 (Y=0.03985+1.0*UV=0.00008)  in=36.989  enh=37.475  ΔY=+0.6823  ΔU=-0.0146  ΔV=-0.0507  lr=1.0e-05  (83s)
epoch  67  loss=0.04004 (Y=0.03995+1.0*UV=0.00008)  in=36.786  enh=37.266  ΔY=+0.6712  ΔU=-0.0132  ΔV=-0.0486  lr=1.0e-05  (82s)
epoch  68  loss=0.03977 (Y=0.03969+1.0*UV=0.00008)  in=37.012  enh=37.505  ΔY=+0.6903  ΔU=-0.0106  ΔV=-0.0516  lr=1.0e-05  (83s)
epoch  69  loss=0.04030 (Y=0.04022+1.0*UV=0.00008)  in=36.967  enh=37.445  ΔY=+0.6703  ΔU=-0.0111  ΔV=-0.0464  lr=1.0e-05  (83s)
epoch  70  loss=0.04003 (Y=0.03995+1.0*UV=0.00008)  in=36.901  enh=37.400  ΔY=+0.6930  ΔU=-0.0017  ΔV=-0.0332  lr=1.0e-05  (83s)
epoch  71  loss=0.03985 (Y=0.03977+1.0*UV=0.00008)  in=37.151  enh=37.627  ΔY=+0.6642  ΔU=-0.0093  ΔV=-0.0582  lr=1.0e-05  (83s)
epoch  72  loss=0.03994 (Y=0.03986+1.0*UV=0.00008)  in=36.996  enh=37.494  ΔY=+0.6946  ΔU=-0.0022  ΔV=-0.0320  lr=1.0e-05  (82s)
epoch  73  loss=0.04010 (Y=0.04002+1.0*UV=0.00008)  in=36.945  enh=37.435  ΔY=+0.6892  ΔU=-0.0063  ΔV=-0.0458  lr=1.0e-05  (82s)
epoch  74  loss=0.03979 (Y=0.03970+1.0*UV=0.00008)  in=36.821  enh=37.337  ΔY=+0.7173  ΔU=+0.0007  ΔV=-0.0234  lr=1.0e-05  (83s)
epoch  75  loss=0.03967 (Y=0.03959+1.0*UV=0.00008)  in=37.036  enh=37.549  ΔY=+0.7130  ΔU=-0.0026  ΔV=-0.0249  lr=1.0e-05  (83s)
epoch  76  loss=0.03978 (Y=0.03970+1.0*UV=0.00008)  in=36.939  enh=37.430  ΔY=+0.6857  ΔU=-0.0064  ΔV=-0.0182  lr=1.0e-05  (82s)
epoch  77  loss=0.03971 (Y=0.03963+1.0*UV=0.00008)  in=36.939  enh=37.455  ΔY=+0.7177  ΔU=+0.0001  ΔV=-0.0153  lr=1.0e-05  (84s)
epoch  78  loss=0.03948 (Y=0.03940+1.0*UV=0.00008)  in=36.959  enh=37.468  ΔY=+0.7037  ΔU=+0.0011  ΔV=-0.0098  lr=1.0e-05  (82s)
epoch  79  loss=0.03982 (Y=0.03974+1.0*UV=0.00008)  in=36.913  enh=37.424  ΔY=+0.7050  ΔU=+0.0058  ΔV=-0.0057  lr=1.0e-05  (83s)
epoch  80  loss=0.03981 (Y=0.03973+1.0*UV=0.00008)  in=37.046  enh=37.569  ΔY=+0.7286  ΔU=+0.0051  ΔV=-0.0146  lr=1.0e-05  (82s)
epoch  81  loss=0.03940 (Y=0.03932+1.0*UV=0.00008)  in=36.940  enh=37.448  ΔY=+0.7068  ΔU=+0.0072  ΔV=-0.0149  lr=1.0e-05  (82s)
epoch  82  loss=0.03972 (Y=0.03964+1.0*UV=0.00008)  in=36.899  enh=37.430  ΔY=+0.7377  ΔU=+0.0086  ΔV=-0.0024  lr=1.0e-05  (82s)
epoch  83  loss=0.03983 (Y=0.03975+1.0*UV=0.00008)  in=36.883  enh=37.409  ΔY=+0.7272  ΔU=+0.0082  ΔV=-0.0049  lr=1.0e-05  (82s)
epoch  84  loss=0.03956 (Y=0.03948+1.0*UV=0.00008)  in=36.900  enh=37.421  ΔY=+0.7194  ΔU=+0.0079  ΔV=+0.0006  lr=1.0e-05  (82s)
epoch  85  loss=0.03957 (Y=0.03949+1.0*UV=0.00008)  in=37.100  enh=37.626  ΔY=+0.7282  ΔU=+0.0117  ΔV=+0.0027  lr=1.0e-05  (82s)
epoch  86  loss=0.03922 (Y=0.03914+1.0*UV=0.00008)  in=37.022  enh=37.539  ΔY=+0.7144  ΔU=+0.0110  ΔV=+0.0050  lr=1.0e-05  (82s)
epoch  87  loss=0.03983 (Y=0.03975+1.0*UV=0.00008)  in=37.099  enh=37.620  ΔY=+0.7199  ΔU=+0.0098  ΔV=+0.0042  lr=1.0e-05  (83s)
epoch  88  loss=0.03958 (Y=0.03949+1.0*UV=0.00008)  in=37.030  enh=37.567  ΔY=+0.7466  ΔU=+0.0051  ΔV=+0.0058  lr=1.0e-05  (82s)
epoch  89  loss=0.03961 (Y=0.03953+1.0*UV=0.00008)  in=36.935  enh=37.470  ΔY=+0.7396  ΔU=+0.0118  ΔV=+0.0071  lr=1.0e-05  (83s)
epoch  90  loss=0.03944 (Y=0.03936+1.0*UV=0.00008)  in=37.032  enh=37.561  ΔY=+0.7350  ΔU=+0.0105  ΔV=+0.0043  lr=1.0e-05  (83s)
epoch  91  loss=0.03969 (Y=0.03960+1.0*UV=0.00008)  in=36.901  enh=37.430  ΔY=+0.7323  ΔU=+0.0106  ΔV=+0.0009  lr=1.0e-05  (82s)
epoch  92  loss=0.03943 (Y=0.03935+1.0*UV=0.00008)  in=36.936  enh=37.442  ΔY=+0.7000  ΔU=+0.0120  ΔV=+0.0089  lr=1.0e-05  (82s)
epoch  93  loss=0.03951 (Y=0.03942+1.0*UV=0.00008)  in=36.908  enh=37.454  ΔY=+0.7566  ΔU=+0.0124  ΔV=+0.0104  lr=1.0e-05  (83s)
epoch  94  loss=0.03922 (Y=0.03914+1.0*UV=0.00008)  in=37.009  enh=37.546  ΔY=+0.7440  ΔU=+0.0098  ΔV=+0.0105  lr=1.0e-05  (82s)
epoch  95  loss=0.03929 (Y=0.03921+1.0*UV=0.00008)  in=36.910  enh=37.456  ΔY=+0.7547  ΔU=+0.0136  ΔV=+0.0089  lr=1.0e-05  (82s)
epoch  96  loss=0.03962 (Y=0.03954+1.0*UV=0.00008)  in=37.042  enh=37.591  ΔY=+0.7610  ΔU=+0.0147  ΔV=+0.0191  lr=1.0e-05  (83s)
epoch  97  loss=0.03959 (Y=0.03951+1.0*UV=0.00008)  in=36.927  enh=37.464  ΔY=+0.7414  ΔU=+0.0118  ΔV=+0.0065  lr=1.0e-05  (83s)
epoch  98  loss=0.03949 (Y=0.03941+1.0*UV=0.00008)  in=36.889  enh=37.439  ΔY=+0.7573  ΔU=+0.0121  ΔV=+0.0101  lr=1.0e-05  (82s)
epoch  99  loss=0.03972 (Y=0.03964+1.0*UV=0.00008)  in=37.019  enh=37.552  ΔY=+0.7396  ΔU=+0.0127  ΔV=+0.0086  lr=1.0e-06  (83s)
epoch 100  loss=0.03919 (Y=0.03911+1.0*UV=0.00008)  in=37.043  enh=37.596  ΔY=+0.7669  ΔU=+0.0163  ΔV=+0.0140  lr=1.0e-06  (83s)
epoch 101  loss=0.03956 (Y=0.03947+1.0*UV=0.00008)  in=36.936  enh=37.500  ΔY=+0.7832  ΔU=+0.0163  ΔV=+0.0118  lr=1.0e-06  (82s)
epoch 102  loss=0.03943 (Y=0.03935+1.0*UV=0.00008)  in=36.907  enh=37.475  ΔY=+0.7882  ΔU=+0.0173  ΔV=+0.0148  lr=1.0e-06  (83s)
epoch 103  loss=0.03916 (Y=0.03908+1.0*UV=0.00008)  in=37.050  enh=37.617  ΔY=+0.7909  ΔU=+0.0148  ΔV=+0.0089  lr=1.0e-06  (82s)
epoch 104  loss=0.03925 (Y=0.03917+1.0*UV=0.00008)  in=36.902  enh=37.467  ΔY=+0.7854  ΔU=+0.0166  ΔV=+0.0080  lr=1.0e-06  (82s)
epoch 105  loss=0.03917 (Y=0.03909+1.0*UV=0.00008)  in=36.960  enh=37.527  ΔY=+0.7866  ΔU=+0.0156  ΔV=+0.0135  lr=1.0e-06  (83s)
epoch 106  loss=0.03934 (Y=0.03926+1.0*UV=0.00008)  in=36.937  enh=37.507  ΔY=+0.7883  ΔU=+0.0143  ΔV=+0.0143  lr=1.0e-06  (83s)
epoch 107  loss=0.03904 (Y=0.03896+1.0*UV=0.00008)  in=36.989  enh=37.564  ΔY=+0.8007  ΔU=+0.0149  ΔV=+0.0180  lr=1.0e-06  (83s)
epoch 108  loss=0.03918 (Y=0.03909+1.0*UV=0.00008)  in=36.892  enh=37.458  ΔY=+0.7807  ΔU=+0.0150  ΔV=+0.0187  lr=1.0e-06  (83s)
epoch 109  loss=0.03922 (Y=0.03914+1.0*UV=0.00008)  in=37.001  enh=37.564  ΔY=+0.7849  ΔU=+0.0151  ΔV=+0.0111  lr=1.0e-06  (82s)
epoch 110  loss=0.03950 (Y=0.03942+1.0*UV=0.00008)  in=36.882  enh=37.446  ΔY=+0.7792  ΔU=+0.0154  ΔV=+0.0148  lr=1.0e-06  (83s)
epoch 111  loss=0.03885 (Y=0.03877+1.0*UV=0.00008)  in=36.986  enh=37.553  ΔY=+0.7867  ΔU=+0.0126  ΔV=+0.0153  lr=1.0e-06  (83s)
epoch 112  loss=0.03919 (Y=0.03911+1.0*UV=0.00008)  in=36.986  enh=37.547  ΔY=+0.7777  ΔU=+0.0169  ΔV=+0.0107  lr=1.0e-06  (82s)
epoch 113  loss=0.03909 (Y=0.03901+1.0*UV=0.00008)  in=36.981  enh=37.552  ΔY=+0.7897  ΔU=+0.0153  ΔV=+0.0124  lr=1.0e-06  (83s)
epoch 114  loss=0.03927 (Y=0.03919+1.0*UV=0.00008)  in=36.880  enh=37.445  ΔY=+0.7839  ΔU=+0.0131  ΔV=+0.0159  lr=1.0e-06  (82s)
epoch 115  loss=0.03922 (Y=0.03914+1.0*UV=0.00008)  in=37.059  enh=37.616  ΔY=+0.7702  ΔU=+0.0144  ΔV=+0.0172  lr=1.0e-06  (82s)
epoch 116  loss=0.03931 (Y=0.03923+1.0*UV=0.00008)  in=36.787  enh=37.350  ΔY=+0.7799  ΔU=+0.0160  ΔV=+0.0133  lr=1.0e-06  (83s)
epoch 117  loss=0.03902 (Y=0.03894+1.0*UV=0.00008)  in=37.066  enh=37.633  ΔY=+0.7862  ΔU=+0.0176  ΔV=+0.0196  lr=1.0e-06  (83s)
epoch 118  loss=0.03943 (Y=0.03934+1.0*UV=0.00008)  in=36.888  enh=37.459  ΔY=+0.7892  ΔU=+0.0193  ΔV=+0.0179  lr=1.0e-06  (82s)
epoch 119  loss=0.03910 (Y=0.03902+1.0*UV=0.00008)  in=36.921  enh=37.492  ΔY=+0.7933  ΔU=+0.0152  ΔV=+0.0142  lr=1.0e-06  (83s)
epoch 120  loss=0.03910 (Y=0.03901+1.0*UV=0.00008)  in=36.941  enh=37.505  ΔY=+0.7811  ΔU=+0.0152  ΔV=+0.0178  lr=1.0e-06  (83s)
epoch 121  loss=0.03912 (Y=0.03904+1.0*UV=0.00008)  in=37.067  enh=37.635  ΔY=+0.7848  ΔU=+0.0172  ΔV=+0.0186  lr=1.0e-06  (82s)
epoch 122  loss=0.03893 (Y=0.03885+1.0*UV=0.00008)  in=37.145  enh=37.710  ΔY=+0.7821  ΔU=+0.0127  ΔV=+0.0197  lr=1.0e-06  (82s)
epoch 123  loss=0.03916 (Y=0.03908+1.0*UV=0.00008)  in=37.154  enh=37.709  ΔY=+0.7656  ΔU=+0.0149  ΔV=+0.0174  lr=1.0e-06  (84s)
epoch 124  loss=0.03938 (Y=0.03930+1.0*UV=0.00008)  in=37.070  enh=37.638  ΔY=+0.7884  ΔU=+0.0170  ΔV=+0.0158  lr=1.0e-06  (82s)
epoch 125  loss=0.03896 (Y=0.03888+1.0*UV=0.00008)  in=37.025  enh=37.592  ΔY=+0.7875  ΔU=+0.0148  ΔV=+0.0131  lr=1.0e-06  (83s)
epoch 126  loss=0.03927 (Y=0.03919+1.0*UV=0.00008)  in=36.834  enh=37.407  ΔY=+0.7935  ΔU=+0.0151  ΔV=+0.0195  lr=1.0e-06  (83s)
epoch 127  loss=0.03898 (Y=0.03890+1.0*UV=0.00008)  in=36.894  enh=37.464  ΔY=+0.7920  ΔU=+0.0166  ΔV=+0.0143  lr=1.0e-06  (82s)
epoch 128  loss=0.03891 (Y=0.03883+1.0*UV=0.00008)  in=36.991  enh=37.561  ΔY=+0.7900  ΔU=+0.0194  ΔV=+0.0153  lr=1.0e-06  (83s)
epoch 129  loss=0.03909 (Y=0.03901+1.0*UV=0.00008)  in=36.880  enh=37.443  ΔY=+0.7821  ΔU=+0.0145  ΔV=+0.0153  lr=1.0e-06  (82s)
epoch 130  loss=0.03918 (Y=0.03910+1.0*UV=0.00008)  in=37.022  enh=37.591  ΔY=+0.7878  ΔU=+0.0170  ΔV=+0.0157  lr=1.0e-06  (84s)
epoch 131  loss=0.03932 (Y=0.03924+1.0*UV=0.00008)  in=37.021  enh=37.572  ΔY=+0.7643  ΔU=+0.0179  ΔV=+0.0204  lr=1.0e-06  (82s)
epoch 132  loss=0.03898 (Y=0.03890+1.0*UV=0.00008)  in=37.053  enh=37.617  ΔY=+0.7828  ΔU=+0.0169  ΔV=+0.0099  lr=1.0e-06  (86s)
epoch 133  loss=0.03898 (Y=0.03890+1.0*UV=0.00008)  in=36.859  enh=37.418  ΔY=+0.7770  ΔU=+0.0150  ΔV=+0.0081  lr=1.0e-06  (88s)
epoch 134  loss=0.03932 (Y=0.03924+1.0*UV=0.00008)  in=37.062  enh=37.626  ΔY=+0.7802  ΔU=+0.0171  ΔV=+0.0175  lr=1.0e-06  (87s)
epoch 135  loss=0.03931 (Y=0.03923+1.0*UV=0.00008)  in=36.948  enh=37.516  ΔY=+0.7868  ΔU=+0.0170  ΔV=+0.0145  lr=1.0e-06  (88s)
epoch 136  loss=0.03935 (Y=0.03927+1.0*UV=0.00008)  in=37.166  enh=37.732  ΔY=+0.7873  ΔU=+0.0146  ΔV=+0.0108  lr=1.0e-06  (86s)
epoch 137  loss=0.03931 (Y=0.03923+1.0*UV=0.00008)  in=36.972  enh=37.543  ΔY=+0.7908  ΔU=+0.0155  ΔV=+0.0220  lr=1.0e-06  (87s)
epoch 138  loss=0.03902 (Y=0.03894+1.0*UV=0.00008)  in=36.840  enh=37.407  ΔY=+0.7892  ΔU=+0.0164  ΔV=+0.0133  lr=1.0e-06  (89s)
epoch 139  loss=0.03909 (Y=0.03901+1.0*UV=0.00008)  in=36.986  enh=37.556  ΔY=+0.7938  ΔU=+0.0152  ΔV=+0.0110  lr=1.0e-06  (87s)
epoch 140  loss=0.03916 (Y=0.03908+1.0*UV=0.00008)  in=36.893  enh=37.458  ΔY=+0.7842  ΔU=+0.0150  ΔV=+0.0131  lr=1.0e-06  (87s)
epoch 141  loss=0.03936 (Y=0.03927+1.0*UV=0.00008)  in=36.930  enh=37.499  ΔY=+0.7895  ΔU=+0.0152  ΔV=+0.0187  lr=1.0e-06  (88s)
epoch 142  loss=0.03918 (Y=0.03910+1.0*UV=0.00008)  in=36.832  enh=37.402  ΔY=+0.7939  ΔU=+0.0149  ΔV=+0.0134  lr=1.0e-06  (88s)
epoch 143  loss=0.03937 (Y=0.03928+1.0*UV=0.00008)  in=36.987  enh=37.564  ΔY=+0.8016  ΔU=+0.0160  ΔV=+0.0179  lr=1.0e-06  (89s)
epoch 144  loss=0.03892 (Y=0.03884+1.0*UV=0.00008)  in=36.961  enh=37.536  ΔY=+0.8014  ΔU=+0.0145  ΔV=+0.0159  lr=1.0e-06  (88s)
epoch 145  loss=0.03882 (Y=0.03874+1.0*UV=0.00008)  in=36.955  enh=37.527  ΔY=+0.7961  ΔU=+0.0171  ΔV=+0.0154  lr=1.0e-06  (87s)
epoch 146  loss=0.03896 (Y=0.03887+1.0*UV=0.00008)  in=36.961  enh=37.516  ΔY=+0.7680  ΔU=+0.0173  ΔV=+0.0177  lr=1.0e-06  (83s)
epoch 147  loss=0.03925 (Y=0.03916+1.0*UV=0.00008)  in=36.993  enh=37.570  ΔY=+0.8012  ΔU=+0.0164  ΔV=+0.0180  lr=1.0e-06  (82s)
epoch 148  loss=0.03897 (Y=0.03889+1.0*UV=0.00008)  in=36.899  enh=37.467  ΔY=+0.7865  ΔU=+0.0147  ΔV=+0.0159  lr=1.0e-06  (83s)
epoch 149  loss=0.03911 (Y=0.03903+1.0*UV=0.00008)  in=36.867  enh=37.436  ΔY=+0.7935  ΔU=+0.0154  ΔV=+0.0135  lr=1.0e-07  (83s)
epoch 150  loss=0.03903 (Y=0.03895+1.0*UV=0.00008)  in=36.999  enh=37.575  ΔY=+0.8010  ΔU=+0.0178  ΔV=+0.0134  lr=1.0e-07  (83s)
epoch 151  loss=0.03914 (Y=0.03906+1.0*UV=0.00008)  in=36.972  enh=37.540  ΔY=+0.7877  ΔU=+0.0165  ΔV=+0.0155  lr=1.0e-07  (83s)
epoch 152  loss=0.03880 (Y=0.03872+1.0*UV=0.00008)  in=37.035  enh=37.607  ΔY=+0.7989  ΔU=+0.0185  ΔV=+0.0180  lr=1.0e-07  (83s)
epoch 153  loss=0.03923 (Y=0.03915+1.0*UV=0.00008)  in=36.837  enh=37.405  ΔY=+0.7918  ΔU=+0.0155  ΔV=+0.0134  lr=1.0e-07  (82s)
epoch 154  loss=0.03921 (Y=0.03912+1.0*UV=0.00008)  in=36.972  enh=37.538  ΔY=+0.7853  ΔU=+0.0155  ΔV=+0.0156  lr=1.0e-07  (83s)
epoch 155  loss=0.03924 (Y=0.03916+1.0*UV=0.00008)  in=36.916  enh=37.491  ΔY=+0.8012  ΔU=+0.0177  ΔV=+0.0147  lr=1.0e-07  (83s)
epoch 156  loss=0.03912 (Y=0.03904+1.0*UV=0.00008)  in=36.959  enh=37.530  ΔY=+0.7902  ΔU=+0.0160  ΔV=+0.0150  lr=1.0e-07  (82s)
epoch 157  loss=0.03923 (Y=0.03914+1.0*UV=0.00008)  in=36.972  enh=37.538  ΔY=+0.7876  ΔU=+0.0143  ΔV=+0.0053  lr=1.0e-07  (83s)
epoch 158  loss=0.03900 (Y=0.03892+1.0*UV=0.00008)  in=36.916  enh=37.484  ΔY=+0.7881  ΔU=+0.0187  ΔV=+0.0176  lr=1.0e-07  (82s)
epoch 159  loss=0.03894 (Y=0.03886+1.0*UV=0.00008)  in=36.952  enh=37.530  ΔY=+0.8053  ΔU=+0.0151  ΔV=+0.0142  lr=1.0e-07  (83s)
epoch 160  loss=0.03931 (Y=0.03923+1.0*UV=0.00008)  in=37.044  enh=37.613  ΔY=+0.7862  ΔU=+0.0159  ΔV=+0.0143  lr=1.0e-07  (83s)
epoch 161  loss=0.03927 (Y=0.03918+1.0*UV=0.00008)  in=37.031  enh=37.602  ΔY=+0.7932  ΔU=+0.0170  ΔV=+0.0169  lr=1.0e-07  (83s)
epoch 162  loss=0.03939 (Y=0.03931+1.0*UV=0.00008)  in=37.116  enh=37.683  ΔY=+0.7876  ΔU=+0.0175  ΔV=+0.0100  lr=1.0e-07  (82s)
epoch 163  loss=0.03928 (Y=0.03920+1.0*UV=0.00008)  in=37.088  enh=37.650  ΔY=+0.7753  ΔU=+0.0189  ΔV=+0.0128  lr=1.0e-07  (83s)
epoch 164  loss=0.03906 (Y=0.03898+1.0*UV=0.00008)  in=36.809  enh=37.387  ΔY=+0.8064  ΔU=+0.0150  ΔV=+0.0159  lr=1.0e-07  (83s)
epoch 165  loss=0.03907 (Y=0.03899+1.0*UV=0.00008)  in=36.937  enh=37.517  ΔY=+0.8086  ΔU=+0.0160  ΔV=+0.0091  lr=1.0e-07  (82s)
epoch 166  loss=0.03886 (Y=0.03878+1.0*UV=0.00008)  in=36.972  enh=37.547  ΔY=+0.7974  ΔU=+0.0173  ΔV=+0.0148  lr=1.0e-07  (83s)
epoch 167  loss=0.03932 (Y=0.03924+1.0*UV=0.00008)  in=36.965  enh=37.530  ΔY=+0.7800  ΔU=+0.0131  ΔV=+0.0134  lr=1.0e-07  (83s)
epoch 168  loss=0.03895 (Y=0.03887+1.0*UV=0.00008)  in=37.077  enh=37.644  ΔY=+0.7882  ΔU=+0.0178  ΔV=+0.0127  lr=1.0e-07  (82s)
epoch 169  loss=0.03932 (Y=0.03923+1.0*UV=0.00008)  in=36.924  enh=37.491  ΔY=+0.7849  ΔU=+0.0170  ΔV=+0.0183  lr=1.0e-07  (83s)
epoch 170  loss=0.03889 (Y=0.03881+1.0*UV=0.00008)  in=36.904  enh=37.473  ΔY=+0.7905  ΔU=+0.0161  ΔV=+0.0089  lr=1.0e-07  (81s)
epoch 171  loss=0.03918 (Y=0.03910+1.0*UV=0.00008)  in=37.005  enh=37.579  ΔY=+0.7979  ΔU=+0.0137  ΔV=+0.0165  lr=1.0e-07  (82s)
epoch 172  loss=0.03907 (Y=0.03899+1.0*UV=0.00008)  in=37.005  enh=37.571  ΔY=+0.7906  ΔU=+0.0151  ΔV=+0.0147  lr=1.0e-07  (83s)
epoch 173  loss=0.03925 (Y=0.03916+1.0*UV=0.00008)  in=37.044  enh=37.613  ΔY=+0.7893  ΔU=+0.0133  ΔV=+0.0132  lr=1.0e-07  (84s)
epoch 174  loss=0.03904 (Y=0.03895+1.0*UV=0.00008)  in=36.950  enh=37.522  ΔY=+0.7956  ΔU=+0.0148  ΔV=+0.0153  lr=1.0e-07  (83s)
epoch 175  loss=0.03888 (Y=0.03880+1.0*UV=0.00008)  in=36.945  enh=37.518  ΔY=+0.7970  ΔU=+0.0158  ΔV=+0.0171  lr=1.0e-07  (82s)
epoch 176  loss=0.03916 (Y=0.03908+1.0*UV=0.00008)  in=36.982  enh=37.554  ΔY=+0.7953  ΔU=+0.0187  ΔV=+0.0099  lr=1.0e-07  (82s)
epoch 177  loss=0.03903 (Y=0.03895+1.0*UV=0.00008)  in=36.848  enh=37.422  ΔY=+0.8003  ΔU=+0.0161  ΔV=+0.0170  lr=1.0e-07  (82s)
epoch 178  loss=0.03904 (Y=0.03896+1.0*UV=0.00008)  in=36.952  enh=37.522  ΔY=+0.7915  ΔU=+0.0150  ΔV=+0.0135  lr=1.0e-07  (83s)
epoch 179  loss=0.03889 (Y=0.03881+1.0*UV=0.00008)  in=37.041  enh=37.605  ΔY=+0.7806  ΔU=+0.0175  ΔV=+0.0197  lr=1.0e-07  (83s)
epoch 180  loss=0.03877 (Y=0.03869+1.0*UV=0.00008)  in=36.952  enh=37.511  ΔY=+0.7731  ΔU=+0.0164  ΔV=+0.0156  lr=1.0e-07  (82s)
epoch 181  loss=0.03919 (Y=0.03911+1.0*UV=0.00008)  in=37.032  enh=37.605  ΔY=+0.7944  ΔU=+0.0147  ΔV=+0.0110  lr=1.0e-07  (83s)
epoch 182  loss=0.03903 (Y=0.03895+1.0*UV=0.00008)  in=37.030  enh=37.596  ΔY=+0.7828  ΔU=+0.0201  ΔV=+0.0097  lr=1.0e-07  (84s)
epoch 183  loss=0.03927 (Y=0.03918+1.0*UV=0.00008)  in=36.898  enh=37.470  ΔY=+0.7953  ΔU=+0.0174  ΔV=+0.0170  lr=1.0e-07  (82s)
epoch 184  loss=0.03915 (Y=0.03907+1.0*UV=0.00008)  in=36.888  enh=37.454  ΔY=+0.7843  ΔU=+0.0159  ΔV=+0.0105  lr=1.0e-07  (82s)
epoch 185  loss=0.03913 (Y=0.03905+1.0*UV=0.00008)  in=36.962  enh=37.532  ΔY=+0.7957  ΔU=+0.0165  ΔV=+0.0119  lr=1.0e-07  (83s)
epoch 186  loss=0.03887 (Y=0.03879+1.0*UV=0.00008)  in=37.026  enh=37.600  ΔY=+0.7995  ΔU=+0.0159  ΔV=+0.0179  lr=1.0e-07  (83s)
epoch 187  loss=0.03878 (Y=0.03870+1.0*UV=0.00008)  in=36.878  enh=37.447  ΔY=+0.7898  ΔU=+0.0182  ΔV=+0.0158  lr=1.0e-07  (83s)
epoch 188  loss=0.03893 (Y=0.03885+1.0*UV=0.00008)  in=36.923  enh=37.496  ΔY=+0.7956  ΔU=+0.0163  ΔV=+0.0144  lr=1.0e-07  (83s)
epoch 189  loss=0.03904 (Y=0.03895+1.0*UV=0.00008)  in=36.950  enh=37.521  ΔY=+0.7911  ΔU=+0.0146  ΔV=+0.0153  lr=1.0e-07  (83s)
epoch 190  loss=0.03902 (Y=0.03894+1.0*UV=0.00008)  in=36.753  enh=37.329  ΔY=+0.7996  ΔU=+0.0149  ΔV=+0.0157  lr=1.0e-07  (83s)
epoch 191  loss=0.03915 (Y=0.03907+1.0*UV=0.00008)  in=36.906  enh=37.480  ΔY=+0.8012  ΔU=+0.0135  ΔV=+0.0185  lr=1.0e-07  (82s)
epoch 192  loss=0.03901 (Y=0.03893+1.0*UV=0.00008)  in=37.060  enh=37.636  ΔY=+0.8004  ΔU=+0.0182  ΔV=+0.0175  lr=1.0e-07  (83s)
epoch 193  loss=0.03927 (Y=0.03919+1.0*UV=0.00008)  in=37.139  enh=37.707  ΔY=+0.7871  ΔU=+0.0179  ΔV=+0.0083  lr=1.0e-07  (82s)
epoch 194  loss=0.03911 (Y=0.03903+1.0*UV=0.00008)  in=36.869  enh=37.448  ΔY=+0.8040  ΔU=+0.0164  ΔV=+0.0205  lr=1.0e-07  (82s)
epoch 195  loss=0.03897 (Y=0.03889+1.0*UV=0.00008)  in=36.855  enh=37.427  ΔY=+0.7939  ΔU=+0.0156  ΔV=+0.0192  lr=1.0e-07  (83s)
epoch 196  loss=0.03919 (Y=0.03911+1.0*UV=0.00008)  in=37.023  enh=37.594  ΔY=+0.7946  ΔU=+0.0159  ΔV=+0.0147  lr=1.0e-07  (83s)
epoch 197  loss=0.03878 (Y=0.03870+1.0*UV=0.00008)  in=36.866  enh=37.438  ΔY=+0.7970  ΔU=+0.0150  ΔV=+0.0130  lr=1.0e-07  (83s)
epoch 198  loss=0.03879 (Y=0.03871+1.0*UV=0.00008)  in=36.830  enh=37.396  ΔY=+0.7870  ΔU=+0.0182  ΔV=+0.0156  lr=1.0e-07  (82s)
epoch 199  loss=0.03907 (Y=0.03899+1.0*UV=0.00008)  in=37.018  enh=37.591  ΔY=+0.7936  ΔU=+0.0171  ΔV=+0.0188  lr=1.0e-08  (82s)
