[gpu_lock] train martell_hybrid_abl2_off: acquired after 0.0 min
[VTMOnlineDataset] train: 11829 triplets from 212 (video,QP) pairs
[VTMOnlineDataset] val: 1315 triplets from 212 (video,QP) pairs
[martell_hybrid_abl2_off] params=1,292,384 loss=hybrid wd=0.0 train=11829 val=1315
epoch   0  loss=0.05775  dY=-0.3619 dU=-1.1128 dV=-1.2660  lr=1.0e-04  (215s)
epoch   1  loss=0.04587  dY=-0.1931 dU=-0.4567 dV=-1.4473  lr=1.0e-04  (211s)
epoch   2  loss=0.04543  dY=-0.0277 dU=-0.4646 dV=-0.4293  lr=1.0e-04  (211s)
epoch   3  loss=0.04459  dY=+0.1208 dU=-0.3975 dV=-0.4116  lr=1.0e-04  (211s)
epoch   4  loss=0.04390  dY=-0.0201 dU=-0.5424 dV=-0.7485  lr=1.0e-04  (211s)
epoch   5  loss=0.04326  dY=+0.3761 dU=-0.2664 dV=-0.5611  lr=1.0e-04  (211s)
epoch   6  loss=0.04310  dY=+0.3991 dU=-0.2135 dV=-0.1998  lr=1.0e-04  (211s)
epoch   7  loss=0.04255  dY=+0.4680 dU=-0.0946 dV=-0.1244  lr=1.0e-04  (211s)
epoch   8  loss=0.04226  dY=+0.5154 dU=-0.0717 dV=-0.0824  lr=1.0e-04  (211s)
epoch   9  loss=0.04203  dY=+0.5556 dU=-0.0555 dV=-0.0726  lr=1.0e-04  (211s)
epoch  10  loss=0.04178  dY=+0.5845 dU=-0.0498 dV=-0.0909  lr=1.0e-04  (211s)
epoch  11  loss=0.04163  dY=+0.6160 dU=-0.0275 dV=-0.0693  lr=1.0e-04  (211s)
epoch  12  loss=0.04153  dY=+0.6341 dU=-0.0212 dV=-0.0364  lr=1.0e-05  (211s)
epoch  13  loss=0.04113  dY=+0.6820 dU=-0.0267 dV=-0.0456  lr=1.0e-05  (211s)
epoch  14  loss=0.04104  dY=+0.6876 dU=-0.0255 dV=-0.0394  lr=1.0e-05  (210s)
epoch  15  loss=0.04100  dY=+0.6887 dU=-0.0249 dV=-0.0367  lr=1.0e-05  (211s)
epoch  16  loss=0.04103  dY=+0.7017 dU=-0.0220 dV=-0.0345  lr=1.0e-05  (210s)
epoch  17  loss=0.04094  dY=+0.7010 dU=-0.0216 dV=-0.0374  lr=1.0e-05  (212s)
epoch  18  loss=0.04097  dY=+0.6949 dU=-0.0239 dV=-0.0427  lr=1.0e-05  (211s)
epoch  19  loss=0.04091  dY=+0.7179 dU=-0.0180 dV=-0.0316  lr=1.0e-05  (211s)
epoch  20  loss=0.04093  dY=+0.7146 dU=-0.0199 dV=-0.0355  lr=1.0e-05  (211s)
epoch  21  loss=0.04085  dY=+0.7115 dU=-0.0123 dV=-0.0285  lr=1.0e-05  (211s)
epoch  22  loss=0.04090  dY=+0.7272 dU=-0.0160 dV=-0.0329  lr=1.0e-05  (211s)
epoch  23  loss=0.04089  dY=+0.7298 dU=-0.0166 dV=-0.0309  lr=1.0e-05  (211s)
epoch  24  loss=0.04081  dY=+0.7304 dU=-0.0167 dV=-0.0327  lr=1.0e-06  (211s)
epoch  25  loss=0.04078  dY=+0.7346 dU=-0.0158 dV=-0.0317  lr=1.0e-06  (211s)
epoch  26  loss=0.04069  dY=+0.7335 dU=-0.0163 dV=-0.0310  lr=1.0e-06  (211s)
epoch  27  loss=0.04071  dY=+0.7310 dU=-0.0171 dV=-0.0323  lr=1.0e-06  (211s)
epoch  28  loss=0.04078  dY=+0.7330 dU=-0.0171 dV=-0.0325  lr=1.0e-06  (211s)
epoch  29  loss=0.04079  dY=+0.7385 dU=-0.0171 dV=-0.0301  lr=1.0e-06  (211s)
epoch  30  loss=0.04083  dY=+0.7365 dU=-0.0135 dV=-0.0284  lr=1.0e-06  (216s)
epoch  31  loss=0.04073  dY=+0.7396 dU=-0.0169 dV=-0.0330  lr=1.0e-06  (212s)
epoch  32  loss=0.04072  dY=+0.7428 dU=-0.0172 dV=-0.0322  lr=1.0e-06  (211s)
epoch  33  loss=0.04077  dY=+0.7472 dU=-0.0172 dV=-0.0307  lr=1.0e-06  (211s)
epoch  34  loss=0.04079  dY=+0.7442 dU=-0.0153 dV=-0.0306  lr=1.0e-06  (211s)
epoch  35  loss=0.04083  dY=+0.7310 dU=-0.0161 dV=-0.0307  lr=1.0e-06  (211s)
epoch  36  loss=0.04069  dY=+0.7391 dU=-0.0141 dV=-0.0278  lr=1.0e-06  (211s)
epoch  37  loss=0.04077  dY=+0.7333 dU=-0.0152 dV=-0.0288  lr=1.0e-07  (211s)
epoch  38  loss=0.04079  dY=+0.7375 dU=-0.0181 dV=-0.0332  lr=1.0e-07  (211s)
epoch  39  loss=0.04076  dY=+0.7349 dU=-0.0191 dV=-0.0324  lr=1.0e-07  (211s)
epoch  40  loss=0.04078  dY=+0.7288 dU=-0.0134 dV=-0.0278  lr=1.0e-07  (211s)
epoch  41  loss=0.04075  dY=+0.7401 dU=-0.0192 dV=-0.0331  lr=1.0e-07  (211s)
epoch  42  loss=0.04079  dY=+0.7304 dU=-0.0140 dV=-0.0279  lr=1.0e-07  (211s)
epoch  43  loss=0.04078  dY=+0.7447 dU=-0.0158 dV=-0.0301  lr=1.0e-07  (211s)
epoch  44  loss=0.04081  dY=+0.7387 dU=-0.0170 dV=-0.0311  lr=1.0e-07  (211s)
epoch  45  loss=0.04067  dY=+0.7302 dU=-0.0148 dV=-0.0305  lr=1.0e-07  (211s)
epoch  46  loss=0.04070  dY=+0.7359 dU=-0.0185 dV=-0.0328  lr=1.0e-07  (211s)
epoch  47  loss=0.04066  dY=+0.7362 dU=-0.0135 dV=-0.0279  lr=1.0e-07  (211s)
epoch  48  loss=0.04068  dY=+0.7334 dU=-0.0165 dV=-0.0308  lr=1.0e-07  (211s)
epoch  49  loss=0.04079  dY=+0.7381 dU=-0.0175 dV=-0.0311  lr=1.0e-08  (211s)
[martell_hybrid_abl2_off] done, best total gain +0.6993 dB
