[gpu_lock] train martell_hybrid_abl7_off: acquired after 0.0 min
[VTMOnlineDataset] train: 11829 triplets from 212 (video,QP) pairs
[VTMOnlineDataset] val: 1315 triplets from 212 (video,QP) pairs
[martell_hybrid_abl7_off] params=1,292,384 loss=hybrid wd=0.0 train=11829 val=1315
[martell_hybrid_abl7_off] resumed from checkpoints/martell_hybrid_abl7_off_last.pt (epoch 15, best +0.6256)
epoch  16  loss=0.04088  dY=+0.6863 dU=-0.0369 dV=-0.0461  lr=1.0e-05  (231s)
epoch  17  loss=0.04102  dY=+0.7009 dU=-0.0272 dV=-0.0551  lr=1.0e-05  (227s)
epoch  18  loss=0.04098  dY=+0.7058 dU=-0.0317 dV=-0.0452  lr=1.0e-05  (227s)
epoch  19  loss=0.04096  dY=+0.6937 dU=-0.0331 dV=-0.0723  lr=1.0e-05  (227s)
epoch  20  loss=0.04096  dY=+0.7050 dU=-0.0518 dV=-0.0848  lr=1.0e-05  (227s)
epoch  21  loss=0.04092  dY=+0.7159 dU=-0.0190 dV=-0.0349  lr=1.0e-05  (227s)
epoch  22  loss=0.04088  dY=+0.7194 dU=-0.0261 dV=-0.1185  lr=1.0e-05  (227s)
epoch  23  loss=0.04083  dY=+0.7253 dU=-0.0261 dV=-0.0434  lr=1.0e-05  (227s)
epoch  24  loss=0.04085  dY=+0.7284 dU=-0.0166 dV=-0.0259  lr=1.0e-06  (227s)
epoch  25  loss=0.04080  dY=+0.7342 dU=-0.0216 dV=-0.0381  lr=1.0e-06  (227s)
epoch  26  loss=0.04075  dY=+0.7312 dU=-0.0235 dV=-0.0455  lr=1.0e-06  (227s)
epoch  27  loss=0.04081  dY=+0.7322 dU=-0.0183 dV=-0.0314  lr=1.0e-06  (227s)
epoch  28  loss=0.04084  dY=+0.7407 dU=-0.0334 dV=-0.0876  lr=1.0e-06  (227s)
epoch  29  loss=0.04075  dY=+0.7297 dU=-0.0708 dV=-0.0769  lr=1.0e-06  (227s)
epoch  30  loss=0.04073  dY=+0.7342 dU=-0.0242 dV=-0.0426  lr=1.0e-06  (227s)
epoch  31  loss=0.04072  dY=+0.7313 dU=-0.0203 dV=-0.0308  lr=1.0e-06  (227s)
epoch  32  loss=0.04079  dY=+0.7337 dU=-0.0240 dV=-0.0433  lr=1.0e-06  (227s)
epoch  33  loss=0.04073  dY=+0.7351 dU=-0.0237 dV=-0.0361  lr=1.0e-06  (227s)
epoch  34  loss=0.04078  dY=+0.7319 dU=-0.0229 dV=-0.0501  lr=1.0e-06  (227s)
epoch  35  loss=0.04074  dY=+0.7427 dU=-0.0180 dV=-0.0319  lr=1.0e-06  (227s)
epoch  36  loss=0.04078  dY=+0.7292 dU=-0.0327 dV=-0.0817  lr=1.0e-06  (227s)
epoch  37  loss=0.04073  dY=+0.7346 dU=-0.0127 dV=-0.0270  lr=1.0e-07  (227s)
epoch  38  loss=0.04079  dY=+0.7427 dU=-0.0195 dV=-0.0408  lr=1.0e-07  (227s)
epoch  39  loss=0.04080  dY=+0.7456 dU=-0.0170 dV=-0.0284  lr=1.0e-07  (227s)
epoch  40  loss=0.04073  dY=+0.7426 dU=-0.0197 dV=-0.0382  lr=1.0e-07  (227s)
epoch  41  loss=0.04075  dY=+0.7373 dU=-0.0385 dV=-0.0768  lr=1.0e-07  (227s)
epoch  42  loss=0.04067  dY=+0.7404 dU=-0.0211 dV=-0.0363  lr=1.0e-07  (227s)
epoch  43  loss=0.04069  dY=+0.7363 dU=-0.0174 dV=-0.0352  lr=1.0e-07  (227s)
epoch  44  loss=0.04076  dY=+0.7395 dU=-0.0205 dV=-0.0361  lr=1.0e-07  (227s)
epoch  45  loss=0.04078  dY=+0.7425 dU=-0.0203 dV=-0.0367  lr=1.0e-07  (227s)
epoch  46  loss=0.04081  dY=+0.7398 dU=-0.0210 dV=-0.0392  lr=1.0e-07  (227s)
epoch  47  loss=0.04071  dY=+0.7434 dU=-0.0191 dV=-0.0350  lr=1.0e-07  (227s)
epoch  48  loss=0.04071  dY=+0.7442 dU=-0.0235 dV=-0.0440  lr=1.0e-07  (227s)
epoch  49  loss=0.04076  dY=+0.7426 dU=-0.0519 dV=-0.0840  lr=1.0e-08  (227s)
[martell_hybrid_abl7_off] done, best total gain +0.7001 dB
