[gpu_lock] train martell_hybrid_mqp_on: acquired after 0.0 min
[VTMOnlineDataset] train: 11829 triplets from 212 (video,QP) pairs
[VTMOnlineDataset] val: 1315 triplets from 212 (video,QP) pairs
[martell_hybrid_mqp_on] params=1,292,384 loss=hybrid wd=0.0001 train=11829 val=1315
epoch   0  loss=0.05569  dY=-0.3637 dU=-1.4618 dV=-1.5372  lr=1.0e-04  (221s)
epoch   1  loss=0.04363  dY=-0.4432 dU=-1.3106 dV=-0.9855  lr=1.0e-04  (216s)
epoch   2  loss=0.04328  dY=-0.0095 dU=-0.2042 dV=-0.7942  lr=1.0e-04  (216s)
epoch   3  loss=0.04314  dY=-0.0944 dU=-0.1148 dV=-0.3687  lr=1.0e-04  (216s)
epoch   4  loss=0.04312  dY=-0.0039 dU=-0.1751 dV=-0.2765  lr=1.0e-04  (216s)
epoch   5  loss=0.04284  dY=+0.0295 dU=-0.0788 dV=-0.1073  lr=1.0e-04  (216s)
epoch   6  loss=0.04241  dY=+0.0963 dU=-0.1596 dV=-0.1322  lr=1.0e-04  (216s)
epoch   7  loss=0.04212  dY=+0.1477 dU=-0.0273 dV=-0.0833  lr=1.0e-04  (216s)
epoch   8  loss=0.04208  dY=+0.1642 dU=-0.0073 dV=-0.0327  lr=1.0e-04  (216s)
epoch   9  loss=0.04184  dY=+0.1062 dU=-0.0009 dV=-0.0498  lr=1.0e-04  (216s)
epoch  10  loss=0.04174  dY=+0.1368 dU=+0.0015 dV=-0.0120  lr=1.0e-04  (216s)
epoch  11  loss=0.04169  dY=+0.2359 dU=-0.0160 dV=-0.0021  lr=1.0e-04  (216s)
epoch  12  loss=0.04148  dY=+0.2599 dU=+0.0021 dV=-0.0005  lr=1.0e-05  (216s)
epoch  13  loss=0.04121  dY=+0.3413 dU=+0.0017 dV=+0.0013  lr=1.0e-05  (216s)
epoch  14  loss=0.04110  dY=+0.3536 dU=+0.0025 dV=+0.0023  lr=1.0e-05  (216s)
epoch  15  loss=0.04103  dY=+0.3587 dU=+0.0021 dV=+0.0020  lr=1.0e-05  (216s)
epoch  16  loss=0.04111  dY=+0.3680 dU=+0.0024 dV=+0.0009  lr=1.0e-05  (216s)
epoch  17  loss=0.04099  dY=+0.3644 dU=+0.0029 dV=+0.0023  lr=1.0e-05  (216s)
epoch  18  loss=0.04086  dY=+0.3778 dU=+0.0026 dV=+0.0010  lr=1.0e-05  (216s)
epoch  19  loss=0.04092  dY=+0.3798 dU=+0.0019 dV=+0.0019  lr=1.0e-05  (216s)
epoch  20  loss=0.04098  dY=+0.3904 dU=+0.0022 dV=+0.0016  lr=1.0e-05  (216s)
epoch  21  loss=0.04094  dY=+0.3969 dU=+0.0024 dV=+0.0020  lr=1.0e-05  (216s)
epoch  22  loss=0.04069  dY=+0.3864 dU=+0.0025 dV=+0.0020  lr=1.0e-05  (216s)
epoch  23  loss=0.04080  dY=+0.3646 dU=+0.0028 dV=+0.0014  lr=1.0e-05  (212s)
epoch  24  loss=0.04081  dY=+0.3955 dU=+0.0027 dV=+0.0025  lr=1.0e-06  (211s)
epoch  25  loss=0.04066  dY=+0.4163 dU=+0.0019 dV=+0.0020  lr=1.0e-06  (211s)
epoch  26  loss=0.04066  dY=+0.4177 dU=+0.0025 dV=+0.0020  lr=1.0e-06  (211s)
epoch  27  loss=0.04061  dY=+0.4189 dU=+0.0030 dV=+0.0021  lr=1.0e-06  (211s)
epoch  28  loss=0.04070  dY=+0.4264 dU=+0.0024 dV=+0.0021  lr=1.0e-06  (211s)
epoch  29  loss=0.04065  dY=+0.4256 dU=+0.0022 dV=+0.0025  lr=1.0e-06  (211s)
epoch  30  loss=0.04061  dY=+0.4200 dU=+0.0028 dV=+0.0021  lr=1.0e-06  (211s)
epoch  31  loss=0.04065  dY=+0.4275 dU=+0.0027 dV=+0.0026  lr=1.0e-06  (211s)
epoch  32  loss=0.04064  dY=+0.4249 dU=+0.0030 dV=+0.0020  lr=1.0e-06  (211s)
epoch  33  loss=0.04061  dY=+0.4261 dU=+0.0030 dV=+0.0014  lr=1.0e-06  (211s)
epoch  34  loss=0.04063  dY=+0.4250 dU=+0.0023 dV=+0.0017  lr=1.0e-06  (211s)
epoch  35  loss=0.04068  dY=+0.4264 dU=+0.0022 dV=+0.0019  lr=1.0e-06  (212s)
epoch  36  loss=0.04057  dY=+0.4271 dU=+0.0022 dV=+0.0020  lr=1.0e-06  (211s)
epoch  37  loss=0.04063  dY=+0.4290 dU=+0.0026 dV=+0.0017  lr=1.0e-07  (211s)
epoch  38  loss=0.04063  dY=+0.4237 dU=+0.0025 dV=+0.0025  lr=1.0e-07  (211s)
epoch  39  loss=0.04067  dY=+0.4221 dU=+0.0024 dV=+0.0017  lr=1.0e-07  (211s)
epoch  40  loss=0.04066  dY=+0.4129 dU=+0.0026 dV=+0.0020  lr=1.0e-07  (211s)
epoch  41  loss=0.04058  dY=+0.4209 dU=+0.0028 dV=+0.0017  lr=1.0e-07  (211s)
epoch  42  loss=0.04054  dY=+0.4265 dU=+0.0027 dV=+0.0020  lr=1.0e-07  (212s)
epoch  43  loss=0.04052  dY=+0.4268 dU=+0.0021 dV=+0.0019  lr=1.0e-07  (211s)
epoch  44  loss=0.04072  dY=+0.4265 dU=+0.0034 dV=+0.0023  lr=1.0e-07  (211s)
epoch  45  loss=0.04056  dY=+0.4314 dU=+0.0026 dV=+0.0018  lr=1.0e-07  (211s)
epoch  46  loss=0.04063  dY=+0.4323 dU=+0.0024 dV=+0.0016  lr=1.0e-07  (211s)
epoch  47  loss=0.04064  dY=+0.4083 dU=+0.0028 dV=+0.0023  lr=1.0e-07  (211s)
epoch  48  loss=0.04064  dY=+0.4270 dU=+0.0023 dV=+0.0019  lr=1.0e-07  (211s)
epoch  49  loss=0.04053  dY=+0.4309 dU=+0.0032 dV=+0.0024  lr=1.0e-08  (211s)
[martell_hybrid_mqp_on] done, best total gain +0.4364 dB
