[gpu_lock] train martell_hybrid_abl0_off: acquired after 0.0 min
[VTMOnlineDataset] train: 11829 triplets from 212 (video,QP) pairs
[VTMOnlineDataset] val: 1315 triplets from 212 (video,QP) pairs
[martell_hybrid_abl0_off] params=1,292,384 loss=hybrid wd=0.0 train=11829 val=1315
epoch   0  loss=0.05756  dY=-0.5314 dU=-1.1825 dV=-1.7195  lr=1.0e-04  (214s)
epoch   1  loss=0.04589  dY=-0.6359 dU=-0.6891 dV=-0.5269  lr=1.0e-04  (211s)
epoch   2  loss=0.04538  dY=-0.0957 dU=-0.6941 dV=-0.5740  lr=1.0e-04  (211s)
epoch   3  loss=0.04478  dY=+0.0333 dU=-0.3207 dV=-0.3361  lr=1.0e-04  (211s)
epoch   4  loss=0.04428  dY=-0.3834 dU=-1.0006 dV=-1.7992  lr=1.0e-04  (211s)
epoch   5  loss=0.04375  dY=+0.2746 dU=-0.2063 dV=-0.2630  lr=1.0e-04  (211s)
epoch   6  loss=0.04339  dY=+0.3021 dU=-0.2461 dV=-0.5621  lr=1.0e-04  (210s)
epoch   7  loss=0.04308  dY=+0.3396 dU=-0.1602 dV=-1.1495  lr=1.0e-04  (210s)
epoch   8  loss=0.04283  dY=+0.4196 dU=-0.0856 dV=-0.1392  lr=1.0e-04  (210s)
epoch   9  loss=0.04257  dY=+0.4003 dU=-0.2194 dV=-0.2817  lr=1.0e-04  (210s)
epoch  10  loss=0.04232  dY=+0.4528 dU=-0.1587 dV=-0.2879  lr=1.0e-04  (211s)
epoch  11  loss=0.04220  dY=+0.5088 dU=-0.0407 dV=-0.1232  lr=1.0e-04  (210s)
epoch  12  loss=0.04207  dY=+0.3290 dU=-0.1272 dV=-0.3005  lr=1.0e-05  (211s)
epoch  13  loss=0.04159  dY=+0.5957 dU=-0.0588 dV=-0.0860  lr=1.0e-05  (211s)
epoch  14  loss=0.04150  dY=+0.6061 dU=-0.0507 dV=-0.1465  lr=1.0e-05  (211s)
epoch  15  loss=0.04147  dY=+0.6125 dU=-0.0356 dV=-0.0815  lr=1.0e-05  (211s)
epoch  16  loss=0.04149  dY=+0.6164 dU=-0.0490 dV=-0.0758  lr=1.0e-05  (211s)
epoch  17  loss=0.04141  dY=+0.6223 dU=-0.0304 dV=-0.0487  lr=1.0e-05  (211s)
epoch  18  loss=0.04143  dY=+0.6137 dU=-0.0333 dV=-0.0579  lr=1.0e-05  (211s)
epoch  19  loss=0.04135  dY=+0.6347 dU=-0.0337 dV=-0.0810  lr=1.0e-05  (211s)
epoch  20  loss=0.04138  dY=+0.6219 dU=-0.1117 dV=-0.1477  lr=1.0e-05  (210s)
epoch  21  loss=0.04130  dY=+0.6371 dU=-0.0202 dV=-0.0302  lr=1.0e-05  (211s)
epoch  22  loss=0.04133  dY=+0.6528 dU=-0.0361 dV=-0.0892  lr=1.0e-05  (211s)
epoch  23  loss=0.04133  dY=+0.6581 dU=-0.0215 dV=-0.0355  lr=1.0e-05  (211s)
epoch  24  loss=0.04123  dY=+0.6595 dU=-0.0293 dV=-0.0755  lr=1.0e-06  (211s)
epoch  25  loss=0.04120  dY=+0.6557 dU=-0.0563 dV=-0.1608  lr=1.0e-06  (211s)
epoch  26  loss=0.04111  dY=+0.6641 dU=-0.0225 dV=-0.0399  lr=1.0e-06  (211s)
epoch  27  loss=0.04113  dY=+0.6580 dU=-0.0243 dV=-0.0547  lr=1.0e-06  (211s)
epoch  28  loss=0.04120  dY=+0.6621 dU=-0.0289 dV=-0.0776  lr=1.0e-06  (211s)
epoch  29  loss=0.04121  dY=+0.6657 dU=-0.0288 dV=-0.0615  lr=1.0e-06  (211s)
epoch  30  loss=0.04125  dY=+0.6630 dU=-0.0266 dV=-0.0512  lr=1.0e-06  (213s)
epoch  31  loss=0.04114  dY=+0.6693 dU=-0.0233 dV=-0.0415  lr=1.0e-06  (212s)
epoch  32  loss=0.04114  dY=+0.6730 dU=-0.0250 dV=-0.0507  lr=1.0e-06  (211s)
epoch  33  loss=0.04119  dY=+0.6694 dU=-0.0345 dV=-0.0814  lr=1.0e-06  (214s)
epoch  34  loss=0.04121  dY=+0.6701 dU=-0.0268 dV=-0.0698  lr=1.0e-06  (215s)
epoch  35  loss=0.04124  dY=+0.6578 dU=-0.0255 dV=-0.0548  lr=1.0e-06  (213s)
epoch  36  loss=0.04110  dY=+0.6676 dU=-0.0193 dV=-0.0347  lr=1.0e-06  (216s)
epoch  37  loss=0.04119  dY=+0.6588 dU=-0.0221 dV=-0.0440  lr=1.0e-07  (220s)
epoch  38  loss=0.04120  dY=+0.6653 dU=-0.0291 dV=-0.0779  lr=1.0e-07  (223s)
epoch  39  loss=0.04118  dY=+0.6645 dU=-0.0266 dV=-0.0534  lr=1.0e-07  (223s)
epoch  40  loss=0.04119  dY=+0.6516 dU=-0.0301 dV=-0.0856  lr=1.0e-07  (223s)
epoch  41  loss=0.04117  dY=+0.6719 dU=-0.0256 dV=-0.0419  lr=1.0e-07  (219s)
epoch  42  loss=0.04120  dY=+0.6524 dU=-0.0185 dV=-0.0521  lr=1.0e-07  (218s)
epoch  43  loss=0.04119  dY=+0.6693 dU=-0.0309 dV=-0.0918  lr=1.0e-07  (217s)
epoch  44  loss=0.04123  dY=+0.6655 dU=-0.0257 dV=-0.0445  lr=1.0e-07  (213s)
epoch  45  loss=0.04109  dY=+0.6612 dU=-0.0242 dV=-0.0641  lr=1.0e-07  (217s)
epoch  46  loss=0.04111  dY=+0.6644 dU=-0.0261 dV=-0.0425  lr=1.0e-07  (224s)
epoch  47  loss=0.04108  dY=+0.6584 dU=-0.0186 dV=-0.0430  lr=1.0e-07  (241s)
epoch  48  loss=0.04110  dY=+0.6625 dU=-0.0275 dV=-0.0495  lr=1.0e-07  (241s)
epoch  49  loss=0.04120  dY=+0.6643 dU=-0.0321 dV=-0.0815  lr=1.0e-08  (240s)
[martell_hybrid_abl0_off] done, best total gain +0.6137 dB
