[gpu_lock] train martell_hybrid_mqpnwd_off: waiting for exclusive GPU (0 min)
[gpu_lock] train martell_hybrid_mqpnwd_off: waiting for exclusive GPU (10 min)
[gpu_lock] train martell_hybrid_mqpnwd_off: waiting for exclusive GPU (20 min)
[gpu_lock] train martell_hybrid_mqpnwd_off: waiting for exclusive GPU (30 min)
[gpu_lock] train martell_hybrid_mqpnwd_off: waiting for exclusive GPU (40 min)
[gpu_lock] train martell_hybrid_mqpnwd_off: waiting for exclusive GPU (50 min)
[gpu_lock] train martell_hybrid_mqpnwd_off: waiting for exclusive GPU (60 min)
[gpu_lock] train martell_hybrid_mqpnwd_off: waiting for exclusive GPU (70 min)
[gpu_lock] train martell_hybrid_mqpnwd_off: waiting for exclusive GPU (80 min)
[gpu_lock] train martell_hybrid_mqpnwd_off: waiting for exclusive GPU (90 min)
[gpu_lock] train martell_hybrid_mqpnwd_off: acquired after 95.7 min
[VTMOnlineDataset] train: 11829 triplets from 212 (video,QP) pairs
[VTMOnlineDataset] val: 1315 triplets from 212 (video,QP) pairs
[martell_hybrid_mqpnwd_off] params=1,292,384 loss=hybrid wd=0.0 train=11829 val=1315
epoch   0  loss=0.05770  dY=-0.3745 dU=-1.2653 dV=-1.2593  lr=1.0e-04  (227s)
epoch   1  loss=0.04582  dY=-0.3865 dU=-0.5871 dV=-0.4927  lr=1.0e-04  (222s)
epoch   2  loss=0.04544  dY=-0.1357 dU=-0.5191 dV=-0.6761  lr=1.0e-04  (223s)
epoch   3  loss=0.04458  dY=+0.1101 dU=-0.4317 dV=-0.7104  lr=1.0e-04  (222s)
epoch   4  loss=0.04387  dY=-0.5884 dU=-1.0377 dV=-1.7654  lr=1.0e-04  (222s)
epoch   5  loss=0.04329  dY=+0.3738 dU=-0.1883 dV=-0.3675  lr=1.0e-04  (222s)
epoch   6  loss=0.04302  dY=+0.3934 dU=-0.1769 dV=-0.5213  lr=1.0e-04  (222s)
epoch   7  loss=0.04254  dY=+0.4544 dU=-0.1301 dV=-0.4353  lr=1.0e-04  (222s)
epoch   8  loss=0.04228  dY=+0.5116 dU=-0.0641 dV=-0.1301  lr=1.0e-04  (222s)
epoch   9  loss=0.04202  dY=+0.5669 dU=-0.0567 dV=-0.0769  lr=1.0e-04  (222s)
epoch  10  loss=0.04175  dY=+0.5623 dU=-0.0611 dV=-0.0889  lr=1.0e-04  (222s)
epoch  11  loss=0.04163  dY=+0.6042 dU=-0.0280 dV=-0.0597  lr=1.0e-04  (222s)
epoch  12  loss=0.04151  dY=+0.6403 dU=-0.0285 dV=-0.0314  lr=1.0e-05  (222s)
epoch  13  loss=0.04107  dY=+0.6896 dU=-0.0236 dV=-0.0376  lr=1.0e-05  (222s)
epoch  14  loss=0.04100  dY=+0.6923 dU=-0.0216 dV=-0.0320  lr=1.0e-05  (223s)
epoch  15  loss=0.04096  dY=+0.6963 dU=-0.0227 dV=-0.0296  lr=1.0e-05  (222s)
epoch  16  loss=0.04100  dY=+0.7049 dU=-0.0193 dV=-0.0282  lr=1.0e-05  (222s)
epoch  17  loss=0.04092  dY=+0.7069 dU=-0.0201 dV=-0.0286  lr=1.0e-05  (222s)
epoch  18  loss=0.04095  dY=+0.7038 dU=-0.0213 dV=-0.0324  lr=1.0e-05  (222s)
epoch  19  loss=0.04088  dY=+0.7230 dU=-0.0170 dV=-0.0243  lr=1.0e-05  (222s)
epoch  20  loss=0.04091  dY=+0.7173 dU=-0.0197 dV=-0.0287  lr=1.0e-05  (222s)
epoch  21  loss=0.04083  dY=+0.7150 dU=-0.0123 dV=-0.0196  lr=1.0e-05  (222s)
epoch  22  loss=0.04088  dY=+0.7300 dU=-0.0150 dV=-0.0234  lr=1.0e-05  (222s)
epoch  23  loss=0.04087  dY=+0.7345 dU=-0.0161 dV=-0.0242  lr=1.0e-05  (222s)
epoch  24  loss=0.04078  dY=+0.7335 dU=-0.0165 dV=-0.0248  lr=1.0e-06  (222s)
epoch  25  loss=0.04076  dY=+0.7398 dU=-0.0153 dV=-0.0245  lr=1.0e-06  (222s)
epoch  26  loss=0.04067  dY=+0.7383 dU=-0.0154 dV=-0.0226  lr=1.0e-06  (222s)
epoch  27  loss=0.04069  dY=+0.7359 dU=-0.0162 dV=-0.0255  lr=1.0e-06  (222s)
epoch  28  loss=0.04076  dY=+0.7380 dU=-0.0164 dV=-0.0249  lr=1.0e-06  (223s)
epoch  29  loss=0.04077  dY=+0.7419 dU=-0.0142 dV=-0.0221  lr=1.0e-06  (222s)
epoch  30  loss=0.04080  dY=+0.7413 dU=-0.0126 dV=-0.0210  lr=1.0e-06  (223s)
epoch  31  loss=0.04070  dY=+0.7426 dU=-0.0165 dV=-0.0268  lr=1.0e-06  (222s)
epoch  32  loss=0.04070  dY=+0.7466 dU=-0.0155 dV=-0.0236  lr=1.0e-06  (222s)
epoch  33  loss=0.04075  dY=+0.7497 dU=-0.0160 dV=-0.0254  lr=1.0e-06  (222s)
epoch  34  loss=0.04077  dY=+0.7478 dU=-0.0140 dV=-0.0238  lr=1.0e-06  (223s)
epoch  35  loss=0.04080  dY=+0.7339 dU=-0.0150 dV=-0.0228  lr=1.0e-06  (222s)
epoch  36  loss=0.04067  dY=+0.7438 dU=-0.0139 dV=-0.0214  lr=1.0e-06  (222s)
epoch  37  loss=0.04075  dY=+0.7381 dU=-0.0143 dV=-0.0215  lr=1.0e-07  (222s)
epoch  38  loss=0.04077  dY=+0.7427 dU=-0.0158 dV=-0.0238  lr=1.0e-07  (222s)
epoch  39  loss=0.04074  dY=+0.7379 dU=-0.0176 dV=-0.0255  lr=1.0e-07  (222s)
epoch  40  loss=0.04076  dY=+0.7328 dU=-0.0120 dV=-0.0206  lr=1.0e-07  (222s)
epoch  41  loss=0.04073  dY=+0.7435 dU=-0.0178 dV=-0.0252  lr=1.0e-07  (222s)
epoch  42  loss=0.04076  dY=+0.7336 dU=-0.0131 dV=-0.0213  lr=1.0e-07  (222s)
epoch  43  loss=0.04076  dY=+0.7485 dU=-0.0145 dV=-0.0218  lr=1.0e-07  (222s)
epoch  44  loss=0.04079  dY=+0.7427 dU=-0.0156 dV=-0.0236  lr=1.0e-07  (222s)
epoch  45  loss=0.04065  dY=+0.7334 dU=-0.0134 dV=-0.0211  lr=1.0e-07  (222s)
epoch  46  loss=0.04068  dY=+0.7362 dU=-0.0178 dV=-0.0251  lr=1.0e-07  (222s)
epoch  47  loss=0.04063  dY=+0.7380 dU=-0.0125 dV=-0.0205  lr=1.0e-07  (224s)
epoch  48  loss=0.04066  dY=+0.7379 dU=-0.0162 dV=-0.0240  lr=1.0e-07  (223s)
epoch  49  loss=0.04076  dY=+0.7420 dU=-0.0152 dV=-0.0237  lr=1.0e-08  (224s)
[martell_hybrid_mqpnwd_off] done, best total gain +0.7122 dB
