[gpu_lock] train martell_hybrid_abl8_off: acquired after 0.0 min
[VTMOnlineDataset] train: 11829 triplets from 212 (video,QP) pairs
[VTMOnlineDataset] val: 1315 triplets from 212 (video,QP) pairs
[martell_hybrid_abl8_off] params=1,292,384 loss=hybrid wd=0.0 train=11829 val=1315
epoch   0  loss=0.05751  dY=-0.2513 dU=-1.3252 dV=-1.5006  lr=1.0e-04  (220s)
epoch   1  loss=0.04591  dY=-0.3194 dU=-0.8488 dV=-0.6634  lr=1.0e-04  (217s)
epoch   2  loss=0.04539  dY=+0.0132 dU=-0.5876 dV=-0.7113  lr=1.0e-04  (217s)
epoch   3  loss=0.04454  dY=-0.0746 dU=-0.4078 dV=-0.4035  lr=1.0e-04  (217s)
epoch   4  loss=0.04390  dY=+0.1244 dU=-0.7486 dV=-1.0208  lr=1.0e-04  (217s)
epoch   5  loss=0.04344  dY=+0.3370 dU=-0.2656 dV=-0.3398  lr=1.0e-04  (217s)
epoch   6  loss=0.04301  dY=+0.3879 dU=-0.2358 dV=-0.2884  lr=1.0e-04  (217s)
epoch   7  loss=0.04259  dY=+0.4768 dU=-0.1940 dV=-0.2124  lr=1.0e-04  (217s)
epoch   8  loss=0.04229  dY=+0.4995 dU=-0.0865 dV=-0.1134  lr=1.0e-04  (217s)
epoch   9  loss=0.04202  dY=+0.5603 dU=-0.0643 dV=-0.1045  lr=1.0e-04  (217s)
epoch  10  loss=0.04177  dY=+0.5855 dU=-0.1043 dV=-0.1213  lr=1.0e-04  (217s)
epoch  11  loss=0.04163  dY=+0.6074 dU=-0.0256 dV=-0.0464  lr=1.0e-04  (217s)
epoch  12  loss=0.04150  dY=+0.6518 dU=-0.0238 dV=-0.0394  lr=1.0e-05  (217s)
epoch  13  loss=0.04105  dY=+0.6980 dU=-0.0196 dV=-0.0373  lr=1.0e-05  (217s)
epoch  14  loss=0.04098  dY=+0.6997 dU=-0.0166 dV=-0.0309  lr=1.0e-05  (217s)
epoch  15  loss=0.04094  dY=+0.7058 dU=-0.0172 dV=-0.0281  lr=1.0e-05  (217s)
epoch  16  loss=0.04098  dY=+0.7129 dU=-0.0146 dV=-0.0280  lr=1.0e-05  (217s)
epoch  17  loss=0.04090  dY=+0.7153 dU=-0.0156 dV=-0.0305  lr=1.0e-05  (217s)
epoch  18  loss=0.04093  dY=+0.7083 dU=-0.0168 dV=-0.0327  lr=1.0e-05  (217s)
epoch  19  loss=0.04086  dY=+0.7307 dU=-0.0125 dV=-0.0236  lr=1.0e-05  (217s)
epoch  20  loss=0.04089  dY=+0.7247 dU=-0.0133 dV=-0.0277  lr=1.0e-05  (218s)
epoch  21  loss=0.04081  dY=+0.7256 dU=-0.0095 dV=-0.0212  lr=1.0e-05  (219s)
epoch  22  loss=0.04086  dY=+0.7391 dU=-0.0108 dV=-0.0250  lr=1.0e-05  (218s)
epoch  23  loss=0.04085  dY=+0.7417 dU=-0.0124 dV=-0.0244  lr=1.0e-05  (217s)
epoch  24  loss=0.04076  dY=+0.7428 dU=-0.0147 dV=-0.0235  lr=1.0e-06  (217s)
epoch  25  loss=0.04074  dY=+0.7490 dU=-0.0115 dV=-0.0241  lr=1.0e-06  (217s)
epoch  26  loss=0.04064  dY=+0.7436 dU=-0.0115 dV=-0.0224  lr=1.0e-06  (217s)
epoch  27  loss=0.04066  dY=+0.7410 dU=-0.0112 dV=-0.0250  lr=1.0e-06  (217s)
epoch  28  loss=0.04074  dY=+0.7468 dU=-0.0117 dV=-0.0237  lr=1.0e-06  (217s)
epoch  29  loss=0.04075  dY=+0.7499 dU=-0.0105 dV=-0.0220  lr=1.0e-06  (217s)
epoch  30  loss=0.04078  dY=+0.7491 dU=-0.0099 dV=-0.0210  lr=1.0e-06  (217s)
epoch  31  loss=0.04068  dY=+0.7513 dU=-0.0124 dV=-0.0251  lr=1.0e-06  (217s)
epoch  32  loss=0.04068  dY=+0.7543 dU=-0.0113 dV=-0.0234  lr=1.0e-06  (217s)
epoch  33  loss=0.04072  dY=+0.7579 dU=-0.0125 dV=-0.0234  lr=1.0e-06  (217s)
epoch  34  loss=0.04074  dY=+0.7564 dU=-0.0099 dV=-0.0228  lr=1.0e-06  (217s)
epoch  35  loss=0.04078  dY=+0.7429 dU=-0.0106 dV=-0.0227  lr=1.0e-06  (217s)
epoch  36  loss=0.04064  dY=+0.7502 dU=-0.0096 dV=-0.0201  lr=1.0e-06  (217s)
epoch  37  loss=0.04073  dY=+0.7449 dU=-0.0105 dV=-0.0212  lr=1.0e-07  (219s)
epoch  38  loss=0.04074  dY=+0.7497 dU=-0.0128 dV=-0.0243  lr=1.0e-07  (218s)
epoch  39  loss=0.04072  dY=+0.7471 dU=-0.0127 dV=-0.0236  lr=1.0e-07  (217s)
epoch  40  loss=0.04074  dY=+0.7407 dU=-0.0099 dV=-0.0199  lr=1.0e-07  (217s)
epoch  41  loss=0.04070  dY=+0.7509 dU=-0.0135 dV=-0.0239  lr=1.0e-07  (215s)
epoch  42  loss=0.04074  dY=+0.7432 dU=-0.0094 dV=-0.0201  lr=1.0e-07  (212s)
epoch  43  loss=0.04074  dY=+0.7538 dU=-0.0104 dV=-0.0220  lr=1.0e-07  (211s)
epoch  44  loss=0.04077  dY=+0.7498 dU=-0.0108 dV=-0.0231  lr=1.0e-07  (211s)
epoch  45  loss=0.04064  dY=+0.7420 dU=-0.0099 dV=-0.0212  lr=1.0e-07  (211s)
epoch  46  loss=0.04066  dY=+0.7473 dU=-0.0115 dV=-0.0233  lr=1.0e-07  (211s)
epoch  47  loss=0.04061  dY=+0.7461 dU=-0.0088 dV=-0.0209  lr=1.0e-07  (211s)
epoch  48  loss=0.04063  dY=+0.7440 dU=-0.0118 dV=-0.0238  lr=1.0e-07  (211s)
epoch  49  loss=0.04074  dY=+0.7510 dU=-0.0118 dV=-0.0231  lr=1.0e-08  (211s)
[martell_hybrid_abl8_off] done, best total gain +0.7237 dB
