[gpu_lock] train martell_hybrid_abl_allMV_off: acquired after 0.0 min
[VTMOnlineDataset] train: 11829 triplets from 212 (video,QP) pairs
[VTMOnlineDataset] val: 1315 triplets from 212 (video,QP) pairs
[martell_hybrid_abl_allMV_off] params=1,292,384 loss=hybrid wd=0.0 train=11829 val=1315
epoch   0  loss=0.05757  dY=-0.2369 dU=-1.1002 dV=-1.2713  lr=1.0e-04  (215s)
epoch   1  loss=0.04588  dY=-0.3698 dU=-0.6546 dV=-1.0779  lr=1.0e-04  (211s)
epoch   2  loss=0.04542  dY=+0.0020 dU=-0.5167 dV=-0.7349  lr=1.0e-04  (211s)
epoch   3  loss=0.04458  dY=+0.1330 dU=-0.3468 dV=-0.8382  lr=1.0e-04  (211s)
epoch   4  loss=0.04389  dY=-0.0514 dU=-0.6966 dV=-0.5637  lr=1.0e-04  (211s)
epoch   5  loss=0.04326  dY=+0.3711 dU=-0.4711 dV=-0.3431  lr=1.0e-04  (210s)
epoch   6  loss=0.04296  dY=+0.4083 dU=-0.1505 dV=-0.4296  lr=1.0e-04  (211s)
epoch   7  loss=0.04252  dY=+0.4773 dU=-0.1131 dV=-0.2129  lr=1.0e-04  (210s)
epoch   8  loss=0.04225  dY=+0.4908 dU=-0.0763 dV=-0.1030  lr=1.0e-04  (210s)
epoch   9  loss=0.04200  dY=+0.5632 dU=-0.0828 dV=-0.0848  lr=1.0e-04  (211s)
epoch  10  loss=0.04175  dY=+0.5892 dU=-0.0784 dV=-0.0967  lr=1.0e-04  (211s)
epoch  11  loss=0.04162  dY=+0.6149 dU=-0.0267 dV=-0.0325  lr=1.0e-04  (211s)
epoch  12  loss=0.04151  dY=+0.6431 dU=-0.0312 dV=-0.0321  lr=1.0e-05  (211s)
epoch  13  loss=0.04107  dY=+0.6905 dU=-0.0208 dV=-0.0346  lr=1.0e-05  (211s)
epoch  14  loss=0.04100  dY=+0.6945 dU=-0.0198 dV=-0.0308  lr=1.0e-05  (210s)
epoch  15  loss=0.04096  dY=+0.6974 dU=-0.0211 dV=-0.0292  lr=1.0e-05  (211s)
epoch  16  loss=0.04100  dY=+0.7054 dU=-0.0168 dV=-0.0275  lr=1.0e-05  (210s)
epoch  17  loss=0.04091  dY=+0.7095 dU=-0.0177 dV=-0.0279  lr=1.0e-05  (211s)
epoch  18  loss=0.04095  dY=+0.7049 dU=-0.0194 dV=-0.0329  lr=1.0e-05  (211s)
epoch  19  loss=0.04088  dY=+0.7215 dU=-0.0159 dV=-0.0230  lr=1.0e-05  (211s)
epoch  20  loss=0.04091  dY=+0.7172 dU=-0.0170 dV=-0.0267  lr=1.0e-05  (210s)
epoch  21  loss=0.04083  dY=+0.7177 dU=-0.0124 dV=-0.0204  lr=1.0e-05  (211s)
epoch  22  loss=0.04088  dY=+0.7317 dU=-0.0133 dV=-0.0237  lr=1.0e-05  (211s)
epoch  23  loss=0.04087  dY=+0.7358 dU=-0.0139 dV=-0.0236  lr=1.0e-05  (211s)
epoch  24  loss=0.04078  dY=+0.7365 dU=-0.0149 dV=-0.0246  lr=1.0e-06  (211s)
epoch  25  loss=0.04076  dY=+0.7409 dU=-0.0129 dV=-0.0234  lr=1.0e-06  (211s)
epoch  26  loss=0.04067  dY=+0.7376 dU=-0.0141 dV=-0.0226  lr=1.0e-06  (211s)
epoch  27  loss=0.04069  dY=+0.7358 dU=-0.0128 dV=-0.0243  lr=1.0e-06  (211s)
epoch  28  loss=0.04076  dY=+0.7383 dU=-0.0141 dV=-0.0241  lr=1.0e-06  (211s)
epoch  29  loss=0.04077  dY=+0.7420 dU=-0.0126 dV=-0.0215  lr=1.0e-06  (210s)
epoch  30  loss=0.04081  dY=+0.7404 dU=-0.0111 dV=-0.0204  lr=1.0e-06  (211s)
epoch  31  loss=0.04070  dY=+0.7435 dU=-0.0140 dV=-0.0249  lr=1.0e-06  (211s)
epoch  32  loss=0.04070  dY=+0.7458 dU=-0.0139 dV=-0.0240  lr=1.0e-06  (210s)
epoch  33  loss=0.04075  dY=+0.7510 dU=-0.0142 dV=-0.0238  lr=1.0e-06  (211s)
epoch  34  loss=0.04077  dY=+0.7493 dU=-0.0122 dV=-0.0222  lr=1.0e-06  (211s)
epoch  35  loss=0.04080  dY=+0.7352 dU=-0.0133 dV=-0.0213  lr=1.0e-06  (211s)
epoch  36  loss=0.04066  dY=+0.7431 dU=-0.0117 dV=-0.0209  lr=1.0e-06  (211s)
epoch  37  loss=0.04075  dY=+0.7376 dU=-0.0122 dV=-0.0212  lr=1.0e-07  (210s)
epoch  38  loss=0.04076  dY=+0.7428 dU=-0.0144 dV=-0.0239  lr=1.0e-07  (210s)
epoch  39  loss=0.04074  dY=+0.7388 dU=-0.0153 dV=-0.0243  lr=1.0e-07  (211s)
epoch  40  loss=0.04076  dY=+0.7348 dU=-0.0112 dV=-0.0198  lr=1.0e-07  (211s)
epoch  41  loss=0.04073  dY=+0.7434 dU=-0.0160 dV=-0.0240  lr=1.0e-07  (211s)
epoch  42  loss=0.04077  dY=+0.7329 dU=-0.0114 dV=-0.0206  lr=1.0e-07  (211s)
epoch  43  loss=0.04076  dY=+0.7489 dU=-0.0133 dV=-0.0222  lr=1.0e-07  (210s)
epoch  44  loss=0.04079  dY=+0.7433 dU=-0.0141 dV=-0.0231  lr=1.0e-07  (211s)
epoch  45  loss=0.04065  dY=+0.7353 dU=-0.0121 dV=-0.0212  lr=1.0e-07  (211s)
epoch  46  loss=0.04068  dY=+0.7387 dU=-0.0147 dV=-0.0245  lr=1.0e-07  (210s)
epoch  47  loss=0.04063  dY=+0.7382 dU=-0.0106 dV=-0.0201  lr=1.0e-07  (210s)
epoch  48  loss=0.04065  dY=+0.7397 dU=-0.0143 dV=-0.0236  lr=1.0e-07  (210s)
epoch  49  loss=0.04076  dY=+0.7435 dU=-0.0130 dV=-0.0221  lr=1.0e-08  (210s)
[martell_hybrid_abl_allMV_off] done, best total gain +0.7149 dB
