[gpu_lock] train martell_hybrid_nometa_mqp_off: acquired after 0.0 min
[VTMOnlineDataset] train: 11829 triplets from 212 (video,QP) pairs
[VTMOnlineDataset] val: 1315 triplets from 212 (video,QP) pairs
[martell_hybrid_nometa_mqp_off] params=1,271,005 loss=hybrid wd=0.0001 train=11829 val=1315
epoch   0  loss=0.05845  dY=-0.0729 dU=-1.3575 dV=-1.6132  lr=1.0e-04  (223s)
epoch   1  loss=0.04569  dY=-0.0844 dU=-0.4924 dV=-0.6132  lr=1.0e-04  (215s)
epoch   2  loss=0.04527  dY=+0.0087 dU=-0.2807 dV=-0.3213  lr=1.0e-04  (215s)
epoch   3  loss=0.04490  dY=+0.0803 dU=-0.3523 dV=-0.4971  lr=1.0e-04  (215s)
epoch   4  loss=0.04417  dY=+0.2161 dU=-0.2605 dV=-0.2056  lr=1.0e-04  (215s)
epoch   5  loss=0.04356  dY=+0.2751 dU=-0.1277 dV=-0.1880  lr=1.0e-04  (215s)
epoch   6  loss=0.04320  dY=+0.3596 dU=-0.0968 dV=-0.1982  lr=1.0e-04  (216s)
epoch   7  loss=0.04265  dY=+0.4066 dU=-0.0369 dV=-0.0600  lr=1.0e-04  (217s)
epoch   8  loss=0.04245  dY=+0.4741 dU=-0.0111 dV=-0.0112  lr=1.0e-04  (218s)
epoch   9  loss=0.04222  dY=+0.5125 dU=-0.0019 dV=-0.0006  lr=1.0e-04  (216s)
epoch  10  loss=0.04210  dY=+0.4693 dU=-0.0025 dV=+0.0017  lr=1.0e-04  (215s)
epoch  11  loss=0.04199  dY=+0.5559 dU=+0.0018 dV=+0.0015  lr=1.0e-04  (215s)
epoch  12  loss=0.04194  dY=+0.5002 dU=+0.0013 dV=+0.0023  lr=1.0e-05  (215s)
epoch  13  loss=0.04122  dY=+0.6772 dU=+0.0035 dV=+0.0023  lr=1.0e-05  (215s)
epoch  14  loss=0.04111  dY=+0.6902 dU=+0.0037 dV=+0.0023  lr=1.0e-05  (215s)
epoch  15  loss=0.04119  dY=+0.7047 dU=+0.0033 dV=+0.0018  lr=1.0e-05  (215s)
epoch  16  loss=0.04095  dY=+0.6886 dU=+0.0035 dV=+0.0019  lr=1.0e-05  (215s)
epoch  17  loss=0.04088  dY=+0.7244 dU=+0.0027 dV=+0.0001  lr=1.0e-05  (215s)
epoch  18  loss=0.04095  dY=+0.7223 dU=+0.0039 dV=+0.0009  lr=1.0e-05  (215s)
epoch  19  loss=0.04093  dY=+0.7217 dU=+0.0035 dV=+0.0016  lr=1.0e-05  (216s)
epoch  20  loss=0.04083  dY=+0.7431 dU=+0.0030 dV=+0.0023  lr=1.0e-05  (215s)
epoch  21  loss=0.04075  dY=+0.7313 dU=+0.0038 dV=+0.0008  lr=1.0e-05  (215s)
epoch  22  loss=0.04068  dY=+0.7518 dU=+0.0028 dV=+0.0029  lr=1.0e-05  (217s)
epoch  23  loss=0.04065  dY=+0.7410 dU=+0.0033 dV=+0.0024  lr=1.0e-05  (216s)
epoch  24  loss=0.04075  dY=+0.7416 dU=+0.0031 dV=+0.0026  lr=1.0e-06  (215s)
epoch  25  loss=0.04067  dY=+0.7784 dU=+0.0038 dV=+0.0030  lr=1.0e-06  (215s)
epoch  26  loss=0.04063  dY=+0.7881 dU=+0.0033 dV=+0.0017  lr=1.0e-06  (215s)
epoch  27  loss=0.04048  dY=+0.7793 dU=+0.0032 dV=+0.0024  lr=1.0e-06  (214s)
epoch  28  loss=0.04052  dY=+0.7806 dU=+0.0034 dV=+0.0027  lr=1.0e-06  (215s)
epoch  29  loss=0.04054  dY=+0.7835 dU=+0.0037 dV=+0.0021  lr=1.0e-06  (215s)
epoch  30  loss=0.04040  dY=+0.7797 dU=+0.0036 dV=+0.0023  lr=1.0e-06  (215s)
epoch  31  loss=0.04047  dY=+0.7756 dU=+0.0034 dV=+0.0018  lr=1.0e-06  (216s)
epoch  32  loss=0.04053  dY=+0.7752 dU=+0.0036 dV=+0.0022  lr=1.0e-06  (215s)
epoch  33  loss=0.04044  dY=+0.7800 dU=+0.0035 dV=+0.0022  lr=1.0e-06  (215s)
epoch  34  loss=0.04054  dY=+0.7875 dU=+0.0036 dV=+0.0019  lr=1.0e-06  (215s)
epoch  35  loss=0.04043  dY=+0.7872 dU=+0.0033 dV=+0.0025  lr=1.0e-06  (215s)
epoch  36  loss=0.04046  dY=+0.7819 dU=+0.0032 dV=+0.0019  lr=1.0e-06  (215s)
epoch  37  loss=0.04052  dY=+0.7793 dU=+0.0032 dV=+0.0022  lr=1.0e-07  (215s)
epoch  38  loss=0.04050  dY=+0.7878 dU=+0.0037 dV=+0.0018  lr=1.0e-07  (216s)
epoch  39  loss=0.04053  dY=+0.7862 dU=+0.0040 dV=+0.0024  lr=1.0e-07  (215s)
epoch  40  loss=0.04049  dY=+0.7929 dU=+0.0038 dV=+0.0029  lr=1.0e-07  (215s)
epoch  41  loss=0.04046  dY=+0.7980 dU=+0.0036 dV=+0.0024  lr=1.0e-07  (215s)
epoch  42  loss=0.04039  dY=+0.7816 dU=+0.0034 dV=+0.0023  lr=1.0e-07  (215s)
epoch  43  loss=0.04039  dY=+0.7828 dU=+0.0038 dV=+0.0022  lr=1.0e-07  (215s)
epoch  44  loss=0.04042  dY=+0.7819 dU=+0.0033 dV=+0.0015  lr=1.0e-07  (215s)
epoch  45  loss=0.04047  dY=+0.7893 dU=+0.0039 dV=+0.0022  lr=1.0e-07  (215s)
epoch  46  loss=0.04053  dY=+0.7939 dU=+0.0037 dV=+0.0028  lr=1.0e-07  (215s)
epoch  47  loss=0.04054  dY=+0.7913 dU=+0.0041 dV=+0.0025  lr=1.0e-07  (215s)
epoch  48  loss=0.04047  dY=+0.7839 dU=+0.0035 dV=+0.0020  lr=1.0e-07  (215s)
epoch  49  loss=0.04038  dY=+0.7937 dU=+0.0030 dV=+0.0028  lr=1.0e-08  (216s)
[martell_hybrid_nometa_mqp_off] done, best total gain +0.8040 dB
