[gpu_lock] train martell_hybrid_mqp_off: waiting for exclusive GPU (0 min)
[gpu_lock] train martell_hybrid_mqp_off: acquired after 0.3 min
[VTMOnlineDataset] train: 11829 triplets from 212 (video,QP) pairs
[VTMOnlineDataset] val: 1315 triplets from 212 (video,QP) pairs
[martell_hybrid_mqp_off] params=1,292,384 loss=hybrid wd=0.0001 train=11829 val=1315
epoch   0  loss=0.05777  dY=-0.0718 dU=-0.9248 dV=-1.0257  lr=1.0e-04  (882s)
epoch   1  loss=0.04591  dY=-0.0257 dU=-0.3604 dV=-0.5021  lr=1.0e-04  (872s)
epoch   2  loss=0.04548  dY=-0.0477 dU=-0.5457 dV=-0.8217  lr=1.0e-04  (902s)
epoch   3  loss=0.04484  dY=+0.1138 dU=-0.3443 dV=-0.4320  lr=1.0e-04  (871s)
epoch   4  loss=0.04420  dY=+0.2124 dU=-0.1282 dV=-0.1630  lr=1.0e-04  (881s)
epoch   5  loss=0.04352  dY=+0.2938 dU=-0.2537 dV=-0.2796  lr=1.0e-04  (888s)
epoch   6  loss=0.04309  dY=+0.3517 dU=-0.1266 dV=-0.2483  lr=1.0e-04  (874s)
epoch   7  loss=0.04278  dY=+0.4022 dU=-0.0472 dV=-0.0807  lr=1.0e-04  (876s)
epoch   8  loss=0.04256  dY=+0.4577 dU=-0.0075 dV=-0.0306  lr=1.0e-04  (875s)
epoch   9  loss=0.04235  dY=+0.5180 dU=-0.0009 dV=-0.0202  lr=1.0e-04  (885s)
epoch  10  loss=0.04214  dY=+0.4537 dU=-0.0051 dV=-0.0113  lr=1.0e-04  (865s)
epoch  11  loss=0.04203  dY=+0.5114 dU=+0.0030 dV=+0.0016  lr=1.0e-04  (879s)
epoch  12  loss=0.04196  dY=+0.5227 dU=+0.0022 dV=-0.0078  lr=1.0e-05  (873s)
epoch  13  loss=0.04130  dY=+0.6572 dU=+0.0027 dV=+0.0014  lr=1.0e-05  (879s)
epoch  14  loss=0.04112  dY=+0.6842 dU=+0.0035 dV=+0.0030  lr=1.0e-05  (880s)
epoch  15  loss=0.04103  dY=+0.6858 dU=+0.0017 dV=+0.0021  lr=1.0e-05  (867s)
epoch  16  loss=0.04103  dY=+0.7049 dU=+0.0029 dV=+0.0024  lr=1.0e-05  (882s)
epoch  17  loss=0.04092  dY=+0.7029 dU=+0.0028 dV=+0.0022  lr=1.0e-05  (864s)
epoch  18  loss=0.04091  dY=+0.7126 dU=+0.0040 dV=-0.0006  lr=1.0e-05  (876s)
epoch  19  loss=0.04082  dY=+0.7197 dU=+0.0025 dV=+0.0018  lr=1.0e-05  (878s)
epoch  20  loss=0.04083  dY=+0.7267 dU=+0.0032 dV=+0.0014  lr=1.0e-05  (879s)
epoch  21  loss=0.04074  dY=+0.7277 dU=+0.0030 dV=+0.0022  lr=1.0e-05  (875s)
epoch  22  loss=0.04076  dY=+0.7519 dU=+0.0039 dV=+0.0019  lr=1.0e-05  (863s)
epoch  23  loss=0.04074  dY=+0.7632 dU=+0.0029 dV=+0.0024  lr=1.0e-05  (877s)
epoch  24  loss=0.04063  dY=+0.7458 dU=+0.0025 dV=+0.0018  lr=1.0e-06  (877s)
epoch  25  loss=0.04052  dY=+0.7740 dU=+0.0034 dV=+0.0017  lr=1.0e-06  (883s)
epoch  26  loss=0.04041  dY=+0.7799 dU=+0.0030 dV=+0.0028  lr=1.0e-06  (878s)
epoch  27  loss=0.04042  dY=+0.7716 dU=+0.0034 dV=+0.0016  lr=1.0e-06  (875s)
epoch  28  loss=0.04049  dY=+0.7781 dU=+0.0033 dV=+0.0021  lr=1.0e-06  (892s)
epoch  29  loss=0.04049  dY=+0.7762 dU=+0.0036 dV=+0.0023  lr=1.0e-06  (863s)
epoch  30  loss=0.04053  dY=+0.7804 dU=+0.0037 dV=+0.0024  lr=1.0e-06  (864s)
epoch  31  loss=0.04042  dY=+0.7869 dU=+0.0033 dV=+0.0015  lr=1.0e-06  (877s)
epoch  32  loss=0.04041  dY=+0.7938 dU=+0.0032 dV=+0.0015  lr=1.0e-06  (884s)
epoch  33  loss=0.04046  dY=+0.7945 dU=+0.0028 dV=+0.0020  lr=1.0e-06  (895s)
epoch  34  loss=0.04047  dY=+0.7901 dU=+0.0034 dV=+0.0023  lr=1.0e-06  (888s)
epoch  35  loss=0.04050  dY=+0.7808 dU=+0.0033 dV=+0.0019  lr=1.0e-06  (880s)
epoch  36  loss=0.04036  dY=+0.7875 dU=+0.0034 dV=+0.0023  lr=1.0e-06  (875s)
epoch  37  loss=0.04044  dY=+0.7787 dU=+0.0030 dV=+0.0019  lr=1.0e-07  (888s)
epoch  38  loss=0.04045  dY=+0.7906 dU=+0.0036 dV=+0.0026  lr=1.0e-07  (891s)
epoch  39  loss=0.04042  dY=+0.7863 dU=+0.0027 dV=+0.0024  lr=1.0e-07  (894s)
epoch  40  loss=0.04043  dY=+0.7536 dU=+0.0030 dV=+0.0025  lr=1.0e-07  (865s)
epoch  41  loss=0.04040  dY=+0.7900 dU=+0.0029 dV=+0.0015  lr=1.0e-07  (873s)
epoch  42  loss=0.04044  dY=+0.7626 dU=+0.0029 dV=+0.0011  lr=1.0e-07  (878s)
epoch  43  loss=0.04043  dY=+0.7878 dU=+0.0034 dV=+0.0019  lr=1.0e-07  (893s)
epoch  44  loss=0.04047  dY=+0.7941 dU=+0.0031 dV=+0.0029  lr=1.0e-07  (891s)
epoch  45  loss=0.04033  dY=+0.7848 dU=+0.0026 dV=+0.0025  lr=1.0e-07  (892s)
epoch  46  loss=0.04035  dY=+0.7916 dU=+0.0037 dV=+0.0025  lr=1.0e-07  (902s)
epoch  47  loss=0.04031  dY=+0.7681 dU=+0.0031 dV=+0.0022  lr=1.0e-07  (876s)
epoch  48  loss=0.04033  dY=+0.7900 dU=+0.0033 dV=+0.0027  lr=1.0e-07  (897s)
epoch  49  loss=0.04044  dY=+0.7914 dU=+0.0036 dV=+0.0023  lr=1.0e-08  (1094s)
[martell_hybrid_mqp_off] done, best total gain +0.8001 dB
