Loaded 2628 frame triplets for train
Loaded 329 frame triplets for val
Train: 2628  Val: 329
Params: 1,271,005
Loss = Y_multi_term + 1.0 * MSE(chroma)  (no metadata)
Logging to martell_hybrid_nometa_train.log
epoch   0  loss=0.08018 (Y=0.07488+1.0*UV=0.00530)  in=37.096  enh=33.713  ΔY=-1.0264  ΔU=-5.6659  ΔV=-7.7179  lr=1.0e-04  (68s)
epoch   1  loss=0.04813 (Y=0.04788+1.0*UV=0.00026)  in=37.209  enh=34.734  ΔY=-1.8448  ΔU=-3.7510  ΔV=-4.1345  lr=1.0e-04  (64s)
epoch   2  loss=0.04724 (Y=0.04706+1.0*UV=0.00018)  in=37.199  enh=35.794  ΔY=-0.9852  ΔU=-2.2953  ΔV=-2.8795  lr=1.0e-04  (66s)
epoch   3  loss=0.04677 (Y=0.04661+1.0*UV=0.00016)  in=37.046  enh=35.597  ΔY=-0.7548  ΔU=-1.9680  ΔV=-3.5268  lr=1.0e-04  (95s)
epoch   4  loss=0.04646 (Y=0.04632+1.0*UV=0.00014)  in=37.152  enh=35.821  ΔY=-0.5282  ΔU=-2.4652  ΔV=-3.0931  lr=1.0e-04  (71s)
epoch   5  loss=0.04628 (Y=0.04615+1.0*UV=0.00013)  in=37.205  enh=36.206  ΔY=-0.2856  ΔU=-2.2734  ΔV=-2.5187  lr=1.0e-04  (109s)
epoch   6  loss=0.04608 (Y=0.04595+1.0*UV=0.00012)  in=37.050  enh=36.175  ΔY=-0.2969  ΔU=-1.9296  ΔV=-2.1031  lr=1.0e-04  (110s)
epoch   7  loss=0.04583 (Y=0.04571+1.0*UV=0.00012)  in=37.224  enh=36.590  ΔY=-0.4377  ΔU=-1.0919  ΔV=-1.3037  lr=1.0e-04  (109s)
epoch   8  loss=0.04546 (Y=0.04535+1.0*UV=0.00011)  in=37.183  enh=35.742  ΔY=-1.0251  ΔU=-2.7645  ΔV=-2.0600  lr=1.0e-04  (107s)
epoch   9  loss=0.04550 (Y=0.04539+1.0*UV=0.00011)  in=37.193  enh=36.736  ΔY=-0.0026  ΔU=-1.4161  ΔV=-1.6125  lr=1.0e-04  (109s)
epoch  10  loss=0.04515 (Y=0.04504+1.0*UV=0.00011)  in=37.189  enh=36.846  ΔY=+0.1090  ΔU=-1.2457  ΔV=-1.4609  lr=1.0e-04  (113s)
epoch  11  loss=0.04550 (Y=0.04539+1.0*UV=0.00011)  in=37.125  enh=36.651  ΔY=+0.0200  ΔU=-1.1312  ΔV=-1.8550  lr=1.0e-04  (110s)
epoch  12  loss=0.04546 (Y=0.04535+1.0*UV=0.00011)  in=37.342  enh=36.850  ΔY=-0.1514  ΔU=-1.3848  ΔV=-1.2234  lr=1.0e-04  (107s)
epoch  13  loss=0.04464 (Y=0.04454+1.0*UV=0.00010)  in=36.963  enh=36.742  ΔY=+0.0226  ΔU=-0.7822  ΔV=-1.0142  lr=1.0e-04  (111s)
epoch  14  loss=0.04444 (Y=0.04434+1.0*UV=0.00010)  in=37.158  enh=37.021  ΔY=+0.1650  ΔU=-0.6198  ΔV=-1.1558  lr=1.0e-04  (98s)
epoch  15  loss=0.04445 (Y=0.04435+1.0*UV=0.00010)  in=37.186  enh=37.184  ΔY=+0.1940  ΔU=-0.4532  ΔV=-0.6918  lr=1.0e-04  (114s)
epoch  16  loss=0.04485 (Y=0.04474+1.0*UV=0.00010)  in=37.231  enh=36.969  ΔY=+0.2131  ΔU=-0.7943  ΔV=-1.4910  lr=1.0e-04  (103s)
epoch  17  loss=0.04470 (Y=0.04460+1.0*UV=0.00010)  in=37.001  enh=37.043  ΔY=+0.2065  ΔU=-0.3742  ΔV=-0.5537  lr=1.0e-04  (108s)
epoch  18  loss=0.04456 (Y=0.04446+1.0*UV=0.00010)  in=36.981  enh=36.883  ΔY=+0.1450  ΔU=-0.4791  ΔV=-0.9851  lr=1.0e-04  (112s)
epoch  19  loss=0.04438 (Y=0.04428+1.0*UV=0.00010)  in=37.187  enh=37.210  ΔY=+0.2583  ΔU=-0.5739  ΔV=-0.5431  lr=1.0e-04  (111s)
  saved checkpoints/martell_hybrid_nometa_epoch_20.pt
epoch  20  loss=0.04466 (Y=0.04456+1.0*UV=0.00010)  in=37.258  enh=37.294  ΔY=+0.2394  ΔU=-0.5065  ΔV=-0.5585  lr=1.0e-04  (110s)
epoch  21  loss=0.04420 (Y=0.04410+1.0*UV=0.00010)  in=37.207  enh=37.238  ΔY=+0.2491  ΔU=-0.3115  ΔV=-0.7378  lr=1.0e-04  (139s)
epoch  22  loss=0.04407 (Y=0.04398+1.0*UV=0.00010)  in=37.092  enh=37.204  ΔY=+0.2965  ΔU=-0.3769  ΔV=-0.4238  lr=1.0e-04  (184s)
epoch  23  loss=0.04440 (Y=0.04430+1.0*UV=0.00010)  in=37.066  enh=37.188  ΔY=+0.2992  ΔU=-0.3402  ΔV=-0.4157  lr=1.0e-04  (146s)
epoch  24  loss=0.04407 (Y=0.04397+1.0*UV=0.00010)  in=37.118  enh=37.151  ΔY=+0.3036  ΔU=-0.6383  ΔV=-0.5507  lr=1.0e-04  (148s)
epoch  25  loss=0.04377 (Y=0.04367+1.0*UV=0.00010)  in=37.159  enh=37.307  ΔY=+0.3024  ΔU=-0.2209  ΔV=-0.3547  lr=1.0e-04  (155s)
epoch  26  loss=0.04389 (Y=0.04380+1.0*UV=0.00009)  in=37.281  enh=37.448  ΔY=+0.3442  ΔU=-0.2488  ΔV=-0.3821  lr=1.0e-04  (162s)
epoch  27  loss=0.04358 (Y=0.04349+1.0*UV=0.00009)  in=37.237  enh=37.421  ΔY=+0.3579  ΔU=-0.2247  ΔV=-0.3768  lr=1.0e-04  (155s)
epoch  28  loss=0.04384 (Y=0.04375+1.0*UV=0.00010)  in=37.375  enh=37.576  ΔY=+0.3483  ΔU=-0.2432  ΔV=-0.1562  lr=1.0e-04  (150s)
epoch  29  loss=0.04307 (Y=0.04298+1.0*UV=0.00009)  in=36.924  enh=37.150  ΔY=+0.3635  ΔU=-0.0947  ΔV=-0.2333  lr=1.0e-04  (147s)
epoch  30  loss=0.04392 (Y=0.04383+1.0*UV=0.00009)  in=37.106  enh=37.329  ΔY=+0.3676  ΔU=-0.1198  ΔV=-0.2269  lr=1.0e-04  (152s)
epoch  31  loss=0.04352 (Y=0.04342+1.0*UV=0.00009)  in=37.096  enh=37.309  ΔY=+0.3484  ΔU=-0.1124  ΔV=-0.2244  lr=1.0e-04  (133s)
epoch  32  loss=0.04347 (Y=0.04338+1.0*UV=0.00009)  in=37.141  enh=37.385  ΔY=+0.3798  ΔU=-0.1010  ΔV=-0.1367  lr=1.0e-04  (153s)
epoch  33  loss=0.04348 (Y=0.04339+1.0*UV=0.00009)  in=37.149  enh=37.403  ΔY=+0.3826  ΔU=-0.0891  ΔV=-0.0778  lr=1.0e-04  (139s)
epoch  34  loss=0.04323 (Y=0.04314+1.0*UV=0.00009)  in=37.068  enh=37.344  ΔY=+0.4077  ΔU=-0.0439  ΔV=-0.1128  lr=1.0e-04  (146s)
epoch  35  loss=0.04389 (Y=0.04379+1.0*UV=0.00009)  in=37.114  enh=37.408  ΔY=+0.4201  ΔU=-0.0430  ΔV=-0.0336  lr=1.0e-04  (155s)
epoch  36  loss=0.04324 (Y=0.04315+1.0*UV=0.00009)  in=37.047  enh=37.336  ΔY=+0.4092  ΔU=-0.0307  ΔV=-0.0171  lr=1.0e-04  (141s)
epoch  37  loss=0.04328 (Y=0.04319+1.0*UV=0.00009)  in=37.039  enh=37.328  ΔY=+0.4248  ΔU=-0.0823  ΔV=-0.0441  lr=1.0e-04  (136s)
epoch  38  loss=0.04315 (Y=0.04306+1.0*UV=0.00009)  in=37.094  enh=37.387  ΔY=+0.4240  ΔU=-0.0604  ΔV=-0.0059  lr=1.0e-04  (156s)
epoch  39  loss=0.04369 (Y=0.04359+1.0*UV=0.00009)  in=37.217  enh=37.544  ΔY=+0.4515  ΔU=+0.0071  ΔV=+0.0061  lr=1.0e-04  (140s)
  saved checkpoints/martell_hybrid_nometa_epoch_40.pt
epoch  40  loss=0.04289 (Y=0.04280+1.0*UV=0.00009)  in=37.279  enh=37.571  ΔY=+0.4078  ΔU=+0.0025  ΔV=+0.0036  lr=1.0e-04  (144s)
epoch  41  loss=0.04333 (Y=0.04324+1.0*UV=0.00009)  in=37.007  enh=37.323  ΔY=+0.4349  ΔU=+0.0160  ΔV=+0.0096  lr=1.0e-04  (155s)
epoch  42  loss=0.04303 (Y=0.04294+1.0*UV=0.00009)  in=37.058  enh=37.372  ΔY=+0.4348  ΔU=+0.0121  ΔV=+0.0194  lr=1.0e-04  (139s)
epoch  43  loss=0.04301 (Y=0.04291+1.0*UV=0.00009)  in=37.265  enh=37.595  ΔY=+0.4595  ΔU=+0.0106  ΔV=+0.0146  lr=1.0e-04  (147s)
epoch  44  loss=0.04324 (Y=0.04315+1.0*UV=0.00009)  in=37.203  enh=37.527  ΔY=+0.4535  ΔU=+0.0114  ΔV=+0.0223  lr=1.0e-04  (99s)
epoch  45  loss=0.04334 (Y=0.04325+1.0*UV=0.00009)  in=37.091  enh=37.439  ΔY=+0.4885  ΔU=+0.0123  ΔV=+0.0023  lr=1.0e-04  (107s)
epoch  46  loss=0.04285 (Y=0.04276+1.0*UV=0.00009)  in=37.166  enh=37.526  ΔY=+0.5042  ΔU=+0.0134  ΔV=+0.0176  lr=1.0e-04  (104s)
epoch  47  loss=0.04283 (Y=0.04274+1.0*UV=0.00009)  in=36.957  enh=37.277  ΔY=+0.4488  ΔU=+0.0116  ΔV=+0.0154  lr=1.0e-04  (99s)
epoch  48  loss=0.04322 (Y=0.04313+1.0*UV=0.00009)  in=37.153  enh=37.538  ΔY=+0.5369  ΔU=+0.0148  ΔV=+0.0228  lr=1.0e-04  (103s)
epoch  49  loss=0.04273 (Y=0.04264+1.0*UV=0.00009)  in=37.154  enh=37.508  ΔY=+0.5000  ΔU=+0.0065  ΔV=+0.0175  lr=1.0e-05  (95s)
epoch  50  loss=0.04256 (Y=0.04247+1.0*UV=0.00009)  in=37.200  enh=37.662  ΔY=+0.6573  ΔU=+0.0078  ΔV=+0.0184  lr=1.0e-05  (103s)
epoch  51  loss=0.04224 (Y=0.04215+1.0*UV=0.00009)  in=37.087  enh=37.560  ΔY=+0.6804  ΔU=+0.0059  ΔV=+0.0150  lr=1.0e-05  (107s)
epoch  52  loss=0.04220 (Y=0.04211+1.0*UV=0.00009)  in=37.171  enh=37.657  ΔY=+0.7020  ΔU=+0.0151  ΔV=+0.0103  lr=1.0e-05  (107s)
epoch  53  loss=0.04228 (Y=0.04219+1.0*UV=0.00009)  in=37.025  enh=37.499  ΔY=+0.6817  ΔU=+0.0115  ΔV=+0.0177  lr=1.0e-05  (109s)
epoch  54  loss=0.04206 (Y=0.04197+1.0*UV=0.00009)  in=36.938  enh=37.431  ΔY=+0.7084  ΔU=+0.0133  ΔV=+0.0236  lr=1.0e-05  (108s)
epoch  55  loss=0.04209 (Y=0.04200+1.0*UV=0.00009)  in=37.048  enh=37.545  ΔY=+0.7189  ΔU=+0.0123  ΔV=+0.0114  lr=1.0e-05  (103s)
epoch  56  loss=0.04174 (Y=0.04165+1.0*UV=0.00009)  in=37.195  enh=37.696  ΔY=+0.7260  ΔU=+0.0132  ΔV=+0.0206  lr=1.0e-05  (107s)
epoch  57  loss=0.04221 (Y=0.04212+1.0*UV=0.00009)  in=37.066  enh=37.571  ΔY=+0.7317  ΔU=+0.0186  ΔV=+0.0195  lr=1.0e-05  (105s)
epoch  58  loss=0.04182 (Y=0.04173+1.0*UV=0.00009)  in=36.959  enh=37.475  ΔY=+0.7551  ΔU=-0.0001  ΔV=+0.0188  lr=1.0e-05  (105s)
epoch  59  loss=0.04205 (Y=0.04196+1.0*UV=0.00009)  in=37.143  enh=37.668  ΔY=+0.7635  ΔU=+0.0102  ΔV=+0.0252  lr=1.0e-05  (97s)
  saved checkpoints/martell_hybrid_nometa_epoch_60.pt
epoch  60  loss=0.04222 (Y=0.04213+1.0*UV=0.00009)  in=36.990  enh=37.519  ΔY=+0.7718  ΔU=+0.0209  ΔV=+0.0138  lr=1.0e-05  (63s)
epoch  61  loss=0.04193 (Y=0.04184+1.0*UV=0.00009)  in=37.230  enh=37.737  ΔY=+0.7413  ΔU=-0.0005  ΔV=+0.0111  lr=1.0e-05  (64s)
epoch  62  loss=0.04186 (Y=0.04177+1.0*UV=0.00009)  in=37.007  enh=37.539  ΔY=+0.7748  ΔU=+0.0152  ΔV=+0.0176  lr=1.0e-05  (64s)
epoch  63  loss=0.04195 (Y=0.04186+1.0*UV=0.00009)  in=37.241  enh=37.762  ΔY=+0.7680  ΔU=+0.0117  ΔV=+0.0280  lr=1.0e-05  (63s)
epoch  64  loss=0.04152 (Y=0.04143+1.0*UV=0.00009)  in=37.138  enh=37.668  ΔY=+0.7758  ΔU=+0.0155  ΔV=+0.0186  lr=1.0e-05  (65s)
epoch  65  loss=0.04164 (Y=0.04155+1.0*UV=0.00009)  in=36.922  enh=37.453  ΔY=+0.7734  ΔU=+0.0157  ΔV=+0.0135  lr=1.0e-05  (64s)
epoch  66  loss=0.04176 (Y=0.04167+1.0*UV=0.00009)  in=37.171  enh=37.727  ΔY=+0.8138  ΔU=+0.0132  ΔV=+0.0234  lr=1.0e-05  (66s)
epoch  67  loss=0.04152 (Y=0.04143+1.0*UV=0.00009)  in=37.101  enh=37.623  ΔY=+0.7663  ΔU=+0.0082  ΔV=+0.0151  lr=1.0e-05  (64s)
epoch  68  loss=0.04159 (Y=0.04150+1.0*UV=0.00009)  in=37.093  enh=37.632  ΔY=+0.7902  ΔU=+0.0173  ΔV=+0.0173  lr=1.0e-05  (63s)
epoch  69  loss=0.04184 (Y=0.04175+1.0*UV=0.00009)  in=37.039  enh=37.573  ΔY=+0.7838  ΔU=+0.0113  ΔV=+0.0165  lr=1.0e-05  (65s)
epoch  70  loss=0.04165 (Y=0.04156+1.0*UV=0.00009)  in=37.010  enh=37.543  ΔY=+0.7786  ΔU=+0.0099  ΔV=+0.0204  lr=1.0e-05  (64s)
epoch  71  loss=0.04151 (Y=0.04142+1.0*UV=0.00009)  in=37.006  enh=37.562  ΔY=+0.8209  ΔU=+0.0134  ΔV=+0.0180  lr=1.0e-05  (63s)
epoch  72  loss=0.04148 (Y=0.04139+1.0*UV=0.00009)  in=37.063  enh=37.616  ΔY=+0.8176  ΔU=+0.0164  ΔV=+0.0170  lr=1.0e-05  (64s)
epoch  73  loss=0.04158 (Y=0.04149+1.0*UV=0.00009)  in=37.096  enh=37.659  ΔY=+0.8288  ΔU=+0.0066  ΔV=+0.0268  lr=1.0e-05  (62s)
epoch  74  loss=0.04197 (Y=0.04188+1.0*UV=0.00009)  in=37.049  enh=37.612  ΔY=+0.8337  ΔU=+0.0117  ΔV=+0.0101  lr=1.0e-05  (65s)
epoch  75  loss=0.04159 (Y=0.04150+1.0*UV=0.00009)  in=37.046  enh=37.594  ΔY=+0.8087  ΔU=+0.0123  ΔV=+0.0045  lr=1.0e-05  (64s)
epoch  76  loss=0.04129 (Y=0.04120+1.0*UV=0.00009)  in=37.024  enh=37.589  ΔY=+0.8391  ΔU=+0.0060  ΔV=+0.0041  lr=1.0e-05  (63s)
epoch  77  loss=0.04139 (Y=0.04130+1.0*UV=0.00009)  in=37.108  enh=37.676  ΔY=+0.8385  ΔU=+0.0107  ΔV=+0.0096  lr=1.0e-05  (63s)
epoch  78  loss=0.04131 (Y=0.04122+1.0*UV=0.00009)  in=37.148  enh=37.718  ΔY=+0.8397  ΔU=+0.0030  ΔV=+0.0122  lr=1.0e-05  (63s)
epoch  79  loss=0.04144 (Y=0.04135+1.0*UV=0.00009)  in=37.274  enh=37.847  ΔY=+0.8511  ΔU=+0.0139  ΔV=+0.0160  lr=1.0e-05  (63s)
  saved checkpoints/martell_hybrid_nometa_epoch_80.pt
epoch  80  loss=0.04133 (Y=0.04124+1.0*UV=0.00009)  in=37.081  enh=37.660  ΔY=+0.8558  ΔU=+0.0130  ΔV=+0.0254  lr=1.0e-05  (64s)
epoch  81  loss=0.04130 (Y=0.04121+1.0*UV=0.00009)  in=37.163  enh=37.732  ΔY=+0.8446  ΔU=+0.0074  ΔV=+0.0265  lr=1.0e-05  (63s)
epoch  82  loss=0.04114 (Y=0.04105+1.0*UV=0.00009)  in=37.248  enh=37.845  ΔY=+0.8881  ΔU=+0.0176  ΔV=+0.0206  lr=1.0e-05  (66s)
epoch  83  loss=0.04156 (Y=0.04147+1.0*UV=0.00009)  in=37.019  enh=37.599  ΔY=+0.8628  ΔU=+0.0088  ΔV=+0.0071  lr=1.0e-05  (65s)
epoch  84  loss=0.04145 (Y=0.04136+1.0*UV=0.00009)  in=37.085  enh=37.671  ΔY=+0.8684  ΔU=+0.0050  ΔV=+0.0159  lr=1.0e-05  (63s)
epoch  85  loss=0.04153 (Y=0.04144+1.0*UV=0.00009)  in=37.104  enh=37.686  ΔY=+0.8626  ΔU=+0.0119  ΔV=+0.0172  lr=1.0e-05  (64s)
epoch  86  loss=0.04124 (Y=0.04115+1.0*UV=0.00009)  in=37.416  enh=37.986  ΔY=+0.8435  ΔU=+0.0212  ΔV=+0.0226  lr=1.0e-05  (63s)
epoch  87  loss=0.04155 (Y=0.04145+1.0*UV=0.00009)  in=37.171  enh=37.758  ΔY=+0.8670  ΔU=+0.0079  ΔV=+0.0243  lr=1.0e-05  (63s)
epoch  88  loss=0.04128 (Y=0.04119+1.0*UV=0.00009)  in=37.070  enh=37.644  ΔY=+0.8535  ΔU=+0.0111  ΔV=+0.0104  lr=1.0e-05  (64s)
epoch  89  loss=0.04104 (Y=0.04095+1.0*UV=0.00009)  in=37.180  enh=37.763  ΔY=+0.8638  ΔU=+0.0076  ΔV=+0.0294  lr=1.0e-05  (64s)
epoch  90  loss=0.04149 (Y=0.04140+1.0*UV=0.00009)  in=37.131  enh=37.719  ΔY=+0.8755  ΔU=+0.0166  ΔV=+0.0018  lr=1.0e-05  (66s)
epoch  91  loss=0.04134 (Y=0.04125+1.0*UV=0.00009)  in=37.337  enh=37.917  ΔY=+0.8614  ΔU=+0.0070  ΔV=+0.0211  lr=1.0e-05  (66s)
epoch  92  loss=0.04121 (Y=0.04112+1.0*UV=0.00009)  in=37.075  enh=37.666  ΔY=+0.8819  ΔU=+0.0097  ΔV=+0.0091  lr=1.0e-05  (65s)
epoch  93  loss=0.04157 (Y=0.04148+1.0*UV=0.00009)  in=37.012  enh=37.616  ΔY=+0.8985  ΔU=+0.0059  ΔV=+0.0161  lr=1.0e-05  (63s)
epoch  94  loss=0.04126 (Y=0.04117+1.0*UV=0.00009)  in=37.125  enh=37.712  ΔY=+0.8742  ΔU=+0.0118  ΔV=+0.0132  lr=1.0e-05  (62s)
epoch  95  loss=0.04125 (Y=0.04116+1.0*UV=0.00009)  in=37.139  enh=37.740  ΔY=+0.9049  ΔU=+0.0135  ΔV=+0.0134  lr=1.0e-05  (63s)
epoch  96  loss=0.04125 (Y=0.04116+1.0*UV=0.00009)  in=37.086  enh=37.671  ΔY=+0.8646  ΔU=+0.0106  ΔV=+0.0122  lr=1.0e-05  (66s)
epoch  97  loss=0.04099 (Y=0.04090+1.0*UV=0.00009)  in=37.160  enh=37.761  ΔY=+0.8998  ΔU=+0.0147  ΔV=+0.0178  lr=1.0e-05  (63s)
epoch  98  loss=0.04115 (Y=0.04106+1.0*UV=0.00009)  in=37.261  enh=37.856  ΔY=+0.8899  ΔU=+0.0072  ΔV=+0.0180  lr=1.0e-05  (62s)
epoch  99  loss=0.04114 (Y=0.04105+1.0*UV=0.00009)  in=37.234  enh=37.821  ΔY=+0.8714  ΔU=+0.0152  ΔV=+0.0325  lr=1.0e-06  (62s)
  saved checkpoints/martell_hybrid_nometa_epoch_100.pt
epoch 100  loss=0.04132 (Y=0.04123+1.0*UV=0.00009)  in=36.976  enh=37.590  ΔY=+0.9254  ΔU=+0.0146  ΔV=+0.0105  lr=1.0e-06  (64s)
epoch 101  loss=0.04124 (Y=0.04115+1.0*UV=0.00009)  in=37.299  enh=37.912  ΔY=+0.9133  ΔU=+0.0165  ΔV=+0.0060  lr=1.0e-06  (62s)
epoch 102  loss=0.04082 (Y=0.04073+1.0*UV=0.00009)  in=36.974  enh=37.604  ΔY=+0.9369  ΔU=+0.0095  ΔV=+0.0167  lr=1.0e-06  (65s)
epoch 103  loss=0.04106 (Y=0.04097+1.0*UV=0.00009)  in=37.165  enh=37.788  ΔY=+0.9417  ΔU=+0.0112  ΔV=+0.0187  lr=1.0e-06  (64s)
epoch 104  loss=0.04090 (Y=0.04081+1.0*UV=0.00009)  in=36.965  enh=37.579  ΔY=+0.9257  ΔU=+0.0082  ΔV=+0.0103  lr=1.0e-06  (64s)
epoch 105  loss=0.04125 (Y=0.04115+1.0*UV=0.00009)  in=37.106  enh=37.724  ΔY=+0.9203  ΔU=+0.0048  ΔV=+0.0204  lr=1.0e-06  (64s)
epoch 106  loss=0.04129 (Y=0.04120+1.0*UV=0.00009)  in=37.157  enh=37.772  ΔY=+0.9249  ΔU=+0.0150  ΔV=+0.0160  lr=1.0e-06  (63s)
epoch 107  loss=0.04148 (Y=0.04139+1.0*UV=0.00009)  in=37.098  enh=37.728  ΔY=+0.9492  ΔU=+0.0042  ΔV=+0.0169  lr=1.0e-06  (62s)
epoch 108  loss=0.04083 (Y=0.04074+1.0*UV=0.00009)  in=37.099  enh=37.732  ΔY=+0.9499  ΔU=+0.0087  ΔV=+0.0136  lr=1.0e-06  (63s)
epoch 109  loss=0.04087 (Y=0.04078+1.0*UV=0.00009)  in=37.045  enh=37.679  ΔY=+0.9541  ΔU=+0.0085  ΔV=+0.0138  lr=1.0e-06  (64s)
epoch 110  loss=0.04108 (Y=0.04099+1.0*UV=0.00009)  in=37.032  enh=37.664  ΔY=+0.9515  ΔU=+0.0065  ΔV=+0.0138  lr=1.0e-06  (62s)
epoch 111  loss=0.04111 (Y=0.04102+1.0*UV=0.00009)  in=36.959  enh=37.589  ΔY=+0.9460  ΔU=+0.0129  ΔV=+0.0158  lr=1.0e-06  (63s)
epoch 112  loss=0.04100 (Y=0.04091+1.0*UV=0.00009)  in=37.090  enh=37.709  ΔY=+0.9362  ΔU=+0.0068  ΔV=+0.0206  lr=1.0e-06  (62s)
epoch 113  loss=0.04071 (Y=0.04062+1.0*UV=0.00009)  in=37.125  enh=37.734  ΔY=+0.9104  ΔU=+0.0138  ΔV=+0.0176  lr=1.0e-06  (64s)
epoch 114  loss=0.04139 (Y=0.04129+1.0*UV=0.00009)  in=37.012  enh=37.640  ΔY=+0.9424  ΔU=+0.0126  ΔV=+0.0219  lr=1.0e-06  (66s)
epoch 115  loss=0.04089 (Y=0.04080+1.0*UV=0.00009)  in=37.198  enh=37.836  ΔY=+0.9557  ΔU=+0.0088  ΔV=+0.0186  lr=1.0e-06  (65s)
epoch 116  loss=0.04115 (Y=0.04106+1.0*UV=0.00009)  in=37.197  enh=37.830  ΔY=+0.9476  ΔU=+0.0154  ΔV=+0.0169  lr=1.0e-06  (64s)
epoch 117  loss=0.04090 (Y=0.04081+1.0*UV=0.00009)  in=37.111  enh=37.730  ΔY=+0.9261  ΔU=+0.0136  ΔV=+0.0189  lr=1.0e-06  (61s)
epoch 118  loss=0.04096 (Y=0.04086+1.0*UV=0.00009)  in=36.892  enh=37.534  ΔY=+0.9655  ΔU=+0.0138  ΔV=+0.0194  lr=1.0e-06  (65s)
epoch 119  loss=0.04072 (Y=0.04063+1.0*UV=0.00009)  in=37.209  enh=37.843  ΔY=+0.9546  ΔU=+0.0052  ΔV=+0.0134  lr=1.0e-06  (65s)
  saved checkpoints/martell_hybrid_nometa_epoch_120.pt
epoch 120  loss=0.04094 (Y=0.04085+1.0*UV=0.00009)  in=37.042  enh=37.679  ΔY=+0.9613  ΔU=+0.0104  ΔV=+0.0200  lr=1.0e-06  (66s)
epoch 121  loss=0.04100 (Y=0.04091+1.0*UV=0.00009)  in=37.095  enh=37.720  ΔY=+0.9352  ΔU=+0.0128  ΔV=+0.0040  lr=1.0e-06  (66s)
epoch 122  loss=0.04068 (Y=0.04059+1.0*UV=0.00009)  in=37.034  enh=37.661  ΔY=+0.9420  ΔU=+0.0147  ΔV=+0.0050  lr=1.0e-06  (64s)
epoch 123  loss=0.04126 (Y=0.04117+1.0*UV=0.00009)  in=36.958  enh=37.600  ΔY=+0.9615  ΔU=+0.0085  ΔV=+0.0153  lr=1.0e-06  (64s)
epoch 124  loss=0.04112 (Y=0.04103+1.0*UV=0.00009)  in=37.038  enh=37.657  ΔY=+0.9216  ΔU=+0.0094  ΔV=+0.0084  lr=1.0e-06  (64s)
epoch 125  loss=0.04101 (Y=0.04092+1.0*UV=0.00009)  in=37.270  enh=37.889  ΔY=+0.9294  ΔU=+0.0112  ΔV=+0.0176  lr=1.0e-06  (63s)
epoch 126  loss=0.04095 (Y=0.04086+1.0*UV=0.00009)  in=37.221  enh=37.836  ΔY=+0.9236  ΔU=+0.0112  ΔV=+0.0155  lr=1.0e-06  (65s)
epoch 127  loss=0.04156 (Y=0.04147+1.0*UV=0.00009)  in=37.081  enh=37.717  ΔY=+0.9530  ΔU=+0.0104  ΔV=+0.0188  lr=1.0e-06  (63s)
epoch 128  loss=0.04103 (Y=0.04094+1.0*UV=0.00009)  in=37.129  enh=37.762  ΔY=+0.9532  ΔU=+0.0193  ΔV=+0.0140  lr=1.0e-06  (66s)
epoch 129  loss=0.04089 (Y=0.04080+1.0*UV=0.00009)  in=36.922  enh=37.553  ΔY=+0.9538  ΔU=+0.0098  ΔV=+0.0102  lr=1.0e-06  (64s)
epoch 130  loss=0.04107 (Y=0.04098+1.0*UV=0.00009)  in=36.933  enh=37.567  ΔY=+0.9515  ΔU=+0.0116  ΔV=+0.0229  lr=1.0e-06  (64s)
epoch 131  loss=0.04075 (Y=0.04066+1.0*UV=0.00009)  in=37.000  enh=37.632  ΔY=+0.9572  ΔU=+0.0106  ΔV=+0.0183  lr=1.0e-06  (64s)
epoch 132  loss=0.04076 (Y=0.04067+1.0*UV=0.00009)  in=37.032  enh=37.643  ΔY=+0.9148  ΔU=+0.0145  ΔV=+0.0207  lr=1.0e-06  (65s)
epoch 133  loss=0.04082 (Y=0.04073+1.0*UV=0.00009)  in=37.004  enh=37.626  ΔY=+0.9328  ΔU=+0.0182  ΔV=+0.0143  lr=1.0e-06  (64s)
epoch 134  loss=0.04087 (Y=0.04078+1.0*UV=0.00009)  in=37.061  enh=37.688  ΔY=+0.9433  ΔU=+0.0155  ΔV=+0.0100  lr=1.0e-06  (61s)
epoch 135  loss=0.04099 (Y=0.04090+1.0*UV=0.00009)  in=37.063  enh=37.692  ΔY=+0.9453  ΔU=+0.0139  ΔV=+0.0174  lr=1.0e-06  (64s)
epoch 136  loss=0.04081 (Y=0.04072+1.0*UV=0.00009)  in=37.017  enh=37.647  ΔY=+0.9470  ΔU=+0.0113  ΔV=+0.0173  lr=1.0e-06  (64s)
epoch 137  loss=0.04117 (Y=0.04108+1.0*UV=0.00009)  in=36.984  enh=37.613  ΔY=+0.9496  ΔU=+0.0054  ΔV=+0.0273  lr=1.0e-06  (63s)
epoch 138  loss=0.04107 (Y=0.04098+1.0*UV=0.00009)  in=37.090  enh=37.738  ΔY=+0.9763  ΔU=+0.0059  ΔV=+0.0209  lr=1.0e-06  (64s)
epoch 139  loss=0.04067 (Y=0.04058+1.0*UV=0.00009)  in=37.244  enh=37.888  ΔY=+0.9608  ΔU=+0.0114  ΔV=+0.0183  lr=1.0e-06  (66s)
  saved checkpoints/martell_hybrid_nometa_epoch_140.pt
epoch 140  loss=0.04114 (Y=0.04105+1.0*UV=0.00009)  in=37.117  enh=37.744  ΔY=+0.9475  ΔU=+0.0098  ΔV=+0.0224  lr=1.0e-06  (62s)
epoch 141  loss=0.04098 (Y=0.04089+1.0*UV=0.00009)  in=37.141  enh=37.784  ΔY=+0.9700  ΔU=+0.0069  ΔV=+0.0225  lr=1.0e-06  (66s)
epoch 142  loss=0.04115 (Y=0.04106+1.0*UV=0.00009)  in=37.031  enh=37.664  ΔY=+0.9542  ΔU=+0.0126  ΔV=+0.0148  lr=1.0e-06  (62s)
epoch 143  loss=0.04077 (Y=0.04068+1.0*UV=0.00009)  in=36.919  enh=37.558  ΔY=+0.9571  ΔU=+0.0111  ΔV=+0.0226  lr=1.0e-06  (63s)
epoch 144  loss=0.04098 (Y=0.04089+1.0*UV=0.00009)  in=37.150  enh=37.788  ΔY=+0.9660  ΔU=+0.0104  ΔV=+0.0121  lr=1.0e-06  (64s)
epoch 145  loss=0.04071 (Y=0.04062+1.0*UV=0.00009)  in=37.035  enh=37.680  ΔY=+0.9638  ΔU=+0.0122  ΔV=+0.0226  lr=1.0e-06  (65s)
epoch 146  loss=0.04045 (Y=0.04036+1.0*UV=0.00009)  in=37.048  enh=37.684  ΔY=+0.9499  ΔU=+0.0121  ΔV=+0.0114  lr=1.0e-06  (66s)
epoch 147  loss=0.04069 (Y=0.04060+1.0*UV=0.00009)  in=37.112  enh=37.759  ΔY=+0.9687  ΔU=+0.0124  ΔV=+0.0235  lr=1.0e-06  (63s)
epoch 148  loss=0.04060 (Y=0.04051+1.0*UV=0.00009)  in=37.171  enh=37.795  ΔY=+0.9391  ΔU=+0.0056  ΔV=+0.0154  lr=1.0e-06  (64s)
epoch 149  loss=0.04114 (Y=0.04105+1.0*UV=0.00009)  in=37.096  enh=37.728  ΔY=+0.9616  ΔU=+0.0082  ΔV=+0.0138  lr=1.0e-07  (66s)
epoch 150  loss=0.04077 (Y=0.04068+1.0*UV=0.00009)  in=37.271  enh=37.909  ΔY=+0.9567  ΔU=+0.0117  ΔV=+0.0165  lr=1.0e-07  (61s)
epoch 151  loss=0.04098 (Y=0.04089+1.0*UV=0.00009)  in=37.012  enh=37.647  ΔY=+0.9489  ΔU=+0.0137  ΔV=+0.0192  lr=1.0e-07  (64s)
epoch 152  loss=0.04084 (Y=0.04075+1.0*UV=0.00009)  in=37.330  enh=37.973  ΔY=+0.9689  ΔU=+0.0088  ΔV=+0.0254  lr=1.0e-07  (65s)
epoch 153  loss=0.04108 (Y=0.04099+1.0*UV=0.00009)  in=37.108  enh=37.748  ΔY=+0.9668  ΔU=+0.0132  ΔV=+0.0151  lr=1.0e-07  (65s)
epoch 154  loss=0.04143 (Y=0.04134+1.0*UV=0.00009)  in=37.192  enh=37.828  ΔY=+0.9566  ΔU=+0.0105  ΔV=+0.0089  lr=1.0e-07  (64s)
epoch 155  loss=0.04073 (Y=0.04064+1.0*UV=0.00009)  in=37.188  enh=37.840  ΔY=+0.9704  ΔU=+0.0145  ΔV=+0.0169  lr=1.0e-07  (64s)
epoch 156  loss=0.04080 (Y=0.04070+1.0*UV=0.00009)  in=37.020  enh=37.671  ΔY=+0.9768  ΔU=+0.0106  ΔV=+0.0174  lr=1.0e-07  (64s)
epoch 157  loss=0.04094 (Y=0.04085+1.0*UV=0.00009)  in=37.144  enh=37.782  ΔY=+0.9575  ΔU=+0.0120  ΔV=+0.0140  lr=1.0e-07  (64s)
epoch 158  loss=0.04106 (Y=0.04096+1.0*UV=0.00009)  in=37.332  enh=37.982  ΔY=+0.9762  ΔU=+0.0054  ΔV=+0.0167  lr=1.0e-07  (64s)
epoch 159  loss=0.04081 (Y=0.04071+1.0*UV=0.00009)  in=37.335  enh=37.956  ΔY=+0.9379  ΔU=+0.0191  ΔV=+0.0240  lr=1.0e-07  (63s)
  saved checkpoints/martell_hybrid_nometa_epoch_160.pt
epoch 160  loss=0.04106 (Y=0.04097+1.0*UV=0.00009)  in=37.032  enh=37.672  ΔY=+0.9639  ΔU=+0.0062  ΔV=+0.0143  lr=1.0e-07  (67s)
epoch 161  loss=0.04100 (Y=0.04091+1.0*UV=0.00009)  in=37.231  enh=37.867  ΔY=+0.9532  ΔU=+0.0123  ΔV=+0.0192  lr=1.0e-07  (62s)
epoch 162  loss=0.04098 (Y=0.04089+1.0*UV=0.00009)  in=37.163  enh=37.806  ΔY=+0.9628  ΔU=+0.0063  ΔV=+0.0146  lr=1.0e-07  (65s)
epoch 163  loss=0.04087 (Y=0.04077+1.0*UV=0.00009)  in=37.108  enh=37.739  ΔY=+0.9428  ΔU=+0.0198  ΔV=+0.0145  lr=1.0e-07  (63s)
epoch 164  loss=0.04112 (Y=0.04103+1.0*UV=0.00009)  in=37.037  enh=37.659  ΔY=+0.9243  ΔU=+0.0135  ΔV=+0.0202  lr=1.0e-07  (66s)
epoch 165  loss=0.04104 (Y=0.04095+1.0*UV=0.00009)  in=37.276  enh=37.920  ΔY=+0.9733  ΔU=+0.0149  ΔV=+0.0104  lr=1.0e-07  (63s)
epoch 166  loss=0.04057 (Y=0.04048+1.0*UV=0.00009)  in=37.351  enh=37.976  ΔY=+0.9439  ΔU=+0.0126  ΔV=+0.0149  lr=1.0e-07  (63s)
epoch 167  loss=0.04103 (Y=0.04094+1.0*UV=0.00009)  in=37.036  enh=37.645  ΔY=+0.9106  ΔU=+0.0162  ΔV=+0.0193  lr=1.0e-07  (65s)
epoch 168  loss=0.04077 (Y=0.04068+1.0*UV=0.00009)  in=37.128  enh=37.762  ΔY=+0.9573  ΔU=+0.0171  ΔV=+0.0218  lr=1.0e-07  (66s)
epoch 169  loss=0.04099 (Y=0.04090+1.0*UV=0.00009)  in=37.115  enh=37.748  ΔY=+0.9529  ΔU=+0.0127  ΔV=+0.0261  lr=1.0e-07  (63s)
epoch 170  loss=0.04064 (Y=0.04055+1.0*UV=0.00009)  in=37.130  enh=37.755  ΔY=+0.9376  ΔU=+0.0144  ΔV=+0.0165  lr=1.0e-07  (64s)
epoch 171  loss=0.04094 (Y=0.04085+1.0*UV=0.00009)  in=37.169  enh=37.808  ΔY=+0.9630  ΔU=+0.0054  ΔV=+0.0208  lr=1.0e-07  (68s)
epoch 172  loss=0.04096 (Y=0.04086+1.0*UV=0.00009)  in=37.087  enh=37.716  ΔY=+0.9563  ΔU=+0.0122  ΔV=+0.0154  lr=1.0e-07  (64s)
epoch 173  loss=0.04104 (Y=0.04095+1.0*UV=0.00009)  in=37.094  enh=37.737  ΔY=+0.9751  ΔU=+0.0110  ΔV=+0.0113  lr=1.0e-07  (64s)
epoch 174  loss=0.04123 (Y=0.04114+1.0*UV=0.00009)  in=36.839  enh=37.480  ΔY=+0.9571  ΔU=+0.0100  ΔV=+0.0235  lr=1.0e-07  (66s)
epoch 175  loss=0.04107 (Y=0.04097+1.0*UV=0.00009)  in=37.306  enh=37.962  ΔY=+0.9887  ΔU=+0.0066  ΔV=+0.0161  lr=1.0e-07  (63s)
epoch 176  loss=0.04075 (Y=0.04066+1.0*UV=0.00009)  in=37.128  enh=37.765  ΔY=+0.9570  ΔU=+0.0159  ΔV=+0.0146  lr=1.0e-07  (66s)
epoch 177  loss=0.04099 (Y=0.04090+1.0*UV=0.00009)  in=37.220  enh=37.865  ΔY=+0.9724  ΔU=+0.0080  ΔV=+0.0230  lr=1.0e-07  (64s)
epoch 178  loss=0.04065 (Y=0.04055+1.0*UV=0.00009)  in=37.212  enh=37.849  ΔY=+0.9629  ΔU=+0.0091  ΔV=+0.0157  lr=1.0e-07  (63s)
epoch 179  loss=0.04093 (Y=0.04084+1.0*UV=0.00009)  in=37.043  enh=37.679  ΔY=+0.9572  ΔU=+0.0079  ΔV=+0.0276  lr=1.0e-07  (64s)
  saved checkpoints/martell_hybrid_nometa_epoch_180.pt
epoch 180  loss=0.04104 (Y=0.04095+1.0*UV=0.00009)  in=37.081  enh=37.728  ΔY=+0.9732  ΔU=+0.0191  ΔV=+0.0100  lr=1.0e-07  (66s)
epoch 181  loss=0.04082 (Y=0.04073+1.0*UV=0.00009)  in=37.110  enh=37.762  ΔY=+0.9780  ΔU=+0.0132  ΔV=+0.0096  lr=1.0e-07  (66s)
epoch 182  loss=0.04130 (Y=0.04121+1.0*UV=0.00009)  in=36.993  enh=37.628  ΔY=+0.9542  ΔU=+0.0146  ΔV=+0.0142  lr=1.0e-07  (65s)
epoch 183  loss=0.04093 (Y=0.04084+1.0*UV=0.00009)  in=37.298  enh=37.933  ΔY=+0.9585  ΔU=+0.0076  ΔV=+0.0207  lr=1.0e-07  (64s)
epoch 184  loss=0.04118 (Y=0.04109+1.0*UV=0.00009)  in=37.236  enh=37.879  ΔY=+0.9611  ΔU=+0.0122  ΔV=+0.0224  lr=1.0e-07  (62s)
epoch 185  loss=0.04087 (Y=0.04078+1.0*UV=0.00009)  in=36.962  enh=37.583  ΔY=+0.9334  ΔU=+0.0163  ΔV=+0.0195  lr=1.0e-07  (65s)
epoch 186  loss=0.04079 (Y=0.04070+1.0*UV=0.00009)  in=37.095  enh=37.739  ΔY=+0.9697  ΔU=+0.0115  ΔV=+0.0163  lr=1.0e-07  (64s)
epoch 187  loss=0.04099 (Y=0.04090+1.0*UV=0.00009)  in=37.174  enh=37.810  ΔY=+0.9597  ΔU=+0.0107  ΔV=+0.0181  lr=1.0e-07  (65s)
epoch 188  loss=0.04054 (Y=0.04045+1.0*UV=0.00009)  in=37.029  enh=37.664  ΔY=+0.9529  ΔU=+0.0114  ΔV=+0.0161  lr=1.0e-07  (64s)
epoch 189  loss=0.04089 (Y=0.04080+1.0*UV=0.00009)  in=37.226  enh=37.861  ΔY=+0.9492  ΔU=+0.0143  ΔV=+0.0105  lr=1.0e-07  (66s)
epoch 190  loss=0.04083 (Y=0.04074+1.0*UV=0.00009)  in=37.124  enh=37.757  ΔY=+0.9562  ΔU=+0.0111  ΔV=+0.0169  lr=1.0e-07  (65s)
epoch 191  loss=0.04084 (Y=0.04075+1.0*UV=0.00009)  in=37.431  enh=38.064  ΔY=+0.9517  ΔU=+0.0171  ΔV=+0.0143  lr=1.0e-07  (66s)
epoch 192  loss=0.04089 (Y=0.04080+1.0*UV=0.00009)  in=36.975  enh=37.619  ΔY=+0.9764  ΔU=+0.0079  ΔV=+0.0152  lr=1.0e-07  (63s)
epoch 193  loss=0.04082 (Y=0.04073+1.0*UV=0.00009)  in=37.135  enh=37.764  ΔY=+0.9476  ΔU=+0.0146  ΔV=+0.0095  lr=1.0e-07  (65s)
epoch 194  loss=0.04067 (Y=0.04058+1.0*UV=0.00009)  in=37.275  enh=37.889  ΔY=+0.9303  ΔU=+0.0031  ΔV=+0.0103  lr=1.0e-07  (64s)
epoch 195  loss=0.04071 (Y=0.04062+1.0*UV=0.00009)  in=37.026  enh=37.662  ΔY=+0.9570  ΔU=+0.0114  ΔV=+0.0194  lr=1.0e-07  (63s)
epoch 196  loss=0.04141 (Y=0.04132+1.0*UV=0.00009)  in=37.123  enh=37.759  ΔY=+0.9595  ΔU=+0.0131  ΔV=+0.0146  lr=1.0e-07  (64s)
epoch 197  loss=0.04090 (Y=0.04081+1.0*UV=0.00009)  in=37.082  enh=37.717  ΔY=+0.9455  ΔU=+0.0209  ΔV=+0.0226  lr=1.0e-07  (63s)
epoch 198  loss=0.04076 (Y=0.04067+1.0*UV=0.00009)  in=37.180  enh=37.806  ΔY=+0.9451  ΔU=-0.0015  ΔV=+0.0113  lr=1.0e-07  (66s)
epoch 199  loss=0.04054 (Y=0.04045+1.0*UV=0.00009)  in=36.882  enh=37.517  ΔY=+0.9528  ΔU=+0.0080  ΔV=+0.0138  lr=1.0e-08  (62s)
  saved checkpoints/martell_hybrid_nometa_epoch_200.pt
