epoch   0  loss=0.04374 (Y=0.04366+1.0*UV=0.00008)  in=36.902  enh=37.016  ΔY=+0.1460  ΔU=+0.0318  ΔV=+0.0224  lr=1.0e-04  (62s)
epoch   1  loss=0.04292 (Y=0.04284+1.0*UV=0.00008)  in=37.080  enh=37.241  ΔY=+0.2149  ΔU=+0.0096  ΔV=-0.0024  lr=1.0e-04  (60s)
epoch   2  loss=0.04258 (Y=0.04250+1.0*UV=0.00008)  in=36.947  enh=37.126  ΔY=+0.2365  ΔU=+0.0389  ΔV=+0.0073  lr=1.0e-04  (57s)
epoch   3  loss=0.04270 (Y=0.04262+1.0*UV=0.00008)  in=36.942  enh=37.143  ΔY=+0.2625  ΔU=+0.0450  ΔV=+0.0263  lr=1.0e-04  (59s)
epoch   4  loss=0.04236 (Y=0.04228+1.0*UV=0.00008)  in=36.974  enh=37.193  ΔY=+0.2838  ΔU=+0.0462  ΔV=+0.0297  lr=1.0e-04  (60s)
epoch   5  loss=0.04255 (Y=0.04247+1.0*UV=0.00008)  in=36.976  enh=37.211  ΔY=+0.3074  ΔU=+0.0465  ΔV=+0.0237  lr=1.0e-04  (63s)
epoch   6  loss=0.04226 (Y=0.04218+1.0*UV=0.00008)  in=36.891  enh=37.106  ΔY=+0.2814  ΔU=+0.0275  ΔV=+0.0036  lr=1.0e-04  (61s)
epoch   7  loss=0.04202 (Y=0.04194+1.0*UV=0.00008)  in=37.027  enh=37.274  ΔY=+0.3234  ΔU=+0.0436  ΔV=+0.0260  lr=1.0e-04  (59s)
epoch   8  loss=0.04201 (Y=0.04193+1.0*UV=0.00008)  in=36.913  enh=37.188  ΔY=+0.3675  ΔU=+0.0196  ΔV=+0.0103  lr=1.0e-04  (60s)
epoch   9  loss=0.04205 (Y=0.04197+1.0*UV=0.00008)  in=36.999  enh=37.281  ΔY=+0.3743  ΔU=+0.0361  ΔV=+0.0138  lr=1.0e-04  (62s)
epoch  10  loss=0.04200 (Y=0.04192+1.0*UV=0.00008)  in=37.008  enh=37.296  ΔY=+0.3807  ΔU=+0.0372  ΔV=+0.0271  lr=1.0e-04  (60s)
epoch  11  loss=0.04183 (Y=0.04175+1.0*UV=0.00008)  in=36.931  enh=37.231  ΔY=+0.3958  ΔU=+0.0511  ΔV=+0.0187  lr=1.0e-04  (60s)
epoch  12  loss=0.04201 (Y=0.04193+1.0*UV=0.00008)  in=36.960  enh=37.249  ΔY=+0.3812  ΔU=+0.0572  ΔV=+0.0156  lr=1.0e-04  (61s)
epoch  13  loss=0.04176 (Y=0.04168+1.0*UV=0.00008)  in=37.134  enh=37.427  ΔY=+0.3862  ΔU=+0.0458  ΔV=+0.0209  lr=1.0e-04  (60s)
epoch  14  loss=0.04181 (Y=0.04173+1.0*UV=0.00008)  in=37.098  enh=37.411  ΔY=+0.4129  ΔU=+0.0449  ΔV=+0.0195  lr=1.0e-04  (61s)
epoch  15  loss=0.04141 (Y=0.04133+1.0*UV=0.00008)  in=36.970  enh=37.286  ΔY=+0.4201  ΔU=+0.0431  ΔV=+0.0131  lr=1.0e-04  (62s)
epoch  16  loss=0.04155 (Y=0.04147+1.0*UV=0.00008)  in=36.909  enh=37.229  ΔY=+0.4242  ΔU=+0.0378  ΔV=+0.0239  lr=1.0e-04  (67s)
epoch  17  loss=0.04143 (Y=0.04135+1.0*UV=0.00008)  in=36.897  enh=37.227  ΔY=+0.4400  ΔU=+0.0391  ΔV=+0.0142  lr=1.0e-04  (60s)
epoch  18  loss=0.04142 (Y=0.04134+1.0*UV=0.00008)  in=36.858  enh=37.178  ΔY=+0.4318  ΔU=+0.0279  ΔV=+0.0004  lr=1.0e-04  (62s)
epoch  19  loss=0.04128 (Y=0.04120+1.0*UV=0.00008)  in=36.910  enh=37.241  ΔY=+0.4445  ΔU=+0.0239  ΔV=+0.0137  lr=1.0e-04  (61s)
epoch  20  loss=0.04137 (Y=0.04129+1.0*UV=0.00008)  in=36.947  enh=37.277  ΔY=+0.4394  ΔU=+0.0361  ΔV=+0.0229  lr=1.0e-04  (63s)
epoch  21  loss=0.04124 (Y=0.04116+1.0*UV=0.00008)  in=37.021  enh=37.333  ΔY=+0.4217  ΔU=+0.0219  ΔV=+0.0071  lr=1.0e-04  (64s)
epoch  22  loss=0.04132 (Y=0.04124+1.0*UV=0.00008)  in=36.983  enh=37.298  ΔY=+0.4228  ΔU=+0.0348  ΔV=+0.0138  lr=1.0e-04  (61s)
epoch  23  loss=0.04109 (Y=0.04101+1.0*UV=0.00008)  in=36.970  enh=37.311  ΔY=+0.4582  ΔU=+0.0371  ΔV=+0.0030  lr=1.0e-04  (63s)
epoch  24  loss=0.04124 (Y=0.04116+1.0*UV=0.00008)  in=36.891  enh=37.234  ΔY=+0.4581  ΔU=+0.0322  ΔV=+0.0185  lr=1.0e-04  (60s)
epoch  25  loss=0.04119 (Y=0.04111+1.0*UV=0.00008)  in=36.884  enh=37.232  ΔY=+0.4715  ΔU=+0.0157  ΔV=+0.0120  lr=1.0e-04  (59s)
epoch  26  loss=0.04145 (Y=0.04137+1.0*UV=0.00008)  in=37.026  enh=37.370  ΔY=+0.4621  ΔU=+0.0378  ΔV=+0.0175  lr=1.0e-04  (62s)
epoch  27  loss=0.04105 (Y=0.04097+1.0*UV=0.00008)  in=36.960  enh=37.332  ΔY=+0.5032  ΔU=+0.0366  ΔV=+0.0066  lr=1.0e-04  (61s)
epoch  28  loss=0.04116 (Y=0.04108+1.0*UV=0.00008)  in=37.054  enh=37.419  ΔY=+0.4918  ΔU=+0.0260  ΔV=+0.0192  lr=1.0e-04  (62s)
epoch  29  loss=0.04087 (Y=0.04079+1.0*UV=0.00008)  in=37.019  enh=37.379  ΔY=+0.4862  ΔU=+0.0331  ΔV=+0.0156  lr=1.0e-04  (60s)
epoch  30  loss=0.04107 (Y=0.04099+1.0*UV=0.00008)  in=37.053  enh=37.415  ΔY=+0.4890  ΔU=+0.0222  ΔV=+0.0184  lr=1.0e-04  (63s)
epoch  31  loss=0.04131 (Y=0.04123+1.0*UV=0.00008)  in=36.923  enh=37.290  ΔY=+0.4942  ΔU=+0.0286  ΔV=+0.0186  lr=1.0e-04  (62s)
epoch  32  loss=0.04106 (Y=0.04098+1.0*UV=0.00008)  in=36.995  enh=37.348  ΔY=+0.4748  ΔU=+0.0334  ΔV=+0.0195  lr=1.0e-04  (59s)
epoch  33  loss=0.04126 (Y=0.04117+1.0*UV=0.00008)  in=36.819  enh=37.174  ΔY=+0.4789  ΔU=+0.0308  ΔV=+0.0020  lr=1.0e-04  (60s)
epoch  34  loss=0.04088 (Y=0.04080+1.0*UV=0.00008)  in=36.872  enh=37.240  ΔY=+0.5000  ΔU=+0.0223  ΔV=+0.0180  lr=1.0e-04  (59s)
epoch  35  loss=0.04074 (Y=0.04066+1.0*UV=0.00008)  in=36.847  enh=37.175  ΔY=+0.4412  ΔU=+0.0228  ΔV=+0.0242  lr=1.0e-04  (62s)
epoch  36  loss=0.04093 (Y=0.04085+1.0*UV=0.00008)  in=37.015  enh=37.388  ΔY=+0.5032  ΔU=+0.0277  ΔV=+0.0249  lr=1.0e-04  (61s)
epoch  37  loss=0.04102 (Y=0.04094+1.0*UV=0.00008)  in=36.854  enh=37.218  ΔY=+0.4963  ΔU=+0.0105  ΔV=+0.0080  lr=1.0e-04  (61s)
epoch  38  loss=0.04116 (Y=0.04108+1.0*UV=0.00008)  in=37.054  enh=37.358  ΔY=+0.4057  ΔU=+0.0245  ΔV=+0.0192  lr=1.0e-04  (62s)
epoch  39  loss=0.04064 (Y=0.04056+1.0*UV=0.00008)  in=36.889  enh=37.226  ΔY=+0.4542  ΔU=+0.0231  ΔV=+0.0128  lr=1.0e-04  (60s)
epoch  40  loss=0.04088 (Y=0.04080+1.0*UV=0.00008)  in=36.992  enh=37.345  ΔY=+0.4768  ΔU=+0.0245  ΔV=+0.0126  lr=1.0e-04  (61s)
epoch  41  loss=0.04085 (Y=0.04077+1.0*UV=0.00008)  in=36.886  enh=37.268  ΔY=+0.5162  ΔU=+0.0297  ΔV=+0.0193  lr=1.0e-04  (62s)
epoch  42  loss=0.04109 (Y=0.04101+1.0*UV=0.00008)  in=37.020  enh=37.367  ΔY=+0.4679  ΔU=+0.0267  ΔV=+0.0102  lr=1.0e-04  (61s)
epoch  43  loss=0.04075 (Y=0.04067+1.0*UV=0.00008)  in=37.017  enh=37.301  ΔY=+0.3782  ΔU=+0.0184  ΔV=+0.0119  lr=1.0e-04  (60s)
epoch  44  loss=0.04097 (Y=0.04089+1.0*UV=0.00008)  in=37.014  enh=37.361  ΔY=+0.4696  ΔU=+0.0232  ΔV=+0.0096  lr=1.0e-04  (62s)
epoch  45  loss=0.04109 (Y=0.04101+1.0*UV=0.00008)  in=36.950  enh=37.316  ΔY=+0.4943  ΔU=+0.0233  ΔV=+0.0174  lr=1.0e-04  (63s)
epoch  46  loss=0.04077 (Y=0.04069+1.0*UV=0.00008)  in=36.798  enh=37.159  ΔY=+0.4895  ΔU=+0.0252  ΔV=+0.0041  lr=1.0e-04  (65s)
epoch  47  loss=0.04082 (Y=0.04074+1.0*UV=0.00008)  in=36.820  enh=37.161  ΔY=+0.4643  ΔU=+0.0087  ΔV=+0.0170  lr=1.0e-04  (63s)
epoch  48  loss=0.04062 (Y=0.04054+1.0*UV=0.00008)  in=36.960  enh=37.277  ΔY=+0.4350  ΔU=-0.0101  ΔV=+0.0057  lr=1.0e-04  (60s)
epoch  49  loss=0.04111 (Y=0.04103+1.0*UV=0.00008)  in=36.949  enh=37.272  ΔY=+0.4371  ΔU=+0.0233  ΔV=+0.0038  lr=1.0e-05  (65s)
epoch  50  loss=0.04047 (Y=0.04039+1.0*UV=0.00008)  in=36.865  enh=37.326  ΔY=+0.6320  ΔU=+0.0240  ΔV=+0.0239  lr=1.0e-05  (63s)
epoch  51  loss=0.04028 (Y=0.04020+1.0*UV=0.00008)  in=37.091  enh=37.557  ΔY=+0.6404  ΔU=+0.0255  ΔV=+0.0176  lr=1.0e-05  (63s)
epoch  52  loss=0.04022 (Y=0.04014+1.0*UV=0.00008)  in=36.938  enh=37.412  ΔY=+0.6528  ΔU=+0.0222  ΔV=+0.0190  lr=1.0e-05  (60s)
epoch  53  loss=0.04032 (Y=0.04024+1.0*UV=0.00008)  in=36.974  enh=37.434  ΔY=+0.6343  ΔU=+0.0266  ΔV=+0.0177  lr=1.0e-05  (65s)
epoch  54  loss=0.04030 (Y=0.04022+1.0*UV=0.00008)  in=36.932  enh=37.395  ΔY=+0.6351  ΔU=+0.0231  ΔV=+0.0191  lr=1.0e-05  (63s)
epoch  55  loss=0.04008 (Y=0.04000+1.0*UV=0.00008)  in=37.035  enh=37.509  ΔY=+0.6533  ΔU=+0.0245  ΔV=+0.0143  lr=1.0e-05  (63s)
epoch  56  loss=0.04062 (Y=0.04054+1.0*UV=0.00008)  in=36.900  enh=37.376  ΔY=+0.6572  ΔU=+0.0212  ΔV=+0.0174  lr=1.0e-05  (61s)
epoch  57  loss=0.04032 (Y=0.04024+1.0*UV=0.00008)  in=37.029  enh=37.495  ΔY=+0.6404  ΔU=+0.0260  ΔV=+0.0209  lr=1.0e-05  (64s)
epoch  58  loss=0.04036 (Y=0.04028+1.0*UV=0.00008)  in=36.957  enh=37.430  ΔY=+0.6524  ΔU=+0.0250  ΔV=+0.0129  lr=1.0e-05  (63s)
epoch  59  loss=0.04005 (Y=0.03996+1.0*UV=0.00008)  in=36.792  enh=37.271  ΔY=+0.6623  ΔU=+0.0218  ΔV=+0.0195  lr=1.0e-05  (61s)
epoch  60  loss=0.04016 (Y=0.04008+1.0*UV=0.00008)  in=36.907  enh=37.376  ΔY=+0.6468  ΔU=+0.0227  ΔV=+0.0166  lr=1.0e-05  (62s)
epoch  61  loss=0.04021 (Y=0.04013+1.0*UV=0.00008)  in=36.916  enh=37.380  ΔY=+0.6352  ΔU=+0.0249  ΔV=+0.0181  lr=1.0e-05  (64s)
epoch  62  loss=0.04009 (Y=0.04001+1.0*UV=0.00008)  in=36.901  enh=37.386  ΔY=+0.6714  ΔU=+0.0243  ΔV=+0.0215  lr=1.0e-05  (62s)
epoch  63  loss=0.04017 (Y=0.04009+1.0*UV=0.00008)  in=36.882  enh=37.355  ΔY=+0.6549  ΔU=+0.0223  ΔV=+0.0179  lr=1.0e-05  (62s)
epoch  64  loss=0.03997 (Y=0.03989+1.0*UV=0.00008)  in=36.920  enh=37.388  ΔY=+0.6445  ΔU=+0.0262  ΔV=+0.0192  lr=1.0e-05  (65s)
epoch  65  loss=0.04007 (Y=0.03999+1.0*UV=0.00008)  in=36.957  enh=37.445  ΔY=+0.6773  ΔU=+0.0269  ΔV=+0.0164  lr=1.0e-05  (67s)
epoch  66  loss=0.04019 (Y=0.04011+1.0*UV=0.00008)  in=37.129  enh=37.619  ΔY=+0.6780  ΔU=+0.0271  ΔV=+0.0213  lr=1.0e-05  (65s)
epoch  67  loss=0.04049 (Y=0.04040+1.0*UV=0.00008)  in=36.993  enh=37.459  ΔY=+0.6421  ΔU=+0.0309  ΔV=+0.0239  lr=1.0e-05  (67s)
epoch  68  loss=0.04009 (Y=0.04001+1.0*UV=0.00008)  in=36.881  enh=37.343  ΔY=+0.6363  ΔU=+0.0224  ΔV=+0.0177  lr=1.0e-05  (64s)
epoch  69  loss=0.04028 (Y=0.04020+1.0*UV=0.00008)  in=36.907  enh=37.389  ΔY=+0.6655  ΔU=+0.0221  ΔV=+0.0195  lr=1.0e-05  (67s)
epoch  70  loss=0.04010 (Y=0.04002+1.0*UV=0.00008)  in=36.922  enh=37.406  ΔY=+0.6734  ΔU=+0.0254  ΔV=+0.0185  lr=1.0e-05  (70s)
epoch  71  loss=0.04026 (Y=0.04018+1.0*UV=0.00008)  in=36.955  enh=37.434  ΔY=+0.6595  ΔU=+0.0254  ΔV=+0.0186  lr=1.0e-05  (68s)
epoch  72  loss=0.03997 (Y=0.03989+1.0*UV=0.00008)  in=36.964  enh=37.442  ΔY=+0.6570  ΔU=+0.0220  ΔV=+0.0257  lr=1.0e-05  (68s)
epoch  73  loss=0.03982 (Y=0.03974+1.0*UV=0.00008)  in=37.051  enh=37.540  ΔY=+0.6754  ΔU=+0.0249  ΔV=+0.0172  lr=1.0e-05  (70s)
epoch  74  loss=0.04030 (Y=0.04022+1.0*UV=0.00008)  in=37.077  enh=37.573  ΔY=+0.6879  ΔU=+0.0227  ΔV=+0.0195  lr=1.0e-05  (68s)
epoch  75  loss=0.03982 (Y=0.03974+1.0*UV=0.00008)  in=36.882  enh=37.357  ΔY=+0.6560  ΔU=+0.0191  ΔV=+0.0190  lr=1.0e-05  (74s)
epoch  76  loss=0.04001 (Y=0.03993+1.0*UV=0.00008)  in=36.838  enh=37.321  ΔY=+0.6689  ΔU=+0.0207  ΔV=+0.0203  lr=1.0e-05  (73s)
epoch  77  loss=0.04023 (Y=0.04015+1.0*UV=0.00008)  in=37.037  enh=37.536  ΔY=+0.6927  ΔU=+0.0228  ΔV=+0.0167  lr=1.0e-05  (72s)
epoch  78  loss=0.03989 (Y=0.03981+1.0*UV=0.00008)  in=36.911  enh=37.403  ΔY=+0.6799  ΔU=+0.0239  ΔV=+0.0148  lr=1.0e-05  (72s)
epoch  79  loss=0.04016 (Y=0.04008+1.0*UV=0.00008)  in=36.796  enh=37.289  ΔY=+0.6812  ΔU=+0.0224  ΔV=+0.0138  lr=1.0e-05  (72s)
epoch  80  loss=0.03986 (Y=0.03978+1.0*UV=0.00008)  in=36.934  enh=37.420  ΔY=+0.6699  ΔU=+0.0225  ΔV=+0.0203  lr=1.0e-05  (70s)
epoch  81  loss=0.04006 (Y=0.03998+1.0*UV=0.00008)  in=37.040  enh=37.530  ΔY=+0.6719  ΔU=+0.0223  ΔV=+0.0177  lr=1.0e-05  (73s)
epoch  82  loss=0.03980 (Y=0.03972+1.0*UV=0.00008)  in=37.058  enh=37.546  ΔY=+0.6738  ΔU=+0.0254  ΔV=+0.0194  lr=1.0e-05  (73s)
epoch  83  loss=0.03988 (Y=0.03980+1.0*UV=0.00008)  in=36.983  enh=37.489  ΔY=+0.7027  ΔU=+0.0215  ΔV=+0.0171  lr=1.0e-05  (68s)
epoch  84  loss=0.03993 (Y=0.03985+1.0*UV=0.00008)  in=36.895  enh=37.397  ΔY=+0.6932  ΔU=+0.0231  ΔV=+0.0159  lr=1.0e-05  (71s)
epoch  85  loss=0.04016 (Y=0.04008+1.0*UV=0.00008)  in=36.957  enh=37.464  ΔY=+0.7011  ΔU=+0.0260  ΔV=+0.0164  lr=1.0e-05  (72s)
epoch  86  loss=0.03981 (Y=0.03973+1.0*UV=0.00008)  in=36.941  enh=37.433  ΔY=+0.6805  ΔU=+0.0237  ΔV=+0.0132  lr=1.0e-05  (74s)
epoch  87  loss=0.03989 (Y=0.03981+1.0*UV=0.00008)  in=36.884  enh=37.385  ΔY=+0.6959  ΔU=+0.0230  ΔV=+0.0180  lr=1.0e-05  (72s)
epoch  88  loss=0.04005 (Y=0.03997+1.0*UV=0.00008)  in=37.004  enh=37.506  ΔY=+0.6968  ΔU=+0.0260  ΔV=+0.0196  lr=1.0e-05  (71s)
epoch  89  loss=0.03989 (Y=0.03981+1.0*UV=0.00008)  in=36.914  enh=37.413  ΔY=+0.6877  ΔU=+0.0250  ΔV=+0.0204  lr=1.0e-05  (72s)
epoch  90  loss=0.03968 (Y=0.03959+1.0*UV=0.00008)  in=36.881  enh=37.375  ΔY=+0.6834  ΔU=+0.0225  ΔV=+0.0202  lr=1.0e-05  (67s)
epoch  91  loss=0.03997 (Y=0.03989+1.0*UV=0.00008)  in=36.936  enh=37.432  ΔY=+0.6865  ΔU=+0.0180  ΔV=+0.0226  lr=1.0e-05  (72s)
epoch  92  loss=0.03964 (Y=0.03956+1.0*UV=0.00008)  in=36.786  enh=37.278  ΔY=+0.6798  ΔU=+0.0198  ΔV=+0.0181  lr=1.0e-05  (68s)
epoch  93  loss=0.03993 (Y=0.03985+1.0*UV=0.00008)  in=37.048  enh=37.552  ΔY=+0.6973  ΔU=+0.0239  ΔV=+0.0174  lr=1.0e-05  (72s)
epoch  94  loss=0.03992 (Y=0.03984+1.0*UV=0.00008)  in=36.830  enh=37.330  ΔY=+0.6916  ΔU=+0.0267  ΔV=+0.0175  lr=1.0e-05  (73s)
epoch  95  loss=0.03998 (Y=0.03990+1.0*UV=0.00008)  in=36.782  enh=37.279  ΔY=+0.6856  ΔU=+0.0225  ΔV=+0.0184  lr=1.0e-05  (72s)
epoch  96  loss=0.04000 (Y=0.03992+1.0*UV=0.00008)  in=37.177  enh=37.686  ΔY=+0.7021  ΔU=+0.0221  ΔV=+0.0250  lr=1.0e-05  (72s)
epoch  97  loss=0.03995 (Y=0.03987+1.0*UV=0.00008)  in=37.047  enh=37.561  ΔY=+0.7163  ΔU=+0.0244  ΔV=+0.0170  lr=1.0e-05  (72s)
epoch  98  loss=0.04001 (Y=0.03992+1.0*UV=0.00008)  in=36.876  enh=37.386  ΔY=+0.7114  ΔU=+0.0214  ΔV=+0.0178  lr=1.0e-05  (71s)
epoch  99  loss=0.04003 (Y=0.03995+1.0*UV=0.00008)  in=37.024  enh=37.531  ΔY=+0.6991  ΔU=+0.0230  ΔV=+0.0220  lr=1.0e-06  (73s)
epoch 100  loss=0.03984 (Y=0.03976+1.0*UV=0.00008)  in=36.960  enh=37.478  ΔY=+0.7219  ΔU=+0.0217  ΔV=+0.0199  lr=1.0e-06  (72s)
epoch 101  loss=0.03968 (Y=0.03960+1.0*UV=0.00008)  in=36.918  enh=37.442  ΔY=+0.7302  ΔU=+0.0245  ΔV=+0.0202  lr=1.0e-06  (73s)
epoch 102  loss=0.03995 (Y=0.03987+1.0*UV=0.00008)  in=36.986  enh=37.501  ΔY=+0.7148  ΔU=+0.0223  ΔV=+0.0188  lr=1.0e-06  (75s)
epoch 103  loss=0.04009 (Y=0.04001+1.0*UV=0.00008)  in=36.999  enh=37.522  ΔY=+0.7297  ΔU=+0.0241  ΔV=+0.0192  lr=1.0e-06  (69s)
epoch 104  loss=0.03996 (Y=0.03988+1.0*UV=0.00008)  in=36.869  enh=37.394  ΔY=+0.7334  ΔU=+0.0208  ΔV=+0.0194  lr=1.0e-06  (67s)
epoch 105  loss=0.03980 (Y=0.03972+1.0*UV=0.00008)  in=36.922  enh=37.434  ΔY=+0.7100  ΔU=+0.0206  ΔV=+0.0190  lr=1.0e-06  (66s)
epoch 106  loss=0.03962 (Y=0.03954+1.0*UV=0.00008)  in=36.951  enh=37.473  ΔY=+0.7282  ΔU=+0.0230  ΔV=+0.0130  lr=1.0e-06  (66s)
epoch 107  loss=0.03957 (Y=0.03949+1.0*UV=0.00008)  in=36.964  enh=37.495  ΔY=+0.7388  ΔU=+0.0230  ΔV=+0.0206  lr=1.0e-06  (67s)
epoch 108  loss=0.03952 (Y=0.03943+1.0*UV=0.00008)  in=36.841  enh=37.347  ΔY=+0.7035  ΔU=+0.0223  ΔV=+0.0192  lr=1.0e-06  (63s)
epoch 109  loss=0.03974 (Y=0.03966+1.0*UV=0.00008)  in=36.961  enh=37.479  ΔY=+0.7209  ΔU=+0.0258  ΔV=+0.0143  lr=1.0e-06  (66s)
epoch 110  loss=0.03982 (Y=0.03974+1.0*UV=0.00008)  in=37.032  enh=37.555  ΔY=+0.7294  ΔU=+0.0224  ΔV=+0.0178  lr=1.0e-06  (66s)
epoch 111  loss=0.03951 (Y=0.03943+1.0*UV=0.00008)  in=36.993  enh=37.518  ΔY=+0.7307  ΔU=+0.0236  ΔV=+0.0210  lr=1.0e-06  (65s)
epoch 112  loss=0.03950 (Y=0.03942+1.0*UV=0.00008)  in=36.964  enh=37.496  ΔY=+0.7421  ΔU=+0.0237  ΔV=+0.0163  lr=1.0e-06  (63s)
epoch 113  loss=0.03968 (Y=0.03960+1.0*UV=0.00008)  in=36.944  enh=37.465  ΔY=+0.7252  ΔU=+0.0254  ΔV=+0.0190  lr=1.0e-06  (67s)
epoch 114  loss=0.03961 (Y=0.03953+1.0*UV=0.00008)  in=36.924  enh=37.450  ΔY=+0.7305  ΔU=+0.0227  ΔV=+0.0209  lr=1.0e-06  (65s)
epoch 115  loss=0.03979 (Y=0.03971+1.0*UV=0.00008)  in=37.227  enh=37.743  ΔY=+0.7186  ΔU=+0.0279  ΔV=+0.0217  lr=1.0e-06  (64s)
epoch 116  loss=0.03959 (Y=0.03951+1.0*UV=0.00008)  in=36.976  enh=37.493  ΔY=+0.7198  ΔU=+0.0212  ΔV=+0.0212  lr=1.0e-06  (63s)
epoch 117  loss=0.03963 (Y=0.03955+1.0*UV=0.00008)  in=36.892  enh=37.404  ΔY=+0.7118  ΔU=+0.0237  ΔV=+0.0180  lr=1.0e-06  (66s)
epoch 118  loss=0.03978 (Y=0.03970+1.0*UV=0.00008)  in=37.042  enh=37.567  ΔY=+0.7300  ΔU=+0.0231  ΔV=+0.0179  lr=1.0e-06  (67s)
epoch 119  loss=0.04011 (Y=0.04002+1.0*UV=0.00008)  in=36.983  enh=37.504  ΔY=+0.7259  ΔU=+0.0167  ΔV=+0.0212  lr=1.0e-06  (63s)
epoch 120  loss=0.03936 (Y=0.03928+1.0*UV=0.00008)  in=36.978  enh=37.499  ΔY=+0.7255  ΔU=+0.0225  ΔV=+0.0154  lr=1.0e-06  (63s)
epoch 121  loss=0.03990 (Y=0.03982+1.0*UV=0.00008)  in=36.971  enh=37.490  ΔY=+0.7205  ΔU=+0.0194  ΔV=+0.0147  lr=1.0e-06  (66s)
epoch 122  loss=0.03968 (Y=0.03960+1.0*UV=0.00008)  in=37.009  enh=37.528  ΔY=+0.7268  ΔU=+0.0188  ΔV=+0.0181  lr=1.0e-06  (67s)
epoch 123  loss=0.03960 (Y=0.03952+1.0*UV=0.00008)  in=36.794  enh=37.318  ΔY=+0.7346  ΔU=+0.0217  ΔV=+0.0138  lr=1.0e-06  (67s)
epoch 124  loss=0.03957 (Y=0.03949+1.0*UV=0.00008)  in=36.862  enh=37.394  ΔY=+0.7400  ΔU=+0.0206  ΔV=+0.0195  lr=1.0e-06  (64s)
epoch 125  loss=0.03966 (Y=0.03958+1.0*UV=0.00008)  in=36.901  enh=37.430  ΔY=+0.7366  ΔU=+0.0226  ΔV=+0.0170  lr=1.0e-06  (66s)
epoch 126  loss=0.03950 (Y=0.03941+1.0*UV=0.00008)  in=36.882  enh=37.400  ΔY=+0.7218  ΔU=+0.0228  ΔV=+0.0169  lr=1.0e-06  (66s)
epoch 127  loss=0.03962 (Y=0.03954+1.0*UV=0.00008)  in=37.012  enh=37.537  ΔY=+0.7329  ΔU=+0.0216  ΔV=+0.0169  lr=1.0e-06  (67s)
epoch 128  loss=0.03980 (Y=0.03972+1.0*UV=0.00008)  in=36.938  enh=37.466  ΔY=+0.7325  ΔU=+0.0217  ΔV=+0.0187  lr=1.0e-06  (62s)
epoch 129  loss=0.03969 (Y=0.03961+1.0*UV=0.00008)  in=36.986  enh=37.506  ΔY=+0.7214  ΔU=+0.0224  ΔV=+0.0193  lr=1.0e-06  (64s)
epoch 130  loss=0.03929 (Y=0.03921+1.0*UV=0.00008)  in=36.917  enh=37.440  ΔY=+0.7286  ΔU=+0.0242  ΔV=+0.0149  lr=1.0e-06  (65s)
epoch 131  loss=0.03961 (Y=0.03953+1.0*UV=0.00008)  in=36.966  enh=37.491  ΔY=+0.7303  ΔU=+0.0226  ΔV=+0.0170  lr=1.0e-06  (63s)
epoch 132  loss=0.03969 (Y=0.03960+1.0*UV=0.00008)  in=36.911  enh=37.441  ΔY=+0.7401  ΔU=+0.0257  ΔV=+0.0187  lr=1.0e-06  (66s)
epoch 133  loss=0.03956 (Y=0.03948+1.0*UV=0.00008)  in=36.946  enh=37.479  ΔY=+0.7416  ΔU=+0.0249  ΔV=+0.0190  lr=1.0e-06  (64s)
epoch 134  loss=0.03975 (Y=0.03967+1.0*UV=0.00008)  in=36.997  enh=37.521  ΔY=+0.7300  ΔU=+0.0224  ΔV=+0.0194  lr=1.0e-06  (67s)
epoch 135  loss=0.03982 (Y=0.03974+1.0*UV=0.00008)  in=36.931  enh=37.449  ΔY=+0.7214  ΔU=+0.0287  ΔV=+0.0142  lr=1.0e-06  (66s)
epoch 136  loss=0.03976 (Y=0.03968+1.0*UV=0.00008)  in=36.973  enh=37.502  ΔY=+0.7361  ΔU=+0.0223  ΔV=+0.0210  lr=1.0e-06  (61s)
epoch 137  loss=0.03975 (Y=0.03967+1.0*UV=0.00008)  in=37.044  enh=37.561  ΔY=+0.7181  ΔU=+0.0232  ΔV=+0.0165  lr=1.0e-06  (64s)
epoch 138  loss=0.03969 (Y=0.03960+1.0*UV=0.00008)  in=36.938  enh=37.467  ΔY=+0.7373  ΔU=+0.0196  ΔV=+0.0211  lr=1.0e-06  (65s)
epoch 139  loss=0.03956 (Y=0.03948+1.0*UV=0.00008)  in=36.795  enh=37.321  ΔY=+0.7326  ΔU=+0.0233  ΔV=+0.0150  lr=1.0e-06  (66s)
epoch 140  loss=0.03971 (Y=0.03962+1.0*UV=0.00008)  in=37.044  enh=37.569  ΔY=+0.7300  ΔU=+0.0227  ΔV=+0.0224  lr=1.0e-06  (66s)
epoch 141  loss=0.03961 (Y=0.03953+1.0*UV=0.00008)  in=36.987  enh=37.509  ΔY=+0.7246  ΔU=+0.0182  ΔV=+0.0219  lr=1.0e-06  (66s)
epoch 142  loss=0.03970 (Y=0.03961+1.0*UV=0.00008)  in=37.039  enh=37.569  ΔY=+0.7393  ΔU=+0.0245  ΔV=+0.0155  lr=1.0e-06  (65s)
epoch 143  loss=0.03960 (Y=0.03952+1.0*UV=0.00008)  in=37.071  enh=37.593  ΔY=+0.7246  ΔU=+0.0284  ΔV=+0.0224  lr=1.0e-06  (67s)
epoch 144  loss=0.03957 (Y=0.03948+1.0*UV=0.00008)  in=37.000  enh=37.527  ΔY=+0.7328  ΔU=+0.0221  ΔV=+0.0166  lr=1.0e-06  (64s)
epoch 145  loss=0.03970 (Y=0.03962+1.0*UV=0.00008)  in=36.842  enh=37.367  ΔY=+0.7353  ΔU=+0.0243  ΔV=+0.0148  lr=1.0e-06  (64s)
epoch 146  loss=0.03934 (Y=0.03926+1.0*UV=0.00008)  in=36.979  enh=37.510  ΔY=+0.7391  ΔU=+0.0210  ΔV=+0.0185  lr=1.0e-06  (66s)
epoch 147  loss=0.03975 (Y=0.03966+1.0*UV=0.00008)  in=36.955  enh=37.479  ΔY=+0.7285  ΔU=+0.0218  ΔV=+0.0139  lr=1.0e-06  (61s)
epoch 148  loss=0.03956 (Y=0.03948+1.0*UV=0.00008)  in=36.992  enh=37.508  ΔY=+0.7164  ΔU=+0.0195  ΔV=+0.0230  lr=1.0e-06  (64s)
epoch 149  loss=0.03952 (Y=0.03944+1.0*UV=0.00008)  in=36.882  enh=37.411  ΔY=+0.7370  ΔU=+0.0206  ΔV=+0.0191  lr=1.0e-07  (66s)
epoch 150  loss=0.03963 (Y=0.03955+1.0*UV=0.00008)  in=37.070  enh=37.598  ΔY=+0.7334  ΔU=+0.0209  ΔV=+0.0208  lr=1.0e-07  (66s)
epoch 151  loss=0.03946 (Y=0.03938+1.0*UV=0.00008)  in=36.967  enh=37.493  ΔY=+0.7330  ΔU=+0.0240  ΔV=+0.0181  lr=1.0e-07  (63s)
epoch 152  loss=0.03958 (Y=0.03949+1.0*UV=0.00008)  in=36.827  enh=37.363  ΔY=+0.7473  ΔU=+0.0216  ΔV=+0.0151  lr=1.0e-07  (65s)
epoch 153  loss=0.03957 (Y=0.03948+1.0*UV=0.00008)  in=37.007  enh=37.535  ΔY=+0.7349  ΔU=+0.0215  ΔV=+0.0221  lr=1.0e-07  (63s)
epoch 154  loss=0.03968 (Y=0.03960+1.0*UV=0.00008)  in=36.957  enh=37.479  ΔY=+0.7272  ΔU=+0.0233  ΔV=+0.0225  lr=1.0e-07  (65s)
epoch 155  loss=0.03945 (Y=0.03937+1.0*UV=0.00008)  in=37.081  enh=37.612  ΔY=+0.7405  ΔU=+0.0206  ΔV=+0.0222  lr=1.0e-07  (65s)
epoch 156  loss=0.03972 (Y=0.03964+1.0*UV=0.00008)  in=36.944  enh=37.464  ΔY=+0.7218  ΔU=+0.0199  ΔV=+0.0162  lr=1.0e-07  (65s)
epoch 157  loss=0.03945 (Y=0.03936+1.0*UV=0.00008)  in=37.034  enh=37.555  ΔY=+0.7261  ΔU=+0.0236  ΔV=+0.0173  lr=1.0e-07  (64s)
epoch 158  loss=0.03962 (Y=0.03954+1.0*UV=0.00008)  in=36.939  enh=37.459  ΔY=+0.7235  ΔU=+0.0228  ΔV=+0.0152  lr=1.0e-07  (66s)
epoch 159  loss=0.03955 (Y=0.03947+1.0*UV=0.00008)  in=36.980  enh=37.506  ΔY=+0.7341  ΔU=+0.0260  ΔV=+0.0177  lr=1.0e-07  (64s)
epoch 160  loss=0.03948 (Y=0.03940+1.0*UV=0.00008)  in=36.866  enh=37.399  ΔY=+0.7444  ΔU=+0.0218  ΔV=+0.0214  lr=1.0e-07  (64s)
epoch 161  loss=0.03962 (Y=0.03953+1.0*UV=0.00008)  in=36.991  enh=37.514  ΔY=+0.7271  ΔU=+0.0228  ΔV=+0.0198  lr=1.0e-07  (64s)
epoch 162  loss=0.03950 (Y=0.03942+1.0*UV=0.00008)  in=36.911  enh=37.443  ΔY=+0.7414  ΔU=+0.0208  ΔV=+0.0216  lr=1.0e-07  (64s)
epoch 163  loss=0.03966 (Y=0.03958+1.0*UV=0.00008)  in=36.936  enh=37.469  ΔY=+0.7421  ΔU=+0.0227  ΔV=+0.0205  lr=1.0e-07  (65s)
epoch 164  loss=0.03948 (Y=0.03940+1.0*UV=0.00008)  in=36.990  enh=37.513  ΔY=+0.7242  ΔU=+0.0232  ΔV=+0.0199  lr=1.0e-07  (66s)
epoch 165  loss=0.03985 (Y=0.03976+1.0*UV=0.00008)  in=36.983  enh=37.503  ΔY=+0.7231  ΔU=+0.0256  ΔV=+0.0165  lr=1.0e-07  (64s)
epoch 166  loss=0.03940 (Y=0.03932+1.0*UV=0.00008)  in=36.945  enh=37.476  ΔY=+0.7398  ΔU=+0.0230  ΔV=+0.0167  lr=1.0e-07  (65s)
epoch 167  loss=0.03948 (Y=0.03940+1.0*UV=0.00008)  in=36.921  enh=37.451  ΔY=+0.7406  ΔU=+0.0258  ΔV=+0.0183  lr=1.0e-07  (64s)
epoch 168  loss=0.03951 (Y=0.03943+1.0*UV=0.00008)  in=36.967  enh=37.488  ΔY=+0.7258  ΔU=+0.0189  ΔV=+0.0215  lr=1.0e-07  (64s)
epoch 169  loss=0.03964 (Y=0.03955+1.0*UV=0.00008)  in=37.009  enh=37.519  ΔY=+0.7105  ΔU=+0.0208  ΔV=+0.0208  lr=1.0e-07  (66s)
epoch 170  loss=0.03960 (Y=0.03952+1.0*UV=0.00008)  in=36.887  enh=37.416  ΔY=+0.7374  ΔU=+0.0214  ΔV=+0.0212  lr=1.0e-07  (64s)
epoch 171  loss=0.03952 (Y=0.03944+1.0*UV=0.00008)  in=36.714  enh=37.245  ΔY=+0.7409  ΔU=+0.0207  ΔV=+0.0179  lr=1.0e-07  (66s)
epoch 172  loss=0.03963 (Y=0.03955+1.0*UV=0.00008)  in=37.042  enh=37.569  ΔY=+0.7348  ΔU=+0.0225  ΔV=+0.0141  lr=1.0e-07  (67s)
epoch 173  loss=0.03947 (Y=0.03939+1.0*UV=0.00008)  in=36.832  enh=37.358  ΔY=+0.7294  ΔU=+0.0217  ΔV=+0.0193  lr=1.0e-07  (67s)
epoch 174  loss=0.03993 (Y=0.03984+1.0*UV=0.00008)  in=36.906  enh=37.436  ΔY=+0.7387  ΔU=+0.0178  ΔV=+0.0181  lr=1.0e-07  (69s)
epoch 175  loss=0.03974 (Y=0.03966+1.0*UV=0.00008)  in=37.165  enh=37.680  ΔY=+0.7186  ΔU=+0.0197  ΔV=+0.0159  lr=1.0e-07  (68s)
epoch 176  loss=0.03967 (Y=0.03959+1.0*UV=0.00008)  in=36.918  enh=37.443  ΔY=+0.7303  ΔU=+0.0232  ΔV=+0.0137  lr=1.0e-07  (66s)
epoch 177  loss=0.03981 (Y=0.03973+1.0*UV=0.00008)  in=36.936  enh=37.459  ΔY=+0.7238  ΔU=+0.0224  ΔV=+0.0155  lr=1.0e-07  (68s)
epoch 178  loss=0.03941 (Y=0.03933+1.0*UV=0.00008)  in=37.025  enh=37.548  ΔY=+0.7270  ΔU=+0.0235  ΔV=+0.0152  lr=1.0e-07  (73s)
epoch 179  loss=0.03987 (Y=0.03979+1.0*UV=0.00008)  in=36.971  enh=37.493  ΔY=+0.7267  ΔU=+0.0199  ΔV=+0.0161  lr=1.0e-07  (70s)
epoch 180  loss=0.03948 (Y=0.03940+1.0*UV=0.00008)  in=36.957  enh=37.488  ΔY=+0.7406  ΔU=+0.0217  ΔV=+0.0177  lr=1.0e-07  (69s)
epoch 181  loss=0.03960 (Y=0.03952+1.0*UV=0.00008)  in=36.961  enh=37.490  ΔY=+0.7367  ΔU=+0.0239  ΔV=+0.0182  lr=1.0e-07  (72s)
epoch 182  loss=0.03946 (Y=0.03938+1.0*UV=0.00008)  in=36.944  enh=37.469  ΔY=+0.7329  ΔU=+0.0235  ΔV=+0.0166  lr=1.0e-07  (69s)
epoch 183  loss=0.03968 (Y=0.03959+1.0*UV=0.00008)  in=36.903  enh=37.428  ΔY=+0.7295  ΔU=+0.0231  ΔV=+0.0100  lr=1.0e-07  (70s)
epoch 184  loss=0.03973 (Y=0.03964+1.0*UV=0.00008)  in=36.950  enh=37.469  ΔY=+0.7216  ΔU=+0.0217  ΔV=+0.0155  lr=1.0e-07  (72s)
epoch 185  loss=0.03963 (Y=0.03955+1.0*UV=0.00008)  in=36.943  enh=37.471  ΔY=+0.7384  ΔU=+0.0159  ΔV=+0.0186  lr=1.0e-07  (67s)
epoch 186  loss=0.03989 (Y=0.03980+1.0*UV=0.00008)  in=37.035  enh=37.567  ΔY=+0.7416  ΔU=+0.0225  ΔV=+0.0156  lr=1.0e-07  (70s)
epoch 187  loss=0.03993 (Y=0.03985+1.0*UV=0.00008)  in=36.996  enh=37.528  ΔY=+0.7426  ΔU=+0.0218  ΔV=+0.0159  lr=1.0e-07  (70s)
epoch 188  loss=0.03951 (Y=0.03943+1.0*UV=0.00008)  in=36.921  enh=37.447  ΔY=+0.7321  ΔU=+0.0249  ΔV=+0.0192  lr=1.0e-07  (73s)
epoch 189  loss=0.03979 (Y=0.03971+1.0*UV=0.00008)  in=36.857  enh=37.384  ΔY=+0.7340  ΔU=+0.0200  ΔV=+0.0202  lr=1.0e-07  (67s)
epoch 190  loss=0.03933 (Y=0.03925+1.0*UV=0.00008)  in=36.899  enh=37.425  ΔY=+0.7349  ΔU=+0.0221  ΔV=+0.0182  lr=1.0e-07  (70s)
epoch 191  loss=0.03958 (Y=0.03950+1.0*UV=0.00008)  in=36.751  enh=37.277  ΔY=+0.7331  ΔU=+0.0204  ΔV=+0.0174  lr=1.0e-07  (71s)
epoch 192  loss=0.03968 (Y=0.03960+1.0*UV=0.00008)  in=36.947  enh=37.480  ΔY=+0.7373  ΔU=+0.0266  ΔV=+0.0204  lr=1.0e-07  (67s)
epoch 193  loss=0.03948 (Y=0.03939+1.0*UV=0.00008)  in=37.060  enh=37.589  ΔY=+0.7340  ΔU=+0.0240  ΔV=+0.0178  lr=1.0e-07  (73s)
epoch 194  loss=0.03956 (Y=0.03948+1.0*UV=0.00008)  in=36.909  enh=37.435  ΔY=+0.7309  ΔU=+0.0245  ΔV=+0.0222  lr=1.0e-07  (73s)
epoch 195  loss=0.03975 (Y=0.03967+1.0*UV=0.00008)  in=36.999  enh=37.528  ΔY=+0.7407  ΔU=+0.0232  ΔV=+0.0155  lr=1.0e-07  (65s)
epoch 196  loss=0.03951 (Y=0.03943+1.0*UV=0.00008)  in=36.914  enh=37.442  ΔY=+0.7366  ΔU=+0.0210  ΔV=+0.0177  lr=1.0e-07  (64s)
epoch 197  loss=0.03930 (Y=0.03922+1.0*UV=0.00008)  in=37.037  enh=37.562  ΔY=+0.7287  ΔU=+0.0253  ΔV=+0.0174  lr=1.0e-07  (62s)
epoch 198  loss=0.03954 (Y=0.03946+1.0*UV=0.00008)  in=36.855  enh=37.379  ΔY=+0.7263  ΔU=+0.0201  ΔV=+0.0226  lr=1.0e-07  (59s)
epoch 199  loss=0.03993 (Y=0.03985+1.0*UV=0.00008)  in=36.898  enh=37.412  ΔY=+0.7118  ΔU=+0.0253  ΔV=+0.0156  lr=1.0e-08  (62s)
