[gpu_lock] train martell_hybrid_mqpnwd_on: acquired after 0.0 min
[VTMOnlineDataset] train: 11829 triplets from 212 (video,QP) pairs
[VTMOnlineDataset] val: 1315 triplets from 212 (video,QP) pairs
[martell_hybrid_mqpnwd_on] params=1,292,384 loss=hybrid wd=0.0 train=11829 val=1315
[martell_hybrid_mqpnwd_on] resumed from checkpoints/martell_hybrid_mqpnwd_on_last.pt (epoch 0, best -3.4837)
epoch   1  loss=0.04353  dY=-0.0417 dU=-1.1512 dV=-0.9027  lr=1.0e-04  (234s)
epoch   2  loss=0.04337  dY=-0.0714 dU=-0.9738 dV=-1.8818  lr=1.0e-04  (231s)
epoch   3  loss=0.04311  dY=-0.0166 dU=-0.2005 dV=-0.4383  lr=1.0e-04  (232s)
epoch   4  loss=0.04308  dY=-0.1092 dU=-0.1746 dV=-0.4627  lr=1.0e-04  (233s)
epoch   5  loss=0.04308  dY=-0.5174 dU=-1.0119 dV=-0.3648  lr=1.0e-04  (234s)
epoch   6  loss=0.04277  dY=+0.0665 dU=-0.1074 dV=-0.0991  lr=1.0e-04  (234s)
epoch   7  loss=0.04236  dY=+0.1142 dU=-0.0951 dV=-0.1505  lr=1.0e-04  (234s)
epoch   8  loss=0.04209  dY=+0.1890 dU=-0.0602 dV=-0.0950  lr=1.0e-04  (236s)
epoch   9  loss=0.04197  dY=+0.2241 dU=-0.0328 dV=-0.0642  lr=1.0e-04  (236s)
epoch  10  loss=0.04166  dY=+0.2712 dU=-0.0588 dV=-0.1459  lr=1.0e-04  (233s)
epoch  11  loss=0.04150  dY=+0.2739 dU=-0.1678 dV=-0.1006  lr=1.0e-04  (237s)
epoch  12  loss=0.04142  dY=+0.3118 dU=-0.0723 dV=-0.0773  lr=1.0e-05  (234s)
epoch  13  loss=0.04104  dY=+0.3605 dU=-0.0209 dV=-0.0309  lr=1.0e-05  (232s)
epoch  14  loss=0.04105  dY=+0.3609 dU=-0.0295 dV=-0.0330  lr=1.0e-05  (233s)
epoch  15  loss=0.04100  dY=+0.3633 dU=-0.0320 dV=-0.1019  lr=1.0e-05  (235s)
epoch  16  loss=0.04096  dY=+0.3700 dU=-0.0676 dV=-0.0439  lr=1.0e-05  (233s)
epoch  17  loss=0.04106  dY=+0.3699 dU=-0.0284 dV=-0.0567  lr=1.0e-05  (233s)
epoch  18  loss=0.04095  dY=+0.3746 dU=-0.0348 dV=-0.0341  lr=1.0e-05  (233s)
epoch  19  loss=0.04084  dY=+0.3747 dU=-0.0226 dV=-0.0324  lr=1.0e-05  (232s)
epoch  20  loss=0.04091  dY=+0.3811 dU=-0.0194 dV=-0.0264  lr=1.0e-05  (232s)
epoch  21  loss=0.04098  dY=+0.3851 dU=-0.0299 dV=-0.0508  lr=1.0e-05  (232s)
epoch  22  loss=0.04095  dY=+0.3892 dU=-0.0223 dV=-0.0273  lr=1.0e-05  (233s)
epoch  23  loss=0.04070  dY=+0.3887 dU=-0.0430 dV=-0.0534  lr=1.0e-05  (232s)
epoch  24  loss=0.04083  dY=+0.4031 dU=-0.0240 dV=-0.0289  lr=1.0e-06  (232s)
epoch  25  loss=0.04082  dY=+0.4079 dU=-0.0166 dV=-0.0235  lr=1.0e-06  (234s)
epoch  26  loss=0.04075  dY=+0.3910 dU=-0.0357 dV=-0.0582  lr=1.0e-06  (233s)
epoch  27  loss=0.04078  dY=+0.4037 dU=-0.0195 dV=-0.0279  lr=1.0e-06  (232s)
epoch  28  loss=0.04073  dY=+0.4067 dU=-0.0195 dV=-0.0328  lr=1.0e-06  (231s)
epoch  29  loss=0.04082  dY=+0.4092 dU=-0.0173 dV=-0.0240  lr=1.0e-06  (231s)
epoch  30  loss=0.04076  dY=+0.4083 dU=-0.0186 dV=-0.0245  lr=1.0e-06  (231s)
epoch  31  loss=0.04072  dY=+0.4061 dU=-0.0179 dV=-0.0255  lr=1.0e-06  (231s)
epoch  32  loss=0.04077  dY=+0.4115 dU=-0.0182 dV=-0.0254  lr=1.0e-06  (232s)
epoch  33  loss=0.04076  dY=+0.4056 dU=-0.0183 dV=-0.0314  lr=1.0e-06  (231s)
epoch  34  loss=0.04074  dY=+0.4047 dU=-0.0235 dV=-0.0420  lr=1.0e-06  (231s)
epoch  35  loss=0.04076  dY=+0.4078 dU=-0.0191 dV=-0.0288  lr=1.0e-06  (231s)
epoch  36  loss=0.04081  dY=+0.4038 dU=-0.0227 dV=-0.0311  lr=1.0e-06  (231s)
epoch  37  loss=0.04070  dY=+0.4063 dU=-0.0208 dV=-0.0321  lr=1.0e-07  (231s)
epoch  38  loss=0.04076  dY=+0.4122 dU=-0.0193 dV=-0.0274  lr=1.0e-07  (231s)
epoch  39  loss=0.04077  dY=+0.4086 dU=-0.0167 dV=-0.0246  lr=1.0e-07  (228s)
epoch  40  loss=0.04081  dY=+0.3987 dU=-0.0166 dV=-0.0242  lr=1.0e-07  (229s)
epoch  41  loss=0.04080  dY=+0.4039 dU=-0.0161 dV=-0.0236  lr=1.0e-07  (227s)
epoch  42  loss=0.04073  dY=+0.4065 dU=-0.0153 dV=-0.0228  lr=1.0e-07  (227s)
epoch  43  loss=0.04068  dY=+0.4076 dU=-0.0152 dV=-0.0226  lr=1.0e-07  (227s)
epoch  44  loss=0.04066  dY=+0.4066 dU=-0.0268 dV=-0.0490  lr=1.0e-07  (227s)
epoch  45  loss=0.04086  dY=+0.4052 dU=-0.0186 dV=-0.0262  lr=1.0e-07  (227s)
epoch  46  loss=0.04071  dY=+0.4122 dU=-0.0160 dV=-0.0243  lr=1.0e-07  (227s)
epoch  47  loss=0.04077  dY=+0.4067 dU=-0.0208 dV=-0.0311  lr=1.0e-07  (227s)
epoch  48  loss=0.04078  dY=+0.4039 dU=-0.0156 dV=-0.0228  lr=1.0e-07  (228s)
epoch  49  loss=0.04078  dY=+0.4056 dU=-0.0195 dV=-0.0304  lr=1.0e-08  (228s)
[martell_hybrid_mqpnwd_on] done, best total gain +0.3719 dB
