[gpu_lock] train qg_conv_lstm_mqp_off: acquired after 0.0 min
[VTMOnlineDataset] train: 11829 triplets from 212 (video,QP) pairs
[VTMOnlineDataset] val: 1315 triplets from 212 (video,QP) pairs
[qg_conv_lstm_mqp_off] params=2,678,003 loss=mse wd=0.0 train=11829 val=1315
[qg_conv_lstm_mqp_off] resumed from checkpoints/qg_conv_lstm_mqp_off_last.pt (epoch 14, best +1.1971)
epoch  15  loss=0.00035  dY=+0.8334 dU=+0.2272 dV=+0.1454  lr=1.0e-05  (930s)
epoch  16  loss=0.00035  dY=+0.8465 dU=+0.2496 dV=+0.1534  lr=1.0e-05  (922s)
epoch  17  loss=0.00035  dY=+0.8415 dU=+0.2326 dV=+0.1542  lr=1.0e-05  (923s)
epoch  18  loss=0.00035  dY=+0.8510 dU=+0.2431 dV=+0.1500  lr=1.0e-05  (926s)
epoch  19  loss=0.00035  dY=+0.8514 dU=+0.2372 dV=+0.1590  lr=1.0e-05  (926s)
epoch  20  loss=0.00035  dY=+0.8511 dU=+0.2480 dV=+0.1545  lr=1.0e-05  (923s)
epoch  21  loss=0.00035  dY=+0.8508 dU=+0.2523 dV=+0.1594  lr=1.0e-05  (923s)
epoch  22  loss=0.00035  dY=+0.8557 dU=+0.2596 dV=+0.1770  lr=1.0e-05  (926s)
epoch  23  loss=0.00035  dY=+0.8476 dU=+0.2540 dV=+0.1724  lr=1.0e-05  (932s)
epoch  24  loss=0.00035  dY=+0.8553 dU=+0.2614 dV=+0.1741  lr=1.0e-06  (932s)
epoch  25  loss=0.00035  dY=+0.8602 dU=+0.2599 dV=+0.1703  lr=1.0e-06  (932s)
epoch  26  loss=0.00035  dY=+0.8599 dU=+0.2630 dV=+0.1774  lr=1.0e-06  (925s)
epoch  27  loss=0.00035  dY=+0.8644 dU=+0.2697 dV=+0.1784  lr=1.0e-06  (929s)
epoch  28  loss=0.00035  dY=+0.8699 dU=+0.2668 dV=+0.1855  lr=1.0e-06  (923s)
epoch  29  loss=0.00035  dY=+0.8616 dU=+0.2798 dV=+0.1890  lr=1.0e-06  (923s)
epoch  30  loss=0.00035  dY=+0.8715 dU=+0.2798 dV=+0.1741  lr=1.0e-06  (924s)
epoch  31  loss=0.00035  dY=+0.8797 dU=+0.2647 dV=+0.1814  lr=1.0e-06  (924s)
epoch  32  loss=0.00035  dY=+0.8762 dU=+0.2736 dV=+0.1904  lr=1.0e-06  (923s)
epoch  33  loss=0.00035  dY=+0.8687 dU=+0.2789 dV=+0.1806  lr=1.0e-06  (924s)
epoch  34  loss=0.00035  dY=+0.8690 dU=+0.2756 dV=+0.1866  lr=1.0e-06  (925s)
epoch  35  loss=0.00035  dY=+0.8680 dU=+0.2709 dV=+0.1791  lr=1.0e-06  (932s)
epoch  36  loss=0.00035  dY=+0.8742 dU=+0.2767 dV=+0.1837  lr=1.0e-06  (932s)
epoch  37  loss=0.00035  dY=+0.8723 dU=+0.2746 dV=+0.1862  lr=1.0e-07  (932s)
epoch  38  loss=0.00035  dY=+0.8702 dU=+0.2838 dV=+0.1872  lr=1.0e-07  (932s)
epoch  39  loss=0.00035  dY=+0.8601 dU=+0.2626 dV=+0.1800  lr=1.0e-07  (932s)
epoch  40  loss=0.00035  dY=+0.8794 dU=+0.2796 dV=+0.1932  lr=1.0e-07  (932s)
epoch  41  loss=0.00035  dY=+0.8669 dU=+0.2745 dV=+0.1808  lr=1.0e-07  (932s)
epoch  42  loss=0.00035  dY=+0.8671 dU=+0.2852 dV=+0.1873  lr=1.0e-07  (930s)
epoch  43  loss=0.00035  dY=+0.8782 dU=+0.2621 dV=+0.1845  lr=1.0e-07  (923s)
epoch  44  loss=0.00035  dY=+0.8722 dU=+0.2862 dV=+0.1916  lr=1.0e-07  (923s)
epoch  45  loss=0.00035  dY=+0.8724 dU=+0.2653 dV=+0.1827  lr=1.0e-07  (923s)
epoch  46  loss=0.00035  dY=+0.8653 dU=+0.2747 dV=+0.1791  lr=1.0e-07  (924s)
epoch  47  loss=0.00035  dY=+0.8826 dU=+0.2726 dV=+0.1867  lr=1.0e-07  (923s)
epoch  48  loss=0.00035  dY=+0.8698 dU=+0.2786 dV=+0.1872  lr=1.0e-07  (923s)
epoch  49  loss=0.00035  dY=+0.8729 dU=+0.2759 dV=+0.1896  lr=1.0e-08  (923s)
[qg_conv_lstm_mqp_off] done, best total gain +1.3522 dB
