[gpu_lock] train_qg: acquired after 0.0 min
Loaded 2628 frame triplets for train
Loaded 329 frame triplets for val
Train: 2628  Val: 329
Params: 2,678,003
Logging to qg_conv_lstm_fixed2_train.log
epoch   0  loss=0.00031  in=37.147  enh=37.151  ΔY=+0.0002  ΔU=+0.0184  ΔV=+0.0135  lr=1.0e-04  (267s)
epoch   1  loss=0.00029  in=37.070  enh=37.083  ΔY=+0.0002  ΔU=+0.0719  ΔV=+0.0444  lr=1.0e-04  (219s)
epoch   2  loss=0.00030  in=37.098  enh=37.116  ΔY=-0.0005  ΔU=+0.1409  ΔV=+0.0147  lr=1.0e-04  (237s)
epoch   3  loss=0.00030  in=37.084  enh=37.118  ΔY=+0.0033  ΔU=+0.2047  ΔV=+0.0520  lr=1.0e-04  (363s)
epoch   4  loss=0.00029  in=37.159  enh=37.204  ΔY=+0.0129  ΔU=+0.2410  ΔV=+0.0725  lr=1.0e-04  (250s)
epoch   5  loss=0.00029  in=37.107  enh=37.179  ΔY=+0.0393  ΔU=+0.2483  ΔV=+0.0965  lr=1.0e-04  (213s)
epoch   6  loss=0.00029  in=37.157  enh=37.269  ΔY=+0.0801  ΔU=+0.3027  ΔV=+0.1167  lr=1.0e-04  (212s)
epoch   7  loss=0.00029  in=37.020  enh=37.143  ΔY=+0.1354  ΔU=+0.1530  ΔV=+0.0256  lr=1.0e-04  (213s)
epoch   8  loss=0.00029  in=37.151  enh=37.344  ΔY=+0.1718  ΔU=+0.3673  ΔV=+0.1665  lr=1.0e-04  (217s)
epoch   9  loss=0.00028  in=37.061  enh=37.240  ΔY=+0.2013  ΔU=+0.1260  ΔV=+0.0713  lr=1.0e-04  (215s)
epoch  10  loss=0.00028  in=37.106  enh=37.330  ΔY=+0.2068  ΔU=+0.4142  ΔV=+0.1183  lr=1.0e-04  (215s)
epoch  11  loss=0.00028  in=36.969  enh=37.226  ΔY=+0.2294  ΔU=+0.4379  ΔV=+0.2536  lr=1.0e-04  (213s)
epoch  12  loss=0.00028  in=37.149  enh=37.457  ΔY=+0.2652  ΔU=+0.5686  ΔV=+0.3166  lr=1.0e-04  (216s)
epoch  13  loss=0.00028  in=37.177  enh=37.485  ΔY=+0.2718  ΔU=+0.5253  ΔV=+0.3103  lr=1.0e-04  (215s)
epoch  14  loss=0.00028  in=37.177  enh=37.494  ΔY=+0.2824  ΔU=+0.6344  ΔV=+0.1838  lr=1.0e-04  (214s)
epoch  15  loss=0.00027  in=36.962  enh=37.305  ΔY=+0.2925  ΔU=+0.5977  ΔV=+0.3971  lr=1.0e-04  (216s)
epoch  16  loss=0.00027  in=37.202  enh=37.532  ΔY=+0.2833  ΔU=+0.5614  ΔV=+0.3761  lr=1.0e-04  (215s)
epoch  17  loss=0.00027  in=37.074  enh=37.430  ΔY=+0.2999  ΔU=+0.6012  ΔV=+0.4629  lr=1.0e-04  (218s)
epoch  18  loss=0.00027  in=36.889  enh=37.267  ΔY=+0.3083  ΔU=+0.7333  ΔV=+0.4408  lr=1.0e-04  (217s)
epoch  19  loss=0.00027  in=37.171  enh=37.579  ΔY=+0.3358  ΔU=+0.7652  ΔV=+0.5266  lr=1.0e-04  (214s)
  saved checkpoints/qg_conv_lstm_fixed2_epoch_20.pt
epoch  20  loss=0.00027  in=37.081  enh=37.445  ΔY=+0.3073  ΔU=+0.6295  ΔV=+0.4068  lr=1.0e-04  (217s)
epoch  21  loss=0.00027  in=37.147  enh=37.586  ΔY=+0.3671  ΔU=+0.7922  ΔV=+0.5365  lr=1.0e-04  (216s)
epoch  22  loss=0.00027  in=36.984  enh=37.412  ΔY=+0.3357  ΔU=+0.8218  ΔV=+0.5788  lr=1.0e-04  (212s)
epoch  23  loss=0.00027  in=37.172  enh=37.616  ΔY=+0.3730  ΔU=+0.7473  ΔV=+0.5848  lr=1.0e-04  (215s)
epoch  24  loss=0.00027  in=37.071  enh=37.522  ΔY=+0.3758  ΔU=+0.7666  ΔV=+0.6213  lr=1.0e-04  (214s)
epoch  25  loss=0.00026  in=36.783  enh=37.273  ΔY=+0.3993  ΔU=+0.8605  ΔV=+0.7115  lr=1.0e-04  (214s)
epoch  26  loss=0.00027  in=37.016  enh=37.530  ΔY=+0.4094  ΔU=+0.9603  ΔV=+0.7266  lr=1.0e-04  (213s)
epoch  27  loss=0.00026  in=37.201  enh=37.688  ΔY=+0.4026  ΔU=+0.8350  ΔV=+0.6831  lr=1.0e-04  (214s)
epoch  28  loss=0.00026  in=37.198  enh=37.717  ΔY=+0.3957  ΔU=+1.0561  ΔV=+0.7418  lr=1.0e-04  (212s)
epoch  29  loss=0.00026  in=36.976  enh=37.544  ΔY=+0.4512  ΔU=+1.0789  ΔV=+0.8346  lr=1.0e-04  (211s)
epoch  30  loss=0.00026  in=37.230  enh=37.761  ΔY=+0.4262  ΔU=+0.9604  ΔV=+0.7600  lr=1.0e-04  (215s)
epoch  31  loss=0.00026  in=37.040  enh=37.618  ΔY=+0.4478  ΔU=+1.0604  ΔV=+0.8951  lr=1.0e-04  (210s)
epoch  32  loss=0.00026  in=37.035  enh=37.589  ΔY=+0.4357  ΔU=+1.0141  ΔV=+0.8553  lr=1.0e-04  (216s)
epoch  33  loss=0.00026  in=37.182  enh=37.763  ΔY=+0.4559  ΔU=+1.1120  ΔV=+0.8659  lr=1.0e-04  (217s)
epoch  34  loss=0.00026  in=37.134  enh=37.679  ΔY=+0.4262  ΔU=+1.0004  ΔV=+0.8186  lr=1.0e-04  (295s)
epoch  35  loss=0.00026  in=37.129  enh=37.715  ΔY=+0.4641  ΔU=+0.9932  ΔV=+0.9127  lr=1.0e-04  (248s)
epoch  36  loss=0.00026  in=37.113  enh=37.713  ΔY=+0.4786  ΔU=+1.0532  ΔV=+0.9393  lr=1.0e-04  (334s)
epoch  37  loss=0.00026  in=37.243  enh=37.821  ΔY=+0.4767  ΔU=+0.9290  ΔV=+0.8463  lr=1.0e-04  (252s)
epoch  38  loss=0.00025  in=37.328  enh=37.948  ΔY=+0.4732  ΔU=+1.1940  ΔV=+0.9952  lr=1.0e-04  (219s)
epoch  39  loss=0.00026  in=37.187  enh=37.812  ΔY=+0.4972  ΔU=+1.1176  ΔV=+0.9193  lr=1.0e-04  (222s)
  saved checkpoints/qg_conv_lstm_fixed2_epoch_40.pt
epoch  40  loss=0.00025  in=37.139  enh=37.761  ΔY=+0.4902  ΔU=+1.1186  ΔV=+0.9682  lr=1.0e-04  (224s)
epoch  41  loss=0.00025  in=36.947  enh=37.596  ΔY=+0.4986  ΔU=+1.2321  ΔV=+1.0493  lr=1.0e-04  (227s)
epoch  42  loss=0.00025  in=37.037  enh=37.706  ΔY=+0.5151  ΔU=+1.3032  ΔV=+1.0265  lr=1.0e-04  (221s)
epoch  43  loss=0.00025  in=37.033  enh=37.652  ΔY=+0.5025  ΔU=+0.9742  ΔV=+0.9937  lr=1.0e-04  (220s)
epoch  44  loss=0.00025  in=37.126  enh=37.804  ΔY=+0.5324  ΔU=+1.2578  ΔV=+1.0732  lr=1.0e-04  (228s)
epoch  45  loss=0.00025  in=37.196  enh=37.872  ΔY=+0.5361  ΔU=+1.1862  ΔV=+1.0716  lr=1.0e-04  (300s)
epoch  46  loss=0.00025  in=36.975  enh=37.669  ΔY=+0.5408  ΔU=+1.3108  ΔV=+1.0963  lr=1.0e-04  (194s)
epoch  47  loss=0.00025  in=37.108  enh=37.820  ΔY=+0.5497  ΔU=+1.3412  ΔV=+1.1203  lr=1.0e-04  (196s)
epoch  48  loss=0.00025  in=37.175  enh=37.876  ΔY=+0.5583  ΔU=+1.2952  ΔV=+1.0162  lr=1.0e-04  (198s)
epoch  49  loss=0.00025  in=37.240  enh=37.900  ΔY=+0.5188  ΔU=+1.2079  ΔV=+0.9934  lr=1.0e-05  (194s)
epoch  50  loss=0.00025  in=37.060  enh=37.866  ΔY=+0.6213  ΔU=+1.5101  ΔV=+1.3499  lr=1.0e-05  (165s)
epoch  51  loss=0.00025  in=37.122  enh=37.923  ΔY=+0.6140  ΔU=+1.5290  ΔV=+1.3499  lr=1.0e-05  (157s)
epoch  52  loss=0.00024  in=37.165  enh=37.964  ΔY=+0.6060  ΔU=+1.5311  ΔV=+1.4078  lr=1.0e-05  (159s)
epoch  53  loss=0.00024  in=37.154  enh=37.983  ΔY=+0.6278  ΔU=+1.6110  ΔV=+1.4246  lr=1.0e-05  (159s)
epoch  54  loss=0.00024  in=37.017  enh=37.834  ΔY=+0.6287  ΔU=+1.5165  ΔV=+1.3714  lr=1.0e-05  (157s)
epoch  55  loss=0.00024  in=37.262  enh=38.070  ΔY=+0.6126  ΔU=+1.5667  ΔV=+1.3724  lr=1.0e-05  (160s)
epoch  56  loss=0.00024  in=37.145  enh=37.972  ΔY=+0.6352  ΔU=+1.5846  ΔV=+1.3830  lr=1.0e-05  (158s)
epoch  57  loss=0.00025  in=37.149  enh=37.967  ΔY=+0.6250  ΔU=+1.5570  ΔV=+1.3761  lr=1.0e-05  (158s)
epoch  58  loss=0.00025  in=37.133  enh=37.952  ΔY=+0.6233  ΔU=+1.5583  ΔV=+1.3897  lr=1.0e-05  (159s)
epoch  59  loss=0.00024  in=37.274  enh=38.096  ΔY=+0.6204  ΔU=+1.6097  ΔV=+1.3931  lr=1.0e-05  (158s)
  saved checkpoints/qg_conv_lstm_fixed2_epoch_60.pt
epoch  60  loss=0.00024  in=37.037  enh=37.868  ΔY=+0.6240  ΔU=+1.6243  ΔV=+1.4764  lr=1.0e-05  (157s)
epoch  61  loss=0.00024  in=37.333  enh=38.163  ΔY=+0.6344  ΔU=+1.5980  ΔV=+1.4083  lr=1.0e-05  (160s)
epoch  62  loss=0.00024  in=37.174  enh=38.016  ΔY=+0.6411  ΔU=+1.6286  ΔV=+1.4282  lr=1.0e-05  (157s)
epoch  63  loss=0.00024  in=37.196  enh=38.030  ΔY=+0.6420  ΔU=+1.5678  ΔV=+1.4133  lr=1.0e-05  (158s)
epoch  64  loss=0.00024  in=37.109  enh=37.950  ΔY=+0.6343  ΔU=+1.6766  ΔV=+1.4320  lr=1.0e-05  (159s)
epoch  65  loss=0.00024  in=37.261  enh=38.068  ΔY=+0.6208  ΔU=+1.5106  ΔV=+1.4034  lr=1.0e-05  (157s)
epoch  66  loss=0.00024  in=37.220  enh=38.050  ΔY=+0.6383  ΔU=+1.5812  ΔV=+1.3877  lr=1.0e-05  (160s)
epoch  67  loss=0.00025  in=37.280  enh=38.121  ΔY=+0.6428  ΔU=+1.5851  ΔV=+1.4416  lr=1.0e-05  (158s)
epoch  68  loss=0.00024  in=37.003  enh=37.839  ΔY=+0.6351  ΔU=+1.5964  ΔV=+1.4571  lr=1.0e-05  (157s)
epoch  69  loss=0.00024  in=36.995  enh=37.829  ΔY=+0.6414  ΔU=+1.5733  ΔV=+1.4388  lr=1.0e-05  (159s)
epoch  70  loss=0.00024  in=37.307  enh=38.151  ΔY=+0.6424  ΔU=+1.6392  ΔV=+1.4510  lr=1.0e-05  (158s)
epoch  71  loss=0.00024  in=37.117  enh=37.957  ΔY=+0.6360  ΔU=+1.6323  ΔV=+1.4672  lr=1.0e-05  (157s)
epoch  72  loss=0.00024  in=37.189  enh=38.017  ΔY=+0.6303  ΔU=+1.5817  ΔV=+1.4112  lr=1.0e-05  (159s)
epoch  73  loss=0.00024  in=37.121  enh=37.973  ΔY=+0.6473  ΔU=+1.6308  ΔV=+1.4716  lr=1.0e-05  (157s)
epoch  74  loss=0.00024  in=37.080  enh=37.922  ΔY=+0.6431  ΔU=+1.6045  ΔV=+1.4495  lr=1.0e-05  (158s)
epoch  75  loss=0.00024  in=37.201  enh=38.019  ΔY=+0.6219  ΔU=+1.5425  ΔV=+1.3977  lr=1.0e-05  (159s)
epoch  76  loss=0.00024  in=37.119  enh=37.977  ΔY=+0.6594  ΔU=+1.6219  ΔV=+1.4946  lr=1.0e-05  (156s)
epoch  77  loss=0.00024  in=37.357  enh=38.205  ΔY=+0.6544  ΔU=+1.6190  ΔV=+1.4447  lr=1.0e-05  (160s)
epoch  78  loss=0.00024  in=37.200  enh=38.045  ΔY=+0.6439  ΔU=+1.6429  ΔV=+1.4328  lr=1.0e-05  (159s)
epoch  79  loss=0.00024  in=37.109  enh=37.967  ΔY=+0.6516  ΔU=+1.6570  ΔV=+1.4736  lr=1.0e-05  (157s)
  saved checkpoints/qg_conv_lstm_fixed2_epoch_80.pt
epoch  80  loss=0.00024  in=36.954  enh=37.811  ΔY=+0.6598  ΔU=+1.6008  ΔV=+1.4372  lr=1.0e-05  (159s)
epoch  81  loss=0.00024  in=37.230  enh=38.069  ΔY=+0.6365  ΔU=+1.6167  ΔV=+1.4157  lr=1.0e-05  (163s)
epoch  82  loss=0.00024  in=37.142  enh=37.993  ΔY=+0.6664  ΔU=+1.5709  ΔV=+1.4143  lr=1.0e-05  (157s)
epoch  83  loss=0.00024  in=36.964  enh=37.828  ΔY=+0.6581  ΔU=+1.6205  ΔV=+1.4810  lr=1.0e-05  (159s)
epoch  84  loss=0.00024  in=37.079  enh=37.937  ΔY=+0.6572  ΔU=+1.6322  ΔV=+1.4835  lr=1.0e-05  (157s)
epoch  85  loss=0.00024  in=37.098  enh=37.944  ΔY=+0.6488  ΔU=+1.5973  ΔV=+1.4490  lr=1.0e-05  (159s)
epoch  86  loss=0.00024  in=37.243  enh=38.090  ΔY=+0.6501  ΔU=+1.6233  ΔV=+1.4706  lr=1.0e-05  (159s)
epoch  87  loss=0.00024  in=37.081  enh=37.937  ΔY=+0.6608  ΔU=+1.6563  ΔV=+1.4442  lr=1.0e-05  (157s)
epoch  88  loss=0.00024  in=37.049  enh=37.910  ΔY=+0.6640  ΔU=+1.6338  ΔV=+1.4922  lr=1.0e-05  (159s)
epoch  89  loss=0.00024  in=37.058  enh=37.916  ΔY=+0.6574  ΔU=+1.6176  ΔV=+1.4673  lr=1.0e-05  (159s)
epoch  90  loss=0.00024  in=37.114  enh=37.964  ΔY=+0.6452  ΔU=+1.6166  ΔV=+1.4700  lr=1.0e-05  (157s)
epoch  91  loss=0.00024  in=37.082  enh=37.937  ΔY=+0.6474  ΔU=+1.6220  ΔV=+1.4689  lr=1.0e-05  (160s)
epoch  92  loss=0.00024  in=37.007  enh=37.876  ΔY=+0.6546  ΔU=+1.6878  ΔV=+1.5124  lr=1.0e-05  (158s)
epoch  93  loss=0.00024  in=36.990  enh=37.833  ΔY=+0.6410  ΔU=+1.6076  ΔV=+1.5053  lr=1.0e-05  (157s)
epoch  94  loss=0.00024  in=37.288  enh=38.151  ΔY=+0.6561  ΔU=+1.6562  ΔV=+1.5223  lr=1.0e-05  (159s)
epoch  95  loss=0.00024  in=37.156  enh=38.008  ΔY=+0.6498  ΔU=+1.6112  ΔV=+1.4582  lr=1.0e-05  (157s)
epoch  96  loss=0.00024  in=37.101  enh=37.974  ΔY=+0.6676  ΔU=+1.6397  ΔV=+1.5305  lr=1.0e-05  (159s)
epoch  97  loss=0.00024  in=37.232  enh=38.107  ΔY=+0.6703  ΔU=+1.6179  ΔV=+1.4882  lr=1.0e-05  (159s)
epoch  98  loss=0.00024  in=37.208  enh=38.077  ΔY=+0.6670  ΔU=+1.6447  ΔV=+1.4935  lr=1.0e-05  (157s)
epoch  99  loss=0.00024  in=37.137  enh=37.986  ΔY=+0.6576  ΔU=+1.5717  ΔV=+1.4708  lr=1.0e-06  (159s)
  saved checkpoints/qg_conv_lstm_fixed2_epoch_100.pt
epoch 100  loss=0.00024  in=37.103  enh=37.977  ΔY=+0.6634  ΔU=+1.7015  ΔV=+1.4967  lr=1.0e-06  (158s)
epoch 101  loss=0.00024  in=37.075  enh=37.955  ΔY=+0.6707  ΔU=+1.6817  ΔV=+1.5168  lr=1.0e-06  (157s)
epoch 102  loss=0.00024  in=37.053  enh=37.929  ΔY=+0.6677  ΔU=+1.6549  ΔV=+1.5330  lr=1.0e-06  (159s)
epoch 103  loss=0.00024  in=37.134  enh=38.016  ΔY=+0.6727  ΔU=+1.6936  ΔV=+1.5049  lr=1.0e-06  (159s)
epoch 104  loss=0.00024  in=37.038  enh=37.924  ΔY=+0.6748  ΔU=+1.6903  ΔV=+1.5575  lr=1.0e-06  (157s)
epoch 105  loss=0.00024  in=37.099  enh=37.977  ΔY=+0.6710  ΔU=+1.6915  ΔV=+1.5478  lr=1.0e-06  (159s)
epoch 106  loss=0.00024  in=37.024  enh=37.889  ΔY=+0.6582  ΔU=+1.6714  ΔV=+1.5159  lr=1.0e-06  (156s)
epoch 107  loss=0.00024  in=37.094  enh=37.977  ΔY=+0.6773  ΔU=+1.6474  ΔV=+1.5158  lr=1.0e-06  (159s)
epoch 108  loss=0.00023  in=37.163  enh=38.047  ΔY=+0.6756  ΔU=+1.6741  ΔV=+1.5457  lr=1.0e-06  (159s)
epoch 109  loss=0.00024  in=36.993  enh=37.879  ΔY=+0.6794  ΔU=+1.6681  ΔV=+1.5043  lr=1.0e-06  (157s)
epoch 110  loss=0.00024  in=37.040  enh=37.910  ΔY=+0.6617  ΔU=+1.6962  ΔV=+1.5099  lr=1.0e-06  (159s)
epoch 111  loss=0.00024  in=37.104  enh=37.972  ΔY=+0.6689  ΔU=+1.6551  ΔV=+1.4828  lr=1.0e-06  (158s)
epoch 112  loss=0.00024  in=37.172  enh=38.052  ΔY=+0.6719  ΔU=+1.6781  ΔV=+1.5170  lr=1.0e-06  (156s)
epoch 113  loss=0.00024  in=37.133  enh=38.012  ΔY=+0.6753  ΔU=+1.6505  ΔV=+1.5227  lr=1.0e-06  (159s)
epoch 114  loss=0.00024  in=37.001  enh=37.885  ΔY=+0.6784  ΔU=+1.7053  ΔV=+1.5231  lr=1.0e-06  (158s)
epoch 115  loss=0.00024  in=37.219  enh=38.113  ΔY=+0.6878  ΔU=+1.6680  ΔV=+1.5373  lr=1.0e-06  (157s)
epoch 116  loss=0.00023  in=36.958  enh=37.829  ΔY=+0.6600  ΔU=+1.6630  ΔV=+1.5195  lr=1.0e-06  (159s)
epoch 117  loss=0.00024  in=37.096  enh=37.986  ΔY=+0.6814  ΔU=+1.6975  ΔV=+1.5368  lr=1.0e-06  (158s)
epoch 118  loss=0.00024  in=37.333  enh=38.215  ΔY=+0.6803  ΔU=+1.7056  ΔV=+1.5009  lr=1.0e-06  (157s)
epoch 119  loss=0.00024  in=37.006  enh=37.881  ΔY=+0.6708  ΔU=+1.6725  ΔV=+1.4857  lr=1.0e-06  (159s)
  saved checkpoints/qg_conv_lstm_fixed2_epoch_120.pt
0.6708  ΔU=+1.6725  ΔV=+1.4857  lr=1.0e-06  (159s)
