[gpu_lock] train qg_conv_lstm_mqp_on: acquired after 0.0 min
[VTMOnlineDataset] train: 11829 triplets from 212 (video,QP) pairs
[VTMOnlineDataset] val: 1315 triplets from 212 (video,QP) pairs
[qg_conv_lstm_mqp_on] params=2,678,003 loss=mse wd=0.0 train=11829 val=1315
epoch   0  loss=0.00039  dY=-0.0000 dU=+0.0180 dV=+0.0067  lr=1.0e-04  (647s)
epoch   1  loss=0.00038  dY=-0.0091 dU=+0.0549 dV=+0.0264  lr=1.0e-04  (644s)
epoch   2  loss=0.00038  dY=+0.0076 dU=+0.1516 dV=+0.1506  lr=1.0e-04  (642s)
epoch   3  loss=0.00037  dY=+0.0536 dU=+0.2840 dV=+0.2751  lr=1.0e-04  (642s)
epoch   4  loss=0.00037  dY=+0.0754 dU=+0.2897 dV=+0.2719  lr=1.0e-04  (643s)
epoch   5  loss=0.00037  dY=+0.0925 dU=+0.3795 dV=+0.3499  lr=1.0e-04  (652s)
epoch   6  loss=0.00036  dY=+0.0726 dU=+0.4148 dV=+0.3805  lr=1.0e-04  (651s)
epoch   7  loss=0.00036  dY=+0.1320 dU=+0.3458 dV=+0.3961  lr=1.0e-04  (686s)
epoch   8  loss=0.00036  dY=+0.1557 dU=+0.4934 dV=+0.4660  lr=1.0e-04  (696s)
epoch   9  loss=0.00035  dY=+0.1753 dU=+0.4962 dV=+0.4959  lr=1.0e-04  (707s)
epoch  10  loss=0.00035  dY=+0.1929 dU=+0.5476 dV=+0.5415  lr=1.0e-04  (718s)
epoch  11  loss=0.00035  dY=+0.2127 dU=+0.5760 dV=+0.5607  lr=1.0e-04  (735s)
epoch  12  loss=0.00035  dY=+0.2276 dU=+0.5958 dV=+0.5726  lr=1.0e-05  (713s)
epoch  13  loss=0.00034  dY=+0.2684 dU=+0.7324 dV=+0.7405  lr=1.0e-05  (738s)
epoch  14  loss=0.00034  dY=+0.2788 dU=+0.7628 dV=+0.7696  lr=1.0e-05  (885s)
epoch  15  loss=0.00034  dY=+0.2850 dU=+0.7632 dV=+0.7699  lr=1.0e-05  (886s)
epoch  16  loss=0.00034  dY=+0.2880 dU=+0.7817 dV=+0.7801  lr=1.0e-05  (887s)
epoch  17  loss=0.00034  dY=+0.2921 dU=+0.7792 dV=+0.7979  lr=1.0e-05  (883s)
epoch  18  loss=0.00034  dY=+0.2852 dU=+0.7843 dV=+0.7946  lr=1.0e-05  (883s)
epoch  19  loss=0.00033  dY=+0.2936 dU=+0.7859 dV=+0.8056  lr=1.0e-05  (882s)
epoch  20  loss=0.00033  dY=+0.2968 dU=+0.7870 dV=+0.8001  lr=1.0e-05  (880s)
epoch  21  loss=0.00034  dY=+0.3008 dU=+0.7966 dV=+0.8103  lr=1.0e-05  (893s)
epoch  22  loss=0.00033  dY=+0.3040 dU=+0.8110 dV=+0.8307  lr=1.0e-05  (882s)
epoch  23  loss=0.00033  dY=+0.3006 dU=+0.7940 dV=+0.8262  lr=1.0e-05  (878s)
epoch  24  loss=0.00033  dY=+0.3091 dU=+0.7984 dV=+0.8278  lr=1.0e-06  (880s)
epoch  25  loss=0.00033  dY=+0.3147 dU=+0.8260 dV=+0.8520  lr=1.0e-06  (879s)
epoch  26  loss=0.00033  dY=+0.3166 dU=+0.8273 dV=+0.8500  lr=1.0e-06  (876s)
epoch  27  loss=0.00033  dY=+0.3105 dU=+0.8291 dV=+0.8535  lr=1.0e-06  (876s)
epoch  28  loss=0.00033  dY=+0.3086 dU=+0.8403 dV=+0.8409  lr=1.0e-06  (878s)
epoch  29  loss=0.00033  dY=+0.3143 dU=+0.8311 dV=+0.8441  lr=1.0e-06  (875s)
epoch  30  loss=0.00033  dY=+0.3178 dU=+0.8227 dV=+0.8461  lr=1.0e-06  (878s)
epoch  31  loss=0.00033  dY=+0.3157 dU=+0.8195 dV=+0.8559  lr=1.0e-06  (886s)
epoch  32  loss=0.00033  dY=+0.3116 dU=+0.8237 dV=+0.8452  lr=1.0e-06  (881s)
epoch  33  loss=0.00033  dY=+0.3105 dU=+0.8302 dV=+0.8482  lr=1.0e-06  (884s)
epoch  34  loss=0.00033  dY=+0.3182 dU=+0.8302 dV=+0.8492  lr=1.0e-06  (882s)
epoch  35  loss=0.00033  dY=+0.3136 dU=+0.8314 dV=+0.8553  lr=1.0e-06  (879s)
epoch  36  loss=0.00033  dY=+0.3132 dU=+0.8217 dV=+0.8491  lr=1.0e-06  (879s)
epoch  37  loss=0.00033  dY=+0.3189 dU=+0.8303 dV=+0.8652  lr=1.0e-07  (878s)
epoch  38  loss=0.00033  dY=+0.3139 dU=+0.8387 dV=+0.8533  lr=1.0e-07  (873s)
epoch  39  loss=0.00033  dY=+0.3165 dU=+0.8112 dV=+0.8450  lr=1.0e-07  (862s)
epoch  40  loss=0.00033  dY=+0.3223 dU=+0.8394 dV=+0.8508  lr=1.0e-07  (860s)
epoch  41  loss=0.00033  dY=+0.3186 dU=+0.8308 dV=+0.8559  lr=1.0e-07  (863s)
epoch  42  loss=0.00033  dY=+0.3121 dU=+0.8381 dV=+0.8422  lr=1.0e-07  (854s)
epoch  43  loss=0.00033  dY=+0.3162 dU=+0.8222 dV=+0.8551  lr=1.0e-07  (853s)
epoch  44  loss=0.00033  dY=+0.3178 dU=+0.8457 dV=+0.8604  lr=1.0e-07  (855s)
epoch  45  loss=0.00033  dY=+0.3100 dU=+0.8220 dV=+0.8477  lr=1.0e-07  (854s)
epoch  46  loss=0.00033  dY=+0.3163 dU=+0.8226 dV=+0.8515  lr=1.0e-07  (867s)
epoch  47  loss=0.00033  dY=+0.3121 dU=+0.8302 dV=+0.8558  lr=1.0e-07  (1098s)
epoch  48  loss=0.00033  dY=+0.3118 dU=+0.8317 dV=+0.8532  lr=1.0e-07  (1027s)
epoch  49  loss=0.00033  dY=+0.3154 dU=+0.8440 dV=+0.8531  lr=1.0e-08  (925s)
[qg_conv_lstm_mqp_on] done, best total gain +2.0239 dB
