Loaded 2628 frame triplets for train
Loaded 329 frame triplets for val
Train: 2628  Val: 329
Params: 761,158
Logging to stenet_2024_fixed_train.log
epoch   0  loss=0.00049 (main=0.00044+synth=0.00049)  in=37.009  enh=36.663  Δ=-0.3466  ΔY=-0.1605  ΔU=-0.7887  ΔV=-1.0340  lr=1.0e-04  (206s)
epoch   1  loss=0.00034 (main=0.00031+synth=0.00032)  in=37.139  enh=36.917  Δ=-0.2220  ΔY=-0.0908  ΔU=-0.4699  ΔV=-0.7892  lr=1.0e-04  (159s)
epoch   2  loss=0.00033 (main=0.00030+synth=0.00031)  in=37.058  enh=36.877  Δ=-0.1813  ΔY=-0.0782  ΔU=-0.4483  ΔV=-0.4849  lr=1.0e-04  (159s)
epoch   3  loss=0.00033 (main=0.00030+synth=0.00030)  in=37.002  enh=36.866  Δ=-0.1364  ΔY=-0.0841  ΔU=-0.3309  ΔV=-0.2663  lr=1.0e-04  (161s)
epoch   4  loss=0.00033 (main=0.00030+synth=0.00030)  in=37.050  enh=36.944  Δ=-0.1060  ΔY=-0.0546  ΔU=-0.2343  ΔV=-0.3120  lr=1.0e-04  (157s)
epoch   5  loss=0.00033 (main=0.00030+synth=0.00031)  in=37.262  enh=37.092  Δ=-0.1699  ΔY=-0.0329  ΔU=-0.6440  ΔV=-0.3127  lr=1.0e-04  (161s)
epoch   6  loss=0.00033 (main=0.00030+synth=0.00030)  in=37.126  enh=37.060  Δ=-0.0657  ΔY=-0.0068  ΔU=-0.0658  ΔV=-0.4458  lr=1.0e-04  (123s)
epoch   7  loss=0.00033 (main=0.00030+synth=0.00030)  in=37.066  enh=37.045  Δ=-0.0208  ΔY=+0.0161  ΔU=-0.0770  ΔV=-0.1739  lr=1.0e-04  (135s)
epoch   8  loss=0.00033 (main=0.00030+synth=0.00030)  in=37.255  enh=37.255  Δ=+0.0003  ΔY=+0.0230  ΔU=-0.0282  ΔV=-0.1023  lr=1.0e-04  (129s)
epoch   9  loss=0.00032 (main=0.00029+synth=0.00030)  in=36.972  enh=36.930  Δ=-0.0416  ΔY=+0.0045  ΔU=-0.0363  ΔV=-0.3617  lr=1.0e-04  (126s)
epoch  10  loss=0.00032 (main=0.00029+synth=0.00030)  in=37.026  enh=37.002  Δ=-0.0240  ΔY=+0.0449  ΔU=-0.1506  ΔV=-0.3014  lr=1.0e-04  (133s)
epoch  11  loss=0.00032 (main=0.00029+synth=0.00030)  in=37.158  enh=37.173  Δ=+0.0157  ΔY=+0.0513  ΔU=-0.0290  ΔV=-0.1558  lr=1.0e-04  (130s)
epoch  12  loss=0.00032 (main=0.00029+synth=0.00029)  in=37.254  enh=37.194  Δ=-0.0593  ΔY=-0.0152  ΔU=-0.0471  ΔV=-0.3607  lr=1.0e-04  (130s)
epoch  13  loss=0.00033 (main=0.00030+synth=0.00030)  in=37.095  enh=37.153  Δ=+0.0579  ΔY=+0.0828  ΔU=+0.0331  ΔV=-0.0467  lr=1.0e-04  (127s)
epoch  14  loss=0.00032 (main=0.00029+synth=0.00030)  in=37.239  enh=37.283  Δ=+0.0442  ΔY=+0.0896  ΔU=+0.0372  ΔV=-0.2503  lr=1.0e-04  (126s)
epoch  15  loss=0.00032 (main=0.00029+synth=0.00030)  in=37.156  enh=37.229  Δ=+0.0727  ΔY=+0.1008  ΔU=+0.0417  ΔV=-0.0490  lr=1.0e-04  (129s)
epoch  16  loss=0.00032 (main=0.00029+synth=0.00030)  in=37.014  enh=36.974  Δ=-0.0404  ΔY=+0.0650  ΔU=+0.0502  ΔV=-0.8156  lr=1.0e-04  (131s)
epoch  17  loss=0.00033 (main=0.00030+synth=0.00030)  in=37.043  enh=37.134  Δ=+0.0915  ΔY=+0.1158  ΔU=+0.0485  ΔV=+0.0016  lr=1.0e-04  (118s)
epoch  18  loss=0.00032 (main=0.00029+synth=0.00030)  in=37.067  enh=37.151  Δ=+0.0846  ΔY=+0.1205  ΔU=+0.0230  ΔV=-0.0292  lr=1.0e-04  (131s)
epoch  19  loss=0.00032 (main=0.00029+synth=0.00029)  in=37.364  enh=37.456  Δ=+0.0927  ΔY=+0.1231  ΔU=+0.0626  ΔV=-0.0622  lr=1.0e-04  (128s)
  saved checkpoints/stenet_2024_fixed_epoch_20.pt
epoch  20  loss=0.00031 (main=0.00029+synth=0.00029)  in=37.084  enh=37.196  Δ=+0.1115  ΔY=+0.1410  ΔU=+0.0725  ΔV=-0.0146  lr=1.0e-04  (128s)
epoch  21  loss=0.00032 (main=0.00029+synth=0.00030)  in=37.092  enh=37.212  Δ=+0.1202  ΔY=+0.1485  ΔU=+0.0404  ΔV=+0.0196  lr=1.0e-04  (127s)
epoch  22  loss=0.00032 (main=0.00029+synth=0.00029)  in=37.203  enh=37.336  Δ=+0.1334  ΔY=+0.1618  ΔU=+0.0924  ΔV=+0.0137  lr=1.0e-04  (130s)
epoch  23  loss=0.00032 (main=0.00029+synth=0.00030)  in=37.113  enh=37.223  Δ=+0.1099  ΔY=+0.1649  ΔU=-0.0056  ΔV=-0.0923  lr=1.0e-04  (128s)
epoch  24  loss=0.00032 (main=0.00029+synth=0.00030)  in=37.143  enh=37.244  Δ=+0.1005  ΔY=+0.1347  ΔU=-0.0040  ΔV=-0.0047  lr=1.0e-04  (132s)
epoch  25  loss=0.00032 (main=0.00029+synth=0.00030)  in=37.207  enh=37.348  Δ=+0.1412  ΔY=+0.1784  ΔU=+0.1171  ΔV=-0.0543  lr=1.0e-04  (134s)
epoch  26  loss=0.00031 (main=0.00028+synth=0.00029)  in=37.198  enh=37.338  Δ=+0.1391  ΔY=+0.1766  ΔU=+0.0383  ΔV=+0.0298  lr=1.0e-04  (126s)
epoch  27  loss=0.00032 (main=0.00029+synth=0.00029)  in=37.225  enh=37.400  Δ=+0.1756  ΔY=+0.1982  ΔU=+0.1639  ΔV=+0.0810  lr=1.0e-04  (130s)
epoch  28  loss=0.00031 (main=0.00028+synth=0.00029)  in=37.141  enh=37.294  Δ=+0.1536  ΔY=+0.1757  ΔU=+0.1274  ΔV=+0.0542  lr=1.0e-04  (126s)
epoch  29  loss=0.00031 (main=0.00028+synth=0.00029)  in=37.098  enh=37.286  Δ=+0.1886  ΔY=+0.2031  ΔU=+0.1897  ΔV=+0.0868  lr=1.0e-04  (126s)
epoch  30  loss=0.00031 (main=0.00028+synth=0.00029)  in=36.972  enh=37.159  Δ=+0.1866  ΔY=+0.1918  ΔU=+0.2213  ΔV=+0.0993  lr=1.0e-04  (125s)
epoch  31  loss=0.00031 (main=0.00028+synth=0.00029)  in=37.100  enh=37.238  Δ=+0.1381  ΔY=+0.1756  ΔU=+0.1509  ΔV=-0.1640  lr=1.0e-04  (126s)
epoch  32  loss=0.00031 (main=0.00028+synth=0.00029)  in=37.156  enh=37.354  Δ=+0.1979  ΔY=+0.2187  ΔU=+0.1602  ΔV=+0.1078  lr=1.0e-04  (134s)
epoch  33  loss=0.00031 (main=0.00028+synth=0.00029)  in=37.044  enh=37.226  Δ=+0.1812  ΔY=+0.2148  ΔU=+0.0891  ΔV=+0.0837  lr=1.0e-04  (124s)
epoch  34  loss=0.00031 (main=0.00028+synth=0.00029)  in=37.180  enh=37.388  Δ=+0.2081  ΔY=+0.2286  ΔU=+0.2229  ΔV=+0.1078  lr=1.0e-04  (121s)
epoch  35  loss=0.00031 (main=0.00028+synth=0.00029)  in=37.036  enh=37.253  Δ=+0.2174  ΔY=+0.2320  ΔU=+0.2524  ΔV=+0.0971  lr=1.0e-04  (128s)
epoch  36  loss=0.00031 (main=0.00028+synth=0.00029)  in=37.166  enh=37.365  Δ=+0.1990  ΔY=+0.2306  ΔU=+0.0782  ΔV=+0.1873  lr=1.0e-04  (117s)
epoch  37  loss=0.00031 (main=0.00028+synth=0.00029)  in=37.105  enh=37.275  Δ=+0.1705  ΔY=+0.2282  ΔU=+0.0702  ΔV=-0.0966  lr=1.0e-04  (124s)
epoch  38  loss=0.00031 (main=0.00028+synth=0.00029)  in=37.264  enh=37.494  Δ=+0.2302  ΔY=+0.2199  ΔU=+0.2836  ΔV=+0.2368  lr=1.0e-04  (131s)
epoch  39  loss=0.00031 (main=0.00028+synth=0.00029)  in=37.069  enh=37.311  Δ=+0.2425  ΔY=+0.2408  ΔU=+0.2660  ΔV=+0.2519  lr=1.0e-04  (123s)
  saved checkpoints/stenet_2024_fixed_epoch_40.pt
epoch  40  loss=0.00031 (main=0.00028+synth=0.00029)  in=37.035  enh=37.308  Δ=+0.2732  ΔY=+0.2555  ΔU=+0.3968  ΔV=+0.2859  lr=1.0e-04  (127s)
epoch  41  loss=0.00031 (main=0.00028+synth=0.00029)  in=37.145  enh=37.402  Δ=+0.2577  ΔY=+0.2515  ΔU=+0.2837  ΔV=+0.2910  lr=1.0e-04  (132s)
epoch  42  loss=0.00031 (main=0.00028+synth=0.00029)  in=37.062  enh=37.309  Δ=+0.2467  ΔY=+0.2543  ΔU=+0.2959  ΔV=+0.1250  lr=1.0e-04  (128s)
epoch  43  loss=0.00031 (main=0.00028+synth=0.00029)  in=37.070  enh=37.336  Δ=+0.2664  ΔY=+0.2575  ΔU=+0.3347  ΔV=+0.2298  lr=1.0e-04  (129s)
epoch  44  loss=0.00031 (main=0.00028+synth=0.00029)  in=36.977  enh=37.241  Δ=+0.2639  ΔY=+0.2450  ΔU=+0.3841  ΔV=+0.2940  lr=1.0e-04  (127s)
epoch  45  loss=0.00030 (main=0.00028+synth=0.00029)  in=37.111  enh=37.369  Δ=+0.2576  ΔY=+0.2322  ΔU=+0.3868  ΔV=+0.3068  lr=1.0e-04  (127s)
epoch  46  loss=0.00031 (main=0.00028+synth=0.00029)  in=37.195  enh=37.448  Δ=+0.2527  ΔY=+0.2344  ΔU=+0.3548  ΔV=+0.2521  lr=1.0e-04  (130s)
epoch  47  loss=0.00031 (main=0.00028+synth=0.00029)  in=37.205  enh=37.477  Δ=+0.2721  ΔY=+0.2423  ΔU=+0.4191  ΔV=+0.3189  lr=1.0e-04  (128s)
epoch  48  loss=0.00031 (main=0.00028+synth=0.00029)  in=37.122  enh=37.407  Δ=+0.2851  ΔY=+0.2548  ΔU=+0.4322  ΔV=+0.3055  lr=1.0e-04  (123s)
epoch  49  loss=0.00031 (main=0.00028+synth=0.00029)  in=37.122  enh=37.430  Δ=+0.3089  ΔY=+0.2666  ΔU=+0.4787  ΔV=+0.3866  lr=1.0e-05  (127s)
epoch  50  loss=0.00030 (main=0.00027+synth=0.00028)  in=37.191  enh=37.515  Δ=+0.3241  ΔY=+0.2846  ΔU=+0.5223  ΔV=+0.4200  lr=1.0e-05  (132s)
epoch  51  loss=0.00031 (main=0.00028+synth=0.00029)  in=37.000  enh=37.324  Δ=+0.3233  ΔY=+0.2782  ΔU=+0.5082  ΔV=+0.4271  lr=1.0e-05  (123s)
epoch  52  loss=0.00030 (main=0.00027+synth=0.00028)  in=37.270  enh=37.613  Δ=+0.3427  ΔY=+0.2980  ΔU=+0.5466  ΔV=+0.4375  lr=1.0e-05  (130s)
epoch  53  loss=0.00030 (main=0.00027+synth=0.00029)  in=36.959  enh=37.308  Δ=+0.3489  ΔY=+0.2952  ΔU=+0.5730  ΔV=+0.4580  lr=1.0e-05  (130s)
epoch  54  loss=0.00030 (main=0.00027+synth=0.00028)  in=37.170  enh=37.499  Δ=+0.3290  ΔY=+0.2887  ΔU=+0.4968  ΔV=+0.4072  lr=1.0e-05  (129s)
epoch  55  loss=0.00030 (main=0.00027+synth=0.00028)  in=37.200  enh=37.540  Δ=+0.3396  ΔY=+0.3012  ΔU=+0.5419  ΔV=+0.4130  lr=1.0e-05  (129s)
epoch  56  loss=0.00030 (main=0.00027+synth=0.00028)  in=37.145  enh=37.492  Δ=+0.3473  ΔY=+0.2967  ΔU=+0.5706  ΔV=+0.4474  lr=1.0e-05  (128s)
epoch  57  loss=0.00030 (main=0.00027+synth=0.00028)  in=37.033  enh=37.379  Δ=+0.3458  ΔY=+0.2975  ΔU=+0.5640  ΔV=+0.4195  lr=1.0e-05  (130s)
epoch  58  loss=0.00030 (main=0.00028+synth=0.00029)  in=37.132  enh=37.473  Δ=+0.3403  ΔY=+0.3005  ΔU=+0.5272  ΔV=+0.4210  lr=1.0e-05  (134s)
epoch  59  loss=0.00030 (main=0.00027+synth=0.00028)  in=37.130  enh=37.479  Δ=+0.3494  ΔY=+0.2990  ΔU=+0.5752  ΔV=+0.4449  lr=1.0e-05  (126s)
  saved checkpoints/stenet_2024_fixed_epoch_60.pt
epoch  60  loss=0.00030 (main=0.00027+synth=0.00028)  in=37.177  enh=37.526  Δ=+0.3491  ΔY=+0.2975  ΔU=+0.5665  ΔV=+0.4658  lr=1.0e-05  (131s)
epoch  61  loss=0.00030 (main=0.00028+synth=0.00029)  in=37.027  enh=37.367  Δ=+0.3401  ΔY=+0.2956  ΔU=+0.5228  ΔV=+0.4487  lr=1.0e-05  (128s)
epoch  62  loss=0.00031 (main=0.00028+synth=0.00029)  in=37.117  enh=37.455  Δ=+0.3375  ΔY=+0.3004  ΔU=+0.5018  ΔV=+0.4417  lr=1.0e-05  (129s)
epoch  63  loss=0.00029 (main=0.00027+synth=0.00028)  in=37.032  enh=37.386  Δ=+0.3532  ΔY=+0.3029  ΔU=+0.5742  ΔV=+0.4449  lr=1.0e-05  (132s)
epoch  64  loss=0.00030 (main=0.00027+synth=0.00029)  in=36.969  enh=37.323  Δ=+0.3539  ΔY=+0.3079  ΔU=+0.5399  ΔV=+0.4537  lr=1.0e-05  (123s)
epoch  65  loss=0.00030 (main=0.00027+synth=0.00028)  in=37.149  enh=37.498  Δ=+0.3488  ΔY=+0.2951  ΔU=+0.5658  ΔV=+0.4592  lr=1.0e-05  (131s)
epoch  66  loss=0.00030 (main=0.00027+synth=0.00029)  in=37.017  enh=37.370  Δ=+0.3536  ΔY=+0.2938  ΔU=+0.6146  ΔV=+0.4851  lr=1.0e-05  (123s)
epoch  67  loss=0.00030 (main=0.00027+synth=0.00028)  in=37.009  enh=37.362  Δ=+0.3529  ΔY=+0.3016  ΔU=+0.5766  ΔV=+0.4902  lr=1.0e-05  (126s)
epoch  68  loss=0.00030 (main=0.00027+synth=0.00028)  in=37.169  enh=37.520  Δ=+0.3512  ΔY=+0.3043  ΔU=+0.5570  ΔV=+0.4352  lr=1.0e-05  (122s)
epoch  69  loss=0.00030 (main=0.00027+synth=0.00028)  in=37.227  enh=37.568  Δ=+0.3410  ΔY=+0.3028  ΔU=+0.5245  ΔV=+0.4419  lr=1.0e-05  (125s)
epoch  70  loss=0.00030 (main=0.00028+synth=0.00029)  in=37.350  enh=37.685  Δ=+0.3349  ΔY=+0.2888  ΔU=+0.5656  ΔV=+0.4275  lr=1.0e-05  (130s)
epoch  71  loss=0.00030 (main=0.00028+synth=0.00029)  in=37.104  enh=37.451  Δ=+0.3469  ΔY=+0.2964  ΔU=+0.5746  ΔV=+0.4703  lr=1.0e-05  (128s)
epoch  72  loss=0.00030 (main=0.00027+synth=0.00028)  in=37.311  enh=37.655  Δ=+0.3437  ΔY=+0.2944  ΔU=+0.5821  ΔV=+0.4421  lr=1.0e-05  (133s)
epoch  73  loss=0.00030 (main=0.00027+synth=0.00028)  in=37.071  enh=37.422  Δ=+0.3513  ΔY=+0.3043  ΔU=+0.5616  ΔV=+0.4802  lr=1.0e-05  (132s)
epoch  74  loss=0.00030 (main=0.00027+synth=0.00029)  in=37.212  enh=37.560  Δ=+0.3484  ΔY=+0.2961  ΔU=+0.5682  ΔV=+0.4793  lr=1.0e-05  (121s)
epoch  75  loss=0.00030 (main=0.00027+synth=0.00028)  in=37.169  enh=37.520  Δ=+0.3512  ΔY=+0.3011  ΔU=+0.5963  ΔV=+0.4128  lr=1.0e-05  (133s)
epoch  76  loss=0.00030 (main=0.00027+synth=0.00029)  in=37.192  enh=37.540  Δ=+0.3476  ΔY=+0.2999  ΔU=+0.5590  ΔV=+0.4810  lr=1.0e-05  (132s)
epoch  77  loss=0.00030 (main=0.00027+synth=0.00028)  in=37.186  enh=37.533  Δ=+0.3470  ΔY=+0.2994  ΔU=+0.5630  ΔV=+0.4572  lr=1.0e-05  (127s)
epoch  78  loss=0.00030 (main=0.00027+synth=0.00029)  in=37.061  enh=37.416  Δ=+0.3554  ΔY=+0.3038  ΔU=+0.6243  ΔV=+0.4448  lr=1.0e-05  (135s)
epoch  79  loss=0.00030 (main=0.00028+synth=0.00029)  in=37.412  enh=37.759  Δ=+0.3473  ΔY=+0.2955  ΔU=+0.5823  ΔV=+0.4586  lr=1.0e-05  (127s)
  saved checkpoints/stenet_2024_fixed_epoch_80.pt
epoch  80  loss=0.00030 (main=0.00027+synth=0.00028)  in=37.108  enh=37.469  Δ=+0.3614  ΔY=+0.3055  ΔU=+0.6097  ΔV=+0.4818  lr=1.0e-05  (131s)
epoch  81  loss=0.00030 (main=0.00027+synth=0.00028)  in=36.999  enh=37.356  Δ=+0.3573  ΔY=+0.3068  ΔU=+0.5917  ΔV=+0.4544  lr=1.0e-05  (130s)
epoch  82  loss=0.00030 (main=0.00027+synth=0.00028)  in=37.241  enh=37.601  Δ=+0.3601  ΔY=+0.3094  ΔU=+0.5807  ΔV=+0.4587  lr=1.0e-05  (131s)
epoch  83  loss=0.00030 (main=0.00028+synth=0.00029)  in=37.123  enh=37.477  Δ=+0.3545  ΔY=+0.3041  ΔU=+0.6041  ΔV=+0.4709  lr=1.0e-05  (134s)
epoch  84  loss=0.00030 (main=0.00027+synth=0.00028)  in=37.186  enh=37.555  Δ=+0.3683  ΔY=+0.3077  ΔU=+0.6360  ΔV=+0.4728  lr=1.0e-05  (134s)
epoch  85  loss=0.00030 (main=0.00027+synth=0.00028)  in=36.920  enh=37.276  Δ=+0.3565  ΔY=+0.3004  ΔU=+0.5998  ΔV=+0.4609  lr=1.0e-05  (126s)
epoch  86  loss=0.00030 (main=0.00027+synth=0.00028)  in=37.297  enh=37.663  Δ=+0.3666  ΔY=+0.3033  ΔU=+0.6208  ΔV=+0.5144  lr=1.0e-05  (131s)
epoch  87  loss=0.00030 (main=0.00027+synth=0.00028)  in=37.053  enh=37.415  Δ=+0.3618  ΔY=+0.3039  ΔU=+0.6100  ΔV=+0.4752  lr=1.0e-05  (129s)
epoch  88  loss=0.00030 (main=0.00027+synth=0.00028)  in=37.223  enh=37.584  Δ=+0.3612  ΔY=+0.3077  ΔU=+0.5985  ΔV=+0.4878  lr=1.0e-05  (130s)
epoch  89  loss=0.00030 (main=0.00027+synth=0.00028)  in=37.007  enh=37.371  Δ=+0.3643  ΔY=+0.3080  ΔU=+0.6149  ΔV=+0.4755  lr=1.0e-05  (131s)
epoch  90  loss=0.00030 (main=0.00027+synth=0.00028)  in=37.290  enh=37.648  Δ=+0.3580  ΔY=+0.3126  ΔU=+0.5639  ΔV=+0.4667  lr=1.0e-05  (133s)
epoch  91  loss=0.00030 (main=0.00028+synth=0.00029)  in=37.051  enh=37.422  Δ=+0.3706  ΔY=+0.3091  ΔU=+0.6515  ΔV=+0.4798  lr=1.0e-05  (131s)
epoch  92  loss=0.00030 (main=0.00027+synth=0.00029)  in=37.039  enh=37.406  Δ=+0.3674  ΔY=+0.3049  ΔU=+0.6711  ΔV=+0.4830  lr=1.0e-05  (125s)
epoch  93  loss=0.00030 (main=0.00027+synth=0.00028)  in=37.111  enh=37.478  Δ=+0.3665  ΔY=+0.3120  ΔU=+0.6168  ΔV=+0.4834  lr=1.0e-05  (136s)
epoch  94  loss=0.00030 (main=0.00027+synth=0.00028)  in=36.957  enh=37.334  Δ=+0.3764  ΔY=+0.3118  ΔU=+0.6557  ΔV=+0.4989  lr=1.0e-05  (122s)
epoch  95  loss=0.00030 (main=0.00027+synth=0.00028)  in=37.120  enh=37.487  Δ=+0.3668  ΔY=+0.3052  ΔU=+0.6390  ΔV=+0.4639  lr=1.0e-05  (131s)
epoch  96  loss=0.00030 (main=0.00027+synth=0.00028)  in=37.165  enh=37.529  Δ=+0.3637  ΔY=+0.3070  ΔU=+0.6102  ΔV=+0.4887  lr=1.0e-05  (132s)
epoch  97  loss=0.00030 (main=0.00027+synth=0.00028)  in=37.305  enh=37.663  Δ=+0.3585  ΔY=+0.3067  ΔU=+0.6054  ΔV=+0.4713  lr=1.0e-05  (132s)
epoch  98  loss=0.00030 (main=0.00028+synth=0.00029)  in=37.197  enh=37.572  Δ=+0.3749  ΔY=+0.3177  ΔU=+0.6357  ΔV=+0.4869  lr=1.0e-05  (129s)
epoch  99  loss=0.00030 (main=0.00027+synth=0.00029)  in=37.122  enh=37.489  Δ=+0.3672  ΔY=+0.3139  ΔU=+0.5961  ΔV=+0.4929  lr=1.0e-06  (126s)
  saved checkpoints/stenet_2024_fixed_epoch_100.pt
epoch 100  loss=0.00030 (main=0.00027+synth=0.00029)  in=37.311  enh=37.676  Δ=+0.3646  ΔY=+0.3034  ΔU=+0.6255  ΔV=+0.5056  lr=1.0e-06  (123s)
epoch 101  loss=0.00031 (main=0.00028+synth=0.00029)  in=37.101  enh=37.482  Δ=+0.3808  ΔY=+0.3177  ΔU=+0.6343  ΔV=+0.5246  lr=1.0e-06  (131s)
epoch 102  loss=0.00030 (main=0.00027+synth=0.00028)  in=37.031  enh=37.411  Δ=+0.3800  ΔY=+0.3189  ΔU=+0.6666  ΔV=+0.5011  lr=1.0e-06  (122s)
epoch 103  loss=0.00030 (main=0.00027+synth=0.00028)  in=37.180  enh=37.552  Δ=+0.3722  ΔY=+0.3129  ΔU=+0.6233  ΔV=+0.5104  lr=1.0e-06  (124s)
epoch 104  loss=0.00030 (main=0.00027+synth=0.00029)  in=37.175  enh=37.550  Δ=+0.3750  ΔY=+0.3143  ΔU=+0.6311  ΔV=+0.5225  lr=1.0e-06  (125s)
epoch 105  loss=0.00030 (main=0.00027+synth=0.00028)  in=36.944  enh=37.322  Δ=+0.3783  ΔY=+0.3168  ΔU=+0.6462  ΔV=+0.5180  lr=1.0e-06  (130s)
epoch 106  loss=0.00030 (main=0.00027+synth=0.00029)  in=37.219  enh=37.589  Δ=+0.3708  ΔY=+0.3108  ΔU=+0.6264  ΔV=+0.5054  lr=1.0e-06  (128s)
epoch 107  loss=0.00030 (main=0.00027+synth=0.00028)  in=37.091  enh=37.474  Δ=+0.3834  ΔY=+0.3212  ΔU=+0.6598  ΔV=+0.5216  lr=1.0e-06  (126s)
epoch 108  loss=0.00030 (main=0.00027+synth=0.00028)  in=36.977  enh=37.348  Δ=+0.3706  ΔY=+0.3115  ΔU=+0.6501  ΔV=+0.5138  lr=1.0e-06  (132s)
epoch 109  loss=0.00030 (main=0.00027+synth=0.00029)  in=37.137  enh=37.520  Δ=+0.3829  ΔY=+0.3192  ΔU=+0.6622  ΔV=+0.5144  lr=1.0e-06  (128s)
epoch 110  loss=0.00030 (main=0.00027+synth=0.00028)  in=37.128  enh=37.507  Δ=+0.3787  ΔY=+0.3173  ΔU=+0.6450  ΔV=+0.5163  lr=1.0e-06  (124s)
epoch 111  loss=0.00030 (main=0.00027+synth=0.00028)  in=37.179  enh=37.560  Δ=+0.3809  ΔY=+0.3196  ΔU=+0.6568  ΔV=+0.4525  lr=1.0e-06  (124s)
epoch 112  loss=0.00030 (main=0.00027+synth=0.00028)  in=36.985  enh=37.366  Δ=+0.3813  ΔY=+0.3205  ΔU=+0.6356  ΔV=+0.5100  lr=1.0e-06  (125s)
epoch 113  loss=0.00030 (main=0.00027+synth=0.00029)  in=37.123  enh=37.493  Δ=+0.3704  ΔY=+0.3126  ΔU=+0.6306  ΔV=+0.4957  lr=1.0e-06  (131s)
epoch 114  loss=0.00030 (main=0.00027+synth=0.00029)  in=37.067  enh=37.441  Δ=+0.3745  ΔY=+0.3117  ΔU=+0.6508  ΔV=+0.5157  lr=1.0e-06  (130s)
epoch 115  loss=0.00030 (main=0.00027+synth=0.00028)  in=37.069  enh=37.448  Δ=+0.3796  ΔY=+0.3177  ΔU=+0.6279  ΔV=+0.5246  lr=1.0e-06  (127s)
epoch 116  loss=0.00030 (main=0.00027+synth=0.00028)  in=37.086  enh=37.474  Δ=+0.3878  ΔY=+0.3235  ΔU=+0.6860  ΔV=+0.5041  lr=1.0e-06  (122s)
epoch 117  loss=0.00030 (main=0.00027+synth=0.00029)  in=36.935  enh=37.312  Δ=+0.3772  ΔY=+0.3189  ΔU=+0.6284  ΔV=+0.5109  lr=1.0e-06  (125s)
epoch 118  loss=0.00030 (main=0.00027+synth=0.00029)  in=37.320  enh=37.705  Δ=+0.3854  ΔY=+0.3145  ΔU=+0.6687  ΔV=+0.5445  lr=1.0e-06  (130s)
epoch 119  loss=0.00030 (main=0.00027+synth=0.00028)  in=37.184  enh=37.568  Δ=+0.3840  ΔY=+0.3162  ΔU=+0.6592  ΔV=+0.5346  lr=1.0e-06  (124s)
  saved checkpoints/stenet_2024_fixed_epoch_120.pt
epoch 120  loss=0.00030 (main=0.00027+synth=0.00028)  in=37.102  enh=37.477  Δ=+0.3751  ΔY=+0.3145  ΔU=+0.6436  ΔV=+0.4840  lr=1.0e-06  (126s)
epoch 121  loss=0.00030 (main=0.00027+synth=0.00029)  in=36.961  enh=37.345  Δ=+0.3838  ΔY=+0.3185  ΔU=+0.6921  ΔV=+0.5181  lr=1.0e-06  (125s)
epoch 122  loss=0.00029 (main=0.00027+synth=0.00028)  in=37.205  enh=37.587  Δ=+0.3823  ΔY=+0.3149  ΔU=+0.6756  ΔV=+0.5287  lr=1.0e-06  (124s)
epoch 123  loss=0.00030 (main=0.00027+synth=0.00028)  in=37.060  enh=37.428  Δ=+0.3685  ΔY=+0.3093  ΔU=+0.6322  ΔV=+0.5089  lr=1.0e-06  (122s)
epoch 124  loss=0.00030 (main=0.00027+synth=0.00029)  in=37.114  enh=37.486  Δ=+0.3719  ΔY=+0.3107  ΔU=+0.6434  ΔV=+0.4903  lr=1.0e-06  (129s)
epoch 125  loss=0.00030 (main=0.00027+synth=0.00028)  in=37.180  enh=37.564  Δ=+0.3839  ΔY=+0.3184  ΔU=+0.6452  ΔV=+0.5418  lr=1.0e-06  (126s)
epoch 126  loss=0.00029 (main=0.00027+synth=0.00028)  in=36.919  enh=37.292  Δ=+0.3725  ΔY=+0.3149  ΔU=+0.6448  ΔV=+0.4969  lr=1.0e-06  (129s)
epoch 127  loss=0.00030 (main=0.00027+synth=0.00028)  in=37.131  enh=37.507  Δ=+0.3760  ΔY=+0.3131  ΔU=+0.6615  ΔV=+0.5122  lr=1.0e-06  (127s)
epoch 128  loss=0.00030 (main=0.00027+synth=0.00028)  in=37.250  enh=37.619  Δ=+0.3689  ΔY=+0.3070  ΔU=+0.6568  ΔV=+0.4932  lr=1.0e-06  (129s)
epoch 129  loss=0.00030 (main=0.00027+synth=0.00029)  in=37.003  enh=37.384  Δ=+0.3805  ΔY=+0.3137  ΔU=+0.6521  ΔV=+0.5272  lr=1.0e-06  (123s)
epoch 130  loss=0.00030 (main=0.00027+synth=0.00028)  in=36.972  enh=37.355  Δ=+0.3829  ΔY=+0.3154  ΔU=+0.6559  ΔV=+0.5163  lr=1.0e-06  (129s)
epoch 131  loss=0.00030 (main=0.00027+synth=0.00028)  in=37.257  enh=37.627  Δ=+0.3702  ΔY=+0.3078  ΔU=+0.6280  ΔV=+0.5151  lr=1.0e-06  (128s)
epoch 132  loss=0.00030 (main=0.00027+synth=0.00028)  in=37.195  enh=37.568  Δ=+0.3736  ΔY=+0.3153  ΔU=+0.6408  ΔV=+0.5095  lr=1.0e-06  (127s)
epoch 133  loss=0.00030 (main=0.00027+synth=0.00029)  in=37.156  enh=37.524  Δ=+0.3682  ΔY=+0.3109  ΔU=+0.6122  ΔV=+0.5243  lr=1.0e-06  (126s)
epoch 134  loss=0.00030 (main=0.00027+synth=0.00028)  in=37.147  enh=37.532  Δ=+0.3845  ΔY=+0.3228  ΔU=+0.6791  ΔV=+0.4984  lr=1.0e-06  (127s)
epoch 135  loss=0.00029 (main=0.00027+synth=0.00028)  in=37.172  enh=37.549  Δ=+0.3766  ΔY=+0.3131  ΔU=+0.6553  ΔV=+0.5423  lr=1.0e-06  (126s)
epoch 136  loss=0.00030 (main=0.00027+synth=0.00028)  in=37.268  enh=37.643  Δ=+0.3744  ΔY=+0.3079  ΔU=+0.6654  ΔV=+0.5490  lr=1.0e-06  (127s)
epoch 137  loss=0.00030 (main=0.00027+synth=0.00028)  in=37.109  enh=37.492  Δ=+0.3826  ΔY=+0.3220  ΔU=+0.6498  ΔV=+0.5351  lr=1.0e-06  (130s)
epoch 138  loss=0.00030 (main=0.00027+synth=0.00028)  in=37.106  enh=37.488  Δ=+0.3817  ΔY=+0.3197  ΔU=+0.6557  ΔV=+0.4902  lr=1.0e-06  (125s)
epoch 139  loss=0.00029 (main=0.00027+synth=0.00028)  in=36.915  enh=37.308  Δ=+0.3928  ΔY=+0.3190  ΔU=+0.7025  ΔV=+0.5553  lr=1.0e-06  (127s)
  saved checkpoints/stenet_2024_fixed_epoch_140.pt
epoch 140  loss=0.00030 (main=0.00027+synth=0.00028)  in=37.060  enh=37.445  Δ=+0.3849  ΔY=+0.3179  ΔU=+0.6839  ΔV=+0.5245  lr=1.0e-06  (129s)
epoch 141  loss=0.00029 (main=0.00027+synth=0.00028)  in=37.144  enh=37.519  Δ=+0.3750  ΔY=+0.3202  ΔU=+0.6203  ΔV=+0.5090  lr=1.0e-06  (133s)
epoch 142  loss=0.00030 (main=0.00027+synth=0.00028)  in=37.367  enh=37.745  Δ=+0.3780  ΔY=+0.3167  ΔU=+0.6535  ΔV=+0.5544  lr=1.0e-06  (132s)
epoch 143  loss=0.00030 (main=0.00027+synth=0.00028)  in=37.053  enh=37.424  Δ=+0.3711  ΔY=+0.3189  ΔU=+0.6178  ΔV=+0.5209  lr=1.0e-06  (131s)
epoch 144  loss=0.00030 (main=0.00027+synth=0.00029)  in=37.224  enh=37.607  Δ=+0.3826  ΔY=+0.3207  ΔU=+0.6583  ΔV=+0.5212  lr=1.0e-06  (126s)
epoch 145  loss=0.00030 (main=0.00027+synth=0.00029)  in=37.319  enh=37.687  Δ=+0.3684  ΔY=+0.3122  ΔU=+0.6332  ΔV=+0.4896  lr=1.0e-06  (126s)
epoch 146  loss=0.00030 (main=0.00027+synth=0.00028)  in=37.200  enh=37.575  Δ=+0.3750  ΔY=+0.3107  ΔU=+0.6598  ΔV=+0.4904  lr=1.0e-06  (123s)
epoch 147  loss=0.00030 (main=0.00027+synth=0.00028)  in=37.121  enh=37.507  Δ=+0.3855  ΔY=+0.3247  ΔU=+0.6585  ΔV=+0.5260  lr=1.0e-06  (132s)
epoch 148  loss=0.00030 (main=0.00027+synth=0.00029)  in=37.119  enh=37.498  Δ=+0.3790  ΔY=+0.3147  ΔU=+0.6559  ΔV=+0.5252  lr=1.0e-06  (130s)
epoch 149  loss=0.00030 (main=0.00028+synth=0.00029)  in=37.194  enh=37.579  Δ=+0.3843  ΔY=+0.3217  ΔU=+0.6532  ΔV=+0.5273  lr=1.0e-07  (127s)
epoch 150  loss=0.00030 (main=0.00027+synth=0.00028)  in=36.910  enh=37.295  Δ=+0.3855  ΔY=+0.3169  ΔU=+0.6851  ΔV=+0.5284  lr=1.0e-07  (135s)
epoch 151  loss=0.00030 (main=0.00027+synth=0.00028)  in=37.052  enh=37.434  Δ=+0.3820  ΔY=+0.3186  ΔU=+0.6574  ΔV=+0.5184  lr=1.0e-07  (124s)
epoch 152  loss=0.00030 (main=0.00027+synth=0.00028)  in=37.264  enh=37.641  Δ=+0.3766  ΔY=+0.3092  ΔU=+0.6474  ΔV=+0.5437  lr=1.0e-07  (126s)
epoch 153  loss=0.00030 (main=0.00027+synth=0.00028)  in=37.079  enh=37.463  Δ=+0.3839  ΔY=+0.3211  ΔU=+0.6542  ΔV=+0.5136  lr=1.0e-07  (123s)
epoch 154  loss=0.00030 (main=0.00027+synth=0.00029)  in=37.034  enh=37.414  Δ=+0.3799  ΔY=+0.3155  ΔU=+0.6548  ΔV=+0.5293  lr=1.0e-07  (128s)
epoch 155  loss=0.00030 (main=0.00027+synth=0.00029)  in=37.114  enh=37.488  Δ=+0.3737  ΔY=+0.3039  ΔU=+0.6558  ΔV=+0.5480  lr=1.0e-07  (118s)
epoch 156  loss=0.00030 (main=0.00027+synth=0.00028)  in=37.065  enh=37.453  Δ=+0.3881  ΔY=+0.3214  ΔU=+0.6819  ΔV=+0.5307  lr=1.0e-07  (128s)
epoch 157  loss=0.00030 (main=0.00027+synth=0.00028)  in=37.055  enh=37.445  Δ=+0.3900  ΔY=+0.3235  ΔU=+0.6935  ΔV=+0.5269  lr=1.0e-07  (128s)
epoch 158  loss=0.00030 (main=0.00027+synth=0.00028)  in=37.070  enh=37.447  Δ=+0.3767  ΔY=+0.3152  ΔU=+0.6413  ΔV=+0.5356  lr=1.0e-07  (129s)
epoch 159  loss=0.00030 (main=0.00027+synth=0.00028)  in=36.941  enh=37.326  Δ=+0.3846  ΔY=+0.3179  ΔU=+0.6556  ΔV=+0.5326  lr=1.0e-07  (126s)
  saved checkpoints/stenet_2024_fixed_epoch_160.pt
epoch 160  loss=0.00031 (main=0.00028+synth=0.00029)  in=37.323  enh=37.704  Δ=+0.3809  ΔY=+0.3187  ΔU=+0.6485  ΔV=+0.5115  lr=1.0e-07  (126s)
epoch 161  loss=0.00030 (main=0.00027+synth=0.00028)  in=37.075  enh=37.450  Δ=+0.3746  ΔY=+0.3086  ΔU=+0.6561  ΔV=+0.5287  lr=1.0e-07  (126s)
epoch 162  loss=0.00030 (main=0.00027+synth=0.00028)  in=37.267  enh=37.642  Δ=+0.3748  ΔY=+0.3107  ΔU=+0.6562  ΔV=+0.5292  lr=1.0e-07  (127s)
epoch 163  loss=0.00030 (main=0.00027+synth=0.00028)  in=37.180  enh=37.558  Δ=+0.3787  ΔY=+0.3165  ΔU=+0.6458  ΔV=+0.5292  lr=1.0e-07  (129s)
epoch 164  loss=0.00030 (main=0.00027+synth=0.00029)  in=37.273  enh=37.642  Δ=+0.3686  ΔY=+0.3094  ΔU=+0.6248  ΔV=+0.4930  lr=1.0e-07  (122s)
epoch 165  loss=0.00030 (main=0.00027+synth=0.00028)  in=37.051  enh=37.423  Δ=+0.3721  ΔY=+0.3112  ΔU=+0.6580  ΔV=+0.4937  lr=1.0e-07  (127s)
epoch 166  loss=0.00030 (main=0.00027+synth=0.00029)  in=37.196  enh=37.576  Δ=+0.3801  ΔY=+0.3140  ΔU=+0.6619  ΔV=+0.5560  lr=1.0e-07  (129s)
epoch 167  loss=0.00030 (main=0.00027+synth=0.00029)  in=37.022  enh=37.409  Δ=+0.3871  ΔY=+0.3180  ΔU=+0.6807  ΔV=+0.5201  lr=1.0e-07  (130s)
epoch 168  loss=0.00030 (main=0.00027+synth=0.00028)  in=36.995  enh=37.384  Δ=+0.3888  ΔY=+0.3168  ΔU=+0.6741  ΔV=+0.5622  lr=1.0e-07  (128s)
epoch 169  loss=0.00029 (main=0.00027+synth=0.00028)  in=37.257  enh=37.626  Δ=+0.3688  ΔY=+0.3092  ΔU=+0.6277  ΔV=+0.5209  lr=1.0e-07  (124s)
epoch 170  loss=0.00030 (main=0.00027+synth=0.00028)  in=37.219  enh=37.588  Δ=+0.3685  ΔY=+0.3040  ΔU=+0.6536  ΔV=+0.5226  lr=1.0e-07  (129s)
epoch 171  loss=0.00030 (main=0.00027+synth=0.00028)  in=37.241  enh=37.617  Δ=+0.3757  ΔY=+0.3067  ΔU=+0.6690  ΔV=+0.5370  lr=1.0e-07  (129s)
epoch 172  loss=0.00030 (main=0.00027+synth=0.00029)  in=37.267  enh=37.650  Δ=+0.3831  ΔY=+0.3169  ΔU=+0.6853  ΔV=+0.5277  lr=1.0e-07  (130s)
epoch 173  loss=0.00030 (main=0.00027+synth=0.00028)  in=37.021  enh=37.406  Δ=+0.3843  ΔY=+0.3138  ΔU=+0.6859  ΔV=+0.5346  lr=1.0e-07  (127s)
epoch 174  loss=0.00030 (main=0.00027+synth=0.00029)  in=37.299  enh=37.672  Δ=+0.3735  ΔY=+0.3158  ΔU=+0.6110  ΔV=+0.5233  lr=1.0e-07  (127s)
epoch 175  loss=0.00030 (main=0.00027+synth=0.00029)  in=37.130  enh=37.522  Δ=+0.3914  ΔY=+0.3234  ΔU=+0.6777  ΔV=+0.5603  lr=1.0e-07  (130s)
epoch 176  loss=0.00030 (main=0.00027+synth=0.00028)  in=37.094  enh=37.471  Δ=+0.3775  ΔY=+0.3166  ΔU=+0.6327  ΔV=+0.5178  lr=1.0e-07  (128s)
epoch 177  loss=0.00030 (main=0.00027+synth=0.00028)  in=37.010  enh=37.399  Δ=+0.3890  ΔY=+0.3207  ΔU=+0.6610  ΔV=+0.5325  lr=1.0e-07  (126s)
epoch 178  loss=0.00030 (main=0.00027+synth=0.00028)  in=37.321  enh=37.709  Δ=+0.3874  ΔY=+0.3177  ΔU=+0.6792  ΔV=+0.5432  lr=1.0e-07  (131s)
epoch 179  loss=0.00030 (main=0.00027+synth=0.00028)  in=37.069  enh=37.459  Δ=+0.3902  ΔY=+0.3223  ΔU=+0.6892  ΔV=+0.5460  lr=1.0e-07  (118s)
  saved checkpoints/stenet_2024_fixed_epoch_180.pt
epoch 180  loss=0.00029 (main=0.00027+synth=0.00028)  in=37.271  enh=37.645  Δ=+0.3738  ΔY=+0.3151  ΔU=+0.6513  ΔV=+0.5076  lr=1.0e-07  (126s)
epoch 181  loss=0.00030 (main=0.00027+synth=0.00029)  in=36.944  enh=37.330  Δ=+0.3856  ΔY=+0.3197  ΔU=+0.6711  ΔV=+0.5588  lr=1.0e-07  (126s)
epoch 182  loss=0.00030 (main=0.00027+synth=0.00028)  in=37.023  enh=37.401  Δ=+0.3780  ΔY=+0.3074  ΔU=+0.6777  ΔV=+0.5130  lr=1.0e-07  (132s)
epoch 183  loss=0.00030 (main=0.00027+synth=0.00028)  in=37.194  enh=37.572  Δ=+0.3779  ΔY=+0.3112  ΔU=+0.6681  ΔV=+0.5239  lr=1.0e-07  (130s)
epoch 184  loss=0.00030 (main=0.00027+synth=0.00028)  in=37.103  enh=37.471  Δ=+0.3680  ΔY=+0.3096  ΔU=+0.6450  ΔV=+0.5000  lr=1.0e-07  (128s)
epoch 185  loss=0.00030 (main=0.00027+synth=0.00028)  in=37.104  enh=37.485  Δ=+0.3816  ΔY=+0.3220  ΔU=+0.6601  ΔV=+0.5237  lr=1.0e-07  (130s)
epoch 186  loss=0.00030 (main=0.00027+synth=0.00028)  in=37.099  enh=37.476  Δ=+0.3768  ΔY=+0.3205  ΔU=+0.6305  ΔV=+0.5041  lr=1.0e-07  (130s)
epoch 187  loss=0.00030 (main=0.00027+synth=0.00028)  in=37.319  enh=37.690  Δ=+0.3712  ΔY=+0.3080  ΔU=+0.6513  ΔV=+0.5147  lr=1.0e-07  (123s)
epoch 188  loss=0.00030 (main=0.00027+synth=0.00028)  in=37.010  enh=37.390  Δ=+0.3799  ΔY=+0.3198  ΔU=+0.6540  ΔV=+0.5225  lr=1.0e-07  (131s)
epoch 189  loss=0.00030 (main=0.00027+synth=0.00029)  in=37.044  enh=37.421  Δ=+0.3773  ΔY=+0.3138  ΔU=+0.6585  ΔV=+0.5103  lr=1.0e-07  (130s)
epoch 190  loss=0.00030 (main=0.00027+synth=0.00029)  in=36.983  enh=37.369  Δ=+0.3855  ΔY=+0.3248  ΔU=+0.6386  ΔV=+0.5313  lr=1.0e-07  (128s)
epoch 191  loss=0.00030 (main=0.00027+synth=0.00028)  in=37.105  enh=37.487  Δ=+0.3825  ΔY=+0.3123  ΔU=+0.6848  ΔV=+0.5578  lr=1.0e-07  (126s)
epoch 192  loss=0.00030 (main=0.00027+synth=0.00028)  in=36.917  enh=37.308  Δ=+0.3910  ΔY=+0.3239  ΔU=+0.6803  ΔV=+0.5487  lr=1.0e-07  (128s)
epoch 193  loss=0.00030 (main=0.00027+synth=0.00029)  in=37.176  enh=37.554  Δ=+0.3776  ΔY=+0.3171  ΔU=+0.6694  ΔV=+0.5032  lr=1.0e-07  (130s)
epoch 194  loss=0.00030 (main=0.00027+synth=0.00028)  in=37.021  enh=37.407  Δ=+0.3864  ΔY=+0.3189  ΔU=+0.6766  ΔV=+0.5387  lr=1.0e-07  (125s)
epoch 195  loss=0.00030 (main=0.00027+synth=0.00028)  in=37.155  enh=37.536  Δ=+0.3809  ΔY=+0.3244  ΔU=+0.6153  ΔV=+0.5160  lr=1.0e-07  (126s)
epoch 196  loss=0.00030 (main=0.00027+synth=0.00028)  in=37.029  enh=37.414  Δ=+0.3857  ΔY=+0.3183  ΔU=+0.6774  ΔV=+0.5223  lr=1.0e-07  (127s)
epoch 197  loss=0.00030 (main=0.00027+synth=0.00028)  in=36.964  enh=37.339  Δ=+0.3750  ΔY=+0.3175  ΔU=+0.6228  ΔV=+0.5046  lr=1.0e-07  (132s)
epoch 198  loss=0.00030 (main=0.00027+synth=0.00029)  in=37.003  enh=37.386  Δ=+0.3832  ΔY=+0.3221  ΔU=+0.6440  ΔV=+0.5390  lr=1.0e-07  (130s)
epoch 199  loss=0.00030 (main=0.00027+synth=0.00028)  in=37.108  enh=37.484  Δ=+0.3759  ΔY=+0.3151  ΔU=+0.6543  ΔV=+0.5163  lr=1.0e-08  (127s)
  saved checkpoints/stenet_2024_fixed_epoch_200.pt
)  in=37.108  enh=37.484  Δ=+0.3759  ΔY=+0.3151  ΔU=+0.6543  ΔV=+0.5163  lr=1.0e-08  (127s)
