epoch   0  loss=0.00052 (main=0.00046+synth=0.00054)  in=37.009  enh=36.455  Δ=-0.5541  ΔY=-0.2518  ΔU=-1.3125  ΔV=-1.5332  lr=1.0e-04  (60s)
epoch   1  loss=0.00035 (main=0.00032+synth=0.00034)  in=37.139  enh=36.779  Δ=-0.3599  ΔY=-0.1694  ΔU=-0.9558  ΔV=-0.8903  lr=1.0e-04  (58s)
epoch   2  loss=0.00034 (main=0.00031+synth=0.00031)  in=37.058  enh=36.809  Δ=-0.2487  ΔY=-0.1196  ΔU=-0.5286  ΔV=-0.6884  lr=1.0e-04  (61s)
epoch   3  loss=0.00033 (main=0.00030+synth=0.00030)  in=37.002  enh=36.825  Δ=-0.1773  ΔY=-0.0673  ΔU=-0.3763  ΔV=-0.6501  lr=1.0e-04  (61s)
epoch   4  loss=0.00033 (main=0.00030+synth=0.00030)  in=37.050  enh=36.920  Δ=-0.1292  ΔY=-0.0500  ΔU=-0.2725  ΔV=-0.4891  lr=1.0e-04  (58s)
epoch   5  loss=0.00034 (main=0.00030+synth=0.00030)  in=37.262  enh=37.096  Δ=-0.1656  ΔY=-0.0360  ΔU=-0.6836  ΔV=-0.3457  lr=1.0e-04  (60s)
epoch   6  loss=0.00033 (main=0.00030+synth=0.00030)  in=37.126  enh=37.077  Δ=-0.0492  ΔY=-0.0172  ΔU=-0.1201  ΔV=-0.1887  lr=1.0e-04  (59s)
epoch   7  loss=0.00033 (main=0.00030+synth=0.00030)  in=37.066  enh=36.999  Δ=-0.0671  ΔY=-0.0137  ΔU=-0.0820  ΔV=-0.3424  lr=1.0e-04  (63s)
epoch   8  loss=0.00033 (main=0.00030+synth=0.00030)  in=37.255  enh=37.209  Δ=-0.0457  ΔY=-0.0160  ΔU=-0.1325  ΔV=-0.1514  lr=1.0e-04  (60s)
epoch   9  loss=0.00033 (main=0.00030+synth=0.00030)  in=36.972  enh=36.914  Δ=-0.0582  ΔY=-0.0005  ΔU=-0.0959  ΔV=-0.4011  lr=1.0e-04  (60s)
epoch  10  loss=0.00033 (main=0.00030+synth=0.00030)  in=37.026  enh=36.990  Δ=-0.0366  ΔY=-0.0061  ΔU=-0.0344  ΔV=-0.2539  lr=1.0e-04  (64s)
epoch  11  loss=0.00033 (main=0.00030+synth=0.00030)  in=37.158  enh=37.139  Δ=-0.0183  ΔY=-0.0063  ΔU=-0.0359  ΔV=-0.0771  lr=1.0e-04  (61s)
epoch  12  loss=0.00032 (main=0.00029+synth=0.00029)  in=37.254  enh=37.251  Δ=-0.0028  ΔY=+0.0036  ΔU=-0.0280  ΔV=-0.0156  lr=1.0e-04  (63s)
epoch  13  loss=0.00033 (main=0.00030+synth=0.00030)  in=37.095  enh=37.096  Δ=+0.0010  ΔY=+0.0030  ΔU=+0.0052  ΔV=-0.0192  lr=1.0e-04  (61s)
epoch  14  loss=0.00033 (main=0.00030+synth=0.00030)  in=37.239  enh=37.236  Δ=-0.0034  ΔY=-0.0026  ΔU=-0.0154  ΔV=+0.0041  lr=1.0e-04  (60s)
epoch  15  loss=0.00033 (main=0.00030+synth=0.00030)  in=37.156  enh=37.153  Δ=-0.0026  ΔY=+0.0054  ΔU=+0.0058  ΔV=-0.0530  lr=1.0e-04  (58s)
epoch  16  loss=0.00033 (main=0.00030+synth=0.00030)  in=37.014  enh=37.009  Δ=-0.0056  ΔY=+0.0055  ΔU=-0.0847  ΔV=+0.0091  lr=1.0e-04  (63s)
epoch  17  loss=0.00033 (main=0.00030+synth=0.00030)  in=37.043  enh=37.046  Δ=+0.0027  ΔY=+0.0062  ΔU=-0.0159  ΔV=+0.0046  lr=1.0e-04  (59s)
epoch  18  loss=0.00033 (main=0.00030+synth=0.00030)  in=37.067  enh=37.054  Δ=-0.0128  ΔY=+0.0018  ΔU=-0.0179  ΔV=-0.1107  lr=1.0e-04  (62s)
epoch  19  loss=0.00032 (main=0.00030+synth=0.00030)  in=37.364  enh=37.358  Δ=-0.0058  ΔY=+0.0061  ΔU=-0.0777  ΔV=+0.0058  lr=1.0e-04  (62s)
epoch  20  loss=0.00032 (main=0.00030+synth=0.00030)  in=37.084  enh=37.087  Δ=+0.0028  ΔY=+0.0031  ΔU=-0.0006  ΔV=+0.0035  lr=1.0e-04  (63s)
epoch  21  loss=0.00033 (main=0.00030+synth=0.00030)  in=37.092  enh=37.084  Δ=-0.0078  ΔY=+0.0021  ΔU=+0.0125  ΔV=-0.1083  lr=1.0e-04  (61s)
epoch  22  loss=0.00033 (main=0.00030+synth=0.00030)  in=37.203  enh=37.211  Δ=+0.0084  ΔY=+0.0059  ΔU=+0.0174  ΔV=+0.0186  lr=1.0e-04  (61s)
epoch  23  loss=0.00033 (main=0.00030+synth=0.00030)  in=37.113  enh=37.115  Δ=+0.0014  ΔY=+0.0048  ΔU=+0.0252  ΔV=-0.0479  lr=1.0e-04  (59s)
epoch  24  loss=0.00033 (main=0.00030+synth=0.00030)  in=37.143  enh=37.145  Δ=+0.0019  ΔY=+0.0036  ΔU=+0.0033  ΔV=-0.0257  lr=1.0e-04  (61s)
epoch  25  loss=0.00033 (main=0.00030+synth=0.00030)  in=37.207  enh=37.214  Δ=+0.0068  ΔY=+0.0040  ΔU=+0.0186  ΔV=+0.0064  lr=1.0e-04  (63s)
epoch  26  loss=0.00033 (main=0.00030+synth=0.00030)  in=37.198  enh=37.185  Δ=-0.0133  ΔY=+0.0018  ΔU=+0.0328  ΔV=-0.1798  lr=1.0e-04  (63s)
epoch  27  loss=0.00033 (main=0.00030+synth=0.00030)  in=37.225  enh=37.228  Δ=+0.0031  ΔY=+0.0035  ΔU=-0.0104  ΔV=+0.0187  lr=1.0e-04  (63s)
epoch  28  loss=0.00033 (main=0.00030+synth=0.00030)  in=37.141  enh=37.146  Δ=+0.0056  ΔY=+0.0020  ΔU=+0.0107  ΔV=+0.0176  lr=1.0e-04  (62s)
epoch  29  loss=0.00033 (main=0.00030+synth=0.00030)  in=37.098  enh=37.103  Δ=+0.0053  ΔY=+0.0024  ΔU=+0.0167  ΔV=+0.0110  lr=1.0e-04  (62s)
epoch  30  loss=0.00033 (main=0.00030+synth=0.00030)  in=36.972  enh=36.974  Δ=+0.0014  ΔY=+0.0015  ΔU=+0.0191  ΔV=-0.0182  lr=1.0e-04  (60s)
epoch  31  loss=0.00033 (main=0.00030+synth=0.00030)  in=37.100  enh=37.105  Δ=+0.0051  ΔY=+0.0019  ΔU=+0.0186  ΔV=+0.0084  lr=1.0e-04  (59s)
epoch  32  loss=0.00033 (main=0.00030+synth=0.00030)  in=37.156  enh=37.161  Δ=+0.0056  ΔY=+0.0017  ΔU=+0.0195  ΔV=+0.0205  lr=1.0e-04  (62s)
epoch  33  loss=0.00033 (main=0.00030+synth=0.00030)  in=37.044  enh=37.046  Δ=+0.0020  ΔY=-0.0003  ΔU=+0.0196  ΔV=-0.0088  lr=1.0e-04  (61s)
epoch  34  loss=0.00033 (main=0.00030+synth=0.00030)  in=37.180  enh=37.184  Δ=+0.0043  ΔY=+0.0004  ΔU=+0.0143  ΔV=+0.0211  lr=1.0e-04  (59s)
epoch  35  loss=0.00033 (main=0.00030+synth=0.00030)  in=37.036  enh=37.041  Δ=+0.0055  ΔY=+0.0008  ΔU=+0.0222  ΔV=+0.0204  lr=1.0e-04  (60s)
epoch  36  loss=0.00033 (main=0.00030+synth=0.00030)  in=37.166  enh=37.171  Δ=+0.0055  ΔY=+0.0001  ΔU=+0.0243  ΔV=+0.0290  lr=1.0e-04  (62s)
epoch  37  loss=0.00033 (main=0.00030+synth=0.00030)  in=37.105  enh=37.108  Δ=+0.0038  ΔY=+0.0005  ΔU=+0.0247  ΔV=+0.0044  lr=1.0e-04  (62s)
epoch  38  loss=0.00033 (main=0.00030+synth=0.00030)  in=37.264  enh=37.269  Δ=+0.0047  ΔY=+0.0009  ΔU=+0.0139  ΔV=+0.0228  lr=1.0e-04  (63s)
epoch  39  loss=0.00033 (main=0.00030+synth=0.00030)  in=37.069  enh=37.073  Δ=+0.0040  ΔY=-0.0003  ΔU=+0.0174  ΔV=+0.0153  lr=1.0e-04  (62s)
epoch  40  loss=0.00033 (main=0.00030+synth=0.00030)  in=37.035  enh=37.040  Δ=+0.0051  ΔY=+0.0008  ΔU=+0.0180  ΔV=+0.0165  lr=1.0e-04  (58s)
epoch  41  loss=0.00033 (main=0.00030+synth=0.00030)  in=37.145  enh=37.148  Δ=+0.0029  ΔY=+0.0007  ΔU=+0.0123  ΔV=+0.0075  lr=1.0e-04  (62s)
epoch  42  loss=0.00033 (main=0.00030+synth=0.00030)  in=37.062  enh=37.067  Δ=+0.0049  ΔY=+0.0013  ΔU=+0.0213  ΔV=+0.0113  lr=1.0e-04  (60s)
epoch  43  loss=0.00034 (main=0.00031+synth=0.00031)  in=37.070  enh=37.074  Δ=+0.0036  ΔY=+0.0012  ΔU=+0.0163  ΔV=+0.0154  lr=1.0e-04  (61s)
epoch  44  loss=0.00033 (main=0.00030+synth=0.00030)  in=36.977  enh=36.980  Δ=+0.0033  ΔY=+0.0010  ΔU=+0.0121  ΔV=+0.0123  lr=1.0e-04  (61s)
epoch  45  loss=0.00033 (main=0.00030+synth=0.00030)  in=37.111  enh=37.110  Δ=-0.0006  ΔY=+0.0010  ΔU=-0.0193  ΔV=+0.0185  lr=1.0e-04  (63s)
epoch  46  loss=0.00033 (main=0.00030+synth=0.00030)  in=37.195  enh=37.198  Δ=+0.0027  ΔY=+0.0001  ΔU=+0.0133  ΔV=+0.0089  lr=1.0e-04  (62s)
epoch  47  loss=0.00033 (main=0.00030+synth=0.00030)  in=37.205  enh=37.209  Δ=+0.0036  ΔY=+0.0009  ΔU=+0.0195  ΔV=+0.0068  lr=1.0e-04  (61s)
epoch  48  loss=0.00033 (main=0.00030+synth=0.00030)  in=37.122  enh=37.127  Δ=+0.0046  ΔY=-0.0000  ΔU=+0.0137  ΔV=+0.0095  lr=1.0e-04  (60s)
epoch  49  loss=0.00033 (main=0.00030+synth=0.00030)  in=37.122  enh=37.125  Δ=+0.0033  ΔY=+0.0008  ΔU=+0.0032  ΔV=+0.0140  lr=1.0e-05  (61s)
epoch  50  loss=0.00032 (main=0.00029+synth=0.00029)  in=37.191  enh=37.196  Δ=+0.0048  ΔY=+0.0011  ΔU=+0.0133  ΔV=+0.0204  lr=1.0e-05  (62s)
epoch  51  loss=0.00033 (main=0.00030+synth=0.00030)  in=37.000  enh=37.005  Δ=+0.0049  ΔY=+0.0007  ΔU=+0.0197  ΔV=+0.0188  lr=1.0e-05  (57s)
epoch  52  loss=0.00033 (main=0.00030+synth=0.00030)  in=37.270  enh=37.275  Δ=+0.0052  ΔY=+0.0011  ΔU=+0.0233  ΔV=+0.0208  lr=1.0e-05  (59s)
epoch  53  loss=0.00033 (main=0.00030+synth=0.00030)  in=36.959  enh=36.964  Δ=+0.0046  ΔY=+0.0009  ΔU=+0.0231  ΔV=+0.0162  lr=1.0e-05  (61s)
epoch  54  loss=0.00033 (main=0.00030+synth=0.00030)  in=37.170  enh=37.175  Δ=+0.0044  ΔY=+0.0011  ΔU=+0.0171  ΔV=+0.0087  lr=1.0e-05  (60s)
epoch  55  loss=0.00033 (main=0.00030+synth=0.00030)  in=37.200  enh=37.205  Δ=+0.0043  ΔY=+0.0009  ΔU=+0.0157  ΔV=+0.0138  lr=1.0e-05  (58s)
epoch  56  loss=0.00033 (main=0.00030+synth=0.00030)  in=37.145  enh=37.150  Δ=+0.0046  ΔY=+0.0007  ΔU=+0.0171  ΔV=+0.0146  lr=1.0e-05  (59s)
epoch  57  loss=0.00033 (main=0.00030+synth=0.00030)  in=37.033  enh=37.038  Δ=+0.0047  ΔY=+0.0008  ΔU=+0.0143  ΔV=+0.0169  lr=1.0e-05  (60s)
epoch  58  loss=0.00033 (main=0.00030+synth=0.00030)  in=37.132  enh=37.138  Δ=+0.0060  ΔY=+0.0008  ΔU=+0.0210  ΔV=+0.0218  lr=1.0e-05  (60s)
epoch  59  loss=0.00032 (main=0.00029+synth=0.00030)  in=37.130  enh=37.136  Δ=+0.0068  ΔY=+0.0009  ΔU=+0.0250  ΔV=+0.0280  lr=1.0e-05  (63s)
epoch  60  loss=0.00033 (main=0.00030+synth=0.00030)  in=37.177  enh=37.185  Δ=+0.0078  ΔY=+0.0012  ΔU=+0.0318  ΔV=+0.0229  lr=1.0e-05  (59s)
epoch  61  loss=0.00033 (main=0.00030+synth=0.00030)  in=37.027  enh=37.031  Δ=+0.0040  ΔY=+0.0005  ΔU=+0.0151  ΔV=+0.0212  lr=1.0e-05  (60s)
epoch  62  loss=0.00033 (main=0.00030+synth=0.00030)  in=37.117  enh=37.124  Δ=+0.0067  ΔY=+0.0008  ΔU=+0.0190  ΔV=+0.0400  lr=1.0e-05  (58s)
epoch  63  loss=0.00032 (main=0.00029+synth=0.00029)  in=37.032  enh=37.038  Δ=+0.0060  ΔY=+0.0009  ΔU=+0.0199  ΔV=+0.0132  lr=1.0e-05  (61s)
epoch  64  loss=0.00033 (main=0.00030+synth=0.00030)  in=36.969  enh=36.974  Δ=+0.0050  ΔY=+0.0008  ΔU=+0.0218  ΔV=+0.0206  lr=1.0e-05  (59s)
epoch  65  loss=0.00033 (main=0.00030+synth=0.00030)  in=37.149  enh=37.154  Δ=+0.0051  ΔY=+0.0009  ΔU=+0.0114  ΔV=+0.0110  lr=1.0e-05  (62s)
epoch  66  loss=0.00033 (main=0.00030+synth=0.00030)  in=37.017  enh=37.024  Δ=+0.0071  ΔY=+0.0008  ΔU=+0.0274  ΔV=+0.0263  lr=1.0e-05  (63s)
epoch  67  loss=0.00033 (main=0.00030+synth=0.00030)  in=37.009  enh=37.014  Δ=+0.0057  ΔY=+0.0009  ΔU=+0.0303  ΔV=+0.0188  lr=1.0e-05  (62s)
epoch  68  loss=0.00033 (main=0.00030+synth=0.00030)  in=37.169  enh=37.175  Δ=+0.0055  ΔY=+0.0011  ΔU=+0.0257  ΔV=+0.0041  lr=1.0e-05  (61s)
epoch  69  loss=0.00033 (main=0.00030+synth=0.00030)  in=37.227  enh=37.234  Δ=+0.0063  ΔY=+0.0012  ΔU=+0.0228  ΔV=+0.0177  lr=1.0e-05  (60s)
epoch  70  loss=0.00033 (main=0.00030+synth=0.00030)  in=37.350  enh=37.353  Δ=+0.0025  ΔY=+0.0006  ΔU=+0.0185  ΔV=+0.0046  lr=1.0e-05  (59s)
epoch  71  loss=0.00033 (main=0.00030+synth=0.00030)  in=37.104  enh=37.110  Δ=+0.0064  ΔY=+0.0013  ΔU=+0.0327  ΔV=+0.0211  lr=1.0e-05  (62s)
epoch  72  loss=0.00033 (main=0.00030+synth=0.00030)  in=37.311  enh=37.315  Δ=+0.0045  ΔY=+0.0011  ΔU=+0.0165  ΔV=+0.0186  lr=1.0e-05  (63s)
epoch  73  loss=0.00033 (main=0.00030+synth=0.00030)  in=37.071  enh=37.078  Δ=+0.0067  ΔY=+0.0011  ΔU=+0.0241  ΔV=+0.0270  lr=1.0e-05  (60s)
epoch  74  loss=0.00033 (main=0.00030+synth=0.00030)  in=37.212  enh=37.217  Δ=+0.0056  ΔY=+0.0013  ΔU=+0.0200  ΔV=+0.0236  lr=1.0e-05  (59s)
epoch  75  loss=0.00033 (main=0.00030+synth=0.00030)  in=37.169  enh=37.174  Δ=+0.0055  ΔY=+0.0006  ΔU=+0.0294  ΔV=+0.0235  lr=1.0e-05  (61s)
epoch  76  loss=0.00033 (main=0.00030+synth=0.00030)  in=37.192  enh=37.198  Δ=+0.0054  ΔY=+0.0011  ΔU=+0.0115  ΔV=+0.0340  lr=1.0e-05  (62s)
epoch  77  loss=0.00033 (main=0.00030+synth=0.00030)  in=37.186  enh=37.193  Δ=+0.0064  ΔY=+0.0012  ΔU=+0.0225  ΔV=+0.0226  lr=1.0e-05  (58s)
epoch  78  loss=0.00033 (main=0.00030+synth=0.00030)  in=37.061  enh=37.067  Δ=+0.0058  ΔY=+0.0009  ΔU=+0.0230  ΔV=+0.0210  lr=1.0e-05  (63s)
epoch  79  loss=0.00033 (main=0.00030+synth=0.00030)  in=37.412  enh=37.420  Δ=+0.0080  ΔY=+0.0009  ΔU=+0.0267  ΔV=+0.0368  lr=1.0e-05  (59s)
epoch  80  loss=0.00033 (main=0.00030+synth=0.00030)  in=37.108  enh=37.114  Δ=+0.0059  ΔY=+0.0009  ΔU=+0.0260  ΔV=+0.0234  lr=1.0e-05  (62s)
epoch  81  loss=0.00033 (main=0.00030+synth=0.00030)  in=36.999  enh=37.003  Δ=+0.0039  ΔY=+0.0010  ΔU=+0.0171  ΔV=+0.0077  lr=1.0e-05  (62s)
epoch  82  loss=0.00033 (main=0.00030+synth=0.00030)  in=37.241  enh=37.245  Δ=+0.0037  ΔY=+0.0010  ΔU=+0.0071  ΔV=+0.0206  lr=1.0e-05  (61s)
epoch  83  loss=0.00033 (main=0.00030+synth=0.00030)  in=37.123  enh=37.129  Δ=+0.0065  ΔY=+0.0012  ΔU=+0.0272  ΔV=+0.0286  lr=1.0e-05  (63s)
epoch  84  loss=0.00032 (main=0.00029+synth=0.00029)  in=37.186  enh=37.192  Δ=+0.0056  ΔY=+0.0011  ΔU=+0.0272  ΔV=+0.0196  lr=1.0e-05  (62s)
epoch  85  loss=0.00033 (main=0.00030+synth=0.00030)  in=36.920  enh=36.925  Δ=+0.0055  ΔY=+0.0007  ΔU=+0.0231  ΔV=+0.0177  lr=1.0e-05  (59s)
epoch  86  loss=0.00032 (main=0.00030+synth=0.00030)  in=37.297  enh=37.303  Δ=+0.0061  ΔY=+0.0009  ΔU=+0.0232  ΔV=+0.0353  lr=1.0e-05  (62s)
epoch  87  loss=0.00033 (main=0.00030+synth=0.00030)  in=37.053  enh=37.061  Δ=+0.0084  ΔY=+0.0011  ΔU=+0.0218  ΔV=+0.0316  lr=1.0e-05  (61s)
epoch  88  loss=0.00032 (main=0.00030+synth=0.00030)  in=37.223  enh=37.227  Δ=+0.0043  ΔY=+0.0007  ΔU=+0.0148  ΔV=+0.0161  lr=1.0e-05  (58s)
epoch  89  loss=0.00032 (main=0.00030+synth=0.00030)  in=37.007  enh=37.011  Δ=+0.0049  ΔY=+0.0011  ΔU=+0.0116  ΔV=+0.0259  lr=1.0e-05  (63s)
epoch  90  loss=0.00032 (main=0.00029+synth=0.00029)  in=37.290  enh=37.296  Δ=+0.0061  ΔY=+0.0010  ΔU=+0.0258  ΔV=+0.0116  lr=1.0e-05  (59s)
epoch  91  loss=0.00033 (main=0.00030+synth=0.00030)  in=37.051  enh=37.056  Δ=+0.0051  ΔY=+0.0010  ΔU=+0.0226  ΔV=+0.0155  lr=1.0e-05  (60s)
epoch  92  loss=0.00033 (main=0.00030+synth=0.00030)  in=37.039  enh=37.044  Δ=+0.0056  ΔY=+0.0006  ΔU=+0.0267  ΔV=+0.0194  lr=1.0e-05  (61s)
epoch  93  loss=0.00033 (main=0.00030+synth=0.00030)  in=37.111  enh=37.116  Δ=+0.0050  ΔY=+0.0011  ΔU=+0.0206  ΔV=+0.0190  lr=1.0e-05  (61s)
epoch  94  loss=0.00033 (main=0.00030+synth=0.00030)  in=36.957  enh=36.963  Δ=+0.0058  ΔY=+0.0013  ΔU=+0.0273  ΔV=+0.0122  lr=1.0e-05  (61s)
epoch  95  loss=0.00033 (main=0.00030+synth=0.00030)  in=37.120  enh=37.127  Δ=+0.0070  ΔY=+0.0008  ΔU=+0.0324  ΔV=+0.0114  lr=1.0e-05  (60s)
epoch  96  loss=0.00033 (main=0.00030+synth=0.00030)  in=37.165  enh=37.171  Δ=+0.0058  ΔY=+0.0004  ΔU=+0.0224  ΔV=+0.0307  lr=1.0e-05  (63s)
epoch  97  loss=0.00033 (main=0.00030+synth=0.00030)  in=37.305  enh=37.312  Δ=+0.0072  ΔY=+0.0007  ΔU=+0.0267  ΔV=+0.0351  lr=1.0e-05  (61s)
epoch  98  loss=0.00033 (main=0.00030+synth=0.00030)  in=37.197  enh=37.203  Δ=+0.0059  ΔY=+0.0010  ΔU=+0.0239  ΔV=+0.0228  lr=1.0e-05  (61s)
epoch  99  loss=0.00033 (main=0.00030+synth=0.00030)  in=37.122  enh=37.129  Δ=+0.0068  ΔY=+0.0007  ΔU=+0.0246  ΔV=+0.0332  lr=1.0e-06  (60s)
epoch 100  loss=0.00033 (main=0.00030+synth=0.00030)  in=37.311  enh=37.315  Δ=+0.0041  ΔY=+0.0009  ΔU=+0.0164  ΔV=+0.0157  lr=1.0e-06  (60s)
epoch 101  loss=0.00034 (main=0.00030+synth=0.00030)  in=37.101  enh=37.108  Δ=+0.0067  ΔY=+0.0013  ΔU=+0.0248  ΔV=+0.0224  lr=1.0e-06  (61s)
epoch 102  loss=0.00033 (main=0.00030+synth=0.00030)  in=37.031  enh=37.036  Δ=+0.0051  ΔY=+0.0008  ΔU=+0.0144  ΔV=+0.0233  lr=1.0e-06  (62s)
epoch 103  loss=0.00033 (main=0.00030+synth=0.00030)  in=37.180  enh=37.188  Δ=+0.0084  ΔY=+0.0012  ΔU=+0.0247  ΔV=+0.0390  lr=1.0e-06  (61s)
epoch 104  loss=0.00033 (main=0.00030+synth=0.00030)  in=37.175  enh=37.181  Δ=+0.0058  ΔY=+0.0010  ΔU=+0.0174  ΔV=+0.0269  lr=1.0e-06  (60s)
epoch 105  loss=0.00033 (main=0.00030+synth=0.00030)  in=36.944  enh=36.950  Δ=+0.0061  ΔY=+0.0009  ΔU=+0.0258  ΔV=+0.0216  lr=1.0e-06  (61s)
epoch 106  loss=0.00033 (main=0.00030+synth=0.00030)  in=37.219  enh=37.223  Δ=+0.0048  ΔY=+0.0007  ΔU=+0.0248  ΔV=+0.0117  lr=1.0e-06  (61s)
epoch 107  loss=0.00033 (main=0.00030+synth=0.00030)  in=37.091  enh=37.098  Δ=+0.0074  ΔY=+0.0009  ΔU=+0.0310  ΔV=+0.0215  lr=1.0e-06  (59s)
epoch 108  loss=0.00033 (main=0.00030+synth=0.00030)  in=36.977  enh=36.983  Δ=+0.0058  ΔY=+0.0010  ΔU=+0.0294  ΔV=+0.0192  lr=1.0e-06  (64s)
epoch 109  loss=0.00033 (main=0.00030+synth=0.00030)  in=37.137  enh=37.144  Δ=+0.0066  ΔY=+0.0012  ΔU=+0.0219  ΔV=+0.0316  lr=1.0e-06  (61s)
epoch 110  loss=0.00033 (main=0.00030+synth=0.00030)  in=37.128  enh=37.135  Δ=+0.0065  ΔY=+0.0011  ΔU=+0.0302  ΔV=+0.0231  lr=1.0e-06  (63s)
epoch 111  loss=0.00033 (main=0.00030+synth=0.00030)  in=37.179  enh=37.186  Δ=+0.0071  ΔY=+0.0010  ΔU=+0.0276  ΔV=+0.0038  lr=1.0e-06  (60s)
epoch 112  loss=0.00033 (main=0.00030+synth=0.00030)  in=36.985  enh=36.990  Δ=+0.0051  ΔY=+0.0007  ΔU=+0.0235  ΔV=+0.0164  lr=1.0e-06  (60s)
epoch 113  loss=0.00033 (main=0.00030+synth=0.00030)  in=37.123  enh=37.129  Δ=+0.0066  ΔY=+0.0011  ΔU=+0.0248  ΔV=+0.0226  lr=1.0e-06  (61s)
epoch 114  loss=0.00033 (main=0.00030+synth=0.00030)  in=37.067  enh=37.073  Δ=+0.0060  ΔY=+0.0008  ΔU=+0.0297  ΔV=+0.0226  lr=1.0e-06  (62s)
epoch 115  loss=0.00033 (main=0.00030+synth=0.00030)  in=37.069  enh=37.074  Δ=+0.0056  ΔY=+0.0011  ΔU=+0.0211  ΔV=+0.0205  lr=1.0e-06  (60s)
epoch 116  loss=0.00033 (main=0.00030+synth=0.00030)  in=37.086  enh=37.093  Δ=+0.0066  ΔY=+0.0012  ΔU=+0.0314  ΔV=+0.0212  lr=1.0e-06  (56s)
epoch 117  loss=0.00033 (main=0.00030+synth=0.00030)  in=36.935  enh=36.941  Δ=+0.0066  ΔY=+0.0010  ΔU=+0.0249  ΔV=+0.0252  lr=1.0e-06  (59s)
epoch 118  loss=0.00033 (main=0.00030+synth=0.00030)  in=37.320  enh=37.327  Δ=+0.0069  ΔY=+0.0013  ΔU=+0.0229  ΔV=+0.0336  lr=1.0e-06  (63s)
epoch 119  loss=0.00033 (main=0.00030+synth=0.00030)  in=37.184  enh=37.190  Δ=+0.0055  ΔY=+0.0009  ΔU=+0.0193  ΔV=+0.0208  lr=1.0e-06  (63s)
epoch 120  loss=0.00033 (main=0.00030+synth=0.00030)  in=37.102  enh=37.109  Δ=+0.0063  ΔY=+0.0012  ΔU=+0.0240  ΔV=+0.0241  lr=1.0e-06  (61s)
epoch 121  loss=0.00033 (main=0.00030+synth=0.00030)  in=36.961  enh=36.968  Δ=+0.0068  ΔY=+0.0009  ΔU=+0.0289  ΔV=+0.0229  lr=1.0e-06  (59s)
epoch 122  loss=0.00032 (main=0.00029+synth=0.00029)  in=37.205  enh=37.210  Δ=+0.0052  ΔY=+0.0013  ΔU=+0.0193  ΔV=+0.0250  lr=1.0e-06  (61s)
epoch 123  loss=0.00033 (main=0.00030+synth=0.00030)  in=37.060  enh=37.067  Δ=+0.0071  ΔY=+0.0010  ΔU=+0.0269  ΔV=+0.0303  lr=1.0e-06  (61s)
epoch 124  loss=0.00033 (main=0.00030+synth=0.00030)  in=37.114  enh=37.121  Δ=+0.0067  ΔY=+0.0009  ΔU=+0.0279  ΔV=+0.0228  lr=1.0e-06  (63s)
epoch 125  loss=0.00033 (main=0.00030+synth=0.00030)  in=37.180  enh=37.184  Δ=+0.0045  ΔY=+0.0010  ΔU=+0.0123  ΔV=+0.0251  lr=1.0e-06  (61s)
epoch 126  loss=0.00032 (main=0.00029+synth=0.00029)  in=36.919  enh=36.924  Δ=+0.0050  ΔY=+0.0009  ΔU=+0.0193  ΔV=+0.0195  lr=1.0e-06  (61s)
epoch 127  loss=0.00033 (main=0.00030+synth=0.00030)  in=37.131  enh=37.135  Δ=+0.0046  ΔY=+0.0010  ΔU=+0.0236  ΔV=+0.0109  lr=1.0e-06  (60s)
epoch 128  loss=0.00033 (main=0.00030+synth=0.00030)  in=37.250  enh=37.256  Δ=+0.0057  ΔY=+0.0010  ΔU=+0.0287  ΔV=+0.0199  lr=1.0e-06  (62s)
epoch 129  loss=0.00033 (main=0.00030+synth=0.00030)  in=37.003  enh=37.009  Δ=+0.0058  ΔY=+0.0010  ΔU=+0.0278  ΔV=+0.0061  lr=1.0e-06  (61s)
epoch 130  loss=0.00033 (main=0.00030+synth=0.00030)  in=36.972  enh=36.977  Δ=+0.0055  ΔY=+0.0008  ΔU=+0.0280  ΔV=+0.0162  lr=1.0e-06  (61s)
epoch 131  loss=0.00033 (main=0.00030+synth=0.00030)  in=37.257  enh=37.264  Δ=+0.0075  ΔY=+0.0009  ΔU=+0.0276  ΔV=+0.0296  lr=1.0e-06  (59s)
epoch 132  loss=0.00033 (main=0.00030+synth=0.00030)  in=37.195  enh=37.201  Δ=+0.0066  ΔY=+0.0012  ΔU=+0.0269  ΔV=+0.0221  lr=1.0e-06  (60s)
epoch 133  loss=0.00033 (main=0.00030+synth=0.00030)  in=37.156  enh=37.162  Δ=+0.0060  ΔY=+0.0011  ΔU=+0.0270  ΔV=+0.0238  lr=1.0e-06  (59s)
epoch 134  loss=0.00033 (main=0.00030+synth=0.00030)  in=37.147  enh=37.154  Δ=+0.0067  ΔY=+0.0009  ΔU=+0.0360  ΔV=+0.0154  lr=1.0e-06  (60s)
epoch 135  loss=0.00032 (main=0.00029+synth=0.00029)  in=37.172  enh=37.178  Δ=+0.0064  ΔY=+0.0009  ΔU=+0.0261  ΔV=+0.0255  lr=1.0e-06  (61s)
epoch 136  loss=0.00033 (main=0.00030+synth=0.00030)  in=37.268  enh=37.275  Δ=+0.0061  ΔY=+0.0012  ΔU=+0.0215  ΔV=+0.0214  lr=1.0e-06  (61s)
epoch 137  loss=0.00033 (main=0.00030+synth=0.00030)  in=37.109  enh=37.117  Δ=+0.0072  ΔY=+0.0012  ΔU=+0.0294  ΔV=+0.0292  lr=1.0e-06  (61s)
epoch 138  loss=0.00033 (main=0.00030+synth=0.00030)  in=37.106  enh=37.111  Δ=+0.0045  ΔY=+0.0012  ΔU=+0.0239  ΔV=+0.0024  lr=1.0e-06  (60s)
epoch 139  loss=0.00032 (main=0.00029+synth=0.00029)  in=36.915  enh=36.921  Δ=+0.0051  ΔY=+0.0007  ΔU=+0.0222  ΔV=+0.0207  lr=1.0e-06  (61s)
epoch 140  loss=0.00033 (main=0.00030+synth=0.00030)  in=37.060  enh=37.064  Δ=+0.0041  ΔY=+0.0008  ΔU=+0.0122  ΔV=+0.0159  lr=1.0e-06  (61s)
epoch 141  loss=0.00032 (main=0.00029+synth=0.00029)  in=37.144  enh=37.151  Δ=+0.0070  ΔY=+0.0013  ΔU=+0.0272  ΔV=+0.0185  lr=1.0e-06  (61s)
epoch 142  loss=0.00033 (main=0.00030+synth=0.00030)  in=37.367  enh=37.374  Δ=+0.0065  ΔY=+0.0013  ΔU=+0.0167  ΔV=+0.0331  lr=1.0e-06  (62s)
epoch 143  loss=0.00033 (main=0.00030+synth=0.00030)  in=37.053  enh=37.059  Δ=+0.0066  ΔY=+0.0009  ΔU=+0.0242  ΔV=+0.0298  lr=1.0e-06  (62s)
epoch 144  loss=0.00033 (main=0.00030+synth=0.00030)  in=37.224  enh=37.231  Δ=+0.0074  ΔY=+0.0010  ΔU=+0.0274  ΔV=+0.0331  lr=1.0e-06  (58s)
epoch 145  loss=0.00033 (main=0.00030+synth=0.00030)  in=37.319  enh=37.325  Δ=+0.0064  ΔY=+0.0010  ΔU=+0.0214  ΔV=+0.0223  lr=1.0e-06  (61s)
epoch 146  loss=0.00033 (main=0.00030+synth=0.00030)  in=37.200  enh=37.204  Δ=+0.0042  ΔY=+0.0009  ΔU=+0.0205  ΔV=-0.0037  lr=1.0e-06  (59s)
epoch 147  loss=0.00033 (main=0.00030+synth=0.00030)  in=37.121  enh=37.128  Δ=+0.0072  ΔY=+0.0013  ΔU=+0.0290  ΔV=+0.0264  lr=1.0e-06  (63s)
epoch 148  loss=0.00033 (main=0.00030+synth=0.00030)  in=37.119  enh=37.126  Δ=+0.0061  ΔY=+0.0009  ΔU=+0.0237  ΔV=+0.0208  lr=1.0e-06  (61s)
epoch 149  loss=0.00033 (main=0.00030+synth=0.00030)  in=37.194  enh=37.200  Δ=+0.0060  ΔY=+0.0011  ΔU=+0.0218  ΔV=+0.0262  lr=1.0e-07  (62s)
epoch 150  loss=0.00033 (main=0.00030+synth=0.00030)  in=36.910  enh=36.916  Δ=+0.0057  ΔY=+0.0009  ΔU=+0.0220  ΔV=+0.0233  lr=1.0e-07  (59s)
epoch 151  loss=0.00033 (main=0.00030+synth=0.00030)  in=37.052  enh=37.057  Δ=+0.0053  ΔY=+0.0010  ΔU=+0.0254  ΔV=+0.0084  lr=1.0e-07  (60s)
epoch 152  loss=0.00033 (main=0.00030+synth=0.00030)  in=37.264  enh=37.271  Δ=+0.0071  ΔY=+0.0013  ΔU=+0.0340  ΔV=+0.0200  lr=1.0e-07  (61s)
epoch 153  loss=0.00033 (main=0.00030+synth=0.00030)  in=37.079  enh=37.085  Δ=+0.0052  ΔY=+0.0011  ΔU=+0.0284  ΔV=+0.0077  lr=1.0e-07  (58s)
epoch 154  loss=0.00033 (main=0.00030+synth=0.00030)  in=37.034  enh=37.042  Δ=+0.0079  ΔY=+0.0012  ΔU=+0.0325  ΔV=+0.0274  lr=1.0e-07  (61s)
epoch 155  loss=0.00033 (main=0.00030+synth=0.00030)  in=37.114  enh=37.121  Δ=+0.0065  ΔY=+0.0007  ΔU=+0.0220  ΔV=+0.0297  lr=1.0e-07  (58s)
epoch 156  loss=0.00033 (main=0.00030+synth=0.00030)  in=37.065  enh=37.072  Δ=+0.0071  ΔY=+0.0012  ΔU=+0.0192  ΔV=+0.0265  lr=1.0e-07  (63s)
epoch 157  loss=0.00033 (main=0.00030+synth=0.00030)  in=37.055  enh=37.062  Δ=+0.0066  ΔY=+0.0012  ΔU=+0.0308  ΔV=+0.0232  lr=1.0e-07  (60s)
epoch 158  loss=0.00033 (main=0.00030+synth=0.00030)  in=37.070  enh=37.075  Δ=+0.0048  ΔY=+0.0008  ΔU=+0.0262  ΔV=+0.0178  lr=1.0e-07  (62s)
epoch 159  loss=0.00033 (main=0.00030+synth=0.00030)  in=36.941  enh=36.947  Δ=+0.0052  ΔY=+0.0009  ΔU=+0.0191  ΔV=+0.0229  lr=1.0e-07  (60s)
epoch 160  loss=0.00034 (main=0.00030+synth=0.00031)  in=37.323  enh=37.329  Δ=+0.0062  ΔY=+0.0011  ΔU=+0.0225  ΔV=+0.0213  lr=1.0e-07  (61s)
epoch 161  loss=0.00033 (main=0.00030+synth=0.00030)  in=37.075  enh=37.082  Δ=+0.0061  ΔY=+0.0010  ΔU=+0.0178  ΔV=+0.0351  lr=1.0e-07  (60s)
epoch 162  loss=0.00032 (main=0.00030+synth=0.00030)  in=37.267  enh=37.272  Δ=+0.0045  ΔY=+0.0008  ΔU=+0.0165  ΔV=+0.0232  lr=1.0e-07  (59s)
epoch 163  loss=0.00033 (main=0.00030+synth=0.00030)  in=37.180  enh=37.187  Δ=+0.0074  ΔY=+0.0008  ΔU=+0.0304  ΔV=+0.0254  lr=1.0e-07  (61s)
epoch 164  loss=0.00033 (main=0.00030+synth=0.00030)  in=37.273  enh=37.278  Δ=+0.0047  ΔY=+0.0012  ΔU=+0.0166  ΔV=+0.0138  lr=1.0e-07  (59s)
epoch 165  loss=0.00033 (main=0.00030+synth=0.00030)  in=37.051  enh=37.054  Δ=+0.0036  ΔY=+0.0010  ΔU=+0.0240  ΔV=+0.0043  lr=1.0e-07  (61s)
epoch 166  loss=0.00033 (main=0.00030+synth=0.00030)  in=37.196  enh=37.204  Δ=+0.0085  ΔY=+0.0012  ΔU=+0.0296  ΔV=+0.0292  lr=1.0e-07  (62s)
epoch 167  loss=0.00033 (main=0.00030+synth=0.00030)  in=37.022  enh=37.028  Δ=+0.0061  ΔY=+0.0009  ΔU=+0.0271  ΔV=+0.0195  lr=1.0e-07  (60s)
epoch 168  loss=0.00033 (main=0.00030+synth=0.00030)  in=36.995  enh=37.001  Δ=+0.0060  ΔY=+0.0010  ΔU=+0.0228  ΔV=+0.0229  lr=1.0e-07  (61s)
epoch 169  loss=0.00032 (main=0.00029+synth=0.00030)  in=37.257  enh=37.262  Δ=+0.0047  ΔY=+0.0011  ΔU=+0.0225  ΔV=+0.0210  lr=1.0e-07  (58s)
epoch 170  loss=0.00033 (main=0.00030+synth=0.00030)  in=37.219  enh=37.224  Δ=+0.0052  ΔY=+0.0011  ΔU=+0.0230  ΔV=+0.0232  lr=1.0e-07  (61s)
epoch 171  loss=0.00033 (main=0.00030+synth=0.00030)  in=37.241  enh=37.246  Δ=+0.0056  ΔY=+0.0010  ΔU=+0.0271  ΔV=+0.0200  lr=1.0e-07  (61s)
epoch 172  loss=0.00033 (main=0.00030+synth=0.00030)  in=37.267  enh=37.275  Δ=+0.0075  ΔY=+0.0011  ΔU=+0.0268  ΔV=+0.0228  lr=1.0e-07  (61s)
epoch 173  loss=0.00033 (main=0.00030+synth=0.00030)  in=37.021  enh=37.027  Δ=+0.0053  ΔY=+0.0008  ΔU=+0.0224  ΔV=+0.0172  lr=1.0e-07  (61s)
epoch 174  loss=0.00033 (main=0.00030+synth=0.00030)  in=37.299  enh=37.305  Δ=+0.0062  ΔY=+0.0008  ΔU=+0.0211  ΔV=+0.0254  lr=1.0e-07  (63s)
epoch 175  loss=0.00033 (main=0.00030+synth=0.00030)  in=37.130  enh=37.135  Δ=+0.0050  ΔY=+0.0011  ΔU=+0.0184  ΔV=+0.0236  lr=1.0e-07  (63s)
epoch 176  loss=0.00032 (main=0.00030+synth=0.00030)  in=37.094  enh=37.101  Δ=+0.0073  ΔY=+0.0011  ΔU=+0.0264  ΔV=+0.0282  lr=1.0e-07  (63s)
epoch 177  loss=0.00033 (main=0.00030+synth=0.00030)  in=37.010  enh=37.016  Δ=+0.0060  ΔY=+0.0009  ΔU=+0.0250  ΔV=+0.0277  lr=1.0e-07  (61s)
epoch 178  loss=0.00033 (main=0.00030+synth=0.00030)  in=37.321  enh=37.328  Δ=+0.0069  ΔY=+0.0009  ΔU=+0.0231  ΔV=+0.0326  lr=1.0e-07  (62s)
epoch 179  loss=0.00033 (main=0.00030+synth=0.00030)  in=37.069  enh=37.074  Δ=+0.0048  ΔY=+0.0008  ΔU=+0.0205  ΔV=+0.0163  lr=1.0e-07  (58s)
epoch 180  loss=0.00032 (main=0.00029+synth=0.00030)  in=37.271  enh=37.275  Δ=+0.0037  ΔY=+0.0015  ΔU=+0.0187  ΔV=+0.0092  lr=1.0e-07  (59s)
epoch 181  loss=0.00033 (main=0.00030+synth=0.00030)  in=36.944  enh=36.951  Δ=+0.0070  ΔY=+0.0011  ΔU=+0.0250  ΔV=+0.0346  lr=1.0e-07  (59s)
epoch 182  loss=0.00033 (main=0.00030+synth=0.00030)  in=37.023  enh=37.028  Δ=+0.0053  ΔY=+0.0009  ΔU=+0.0234  ΔV=-0.0130  lr=1.0e-07  (61s)
epoch 183  loss=0.00033 (main=0.00030+synth=0.00030)  in=37.194  enh=37.200  Δ=+0.0063  ΔY=+0.0014  ΔU=+0.0203  ΔV=+0.0289  lr=1.0e-07  (63s)
epoch 184  loss=0.00033 (main=0.00030+synth=0.00030)  in=37.103  enh=37.110  Δ=+0.0071  ΔY=+0.0012  ΔU=+0.0242  ΔV=+0.0365  lr=1.0e-07  (60s)
epoch 185  loss=0.00033 (main=0.00030+synth=0.00030)  in=37.104  enh=37.111  Δ=+0.0072  ΔY=+0.0012  ΔU=+0.0261  ΔV=+0.0224  lr=1.0e-07  (60s)
epoch 186  loss=0.00033 (main=0.00030+synth=0.00030)  in=37.099  enh=37.104  Δ=+0.0049  ΔY=+0.0010  ΔU=+0.0233  ΔV=+0.0111  lr=1.0e-07  (62s)
epoch 187  loss=0.00033 (main=0.00030+synth=0.00030)  in=37.319  enh=37.325  Δ=+0.0063  ΔY=+0.0010  ΔU=+0.0220  ΔV=+0.0234  lr=1.0e-07  (61s)
epoch 188  loss=0.00033 (main=0.00030+synth=0.00030)  in=37.010  enh=37.014  Δ=+0.0040  ΔY=+0.0009  ΔU=+0.0223  ΔV=+0.0088  lr=1.0e-07  (61s)
epoch 189  loss=0.00033 (main=0.00030+synth=0.00030)  in=37.044  enh=37.049  Δ=+0.0048  ΔY=+0.0011  ΔU=+0.0244  ΔV=+0.0115  lr=1.0e-07  (65s)
epoch 190  loss=0.00033 (main=0.00030+synth=0.00030)  in=36.983  enh=36.989  Δ=+0.0051  ΔY=+0.0014  ΔU=+0.0196  ΔV=+0.0125  lr=1.0e-07  (62s)
epoch 191  loss=0.00033 (main=0.00030+synth=0.00030)  in=37.105  enh=37.112  Δ=+0.0067  ΔY=+0.0006  ΔU=+0.0223  ΔV=+0.0296  lr=1.0e-07  (61s)
epoch 192  loss=0.00033 (main=0.00030+synth=0.00030)  in=36.917  enh=36.925  Δ=+0.0081  ΔY=+0.0012  ΔU=+0.0254  ΔV=+0.0317  lr=1.0e-07  (63s)
epoch 193  loss=0.00033 (main=0.00030+synth=0.00030)  in=37.176  enh=37.181  Δ=+0.0052  ΔY=+0.0008  ΔU=+0.0242  ΔV=+0.0139  lr=1.0e-07  (62s)
epoch 194  loss=0.00033 (main=0.00030+synth=0.00030)  in=37.021  enh=37.026  Δ=+0.0050  ΔY=+0.0009  ΔU=+0.0250  ΔV=+0.0199  lr=1.0e-07  (59s)
epoch 195  loss=0.00033 (main=0.00030+synth=0.00030)  in=37.155  enh=37.162  Δ=+0.0073  ΔY=+0.0011  ΔU=+0.0255  ΔV=+0.0324  lr=1.0e-07  (60s)
epoch 196  loss=0.00033 (main=0.00030+synth=0.00030)  in=37.029  enh=37.035  Δ=+0.0067  ΔY=+0.0008  ΔU=+0.0293  ΔV=+0.0244  lr=1.0e-07  (59s)
epoch 197  loss=0.00033 (main=0.00030+synth=0.00030)  in=36.964  enh=36.970  Δ=+0.0064  ΔY=+0.0007  ΔU=+0.0361  ΔV=+0.0205  lr=1.0e-07  (62s)
epoch 198  loss=0.00033 (main=0.00030+synth=0.00030)  in=37.003  enh=37.008  Δ=+0.0055  ΔY=+0.0009  ΔU=+0.0266  ΔV=+0.0163  lr=1.0e-07  (62s)
epoch 199  loss=0.00032 (main=0.00030+synth=0.00030)  in=37.108  enh=37.115  Δ=+0.0068  ΔY=+0.0013  ΔU=+0.0286  ΔV=+0.0213  lr=1.0e-08  (62s)
