[gpu_lock] train vvc_ppff_mqp2_off: acquired after 0.0 min
[VTMOnlineDataset] train: 11829 triplets from 212 (video,QP) pairs
[VTMOnlineDataset] val: 1315 triplets from 212 (video,QP) pairs
[vvc_ppff_mqp2_off] params=2,778,260 loss=mse wd=0.0 train=11829 val=1315
epoch   0  loss=0.17139  dY=-23.5944 dU=-30.4349 dV=-29.2475  lr=1.0e-04  (256s)
epoch   1  loss=0.03537  dY=-4.2185 dU=-8.1259 dV=-3.4528  lr=1.0e-04  (252s)
epoch   2  loss=0.00317  dY=-4.9720 dU=-7.1889 dV=-2.9533  lr=1.0e-04  (251s)
epoch   3  loss=0.00211  dY=-5.2072 dU=-3.4071 dV=-2.7447  lr=1.0e-04  (251s)
epoch   4  loss=0.00211  dY=-3.8252 dU=-1.2701 dV=-1.5732  lr=1.0e-04  (251s)
epoch   5  loss=0.00148  dY=-5.9193 dU=-2.4783 dV=-2.8371  lr=1.0e-04  (251s)
epoch   6  loss=0.00142  dY=-6.3391 dU=-3.9085 dV=-3.6513  lr=1.0e-04  (250s)
epoch   7  loss=0.00101  dY=-4.6847 dU=-5.2426 dV=-1.8041  lr=1.0e-04  (247s)
epoch   8  loss=0.00070  dY=-4.2827 dU=-0.9274 dV=-1.5957  lr=1.0e-04  (246s)
epoch   9  loss=0.00060  dY=-1.5045 dU=-3.6476 dV=-0.3825  lr=1.0e-04  (247s)
epoch  10  loss=0.00060  dY=-1.5988 dU=-0.6824 dV=-1.0476  lr=1.0e-04  (246s)
epoch  11  loss=0.00052  dY=-1.4696 dU=-1.4282 dV=-1.8533  lr=1.0e-04  (247s)
epoch  12  loss=0.00049  dY=-1.0872 dU=-0.4078 dV=-0.4558  lr=1.0e-04  (247s)
epoch  13  loss=0.00055  dY=-0.2001 dU=-0.5847 dV=-0.4769  lr=1.0e-04  (247s)
epoch  14  loss=0.00052  dY=-1.8431 dU=-1.1669 dV=-1.2184  lr=1.0e-04  (247s)
epoch  15  loss=0.00057  dY=-1.8955 dU=-1.8696 dV=-1.6831  lr=1.0e-04  (247s)
epoch  16  loss=0.00049  dY=-1.5524 dU=-0.8508 dV=-0.9280  lr=1.0e-04  (247s)
epoch  17  loss=0.00049  dY=-0.2283 dU=-0.2628 dV=-0.3215  lr=1.0e-04  (247s)
epoch  18  loss=0.00071  dY=-1.1621 dU=-0.9714 dV=-1.1809  lr=1.0e-04  (247s)
epoch  19  loss=0.00060  dY=-1.3113 dU=-1.2585 dV=-1.4061  lr=1.0e-04  (247s)
epoch  20  loss=0.00053  dY=-0.8975 dU=-1.2543 dV=-1.2819  lr=1.0e-04  (247s)
epoch  21  loss=0.00053  dY=-2.3671 dU=-0.8559 dV=-1.0831  lr=1.0e-04  (247s)
epoch  22  loss=0.00056  dY=-0.1825 dU=-0.3131 dV=-0.5541  lr=1.0e-04  (247s)
epoch  23  loss=0.00055  dY=-0.9162 dU=-1.0039 dV=-1.3077  lr=1.0e-04  (247s)
epoch  24  loss=0.00049  dY=-0.9159 dU=-0.8785 dV=-0.8599  lr=1.0e-04  (247s)
epoch  25  loss=0.00049  dY=-0.5803 dU=-0.7579 dV=-0.8792  lr=1.0e-04  (247s)
epoch  26  loss=0.00048  dY=-2.6190 dU=-1.1973 dV=-1.4308  lr=1.0e-04  (247s)
epoch  27  loss=0.00049  dY=-0.7336 dU=-0.9649 dV=-0.9399  lr=1.0e-04  (246s)
epoch  28  loss=0.00055  dY=-0.3839 dU=-1.2821 dV=-1.6110  lr=1.0e-04  (247s)
epoch  29  loss=0.00048  dY=-0.0757 dU=-0.1140 dV=-0.1405  lr=1.0e-05  (247s)
epoch  30  loss=0.00041  dY=+0.0002 dU=-0.0020 dV=-0.0126  lr=1.0e-05  (246s)
epoch  31  loss=0.00041  dY=+0.0003 dU=+0.0007 dV=+0.0010  lr=1.0e-05  (247s)
epoch  32  loss=0.00041  dY=-0.0030 dU=-0.0038 dV=+0.0003  lr=1.0e-05  (251s)
/usr/lib/python3.14/multiprocessing/resource_tracker.py:475: UserWarning: resource_tracker: There appear to be 44 leaked semaphore objects to clean up at shutdown: {'/mp-tblom1_1', '/mp-aenl3fdt', '/mp-uxln8qe7', '/mp-btbuz22j', '/mp-v8wmvl6v', '/mp-7leu36hu', '/mp-g8wahezo', '/mp-8nwgqq9w', '/mp-55rsq2sl', '/mp-_ifm7fwc', '/mp-yw4l8kdk', '/mp-ff056ol5', '/mp-nyemt0oa', '/mp-_1lf05el', '/mp-2noilhws', '/mp-ozowsv_e', '/mp-us_88ev9', '/mp-evpiuv6d', '/mp-l_t5ljp0', '/mp-6gzxyhxk', '/mp-99lfc1ey', '/mp-q6d1fxh1', '/mp-30wi6o0l', '/mp-4uk567iy', '/mp-_3_nprm0', '/mp-lbpep3f6', '/mp-2g60k_k_', '/mp-m21nr4sg', '/mp-kxcuw9j5', '/mp-58nr9z0q', '/mp-ssfms0c8', '/mp-wlqrx4j3', '/mp-osx3ybxv', '/mp-799s0_pn', '/mp-ky1md1be', '/mp-dd4pdj8p', '/mp-qvjgt6i5', '/mp-qm749l1f', '/mp-5_eftkc6', '/mp-b_1vtyke', '/mp-nbd5lzzf', '/mp-m95_wz38', '/mp-n7k9gq_d', '/mp-t28yx_1i'}
  warnings.warn(
