[gpu_lock] train vvc_ppff_mqp_off: acquired after 0.0 min
[VTMOnlineDataset] train: 11829 triplets from 212 (video,QP) pairs
[VTMOnlineDataset] val: 1315 triplets from 212 (video,QP) pairs
[vvc_ppff_mqp_off] params=2,778,260 loss=mse wd=0.0 train=11829 val=1315
epoch   0  loss=0.17330  dY=-22.9324 dU=-30.4214 dV=-30.6456  lr=1.0e-04  (1055s)
epoch   1  loss=0.02251  dY=-2.4104 dU=-3.7232 dV=-7.8603  lr=1.0e-04  (1074s)
epoch   2  loss=0.00145  dY=-0.8134 dU=-1.5466 dV=-2.2539  lr=1.0e-04  (1069s)
epoch   3  loss=0.00081  dY=-2.0838 dU=-3.4628 dV=-14.3399  lr=1.0e-04  (1031s)
epoch   4  loss=0.00119  dY=-0.4980 dU=-1.3720 dV=-2.6990  lr=1.0e-04  (1037s)
epoch   5  loss=0.00062  dY=-0.1483 dU=-0.3438 dV=-1.0987  lr=1.0e-04  (1068s)
epoch   6  loss=0.00085  dY=-9.5430 dU=-5.4412 dV=-2.1351  lr=1.0e-04  (1051s)
epoch   7  loss=0.00085  dY=-0.0849 dU=-0.2334 dV=-0.3062  lr=1.0e-04  (1056s)
epoch   8  loss=0.00063  dY=-0.0994 dU=-0.4967 dV=-1.3420  lr=1.0e-04  (1020s)
epoch   9  loss=0.00089  dY=-0.3401 dU=-0.2206 dV=-2.0041  lr=1.0e-04  (996s)
epoch  10  loss=0.00080  dY=-0.4306 dU=-0.7879 dV=-1.3117  lr=1.0e-04  (985s)
epoch  11  loss=0.00055  dY=-0.0457 dU=-0.0838 dV=-0.1579  lr=1.0e-04  (985s)
epoch  12  loss=0.00080  dY=-0.0570 dU=-0.1774 dV=-0.3281  lr=1.0e-05  (985s)
epoch  13  loss=0.00042  dY=-0.0375 dU=-0.1500 dV=-0.1899  lr=1.0e-05  (981s)
epoch  14  loss=0.00042  dY=-0.0144 dU=-0.0358 dV=-0.0633  lr=1.0e-05  (952s)
epoch  15  loss=0.00042  dY=-0.0082 dU=-0.0221 dV=-0.4294  lr=1.0e-05  (947s)
epoch  16  loss=0.00043  dY=-0.0153 dU=-0.0505 dV=-0.3685  lr=1.0e-05  (944s)
epoch  17  loss=0.00041  dY=-0.0100 dU=-0.0174 dV=-0.0462  lr=1.0e-05  (943s)
epoch  18  loss=0.00042  dY=-0.0330 dU=-0.1803 dV=-2.0044  lr=1.0e-05  (949s)
epoch  19  loss=0.00042  dY=-0.2568 dU=-0.4727 dV=-10.0466  lr=1.0e-05  (955s)
epoch  20  loss=0.00042  dY=+0.0006 dU=-0.0011 dV=-0.1374  lr=1.0e-05  (944s)
epoch  21  loss=0.00041  dY=-0.0013 dU=-0.0056 dV=-0.0473  lr=1.0e-05  (933s)
epoch  22  loss=0.00041  dY=-0.0037 dU=-0.0032 dV=-0.0596  lr=1.0e-05  (908s)
epoch  23  loss=0.00041  dY=-0.0191 dU=-0.0003 dV=-1.3485  lr=1.0e-05  (930s)
epoch  24  loss=0.00041  dY=+0.0068 dU=+0.0076 dV=-0.0043  lr=1.0e-06  (934s)
epoch  25  loss=0.00041  dY=+0.0044 dU=+0.0089 dV=-0.0486  lr=1.0e-06  (932s)
epoch  26  loss=0.00041  dY=+0.0048 dU=+0.0085 dV=-0.0074  lr=1.0e-06  (929s)
epoch  27  loss=0.00041  dY=+0.0046 dU=+0.0067 dV=-0.0129  lr=1.0e-06  (918s)
epoch  28  loss=0.00041  dY=+0.0056 dU=+0.0120 dV=+0.0009  lr=1.0e-06  (922s)
epoch  29  loss=0.00041  dY=+0.0080 dU=+0.0188 dV=-0.0056  lr=1.0e-06  (926s)
epoch  30  loss=0.00041  dY=+0.0088 dU=+0.0167 dV=+0.0051  lr=1.0e-06  (923s)
epoch  31  loss=0.00041  dY=+0.0073 dU=+0.0098 dV=+0.0051  lr=1.0e-06  (910s)
epoch  32  loss=0.00041  dY=+0.0119 dU=+0.0208 dV=+0.0089  lr=1.0e-06  (918s)
epoch  33  loss=0.00041  dY=+0.0075 dU=-0.0041 dV=-0.0008  lr=1.0e-06  (930s)
epoch  34  loss=0.00041  dY=+0.0072 dU=+0.0126 dV=+0.0036  lr=1.0e-06  (932s)
epoch  35  loss=0.00041  dY=+0.0062 dU=+0.0187 dV=+0.0066  lr=1.0e-06  (926s)
epoch  36  loss=0.00041  dY=+0.0112 dU=+0.0200 dV=+0.0063  lr=1.0e-06  (910s)
epoch  37  loss=0.00041  dY=+0.0058 dU=+0.0083 dV=+0.0000  lr=1.0e-07  (928s)
epoch  38  loss=0.00041  dY=+0.0080 dU=+0.0163 dV=+0.0012  lr=1.0e-07  (901s)
epoch  39  loss=0.00041  dY=+0.0092 dU=+0.0124 dV=-0.0021  lr=1.0e-07  (892s)
epoch  40  loss=0.00041  dY=+0.0102 dU=+0.0186 dV=+0.0027  lr=1.0e-07  (890s)
epoch  41  loss=0.00041  dY=+0.0127 dU=+0.0194 dV=+0.0049  lr=1.0e-07  (881s)
epoch  42  loss=0.00041  dY=+0.0121 dU=+0.0176 dV=+0.0006  lr=1.0e-07  (897s)
epoch  43  loss=0.00041  dY=+0.0117 dU=+0.0209 dV=+0.0049  lr=1.0e-07  (901s)
epoch  44  loss=0.00041  dY=+0.0101 dU=+0.0180 dV=+0.0061  lr=1.0e-07  (911s)
epoch  45  loss=0.00041  dY=+0.0091 dU=+0.0188 dV=+0.0024  lr=1.0e-07  (890s)
epoch  46  loss=0.00041  dY=+0.0081 dU=+0.0168 dV=-0.0005  lr=1.0e-07  (909s)
epoch  47  loss=0.00041  dY=+0.0122 dU=+0.0198 dV=+0.0044  lr=1.0e-07  (909s)
epoch  48  loss=0.00041  dY=+0.0089 dU=+0.0188 dV=+0.0048  lr=1.0e-07  (906s)
epoch  49  loss=0.00041  dY=+0.0089 dU=+0.0160 dV=-0.0040  lr=1.0e-08  (904s)
[vvc_ppff_mqp_off] done, best total gain +0.0416 dB
