Loaded 2628 frame triplets for train
Loaded 329 frame triplets for val
Train: 2628  Val: 329
Params: 3,113,120
Logging to vvc_ppff_meta_train.log
epoch   0  loss=0.18208  in=37.162  enh=7.422  ΔY=-24.1641  ΔU=-34.8954  ΔV=-35.6536  lr=1.0e-04  (79s)
epoch   1  loss=0.18002  in=37.071  enh=7.608  ΔY=-23.9289  ΔU=-34.3900  ΔV=-35.6306  lr=1.0e-04  (77s)
epoch   2  loss=0.08846  in=37.063  enh=13.901  ΔY=-24.1868  ΔU=-14.8143  ΔV=-17.7715  lr=1.0e-04  (78s)
epoch   3  loss=0.03155  in=36.901  enh=21.150  ΔY=-15.8207  ΔU=-13.7297  ΔV=-15.9728  lr=1.0e-04  (77s)
epoch   4  loss=0.00534  in=37.222  enh=25.395  ΔY=-11.1092  ΔU=-13.6542  ΔV=-11.8756  lr=1.0e-04  (78s)
epoch   5  loss=0.00324  in=37.069  enh=27.605  ΔY=-9.5854  ΔU=-7.0853  ΔV=-10.2144  lr=1.0e-04  (78s)
epoch   6  loss=0.00229  in=37.078  enh=26.149  ΔY=-9.5037  ΔU=-14.8443  ΔV=-8.3839  lr=1.0e-04  (78s)
epoch   7  loss=0.00201  in=37.318  enh=28.195  ΔY=-9.4520  ΔU=-8.4582  ΔV=-7.3523  lr=1.0e-04  (79s)
epoch   8  loss=0.00198  in=37.153  enh=30.280  ΔY=-5.8439  ΔU=-6.7032  ΔV=-10.7589  lr=1.0e-04  (78s)
epoch   9  loss=0.00129  in=37.080  enh=32.430  ΔY=-4.2711  ΔU=-5.3220  ΔV=-6.1786  lr=1.0e-04  (79s)
epoch  10  loss=0.00167  in=37.176  enh=31.272  ΔY=-3.2181  ΔU=-6.6735  ΔV=-11.4578  lr=1.0e-04  (79s)
epoch  11  loss=0.00122  in=37.041  enh=30.318  ΔY=-6.7030  ΔU=-7.2570  ΔV=-6.8203  lr=1.0e-04  (79s)
epoch  12  loss=0.00224  in=37.174  enh=27.364  ΔY=-8.3213  ΔU=-13.2204  ΔV=-7.6228  lr=1.0e-04  (77s)
epoch  13  loss=0.00151  in=37.118  enh=29.707  ΔY=-7.6270  ΔU=-8.5186  ΔV=-4.7867  lr=1.0e-04  (78s)
epoch  14  loss=0.00115  in=36.941  enh=32.169  ΔY=-4.1050  ΔU=-6.7159  ΔV=-5.5402  lr=1.0e-04  (78s)
epoch  15  loss=0.00128  in=37.200  enh=28.862  ΔY=-8.8490  ΔU=-5.5325  ΔV=-6.4864  lr=1.0e-04  (77s)
epoch  16  loss=0.00079  in=37.048  enh=34.582  ΔY=-2.0714  ΔU=-2.8786  ΔV=-4.1454  lr=1.0e-04  (78s)
epoch  17  loss=0.00123  in=37.141  enh=34.834  ΔY=-1.5476  ΔU=-3.0947  ΔV=-4.9379  lr=1.0e-04  (79s)
epoch  18  loss=0.00076  in=37.193  enh=27.075  ΔY=-9.9757  ΔU=-9.0463  ΔV=-10.8291  lr=1.0e-04  (78s)
epoch  19  loss=0.00142  in=37.003  enh=30.906  ΔY=-2.7797  ΔU=-9.5600  ΔV=-10.8942  lr=1.0e-04  (79s)
  saved checkpoints/vvc_ppff_meta_epoch_20.pt
epoch  20  loss=0.00050  in=37.115  enh=31.724  ΔY=-5.5401  ΔU=-4.2423  ΔV=-5.9759  lr=1.0e-04  (78s)
epoch  21  loss=0.00057  in=37.015  enh=35.883  ΔY=-0.9149  ΔU=-1.8614  ΔV=-1.7800  lr=1.0e-04  (78s)
epoch  22  loss=0.00173  in=37.156  enh=33.778  ΔY=-2.9773  ΔU=-3.7841  ΔV=-4.4585  lr=1.0e-04  (78s)
epoch  23  loss=0.00118  in=37.297  enh=33.858  ΔY=-1.9773  ΔU=-7.0694  ΔV=-4.3273  lr=1.0e-04  (78s)
epoch  24  loss=0.00141  in=37.003  enh=30.487  ΔY=-6.5755  ΔU=-6.6749  ΔV=-5.6478  lr=1.0e-04  (79s)
epoch  25  loss=0.00147  in=37.031  enh=32.060  ΔY=-4.8621  ΔU=-2.4747  ΔV=-6.4504  lr=1.0e-04  (78s)
epoch  26  loss=0.00071  in=36.995  enh=33.390  ΔY=-2.8519  ΔU=-5.6014  ΔV=-4.5279  lr=1.0e-04  (78s)
epoch  27  loss=0.00071  in=37.011  enh=33.800  ΔY=-1.9694  ΔU=-6.8795  ΔV=-2.7779  lr=1.0e-04  (77s)
epoch  28  loss=0.00069  in=37.014  enh=25.033  ΔY=-7.4039  ΔU=-14.4575  ΔV=-18.3991  lr=1.0e-04  (78s)
epoch  29  loss=0.00097  in=37.296  enh=34.639  ΔY=-2.3275  ΔU=-2.7236  ΔV=-3.8973  lr=1.0e-04  (78s)
epoch  30  loss=0.00057  in=37.179  enh=34.754  ΔY=-2.1410  ΔU=-3.2219  ΔV=-3.4241  lr=1.0e-04  (79s)
epoch  31  loss=0.00068  in=37.164  enh=35.898  ΔY=-1.1473  ΔU=-1.4977  ΔV=-1.6637  lr=1.0e-04  (79s)
epoch  32  loss=0.00159  in=37.128  enh=33.693  ΔY=-3.1534  ΔU=-4.3344  ΔV=-4.5409  lr=1.0e-04  (77s)
epoch  33  loss=0.00114  in=37.068  enh=34.174  ΔY=-2.9204  ΔU=-2.5173  ΔV=-2.7064  lr=1.0e-04  (77s)
epoch  34  loss=0.00058  in=37.118  enh=35.054  ΔY=-1.4143  ΔU=-1.7242  ΔV=-4.5933  lr=1.0e-04  (78s)
epoch  35  loss=0.00059  in=37.113  enh=34.766  ΔY=-2.1250  ΔU=-3.0007  ΔV=-2.5778  lr=1.0e-04  (79s)
epoch  36  loss=0.00054  in=37.084  enh=33.438  ΔY=-1.6440  ΔU=-2.1925  ΔV=-9.1436  lr=1.0e-04  (78s)
epoch  37  loss=0.00062  in=37.125  enh=36.026  ΔY=-0.9854  ΔU=-0.8870  ΔV=-1.9791  lr=1.0e-04  (78s)
epoch  38  loss=0.00413  in=37.112  enh=19.181  ΔY=-14.2005  ΔU=-15.7910  ΔV=-24.8688  lr=1.0e-04  (79s)
epoch  39  loss=0.00267  in=37.123  enh=35.097  ΔY=-1.4754  ΔU=-2.3419  ΔV=-3.6211  lr=1.0e-04  (78s)
  saved checkpoints/vvc_ppff_meta_epoch_40.pt
epoch  40  loss=0.00045  in=37.227  enh=35.673  ΔY=-1.4701  ΔU=-1.4906  ΔV=-1.9877  lr=1.0e-04  (78s)
epoch  41  loss=0.00040  in=36.992  enh=35.241  ΔY=-1.3665  ΔU=-1.6770  ΔV=-3.5730  lr=1.0e-04  (78s)
epoch  42  loss=0.00091  in=37.260  enh=34.153  ΔY=-2.6853  ΔU=-4.7449  ΔV=-1.3368  lr=1.0e-04  (77s)
epoch  43  loss=0.00076  in=37.109  enh=36.154  ΔY=-0.9732  ΔU=-0.7966  ΔV=-1.0053  lr=1.0e-04  (77s)
epoch  44  loss=0.00036  in=37.195  enh=36.138  ΔY=-0.9600  ΔU=-0.8860  ΔV=-1.6925  lr=1.0e-04  (80s)
epoch  45  loss=0.00036  in=37.141  enh=35.667  ΔY=-1.0479  ΔU=-2.1123  ΔV=-2.5015  lr=1.0e-04  (78s)
epoch  46  loss=0.00035  in=37.220  enh=36.183  ΔY=-1.0421  ΔU=-1.0473  ΔV=-0.9638  lr=1.0e-04  (78s)
epoch  47  loss=0.00139  in=37.240  enh=36.579  ΔY=-0.5916  ΔU=-0.7756  ΔV=-1.0126  lr=1.0e-04  (78s)
epoch  48  loss=0.00180  in=36.990  enh=35.199  ΔY=-0.9109  ΔU=-2.8870  ΔV=-3.0017  lr=1.0e-04  (77s)
epoch  49  loss=0.00054  in=36.979  enh=36.071  ΔY=-0.5445  ΔU=-1.1371  ΔV=-1.6314  lr=1.0e-05  (79s)
epoch  50  loss=0.00035  in=36.975  enh=36.006  ΔY=-0.5984  ΔU=-1.1981  ΔV=-1.7855  lr=1.0e-05  (78s)
epoch  51  loss=0.00033  in=37.252  enh=36.613  ΔY=-0.3253  ΔU=-0.7022  ΔV=-1.2443  lr=1.0e-05  (78s)
epoch  52  loss=0.00033  in=37.087  enh=36.237  ΔY=-0.5619  ΔU=-1.0526  ΔV=-1.5201  lr=1.0e-05  (78s)
epoch  53  loss=0.00032  in=37.066  enh=36.081  ΔY=-0.6447  ΔU=-1.1926  ΔV=-1.7005  lr=1.0e-05  (78s)
epoch  54  loss=0.00032  in=36.935  enh=36.396  ΔY=-0.2868  ΔU=-0.5746  ΔV=-1.0797  lr=1.0e-05  (79s)
epoch  55  loss=0.00032  in=37.026  enh=36.228  ΔY=-0.5234  ΔU=-0.9515  ΔV=-1.3515  lr=1.0e-05  (78s)
epoch  56  loss=0.00031  in=37.029  enh=36.230  ΔY=-0.5056  ΔU=-0.9556  ΔV=-1.3780  lr=1.0e-05  (78s)
epoch  57  loss=0.00031  in=37.247  enh=36.389  ΔY=-0.5643  ΔU=-0.9076  ΔV=-1.4240  lr=1.0e-05  (79s)
epoch  58  loss=0.00031  in=37.099  enh=36.229  ΔY=-0.5519  ΔU=-0.9167  ΔV=-1.5362  lr=1.0e-05  (78s)
epoch  59  loss=0.00031  in=37.176  enh=36.553  ΔY=-0.3612  ΔU=-0.6845  ΔV=-1.1841  lr=1.0e-05  (78s)
  saved checkpoints/vvc_ppff_meta_epoch_60.pt
epoch  60  loss=0.00030  in=37.140  enh=36.684  ΔY=-0.2219  ΔU=-0.6248  ΔV=-0.8076  lr=1.0e-05  (78s)
epoch  61  loss=0.00031  in=37.054  enh=36.070  ΔY=-0.7197  ΔU=-0.9468  ΔV=-1.7543  lr=1.0e-05  (79s)
epoch  62  loss=0.00031  in=37.331  enh=36.771  ΔY=-0.2716  ΔU=-0.6656  ΔV=-1.3977  lr=1.0e-05  (78s)
epoch  63  loss=0.00031  in=37.220  enh=36.751  ΔY=-0.2428  ΔU=-0.6074  ΔV=-0.8451  lr=1.0e-05  (78s)
epoch  64  loss=0.00030  in=37.121  enh=36.601  ΔY=-0.2797  ΔU=-0.6218  ΔV=-1.0893  lr=1.0e-05  (79s)
epoch  65  loss=0.00030  in=37.145  enh=36.652  ΔY=-0.2520  ΔU=-0.6371  ΔV=-0.9217  lr=1.0e-05  (78s)
epoch  66  loss=0.00030  in=36.975  enh=36.624  ΔY=-0.1386  ΔU=-0.3852  ΔV=-0.7417  lr=1.0e-05  (78s)
epoch  67  loss=0.00030  in=37.062  enh=35.798  ΔY=-0.8242  ΔU=-2.5791  ΔV=-1.2055  lr=1.0e-05  (78s)
epoch  68  loss=0.00031  in=37.357  enh=36.933  ΔY=-0.2011  ΔU=-0.6776  ΔV=-0.8091  lr=1.0e-05  (78s)
epoch  69  loss=0.00030  in=36.899  enh=36.829  ΔY=-0.0093  ΔU=-0.1957  ΔV=-0.3029  lr=1.0e-05  (79s)
epoch  70  loss=0.00030  in=36.955  enh=36.889  ΔY=-0.0194  ΔU=-0.1086  ΔV=-0.3704  lr=1.0e-05  (77s)
epoch  71  loss=0.00030  in=37.294  enh=37.021  ΔY=-0.2203  ΔU=-0.4222  ΔV=-0.5289  lr=1.0e-05  (78s)
epoch  72  loss=0.00030  in=37.222  enh=37.025  ΔY=-0.1085  ΔU=-0.3968  ΔV=-0.6262  lr=1.0e-05  (79s)
epoch  73  loss=0.00030  in=37.116  enh=36.821  ΔY=-0.0563  ΔU=-0.3248  ΔV=-1.5491  lr=1.0e-05  (78s)
epoch  74  loss=0.00030  in=37.161  enh=37.105  ΔY=+0.0037  ΔU=-0.2821  ΔV=-0.1862  lr=1.0e-05  (79s)
epoch  75  loss=0.00030  in=37.240  enh=37.123  ΔY=-0.0447  ΔU=-0.1922  ΔV=-0.5176  lr=1.0e-05  (78s)
epoch  76  loss=0.00030  in=36.938  enh=36.903  ΔY=+0.0279  ΔU=-0.2771  ΔV=-0.2338  lr=1.0e-05  (77s)
epoch  77  loss=0.00030  in=37.231  enh=37.187  ΔY=+0.0004  ΔU=-0.1663  ΔV=-0.2730  lr=1.0e-05  (78s)
epoch  78  loss=0.00030  in=37.178  enh=37.035  ΔY=-0.0722  ΔU=-0.1327  ΔV=-0.6359  lr=1.0e-05  (78s)
epoch  79  loss=0.00030  in=37.097  enh=37.042  ΔY=-0.0136  ΔU=-0.2277  ΔV=-0.1903  lr=1.0e-05  (78s)
  saved checkpoints/vvc_ppff_meta_epoch_80.pt
epoch  80  loss=0.00029  in=37.140  enh=37.041  ΔY=+0.0324  ΔU=-0.6138  ΔV=-0.2266  lr=1.0e-05  (78s)
epoch  81  loss=0.00030  in=37.077  enh=36.800  ΔY=-0.2026  ΔU=-0.3562  ΔV=-0.7409  lr=1.0e-05  (77s)
epoch  82  loss=0.00030  in=36.993  enh=36.909  ΔY=+0.0082  ΔU=-0.2013  ΔV=-0.5983  lr=1.0e-05  (78s)
epoch  83  loss=0.00030  in=36.937  enh=36.861  ΔY=+0.0019  ΔU=-0.2989  ΔV=-0.3952  lr=1.0e-05  (77s)
epoch  84  loss=0.00030  in=37.299  enh=37.267  ΔY=+0.0298  ΔU=-0.2235  ΔV=-0.2443  lr=1.0e-05  (79s)
epoch  85  loss=0.00029  in=37.084  enh=36.646  ΔY=-0.3314  ΔU=-1.0598  ΔV=-0.6018  lr=1.0e-05  (79s)
epoch  86  loss=0.00030  in=37.235  enh=37.053  ΔY=-0.0198  ΔU=-0.6290  ΔV=-0.6180  lr=1.0e-05  (78s)
epoch  87  loss=0.00030  in=36.756  enh=36.626  ΔY=-0.0166  ΔU=-0.5925  ΔV=-0.2006  lr=1.0e-05  (78s)
epoch  88  loss=0.00029  in=36.984  enh=36.930  ΔY=+0.0194  ΔU=-0.2548  ΔV=-0.3302  lr=1.0e-05  (77s)
epoch  89  loss=0.00030  in=37.069  enh=36.870  ΔY=+0.0265  ΔU=-0.4976  ΔV=-1.1218  lr=1.0e-05  (77s)
epoch  90  loss=0.00029  in=37.076  enh=37.051  ΔY=+0.0322  ΔU=-0.2451  ΔV=-0.1637  lr=1.0e-05  (78s)
epoch  91  loss=0.00029  in=37.027  enh=36.950  ΔY=+0.0275  ΔU=-0.0346  ΔV=-0.6793  lr=1.0e-05  (78s)
/usr/lib/python3.14/multiprocessing/resource_tracker.py:396: UserWarning: resource_tracker: There appear to be 20 leaked semaphore objects to clean up at shutdown: {'/mp-_dfy0_o1', '/mp-uumgrq30', '/mp-h4egyuyx', '/mp-9187l1i0', '/mp-monxdz58', '/mp-2uc94i9f', '/mp-yk3y4vj2', '/mp-jvnyxc8a', '/mp-wxjbwcqt', '/mp-fyrvaiok', '/mp-orz_won4', '/mp-t8viqr6s', '/mp-lveg8rl8', '/mp-ls1ahe58', '/mp-q__b4lr2', '/mp-6wdpxdw8', '/mp-lzs4zmgd', '/mp-ny7hnvhj', '/mp-ah_ko_j4', '/mp-4zxg_j_0'}
  warnings.warn(
